Job 74801 on gpu04; lambda_cf=1.0; group_k=10; seed=3; started Thu Aug  6 07:05:33 PM +07 2026
Thu Aug  6 19:05:33 2026       
+---------------------------------------------------------------------------------------+
| NVIDIA-SMI 535.216.03             Driver Version: 535.216.03   CUDA Version: 12.2     |
|-----------------------------------------+----------------------+----------------------+
| GPU  Name                 Persistence-M | Bus-Id        Disp.A | Volatile Uncorr. ECC |
| Fan  Temp   Perf          Pwr:Usage/Cap |         Memory-Usage | GPU-Util  Compute M. |
|                                         |                      |               MIG M. |
|=========================================+======================+======================|
|   0  Tesla V100-DGXS-32GB           On  | 00000000:07:00.0 Off |                    0 |
| N/A   46C    P0              39W / 300W |      0MiB / 32768MiB |      0%      Default |
|                                         |                      |                  N/A |
+-----------------------------------------+----------------------+----------------------+
                                                                                         
+---------------------------------------------------------------------------------------+
| Processes:                                                                            |
|  GPU   GI   CI        PID   Type   Process name                            GPU Memory |
|        ID   ID                                                             Usage      |
|=======================================================================================|
|  No running processes found                                                           |
+---------------------------------------------------------------------------------------+
[ INFO : 2026-08-06 19:05:41,545 ] - Preprocess missing values with zero
[ INFO : 2026-08-06 19:05:42,069 ] - Pretrained diffusion model is loaded from: ./checkpoint/baby/best_model.pth
[ INFO : 2026-08-06 19:05:43,588 ] - Completed data loaded from: ./checkpoint/baby/completed_data.pkl
/media/lhbac29/raid-cf/main.py:106: DeprecationWarning: Please import `csr_matrix` from the `scipy.sparse` namespace; the `scipy.sparse.csr` namespace is deprecated and will be removed in SciPy 2.0.0.
  self.ui_graph = self.ui_graph_raw = pickle.load(open('./data/' + self.dataset + '/train_mat', 'rb'))
[ INFO : 2026-08-06 19:05:43,748 ] - Missing rate = 0.400000, complete strategy: zero
[ INFO : 2026-08-06 19:09:08,620 ] - Epoch 1: train==[356.80042 = 2.01373 + 1.09659 + 66.49533 + 0.00055 + 0.00000 + 176.94629 + 1224.97692]
[ INFO : 2026-08-06 19:09:20,877 ] - Test_@[5, 10, 20, 50]: Recall=[0.01772, 0.02730, 0.04580, 0.09163],  precision=[0.00370, 0.00286, 0.00242, 0.00194], hit=[0.01851, 0.02859, 0.04803, 0.09617], ndcg=[0.01112, 0.01422, 0.01890, 0.02801], Train Rec Loss=[0.03233], Eval Rec Loss=[0.03256], c=[0.50000], F=[0.99389, 0.87199, 0.85726, 0.90215], F_fuse=[0.00738, 0.00570, 0.00483, 0.00387]
[ INFO : 2026-08-06 19:12:45,130 ] - Epoch 2: train==[209.79698 = 1.61606 + 1.08832 + 64.25744 + 0.00079 + 0.00000 + 32.50364 + 1225.89705]
[ INFO : 2026-08-06 19:12:57,472 ] - Test_@[5, 10, 20, 50]: Recall=[0.01788, 0.02796, 0.04681, 0.09188],  precision=[0.00373, 0.00294, 0.00249, 0.00194], hit=[0.01867, 0.02936, 0.04942, 0.09632], ndcg=[0.01129, 0.01453, 0.01936, 0.02830], Train Rec Loss=[0.03227], Eval Rec Loss=[0.03246], c=[0.50000], F=[0.99391, 0.89831, 0.93387, 0.88118], F_fuse=[0.00744, 0.00586, 0.00496, 0.00388]
[ INFO : 2026-08-06 19:16:21,560 ] - Epoch 3: train==[180.40149 = 1.60195 + 1.08827 + 61.20768 + 0.00129 + 0.00000 + 6.17157 + 1225.89705]
[ INFO : 2026-08-06 19:16:33,953 ] - Test_@[5, 10, 20, 50]: Recall=[0.01817, 0.02896, 0.04663, 0.09127],  precision=[0.00379, 0.00304, 0.00248, 0.00193], hit=[0.01893, 0.03034, 0.04927, 0.09576], ndcg=[0.01142, 0.01488, 0.01939, 0.02827], Train Rec Loss=[0.03226], Eval Rec Loss=[0.03245], c=[0.50000], F=[0.99391, 0.99502, 0.93426, 0.87772], F_fuse=[0.00754, 0.00606, 0.00494, 0.00385]
[ INFO : 2026-08-06 19:19:57,019 ] - Epoch 4: train==[171.63978 = 1.59177 + 1.08827 + 57.58104 + 0.00218 + 0.00000 + 1.04579 + 1225.89705]
[ INFO : 2026-08-06 19:20:09,259 ] - Test_@[5, 10, 20, 50]: Recall=[0.01807, 0.02894, 0.04635, 0.09147],  precision=[0.00376, 0.00304, 0.00246, 0.00193], hit=[0.01882, 0.03034, 0.04896, 0.09591], ndcg=[0.01138, 0.01486, 0.01932, 0.02829], Train Rec Loss=[0.03223], Eval Rec Loss=[0.03241], c=[0.50000], F=[0.99391, 0.99502, 0.93426, 0.87147], F_fuse=[0.00750, 0.00606, 0.00491, 0.00386]
[ INFO : 2026-08-06 19:23:33,412 ] - Epoch 5: train==[168.85229 = 1.57700 + 1.08827 + 55.62354 + 0.00294 + 0.00000 + 0.22979 + 1225.89705]
[ INFO : 2026-08-06 19:23:45,839 ] - Test_@[5, 10, 20, 50]: Recall=[0.01821, 0.02900, 0.04620, 0.09182],  precision=[0.00379, 0.00305, 0.00246, 0.00194], hit=[0.01893, 0.03044, 0.04880, 0.09622], ndcg=[0.01144, 0.01489, 0.01930, 0.02837], Train Rec Loss=[0.03224], Eval Rec Loss=[0.03238], c=[0.50000], F=[0.99391, 0.99498, 0.93426, 0.85846], F_fuse=[0.00754, 0.00608, 0.00490, 0.00387]
[ INFO : 2026-08-06 19:27:10,420 ] - Epoch 6: train==[167.92948 = 1.56171 + 1.08828 + 54.81498 + 0.00344 + 0.00000 + 0.13034 + 1225.89705]
[ INFO : 2026-08-06 19:27:22,695 ] - Test_@[5, 10, 20, 50]: Recall=[0.01806, 0.02902, 0.04627, 0.09151],  precision=[0.00375, 0.00305, 0.00246, 0.00193], hit=[0.01877, 0.03044, 0.04886, 0.09586], ndcg=[0.01140, 0.01491, 0.01932, 0.02834], Train Rec Loss=[0.03224], Eval Rec Loss=[0.03237], c=[0.50000], F=[0.99389, 0.99500, 0.93436, 0.85324], F_fuse=[0.00748, 0.00608, 0.00491, 0.00386]
[ INFO : 2026-08-06 19:30:46,940 ] - Epoch 7: train==[167.26115 = 1.55051 + 1.08828 + 54.20728 + 0.00379 + 0.00000 + 0.08056 + 1225.89705]
[ INFO : 2026-08-06 19:30:59,294 ] - Test_@[5, 10, 20, 50]: Recall=[0.01821, 0.02910, 0.04661, 0.09159],  precision=[0.00379, 0.00305, 0.00248, 0.00194], hit=[0.01893, 0.03050, 0.04922, 0.09596], ndcg=[0.01143, 0.01492, 0.01939, 0.02837], Train Rec Loss=[0.03219], Eval Rec Loss=[0.03238], c=[0.50000], F=[0.99387, 0.99467, 0.93522, 0.84983], F_fuse=[0.00754, 0.00609, 0.00494, 0.00386]
[ INFO : 2026-08-06 19:34:21,716 ] - Epoch 8: train==[166.79524 = 1.53550 + 1.08829 + 53.79248 + 0.00399 + 0.00000 + 0.04424 + 1225.89705]
[ INFO : 2026-08-06 19:34:34,062 ] - Test_@[5, 10, 20, 50]: Recall=[0.01837, 0.02925, 0.04710, 0.09409],  precision=[0.00382, 0.00307, 0.00250, 0.00199], hit=[0.01908, 0.03065, 0.04973, 0.09869], ndcg=[0.01162, 0.01511, 0.01968, 0.02903], Train Rec Loss=[0.03219], Eval Rec Loss=[0.03237], c=[0.50000], F=[0.99290, 0.99094, 0.93209, 0.84953], F_fuse=[0.00760, 0.00612, 0.00499, 0.00397]
[ INFO : 2026-08-06 19:37:56,847 ] - Epoch 9: train==[165.92640 = 1.51789 + 1.08829 + 52.96270 + 0.00415 + 0.00000 + 0.02263 + 1225.89705]
[ INFO : 2026-08-06 19:38:09,138 ] - Test_@[5, 10, 20, 50]: Recall=[0.01860, 0.03009, 0.04959, 0.09814],  precision=[0.00387, 0.00316, 0.00264, 0.00208], hit=[0.01934, 0.03158, 0.05240, 0.10311], ndcg=[0.01175, 0.01544, 0.02042, 0.03006], Train Rec Loss=[0.03217], Eval Rec Loss=[0.03237], c=[0.50000], F=[0.98893, 0.98329, 0.92227, 0.83320], F_fuse=[0.00770, 0.00631, 0.00527, 0.00416]
[ INFO : 2026-08-06 19:41:33,425 ] - Epoch 10: train==[164.91787 = 1.50758 + 1.08828 + 51.97738 + 0.00436 + 0.00000 + 0.00952 + 1225.89705]
[ INFO : 2026-08-06 19:41:45,769 ] - Test_@[5, 10, 20, 50]: Recall=[0.02119, 0.03347, 0.05610, 0.10520],  precision=[0.00444, 0.00355, 0.00299, 0.00224], hit=[0.02217, 0.03538, 0.05914, 0.11077], ndcg=[0.01321, 0.01717, 0.02292, 0.03266], Train Rec Loss=[0.03216], Eval Rec Loss=[0.03234], c=[0.50000], F=[0.97403, 0.88831, 0.90463, 0.83252], F_fuse=[0.00885, 0.00707, 0.00596, 0.00447]
[ INFO : 2026-08-06 19:45:09,112 ] - Epoch 11: train==[163.63830 = 1.49730 + 1.08829 + 50.71431 + 0.00467 + 0.00000 + 0.00300 + 1225.89705]
[ INFO : 2026-08-06 19:45:21,478 ] - Test_@[5, 10, 20, 50]: Recall=[0.02263, 0.03572, 0.05975, 0.11158],  precision=[0.00475, 0.00381, 0.00318, 0.00237], hit=[0.02371, 0.03775, 0.06300, 0.11715], ndcg=[0.01442, 0.01869, 0.02481, 0.03508], Train Rec Loss=[0.03218], Eval Rec Loss=[0.03236], c=[0.50000], F=[0.97064, 0.91288, 0.89997, 0.83450], F_fuse=[0.00946, 0.00758, 0.00633, 0.00474]
[ INFO : 2026-08-06 19:48:44,294 ] - Epoch 12: train==[162.63267 = 1.47600 + 1.08829 + 49.73119 + 0.00507 + 0.00000 + 0.00138 + 1225.89705]
[ INFO : 2026-08-06 19:48:56,621 ] - Test_@[5, 10, 20, 50]: Recall=[0.02410, 0.03836, 0.06134, 0.11586],  precision=[0.00506, 0.00407, 0.00326, 0.00247], hit=[0.02520, 0.04042, 0.06454, 0.12157], ndcg=[0.01525, 0.01987, 0.02573, 0.03655], Train Rec Loss=[0.03212], Eval Rec Loss=[0.03235], c=[0.50000], F=[0.96119, 0.91306, 0.91065, 0.83818], F_fuse=[0.01007, 0.00811, 0.00649, 0.00492]
[ INFO : 2026-08-06 19:52:19,421 ] - Epoch 13: train==[161.86850 = 1.46238 + 1.08829 + 48.98050 + 0.00543 + 0.00000 + 0.00116 + 1225.89705]
[ INFO : 2026-08-06 19:52:31,734 ] - Test_@[5, 10, 20, 50]: Recall=[0.02463, 0.03935, 0.06316, 0.11973],  precision=[0.00517, 0.00417, 0.00335, 0.00255], hit=[0.02571, 0.04140, 0.06639, 0.12569], ndcg=[0.01569, 0.02046, 0.02653, 0.03777], Train Rec Loss=[0.03212], Eval Rec Loss=[0.03229], c=[0.50000], F=[0.94618, 0.89940, 0.90177, 0.84481], F_fuse=[0.01029, 0.00830, 0.00668, 0.00508]
[ INFO : 2026-08-06 19:55:54,941 ] - Epoch 14: train==[161.13784 = 1.44768 + 1.08829 + 48.26429 + 0.00575 + 0.00000 + 0.00110 + 1225.89705]
[ INFO : 2026-08-06 19:56:07,322 ] - Test_@[5, 10, 20, 50]: Recall=[0.02544, 0.03968, 0.06437, 0.12077],  precision=[0.00533, 0.00421, 0.00341, 0.00257], hit=[0.02648, 0.04181, 0.06758, 0.12677], ndcg=[0.01611, 0.02072, 0.02701, 0.03820], Train Rec Loss=[0.03212], Eval Rec Loss=[0.03231], c=[0.50000], F=[0.95301, 0.89698, 0.90415, 0.84659], F_fuse=[0.01060, 0.00837, 0.00680, 0.00513]
[ INFO : 2026-08-06 19:59:30,825 ] - Epoch 15: train==[160.48593 = 1.43180 + 1.08829 + 47.62801 + 0.00605 + 0.00000 + 0.00105 + 1225.89705]
[ INFO : 2026-08-06 19:59:43,301 ] - Test_@[5, 10, 20, 50]: Recall=[0.02514, 0.03989, 0.06446, 0.12072],  precision=[0.00527, 0.00423, 0.00342, 0.00257], hit=[0.02618, 0.04202, 0.06773, 0.12666], ndcg=[0.01599, 0.02077, 0.02701, 0.03818], Train Rec Loss=[0.03212], Eval Rec Loss=[0.03228], c=[0.50000], F=[0.95733, 0.90804, 0.89720, 0.84676], F_fuse=[0.01047, 0.00842, 0.00681, 0.00513]
[ INFO : 2026-08-06 20:03:07,738 ] - Epoch 16: train==[159.89379 = 1.41722 + 1.08830 + 47.05017 + 0.00634 + 0.00000 + 0.00103 + 1225.89705]
[ INFO : 2026-08-06 20:03:20,120 ] - Test_@[5, 10, 20, 50]: Recall=[0.02574, 0.04110, 0.06535, 0.12209],  precision=[0.00538, 0.00435, 0.00347, 0.00261], hit=[0.02674, 0.04320, 0.06866, 0.12816], ndcg=[0.01628, 0.02124, 0.02738, 0.03864], Train Rec Loss=[0.03211], Eval Rec Loss=[0.03230], c=[0.50000], F=[0.95041, 0.90099, 0.89698, 0.85001], F_fuse=[0.01070, 0.00866, 0.00691, 0.00519]
[ INFO : 2026-08-06 20:06:43,743 ] - Epoch 17: train==[159.36110 = 1.40336 + 1.08829 + 46.53111 + 0.00660 + 0.00000 + 0.00100 + 1225.89705]
[ INFO : 2026-08-06 20:06:56,036 ] - Test_@[5, 10, 20, 50]: Recall=[0.02555, 0.04147, 0.06585, 0.12322],  precision=[0.00535, 0.00440, 0.00349, 0.00263], hit=[0.02659, 0.04366, 0.06912, 0.12949], ndcg=[0.01625, 0.02143, 0.02762, 0.03901], Train Rec Loss=[0.03208], Eval Rec Loss=[0.03227], c=[0.50000], F=[0.94104, 0.89436, 0.89632, 0.85119], F_fuse=[0.01064, 0.00875, 0.00695, 0.00524]
[ INFO : 2026-08-06 20:10:20,969 ] - Epoch 18: train==[158.56472 = 1.39153 + 1.08829 + 45.74637 + 0.00681 + 0.00000 + 0.00098 + 1225.89705]
[ INFO : 2026-08-06 20:10:33,357 ] - Test_@[5, 10, 20, 50]: Recall=[0.02538, 0.04147, 0.06596, 0.12338],  precision=[0.00532, 0.00440, 0.00350, 0.00263], hit=[0.02643, 0.04371, 0.06927, 0.12954], ndcg=[0.01608, 0.02134, 0.02756, 0.03898], Train Rec Loss=[0.03207], Eval Rec Loss=[0.03222], c=[0.50000], F=[0.92664, 0.89177, 0.89262, 0.85405], F_fuse=[0.01057, 0.00876, 0.00697, 0.00525]
[ INFO : 2026-08-06 20:13:56,348 ] - Epoch 19: train==[158.28027 = 1.37325 + 1.08829 + 45.48006 + 0.00697 + 0.00000 + 0.00096 + 1225.89705]
[ INFO : 2026-08-06 20:14:08,711 ] - Test_@[5, 10, 20, 50]: Recall=[0.02629, 0.04241, 0.06748, 0.12388],  precision=[0.00554, 0.00452, 0.00357, 0.00264], hit=[0.02756, 0.04490, 0.07082, 0.13006], ndcg=[0.01667, 0.02195, 0.02829, 0.03953], Train Rec Loss=[0.03204], Eval Rec Loss=[0.03223], c=[0.50000], F=[0.88995, 0.88462, 0.88952, 0.85929], F_fuse=[0.01102, 0.00899, 0.00712, 0.00527]
[ INFO : 2026-08-06 20:17:33,338 ] - Epoch 20: train==[157.66335 = 1.36444 + 1.08828 + 44.87172 + 0.00721 + 0.00000 + 0.00096 + 1225.89705]
[ INFO : 2026-08-06 20:17:45,532 ] - Test_@[5, 10, 20, 50]: Recall=[0.02598, 0.04269, 0.06751, 0.12451],  precision=[0.00548, 0.00455, 0.00357, 0.00265], hit=[0.02726, 0.04515, 0.07082, 0.13068], ndcg=[0.01648, 0.02194, 0.02820, 0.03955], Train Rec Loss=[0.03203], Eval Rec Loss=[0.03222], c=[0.50000], F=[0.92610, 0.89129, 0.89423, 0.85991], F_fuse=[0.01090, 0.00905, 0.00712, 0.00529]
[ INFO : 2026-08-06 20:21:09,163 ] - Epoch 21: train==[157.12231 = 1.34635 + 1.08829 + 44.34862 + 0.00737 + 0.00000 + 0.00094 + 1225.89705]
[ INFO : 2026-08-06 20:21:21,394 ] - Test_@[5, 10, 20, 50]: Recall=[0.02628, 0.04289, 0.06751, 0.12469],  precision=[0.00555, 0.00456, 0.00357, 0.00266], hit=[0.02762, 0.04531, 0.07082, 0.13093], ndcg=[0.01664, 0.02207, 0.02828, 0.03969], Train Rec Loss=[0.03203], Eval Rec Loss=[0.03221], c=[0.50000], F=[0.88557, 0.87372, 0.88704, 0.86050], F_fuse=[0.01104, 0.00908, 0.00712, 0.00530]
[ INFO : 2026-08-06 20:24:44,810 ] - Epoch 22: train==[156.57163 = 1.33631 + 1.08829 + 43.80783 + 0.00753 + 0.00000 + 0.00093 + 1225.89705]
[ INFO : 2026-08-06 20:24:57,115 ] - Test_@[5, 10, 20, 50]: Recall=[0.02602, 0.04298, 0.06764, 0.12549],  precision=[0.00549, 0.00457, 0.00358, 0.00267], hit=[0.02731, 0.04541, 0.07092, 0.13170], ndcg=[0.01646, 0.02200, 0.02824, 0.03978], Train Rec Loss=[0.03202], Eval Rec Loss=[0.03223], c=[0.50000], F=[0.87612, 0.87332, 0.88454, 0.86028], F_fuse=[0.01092, 0.00910, 0.00713, 0.00533]
[ INFO : 2026-08-06 20:28:20,849 ] - Epoch 23: train==[155.97069 = 1.32491 + 1.08829 + 43.21816 + 0.00767 + 0.00000 + 0.00093 + 1225.89705]
[ INFO : 2026-08-06 20:28:33,124 ] - Test_@[5, 10, 20, 50]: Recall=[0.02610, 0.04340, 0.06753, 0.12604],  precision=[0.00550, 0.00461, 0.00357, 0.00268], hit=[0.02736, 0.04582, 0.07082, 0.13222], ndcg=[0.01660, 0.02227, 0.02838, 0.04005], Train Rec Loss=[0.03202], Eval Rec Loss=[0.03219], c=[0.50000], F=[0.88392, 0.87627, 0.88253, 0.86329], F_fuse=[0.01094, 0.00918, 0.00712, 0.00535]
[ INFO : 2026-08-06 20:31:56,402 ] - Epoch 24: train==[155.48316 = 1.30514 + 1.08829 + 42.75022 + 0.00786 + 0.00000 + 0.00092 + 1225.89705]
[ INFO : 2026-08-06 20:32:08,721 ] - Test_@[5, 10, 20, 50]: Recall=[0.02657, 0.04322, 0.06761, 0.12706],  precision=[0.00561, 0.00460, 0.00358, 0.00271], hit=[0.02787, 0.04562, 0.07092, 0.13330], ndcg=[0.01683, 0.02229, 0.02848, 0.04036], Train Rec Loss=[0.03199], Eval Rec Loss=[0.03219], c=[0.50000], F=[0.85873, 0.86591, 0.88074, 0.86738], F_fuse=[0.01114, 0.00915, 0.00713, 0.00540]
[ INFO : 2026-08-06 20:35:33,550 ] - Epoch 25: train==[155.07047 = 1.29702 + 1.08829 + 42.34559 + 0.00793 + 0.00000 + 0.00091 + 1225.89705]
[ INFO : 2026-08-06 20:35:45,836 ] - Test_@[5, 10, 20, 50]: Recall=[0.02629, 0.04279, 0.06815, 0.12702],  precision=[0.00556, 0.00455, 0.00361, 0.00270], hit=[0.02767, 0.04515, 0.07159, 0.13325], ndcg=[0.01682, 0.02220, 0.02864, 0.04041], Train Rec Loss=[0.03199], Eval Rec Loss=[0.03216], c=[0.50000], F=[0.85003, 0.85799, 0.87278, 0.86858], F_fuse=[0.01106, 0.00905, 0.00719, 0.00539]
[ INFO : 2026-08-06 20:39:10,487 ] - Epoch 26: train==[154.68593 = 1.28328 + 1.08828 + 41.97467 + 0.00804 + 0.00000 + 0.00090 + 1225.89705]
[ INFO : 2026-08-06 20:39:22,798 ] - Test_@[5, 10, 20, 50]: Recall=[0.02655, 0.04333, 0.06941, 0.12920],  precision=[0.00566, 0.00460, 0.00367, 0.00275], hit=[0.02813, 0.04562, 0.07282, 0.13551], ndcg=[0.01698, 0.02243, 0.02905, 0.04101], Train Rec Loss=[0.03198], Eval Rec Loss=[0.03213], c=[0.50000], F=[0.83498, 0.85552, 0.87495, 0.87555], F_fuse=[0.01124, 0.00915, 0.00732, 0.00548]
[ INFO : 2026-08-06 20:42:47,449 ] - Epoch 27: train==[154.20655 = 1.27265 + 1.08828 + 41.50583 + 0.00815 + 0.00000 + 0.00090 + 1225.89705]
[ INFO : 2026-08-06 20:42:59,859 ] - Test_@[5, 10, 20, 50]: Recall=[0.02685, 0.04356, 0.06992, 0.12946],  precision=[0.00571, 0.00463, 0.00371, 0.00275], hit=[0.02839, 0.04598, 0.07344, 0.13566], ndcg=[0.01711, 0.02252, 0.02919, 0.04109], Train Rec Loss=[0.03196], Eval Rec Loss=[0.03217], c=[0.50000], F=[0.85486, 0.86502, 0.87695, 0.87497], F_fuse=[0.01134, 0.00922, 0.00738, 0.00549]
[ INFO : 2026-08-06 20:46:24,460 ] - Epoch 28: train==[153.71845 = 1.26042 + 1.08828 + 41.02984 + 0.00827 + 0.00000 + 0.00089 + 1225.89705]
[ INFO : 2026-08-06 20:46:36,736 ] - Test_@[5, 10, 20, 50]: Recall=[0.02660, 0.04352, 0.07069, 0.13179],  precision=[0.00565, 0.00462, 0.00374, 0.00280], hit=[0.02808, 0.04587, 0.07411, 0.13793], ndcg=[0.01693, 0.02243, 0.02931, 0.04151], Train Rec Loss=[0.03197], Eval Rec Loss=[0.03213], c=[0.50000], F=[0.84496, 0.86497, 0.87684, 0.88144], F_fuse=[0.01122, 0.00919, 0.00745, 0.00558]
[ INFO : 2026-08-06 20:50:00,889 ] - Epoch 29: train==[153.21643 = 1.24617 + 1.08828 + 40.54197 + 0.00838 + 0.00000 + 0.00089 + 1225.89705]
[ INFO : 2026-08-06 20:50:13,240 ] - Test_@[5, 10, 20, 50]: Recall=[0.02649, 0.04446, 0.07079, 0.13228],  precision=[0.00563, 0.00471, 0.00375, 0.00281], hit=[0.02798, 0.04685, 0.07426, 0.13839], ndcg=[0.01689, 0.02270, 0.02936, 0.04164], Train Rec Loss=[0.03193], Eval Rec Loss=[0.03213], c=[0.50000], F=[0.86054, 0.87064, 0.87827, 0.88103], F_fuse=[0.01118, 0.00937, 0.00747, 0.00560]
[ INFO : 2026-08-06 20:53:38,245 ] - Epoch 30: train==[152.76182 = 1.23695 + 1.08828 + 40.09651 + 0.00845 + 0.00000 + 0.00089 + 1225.89705]
[ INFO : 2026-08-06 20:53:50,536 ] - Test_@[5, 10, 20, 50]: Recall=[0.02709, 0.04427, 0.07068, 0.13308],  precision=[0.00576, 0.00470, 0.00375, 0.00283], hit=[0.02864, 0.04670, 0.07416, 0.13916], ndcg=[0.01718, 0.02273, 0.02945, 0.04191], Train Rec Loss=[0.03193], Eval Rec Loss=[0.03210], c=[0.50000], F=[0.85036, 0.86385, 0.87444, 0.88163], F_fuse=[0.01144, 0.00934, 0.00746, 0.00563]
[ INFO : 2026-08-06 20:57:15,373 ] - Epoch 31: train==[152.41671 = 1.22363 + 1.08829 + 39.76464 + 0.00853 + 0.00000 + 0.00088 + 1225.89705]
[ INFO : 2026-08-06 20:57:27,717 ] - Test_@[5, 10, 20, 50]: Recall=[0.02629, 0.04353, 0.07159, 0.13384],  precision=[0.00560, 0.00461, 0.00380, 0.00284], hit=[0.02782, 0.04587, 0.07513, 0.13983], ndcg=[0.01682, 0.02238, 0.02952, 0.04196], Train Rec Loss=[0.03192], Eval Rec Loss=[0.03211], c=[0.50000], F=[0.82980, 0.84949, 0.86698, 0.88652], F_fuse=[0.01112, 0.00918, 0.00756, 0.00566]
[ INFO : 2026-08-06 21:00:52,055 ] - Epoch 32: train==[152.01684 = 1.21460 + 1.08828 + 39.37370 + 0.00865 + 0.00000 + 0.00088 + 1225.89705]
[ INFO : 2026-08-06 21:01:04,456 ] - Test_@[5, 10, 20, 50]: Recall=[0.02611, 0.04430, 0.07290, 0.13402],  precision=[0.00555, 0.00469, 0.00386, 0.00284], hit=[0.02762, 0.04664, 0.07647, 0.14009], ndcg=[0.01672, 0.02257, 0.02984, 0.04205], Train Rec Loss=[0.03190], Eval Rec Loss=[0.03208], c=[0.50000], F=[0.84308, 0.86298, 0.87468, 0.89070], F_fuse=[0.01104, 0.00933, 0.00770, 0.00567]
[ INFO : 2026-08-06 21:04:29,600 ] - Epoch 33: train==[151.49602 = 1.20109 + 1.08829 + 38.86631 + 0.00872 + 0.00000 + 0.00087 + 1225.89705]
[ INFO : 2026-08-06 21:04:42,016 ] - Test_@[5, 10, 20, 50]: Recall=[0.02649, 0.04463, 0.07233, 0.13513],  precision=[0.00564, 0.00473, 0.00384, 0.00287], hit=[0.02803, 0.04706, 0.07591, 0.14117], ndcg=[0.01698, 0.02283, 0.02985, 0.04239], Train Rec Loss=[0.03189], Eval Rec Loss=[0.03205], c=[0.50000], F=[0.84310, 0.85839, 0.86991, 0.88912], F_fuse=[0.01120, 0.00941, 0.00764, 0.00572]
[ INFO : 2026-08-06 21:08:06,841 ] - Epoch 34: train==[151.17729 = 1.19304 + 1.08829 + 38.55557 + 0.00877 + 0.00000 + 0.00087 + 1225.89705]
[ INFO : 2026-08-06 21:08:19,178 ] - Test_@[5, 10, 20, 50]: Recall=[0.02660, 0.04431, 0.07324, 0.13550],  precision=[0.00566, 0.00470, 0.00389, 0.00288], hit=[0.02813, 0.04675, 0.07693, 0.14158], ndcg=[0.01702, 0.02274, 0.03007, 0.04250], Train Rec Loss=[0.03192], Eval Rec Loss=[0.03205], c=[0.50000], F=[0.83318, 0.85316, 0.86823, 0.89153], F_fuse=[0.01124, 0.00935, 0.00774, 0.00574]
[ INFO : 2026-08-06 21:11:42,789 ] - Epoch 35: train==[150.81777 = 1.18032 + 1.08830 + 38.20864 + 0.00890 + 0.00000 + 0.00087 + 1225.89705]
[ INFO : 2026-08-06 21:11:55,159 ] - Test_@[5, 10, 20, 50]: Recall=[0.02671, 0.04563, 0.07380, 0.13688],  precision=[0.00568, 0.00482, 0.00391, 0.00290], hit=[0.02823, 0.04798, 0.07740, 0.14292], ndcg=[0.01709, 0.02317, 0.03029, 0.04287], Train Rec Loss=[0.03188], Eval Rec Loss=[0.03207], c=[0.50000], F=[0.84009, 0.85737, 0.87082, 0.89362], F_fuse=[0.01128, 0.00959, 0.00778, 0.00579]
[ INFO : 2026-08-06 21:15:20,274 ] - Epoch 36: train==[150.39609 = 1.17326 + 1.08829 + 37.79400 + 0.00893 + 0.00000 + 0.00087 + 1225.89705]
[ INFO : 2026-08-06 21:15:32,569 ] - Test_@[5, 10, 20, 50]: Recall=[0.02685, 0.04493, 0.07473, 0.13778],  precision=[0.00569, 0.00476, 0.00396, 0.00292], hit=[0.02828, 0.04731, 0.07843, 0.14389], ndcg=[0.01740, 0.02328, 0.03086, 0.04344], Train Rec Loss=[0.03187], Eval Rec Loss=[0.03205], c=[0.50000], F=[0.83093, 0.85635, 0.87358, 0.89941], F_fuse=[0.01130, 0.00947, 0.00788, 0.00583]
[ INFO : 2026-08-06 21:18:56,279 ] - Epoch 37: train==[149.82632 = 1.16169 + 1.08830 + 37.23573 + 0.00899 + 0.00000 + 0.00087 + 1225.89705]
[ INFO : 2026-08-06 21:19:08,595 ] - Test_@[5, 10, 20, 50]: Recall=[0.02712, 0.04545, 0.07528, 0.13778],  precision=[0.00574, 0.00481, 0.00399, 0.00292], hit=[0.02854, 0.04783, 0.07899, 0.14384], ndcg=[0.01748, 0.02341, 0.03097, 0.04344], Train Rec Loss=[0.03187], Eval Rec Loss=[0.03203], c=[0.50000], F=[0.85557, 0.86936, 0.87571, 0.89609], F_fuse=[0.01140, 0.00957, 0.00794, 0.00583]
[ INFO : 2026-08-06 21:22:32,518 ] - Epoch 38: train==[149.55744 = 1.15338 + 1.08829 + 36.97509 + 0.00908 + 0.00000 + 0.00086 + 1225.89705]
[ INFO : 2026-08-06 21:22:44,904 ] - Test_@[5, 10, 20, 50]: Recall=[0.02713, 0.04552, 0.07611, 0.13985],  precision=[0.00575, 0.00483, 0.00403, 0.00297], hit=[0.02859, 0.04803, 0.07981, 0.14600], ndcg=[0.01738, 0.02334, 0.03107, 0.04377], Train Rec Loss=[0.03183], Eval Rec Loss=[0.03203], c=[0.50000], F=[0.83438, 0.85766, 0.87382, 0.90006], F_fuse=[0.01142, 0.00960, 0.00802, 0.00592]
[ INFO : 2026-08-06 21:26:09,037 ] - Epoch 39: train==[149.20231 = 1.14030 + 1.08828 + 36.63299 + 0.00913 + 0.00000 + 0.00086 + 1225.89705]
[ INFO : 2026-08-06 21:26:21,446 ] - Test_@[5, 10, 20, 50]: Recall=[0.02766, 0.04583, 0.07611, 0.13933],  precision=[0.00586, 0.00486, 0.00403, 0.00296], hit=[0.02916, 0.04829, 0.07981, 0.14549], ndcg=[0.01768, 0.02357, 0.03122, 0.04384], Train Rec Loss=[0.03183], Eval Rec Loss=[0.03200], c=[0.50000], F=[0.84787, 0.86945, 0.87880, 0.89964], F_fuse=[0.01164, 0.00967, 0.00802, 0.00590]
[ INFO : 2026-08-06 21:29:46,513 ] - Epoch 40: train==[148.73963 = 1.13272 + 1.08828 + 36.17781 + 0.00922 + 0.00000 + 0.00086 + 1225.89705]
[ INFO : 2026-08-06 21:29:58,834 ] - Test_@[5, 10, 20, 50]: Recall=[0.02686, 0.04618, 0.07652, 0.13970],  precision=[0.00571, 0.00491, 0.00406, 0.00297], hit=[0.02839, 0.04870, 0.08028, 0.14590], ndcg=[0.01762, 0.02388, 0.03156, 0.04415], Train Rec Loss=[0.03183], Eval Rec Loss=[0.03202], c=[0.50000], F=[0.84166, 0.86614, 0.87869, 0.90372], F_fuse=[0.01134, 0.00976, 0.00807, 0.00592]
[ INFO : 2026-08-06 21:33:23,107 ] - Epoch 41: train==[148.43866 = 1.11984 + 1.08828 + 35.88964 + 0.00931 + 0.00000 + 0.00086 + 1225.89705]
[ INFO : 2026-08-06 21:33:35,381 ] - Test_@[5, 10, 20, 50]: Recall=[0.02707, 0.04682, 0.07719, 0.14042],  precision=[0.00574, 0.00497, 0.00409, 0.00298], hit=[0.02854, 0.04932, 0.08089, 0.14662], ndcg=[0.01768, 0.02405, 0.03172, 0.04434], Train Rec Loss=[0.03182], Eval Rec Loss=[0.03201], c=[0.50000], F=[0.84302, 0.86843, 0.88100, 0.90550], F_fuse=[0.01140, 0.00988, 0.00813, 0.00595]
[ INFO : 2026-08-06 21:36:59,345 ] - Epoch 42: train==[148.15138 = 1.11580 + 1.08828 + 35.60636 + 0.00934 + 0.00000 + 0.00086 + 1225.89705]
[ INFO : 2026-08-06 21:37:11,766 ] - Test_@[5, 10, 20, 50]: Recall=[0.02748, 0.04685, 0.07798, 0.14198],  precision=[0.00583, 0.00497, 0.00413, 0.00302], hit=[0.02900, 0.04937, 0.08177, 0.14821], ndcg=[0.01778, 0.02404, 0.03192, 0.04471], Train Rec Loss=[0.03181], Eval Rec Loss=[0.03200], c=[0.50000], F=[0.83903, 0.86743, 0.88511, 0.91092], F_fuse=[0.01158, 0.00989, 0.00822, 0.00601]
[ INFO : 2026-08-06 21:40:35,671 ] - Epoch 43: train==[147.72305 = 1.10331 + 1.08827 + 35.19054 + 0.00934 + 0.00000 + 0.00085 + 1225.89705]
[ INFO : 2026-08-06 21:40:48,080 ] - Test_@[5, 10, 20, 50]: Recall=[0.02789, 0.04567, 0.07782, 0.14176],  precision=[0.00590, 0.00485, 0.00412, 0.00301], hit=[0.02936, 0.04819, 0.08146, 0.14801], ndcg=[0.01798, 0.02376, 0.03190, 0.04465], Train Rec Loss=[0.03182], Eval Rec Loss=[0.03197], c=[0.50000], F=[0.85143, 0.87309, 0.88273, 0.90507], F_fuse=[0.01173, 0.00965, 0.00820, 0.00601]
[ INFO : 2026-08-06 21:44:11,212 ] - Epoch 44: train==[147.40633 = 1.09330 + 1.08828 + 34.88367 + 0.00950 + 0.00000 + 0.00086 + 1225.89705]
[ INFO : 2026-08-06 21:44:23,557 ] - Test_@[5, 10, 20, 50]: Recall=[0.02711, 0.04688, 0.07807, 0.14168],  precision=[0.00575, 0.00497, 0.00413, 0.00301], hit=[0.02859, 0.04937, 0.08182, 0.14790], ndcg=[0.01770, 0.02409, 0.03200, 0.04469], Train Rec Loss=[0.03181], Eval Rec Loss=[0.03199], c=[0.50000], F=[0.83827, 0.86517, 0.88463, 0.91053], F_fuse=[0.01142, 0.00989, 0.00823, 0.00600]
[ INFO : 2026-08-06 21:47:48,406 ] - Epoch 45: train==[147.18034 = 1.08519 + 1.08827 + 34.66575 + 0.00954 + 0.00000 + 0.00085 + 1225.89705]
[ INFO : 2026-08-06 21:48:00,669 ] - Test_@[5, 10, 20, 50]: Recall=[0.02804, 0.04665, 0.07844, 0.14280],  precision=[0.00594, 0.00494, 0.00415, 0.00303], hit=[0.02957, 0.04906, 0.08213, 0.14909], ndcg=[0.01802, 0.02400, 0.03206, 0.04491], Train Rec Loss=[0.03179], Eval Rec Loss=[0.03198], c=[0.50000], F=[0.85203, 0.87486, 0.88647, 0.90932], F_fuse=[0.01181, 0.00983, 0.00826, 0.00605]
[ INFO : 2026-08-06 21:51:25,978 ] - Epoch 46: train==[146.80820 = 1.07813 + 1.08827 + 34.30059 + 0.00961 + 0.00000 + 0.00085 + 1225.89705]
[ INFO : 2026-08-06 21:51:38,231 ] - Test_@[5, 10, 20, 50]: Recall=[0.02743, 0.04780, 0.07851, 0.14231],  precision=[0.00583, 0.00506, 0.00416, 0.00302], hit=[0.02900, 0.05024, 0.08213, 0.14857], ndcg=[0.01788, 0.02443, 0.03220, 0.04495], Train Rec Loss=[0.03180], Eval Rec Loss=[0.03193], c=[0.50000], F=[0.84807, 0.87594, 0.89073, 0.91249], F_fuse=[0.01158, 0.01006, 0.00827, 0.00603]
[ INFO : 2026-08-06 21:55:02,245 ] - Epoch 47: train==[146.58716 = 1.06922 + 1.08828 + 34.08844 + 0.00964 + 0.00000 + 0.00085 + 1225.89705]
[ INFO : 2026-08-06 21:55:14,521 ] - Test_@[5, 10, 20, 50]: Recall=[0.02770, 0.04763, 0.07908, 0.14273],  precision=[0.00587, 0.00504, 0.00418, 0.00303], hit=[0.02921, 0.05009, 0.08269, 0.14898], ndcg=[0.01805, 0.02449, 0.03245, 0.04518], Train Rec Loss=[0.03179], Eval Rec Loss=[0.03196], c=[0.50000], F=[0.85188, 0.87643, 0.89000, 0.91233], F_fuse=[0.01167, 0.01003, 0.00832, 0.00605]
[ INFO : 2026-08-06 21:58:37,937 ] - Epoch 48: train==[146.19516 = 1.05710 + 1.08828 + 33.70847 + 0.00972 + 0.00000 + 0.00084 + 1225.89705]
[ INFO : 2026-08-06 21:58:50,217 ] - Test_@[5, 10, 20, 50]: Recall=[0.02803, 0.04815, 0.07911, 0.14319],  precision=[0.00592, 0.00510, 0.00418, 0.00304], hit=[0.02947, 0.05060, 0.08275, 0.14940], ndcg=[0.01817, 0.02464, 0.03248, 0.04529], Train Rec Loss=[0.03177], Eval Rec Loss=[0.03193], c=[0.50000], F=[0.84374, 0.86976, 0.88808, 0.91257], F_fuse=[0.01177, 0.01013, 0.00832, 0.00606]
[ INFO : 2026-08-06 22:02:13,068 ] - Epoch 49: train==[145.94791 = 1.05297 + 1.08830 + 33.46529 + 0.00976 + 0.00000 + 0.00084 + 1225.89705]
[ INFO : 2026-08-06 22:02:25,410 ] - Test_@[5, 10, 20, 50]: Recall=[0.02838, 0.04874, 0.07924, 0.14307],  precision=[0.00602, 0.00515, 0.00419, 0.00304], hit=[0.02993, 0.05117, 0.08290, 0.14940], ndcg=[0.01839, 0.02493, 0.03266, 0.04544], Train Rec Loss=[0.03175], Eval Rec Loss=[0.03195], c=[0.50000], F=[0.84187, 0.87202, 0.89167, 0.91527], F_fuse=[0.01195, 0.01024, 0.00834, 0.00607]
[ INFO : 2026-08-06 22:05:50,680 ] - Epoch 50: train==[145.70874 = 1.04048 + 1.08829 + 33.23858 + 0.00982 + 0.00000 + 0.00084 + 1225.89705]
[ INFO : 2026-08-06 22:06:02,936 ] - Test_@[5, 10, 20, 50]: Recall=[0.02840, 0.04830, 0.08023, 0.14433],  precision=[0.00600, 0.00511, 0.00423, 0.00307], hit=[0.02983, 0.05071, 0.08372, 0.15063], ndcg=[0.01828, 0.02467, 0.03277, 0.04558], Train Rec Loss=[0.03176], Eval Rec Loss=[0.03194], c=[0.50000], F=[0.84761, 0.87597, 0.89333, 0.91545], F_fuse=[0.01191, 0.01015, 0.00842, 0.00612]
[ INFO : 2026-08-06 22:09:27,347 ] - Epoch 51: train==[145.42193 = 1.03734 + 1.08829 + 32.95485 + 0.00987 + 0.00000 + 0.00084 + 1225.89705]
[ INFO : 2026-08-06 22:09:39,666 ] - Test_@[5, 10, 20, 50]: Recall=[0.02855, 0.04874, 0.08006, 0.14447],  precision=[0.00603, 0.00515, 0.00423, 0.00307], hit=[0.02998, 0.05117, 0.08372, 0.15068], ndcg=[0.01845, 0.02494, 0.03289, 0.04577], Train Rec Loss=[0.03176], Eval Rec Loss=[0.03193], c=[0.50000], F=[0.84968, 0.87794, 0.89363, 0.91407], F_fuse=[0.01197, 0.01024, 0.00842, 0.00612]
[ INFO : 2026-08-06 22:13:03,477 ] - Epoch 52: train==[145.22134 = 1.03015 + 1.08828 + 32.76143 + 0.00990 + 0.00000 + 0.00084 + 1225.89705]
[ INFO : 2026-08-06 22:13:15,836 ] - Test_@[5, 10, 20, 50]: Recall=[0.02870, 0.04842, 0.08041, 0.14461],  precision=[0.00608, 0.00512, 0.00425, 0.00307], hit=[0.03024, 0.05086, 0.08393, 0.15078], ndcg=[0.01843, 0.02478, 0.03291, 0.04573], Train Rec Loss=[0.03174], Eval Rec Loss=[0.03194], c=[0.50000], F=[0.84270, 0.87064, 0.89167, 0.91550], F_fuse=[0.01207, 0.01017, 0.00845, 0.00612]
[ INFO : 2026-08-06 22:16:40,264 ] - Epoch 53: train==[144.90903 = 1.01672 + 1.08827 + 32.46246 + 0.01001 + 0.00000 + 0.00083 + 1225.89705]
[ INFO : 2026-08-06 22:16:52,548 ] - Test_@[5, 10, 20, 50]: Recall=[0.02847, 0.04857, 0.08009, 0.14465],  precision=[0.00603, 0.00514, 0.00424, 0.00308], hit=[0.02998, 0.05107, 0.08377, 0.15099], ndcg=[0.01853, 0.02501, 0.03305, 0.04596], Train Rec Loss=[0.03176], Eval Rec Loss=[0.03192], c=[0.50000], F=[0.84537, 0.87526, 0.89714, 0.92049], F_fuse=[0.01197, 0.01022, 0.00843, 0.00613]
