Job 74399 on gpu01; lambda_cf=1.0; group_k=10; seed=6; started Sun Jul 26 10:41:13 PM UTC 2026
Sun Jul 26 22:41:13 2026       
+-----------------------------------------------------------------------------+
| NVIDIA-SMI 525.147.05   Driver Version: 525.147.05   CUDA Version: 12.0     |
|-------------------------------+----------------------+----------------------+
| GPU  Name        Persistence-M| Bus-Id        Disp.A | Volatile Uncorr. ECC |
| Fan  Temp  Perf  Pwr:Usage/Cap|         Memory-Usage | GPU-Util  Compute M. |
|                               |                      |               MIG M. |
|===============================+======================+======================|
|   0  NVIDIA A100-SXM...  On   | 00000000:B7:00.0 Off |                    0 |
| N/A   34C    P0    55W / 400W |      0MiB / 40960MiB |      0%      Default |
|                               |                      |             Disabled |
+-------------------------------+----------------------+----------------------+
                                                                               
+-----------------------------------------------------------------------------+
| Processes:                                                                  |
|  GPU   GI   CI        PID   Type   Process name                  GPU Memory |
|        ID   ID                                                   Usage      |
|=============================================================================|
|  No running processes found                                                 |
+-----------------------------------------------------------------------------+
[ INFO : 2026-07-26 22:41:20,241 ] - Preprocess missing values with zero
[ INFO : 2026-07-26 22:41:22,534 ] - Pretrained diffusion model is loaded from: ./checkpoint/allrecipes/best_model.pth
[ INFO : 2026-07-26 22:41:23,084 ] - Completed data loaded from: ./checkpoint/allrecipes/completed_data.pkl
/media/lhbac29/raid-cf/main.py:106: DeprecationWarning: Please import `csr_matrix` from the `scipy.sparse` namespace; the `scipy.sparse.csr` namespace is deprecated and will be removed in SciPy 2.0.0.
  self.ui_graph = self.ui_graph_raw = pickle.load(open('./data/' + self.dataset + '/train_mat', 'rb'))
[ INFO : 2026-07-26 22:41:23,235 ] - Missing rate = 0.400000, complete strategy: zero
[ INFO : 2026-07-26 22:42:56,359 ] - Epoch 1: train==[126.58696 = 1.24429 + 0.85727 + 29.32119 + 0.00022 + 0.00000 + 3.49510 + 613.41198]
[ INFO : 2026-07-26 22:43:03,254 ] - Test_@[5, 10, 20, 50]: Recall=[0.01470, 0.02289, 0.03938, 0.06789],  precision=[0.00294, 0.00229, 0.00197, 0.00136], hit=[0.01470, 0.02289, 0.03938, 0.06789], ndcg=[0.01028, 0.01289, 0.01704, 0.02257], Train Rec Loss=[0.04926], Eval Rec Loss=[0.04950], c=[0.50000], F=[0.98305, 0.90256, 0.98402, 0.99106], F_fuse=[0.00586, 0.00457, 0.00393, 0.00271]
[ INFO : 2026-07-26 22:44:31,209 ] - Epoch 2: train==[124.52376 = 0.81779 + 0.84942 + 29.01319 + 0.00023 + 0.00000 + 2.08529 + 613.98403]
[ INFO : 2026-07-26 22:44:38,074 ] - Test_@[5, 10, 20, 50]: Recall=[0.01483, 0.02557, 0.04795, 0.07838],  precision=[0.00297, 0.00256, 0.00240, 0.00157], hit=[0.01483, 0.02557, 0.04795, 0.07838], ndcg=[0.01018, 0.01357, 0.01914, 0.02495], Train Rec Loss=[0.04927], Eval Rec Loss=[0.04950], c=[0.50000], F=[0.84287, 0.98647, 0.90904, 0.95323], F_fuse=[0.00591, 0.00510, 0.00478, 0.00313]
[ INFO : 2026-07-26 22:46:08,613 ] - Epoch 3: train==[123.49256 = 0.78346 + 0.84865 + 28.58619 + 0.00026 + 0.00000 + 1.51798 + 613.96982]
[ INFO : 2026-07-26 22:46:15,977 ] - Test_@[5, 10, 20, 50]: Recall=[0.01432, 0.02583, 0.04744, 0.07467],  precision=[0.00286, 0.00258, 0.00237, 0.00149], hit=[0.01432, 0.02583, 0.04744, 0.07467], ndcg=[0.01024, 0.01389, 0.01917, 0.02434], Train Rec Loss=[0.04922], Eval Rec Loss=[0.04954], c=[0.50000], F=[0.98841, 0.99556, 0.92027, 0.95205], F_fuse=[0.00571, 0.00515, 0.00473, 0.00298]
[ INFO : 2026-07-26 22:47:48,122 ] - Epoch 4: train==[122.66747 = 0.77837 + 0.84863 + 28.00350 + 0.00031 + 0.00000 + 1.28230 + 613.95874]
[ INFO : 2026-07-26 22:47:56,259 ] - Test_@[5, 10, 20, 50]: Recall=[0.01432, 0.02557, 0.04744, 0.06866],  precision=[0.00286, 0.00256, 0.00237, 0.00137], hit=[0.01432, 0.02557, 0.04744, 0.06866], ndcg=[0.01077, 0.01435, 0.01960, 0.02374], Train Rec Loss=[0.04919], Eval Rec Loss=[0.04949], c=[0.50000], F=[0.98873, 0.98695, 0.92930, 0.92493], F_fuse=[0.00571, 0.00510, 0.00473, 0.00274]
[ INFO : 2026-07-26 22:49:26,395 ] - Epoch 5: train==[121.92889 = 0.77528 + 0.84865 + 27.41646 + 0.00036 + 0.00000 + 1.13508 + 613.95017]
[ INFO : 2026-07-26 22:49:33,991 ] - Test_@[5, 10, 20, 50]: Recall=[0.01432, 0.02532, 0.03785, 0.06738],  precision=[0.00286, 0.00253, 0.00189, 0.00135], hit=[0.01432, 0.02532, 0.03785, 0.06738], ndcg=[0.01080, 0.01430, 0.01738, 0.02339], Train Rec Loss=[0.04920], Eval Rec Loss=[0.04938], c=[0.50000], F=[0.99429, 0.94642, 0.92775, 0.91091], F_fuse=[0.00571, 0.00505, 0.00378, 0.00269]
[ INFO : 2026-07-26 22:51:03,864 ] - Epoch 6: train==[121.13586 = 0.77113 + 0.84867 + 26.74088 + 0.00041 + 0.00000 + 1.02290 + 613.94226]
[ INFO : 2026-07-26 22:51:12,563 ] - Test_@[5, 10, 20, 50]: Recall=[0.01445, 0.02583, 0.03555, 0.06713],  precision=[0.00289, 0.00258, 0.00178, 0.00134], hit=[0.01445, 0.02583, 0.03555, 0.06713], ndcg=[0.01060, 0.01420, 0.01661, 0.02298], Train Rec Loss=[0.04926], Eval Rec Loss=[0.04944], c=[0.50000], F=[0.98847, 0.90501, 0.90190, 0.91269], F_fuse=[0.00576, 0.00515, 0.00355, 0.00268]
[ INFO : 2026-07-26 22:52:42,895 ] - Epoch 7: train==[120.31844 = 0.76817 + 0.84867 + 26.00431 + 0.00044 + 0.00000 + 0.94577 + 613.93687]
[ INFO : 2026-07-26 22:52:49,896 ] - Test_@[5, 10, 20, 50]: Recall=[0.01470, 0.02608, 0.03542, 0.06815],  precision=[0.00294, 0.00261, 0.00177, 0.00136], hit=[0.01470, 0.02608, 0.03542, 0.06815], ndcg=[0.01028, 0.01386, 0.01619, 0.02266], Train Rec Loss=[0.04910], Eval Rec Loss=[0.04939], c=[0.50000], F=[0.89059, 0.90726, 0.91859, 0.91443], F_fuse=[0.00586, 0.00520, 0.00353, 0.00272]
[ INFO : 2026-07-26 22:54:17,860 ] - Epoch 8: train==[119.43044 = 0.76699 + 0.84870 + 25.16467 + 0.00047 + 0.00000 + 0.89810 + 613.93997]
[ INFO : 2026-07-26 22:54:24,818 ] - Test_@[5, 10, 20, 50]: Recall=[0.01458, 0.02596, 0.03580, 0.06649],  precision=[0.00292, 0.00260, 0.00179, 0.00133], hit=[0.01458, 0.02596, 0.03580, 0.06649], ndcg=[0.01043, 0.01401, 0.01646, 0.02237], Train Rec Loss=[0.04916], Eval Rec Loss=[0.04926], c=[0.50000], F=[0.79367, 0.91502, 0.95524, 0.93300], F_fuse=[0.00581, 0.00518, 0.00357, 0.00266]
[ INFO : 2026-07-26 22:55:54,058 ] - Epoch 9: train==[118.84658 = 0.76165 + 0.84868 + 24.62946 + 0.00050 + 0.00000 + 0.85528 + 613.93655]
[ INFO : 2026-07-26 22:56:01,062 ] - Test_@[5, 10, 20, 50]: Recall=[0.01458, 0.02570, 0.03376, 0.06802],  precision=[0.00292, 0.00257, 0.00169, 0.00136], hit=[0.01458, 0.02570, 0.03376, 0.06802], ndcg=[0.01041, 0.01393, 0.01596, 0.02259], Train Rec Loss=[0.04917], Eval Rec Loss=[0.04934], c=[0.50000], F=[0.80192, 0.90787, 0.93775, 0.92620], F_fuse=[0.00581, 0.00513, 0.00337, 0.00272]
[ INFO : 2026-07-26 22:57:29,556 ] - Epoch 10: train==[118.35892 = 0.75855 + 0.84871 + 24.18866 + 0.00054 + 0.00000 + 0.81219 + 613.93168]
[ INFO : 2026-07-26 22:57:36,441 ] - Test_@[5, 10, 20, 50]: Recall=[0.01458, 0.02557, 0.03363, 0.06866],  precision=[0.00292, 0.00256, 0.00168, 0.00137], hit=[0.01458, 0.02557, 0.03363, 0.06866], ndcg=[0.01048, 0.01395, 0.01598, 0.02273], Train Rec Loss=[0.04924], Eval Rec Loss=[0.04931], c=[0.50000], F=[0.81055, 0.90546, 0.93408, 0.92527], F_fuse=[0.00581, 0.00510, 0.00336, 0.00274]
[ INFO : 2026-07-26 22:59:03,882 ] - Epoch 11: train==[117.90551 = 0.75404 + 0.84868 + 23.78239 + 0.00059 + 0.00000 + 0.77007 + 613.92803]
[ INFO : 2026-07-26 22:59:10,857 ] - Test_@[5, 10, 20, 50]: Recall=[0.01458, 0.02583, 0.03286, 0.06866],  precision=[0.00292, 0.00258, 0.00164, 0.00137], hit=[0.01458, 0.02583, 0.03286, 0.06866], ndcg=[0.01060, 0.01414, 0.01593, 0.02286], Train Rec Loss=[0.04912], Eval Rec Loss=[0.04928], c=[0.50000], F=[0.83513, 0.90456, 0.92885, 0.92136], F_fuse=[0.00581, 0.00515, 0.00328, 0.00274]
[ INFO : 2026-07-26 23:00:39,722 ] - Epoch 12: train==[117.52706 = 0.75043 + 0.84867 + 23.44741 + 0.00064 + 0.00000 + 0.73036 + 613.92678]
[ INFO : 2026-07-26 23:00:46,670 ] - Test_@[5, 10, 20, 50]: Recall=[0.01470, 0.02570, 0.03312, 0.06994],  precision=[0.00294, 0.00257, 0.00166, 0.00140], hit=[0.01470, 0.02570, 0.03312, 0.06994], ndcg=[0.01065, 0.01411, 0.01600, 0.02309], Train Rec Loss=[0.04911], Eval Rec Loss=[0.04919], c=[0.50000], F=[0.85351, 0.89913, 0.92785, 0.91786], F_fuse=[0.00586, 0.00513, 0.00331, 0.00279]
[ INFO : 2026-07-26 23:02:14,846 ] - Epoch 13: train==[117.16178 = 0.74918 + 0.84868 + 23.12173 + 0.00069 + 0.00000 + 0.69211 + 613.92575]
[ INFO : 2026-07-26 23:02:21,947 ] - Test_@[5, 10, 20, 50]: Recall=[0.01470, 0.02583, 0.03350, 0.06981],  precision=[0.00294, 0.00258, 0.00167, 0.00140], hit=[0.01470, 0.02583, 0.03350, 0.06981], ndcg=[0.01060, 0.01410, 0.01604, 0.02302], Train Rec Loss=[0.04910], Eval Rec Loss=[0.04923], c=[0.50000], F=[0.84904, 0.89646, 0.92443, 0.91972], F_fuse=[0.00586, 0.00515, 0.00334, 0.00279]
[ INFO : 2026-07-26 23:03:50,856 ] - Epoch 14: train==[116.72221 = 0.74267 + 0.84865 + 22.72486 + 0.00075 + 0.00000 + 0.65617 + 613.92377]
[ INFO : 2026-07-26 23:03:57,849 ] - Test_@[5, 10, 20, 50]: Recall=[0.01483, 0.02570, 0.03376, 0.06917],  precision=[0.00297, 0.00257, 0.00169, 0.00138], hit=[0.01483, 0.02570, 0.03376, 0.06917], ndcg=[0.01063, 0.01404, 0.01608, 0.02288], Train Rec Loss=[0.04899], Eval Rec Loss=[0.04929], c=[0.50000], F=[0.85901, 0.89253, 0.92097, 0.91922], F_fuse=[0.00591, 0.00513, 0.00337, 0.00276]
[ INFO : 2026-07-26 23:05:26,465 ] - Epoch 15: train==[116.38207 = 0.74038 + 0.84865 + 22.42087 + 0.00081 + 0.00000 + 0.62253 + 613.92195]
[ INFO : 2026-07-26 23:05:33,444 ] - Test_@[5, 10, 20, 50]: Recall=[0.01470, 0.02544, 0.03401, 0.06917],  precision=[0.00294, 0.00254, 0.00170, 0.00138], hit=[0.01470, 0.02544, 0.03401, 0.06917], ndcg=[0.01055, 0.01394, 0.01610, 0.02285], Train Rec Loss=[0.04906], Eval Rec Loss=[0.04914], c=[0.50000], F=[0.88295, 0.88938, 0.91834, 0.91893], F_fuse=[0.00586, 0.00507, 0.00339, 0.00276]
[ INFO : 2026-07-26 23:07:02,270 ] - Epoch 16: train==[116.05046 = 0.73824 + 0.84864 + 22.12328 + 0.00087 + 0.00000 + 0.59066 + 613.92150]
[ INFO : 2026-07-26 23:07:09,136 ] - Test_@[5, 10, 20, 50]: Recall=[0.01432, 0.02532, 0.03401, 0.06956],  precision=[0.00286, 0.00253, 0.00170, 0.00139], hit=[0.01432, 0.02532, 0.03401, 0.06956], ndcg=[0.01040, 0.01389, 0.01608, 0.02289], Train Rec Loss=[0.04905], Eval Rec Loss=[0.04919], c=[0.50000], F=[0.89689, 0.88703, 0.91428, 0.91764], F_fuse=[0.00571, 0.00505, 0.00339, 0.00278]
[ INFO : 2026-07-26 23:08:37,406 ] - Epoch 17: train==[115.82965 = 0.73307 + 0.84865 + 21.93940 + 0.00092 + 0.00000 + 0.55897 + 613.92064]
[ INFO : 2026-07-26 23:08:44,382 ] - Test_@[5, 10, 20, 50]: Recall=[0.01445, 0.02544, 0.03363, 0.06892],  precision=[0.00289, 0.00254, 0.00168, 0.00138], hit=[0.01445, 0.02544, 0.03363, 0.06892], ndcg=[0.01041, 0.01389, 0.01596, 0.02273], Train Rec Loss=[0.04900], Eval Rec Loss=[0.04910], c=[0.50000], F=[0.89539, 0.88473, 0.91040, 0.91661], F_fuse=[0.00576, 0.00507, 0.00336, 0.00275]
[ INFO : 2026-07-26 23:10:12,930 ] - Epoch 18: train==[115.43165 = 0.72993 + 0.84868 + 21.57593 + 0.00099 + 0.00000 + 0.52755 + 613.92022]
[ INFO : 2026-07-26 23:10:19,812 ] - Test_@[5, 10, 20, 50]: Recall=[0.01432, 0.02519, 0.03350, 0.06879],  precision=[0.00286, 0.00252, 0.00167, 0.00138], hit=[0.01432, 0.02519, 0.03350, 0.06879], ndcg=[0.01038, 0.01383, 0.01594, 0.02271], Train Rec Loss=[0.04894], Eval Rec Loss=[0.04909], c=[0.50000], F=[0.87889, 0.88350, 0.90193, 0.91792], F_fuse=[0.00571, 0.00502, 0.00334, 0.00275]
[ INFO : 2026-07-26 23:11:47,399 ] - Epoch 19: train==[115.29851 = 0.72874 + 0.84865 + 21.47449 + 0.00103 + 0.00000 + 0.49725 + 613.91876]
[ INFO : 2026-07-26 23:11:54,297 ] - Test_@[5, 10, 20, 50]: Recall=[0.01432, 0.02519, 0.03363, 0.06853],  precision=[0.00286, 0.00252, 0.00168, 0.00137], hit=[0.01432, 0.02519, 0.03363, 0.06853], ndcg=[0.01048, 0.01393, 0.01607, 0.02275], Train Rec Loss=[0.04898], Eval Rec Loss=[0.04915], c=[0.50000], F=[0.91374, 0.88485, 0.89608, 0.91620], F_fuse=[0.00571, 0.00502, 0.00336, 0.00274]
[ INFO : 2026-07-26 23:13:23,180 ] - Epoch 20: train==[114.96453 = 0.72414 + 0.84861 + 21.17220 + 0.00109 + 0.00000 + 0.47002 + 613.91945]
[ INFO : 2026-07-26 23:13:30,008 ] - Test_@[5, 10, 20, 50]: Recall=[0.01419, 0.02519, 0.03388, 0.06892],  precision=[0.00284, 0.00252, 0.00169, 0.00138], hit=[0.01419, 0.02519, 0.03388, 0.06892], ndcg=[0.01035, 0.01384, 0.01604, 0.02274], Train Rec Loss=[0.04897], Eval Rec Loss=[0.04910], c=[0.50000], F=[0.90191, 0.88442, 0.89522, 0.91402], F_fuse=[0.00566, 0.00502, 0.00338, 0.00275]
[ INFO : 2026-07-26 23:14:58,384 ] - Epoch 21: train==[114.71983 = 0.71857 + 0.84865 + 20.96115 + 0.00114 + 0.00000 + 0.44194 + 613.91888]
[ INFO : 2026-07-26 23:15:05,321 ] - Test_@[5, 10, 20, 50]: Recall=[0.01419, 0.02544, 0.03414, 0.06879],  precision=[0.00284, 0.00254, 0.00171, 0.00138], hit=[0.01419, 0.02544, 0.03414, 0.06879], ndcg=[0.01032, 0.01388, 0.01606, 0.02268], Train Rec Loss=[0.04891], Eval Rec Loss=[0.04905], c=[0.50000], F=[0.90498, 0.88433, 0.89464, 0.91533], F_fuse=[0.00566, 0.00507, 0.00341, 0.00275]
[ INFO : 2026-07-26 23:16:32,722 ] - Epoch 22: train==[114.56484 = 0.71688 + 0.84860 + 20.83813 + 0.00119 + 0.00000 + 0.41169 + 613.91857]
[ INFO : 2026-07-26 23:16:39,641 ] - Test_@[5, 10, 20, 50]: Recall=[0.01432, 0.02544, 0.03414, 0.06904],  precision=[0.00286, 0.00254, 0.00171, 0.00138], hit=[0.01432, 0.02544, 0.03414, 0.06904], ndcg=[0.01037, 0.01388, 0.01608, 0.02274], Train Rec Loss=[0.04888], Eval Rec Loss=[0.04896], c=[0.50000], F=[0.92499, 0.88732, 0.89125, 0.91285], F_fuse=[0.00571, 0.00507, 0.00341, 0.00276]
[ INFO : 2026-07-26 23:18:07,169 ] - Epoch 23: train==[114.32335 = 0.71361 + 0.84860 + 20.62680 + 0.00125 + 0.00000 + 0.38492 + 613.91740]
[ INFO : 2026-07-26 23:18:15,084 ] - Test_@[5, 10, 20, 50]: Recall=[0.01432, 0.02544, 0.03414, 0.06892],  precision=[0.00286, 0.00254, 0.00171, 0.00138], hit=[0.01432, 0.02544, 0.03414, 0.06892], ndcg=[0.01032, 0.01384, 0.01603, 0.02266], Train Rec Loss=[0.04888], Eval Rec Loss=[0.04898], c=[0.50000], F=[0.91767, 0.88919, 0.89074, 0.91188], F_fuse=[0.00571, 0.00507, 0.00341, 0.00275]
[ INFO : 2026-07-26 23:19:43,200 ] - Epoch 24: train==[114.13566 = 0.71177 + 0.84862 + 20.46707 + 0.00129 + 0.00000 + 0.35838 + 613.91975]
[ INFO : 2026-07-26 23:19:50,124 ] - Test_@[5, 10, 20, 50]: Recall=[0.01458, 0.02519, 0.03427, 0.06917],  precision=[0.00292, 0.00252, 0.00171, 0.00138], hit=[0.01458, 0.02519, 0.03427, 0.06917], ndcg=[0.01046, 0.01382, 0.01611, 0.02276], Train Rec Loss=[0.04893], Eval Rec Loss=[0.04901], c=[0.50000], F=[0.90021, 0.88701, 0.88955, 0.91046], F_fuse=[0.00581, 0.00502, 0.00342, 0.00276]
[ INFO : 2026-07-26 23:21:18,040 ] - Epoch 25: train==[113.98681 = 0.70492 + 0.84858 + 20.34978 + 0.00134 + 0.00000 + 0.33394 + 613.91786]
[ INFO : 2026-07-26 23:21:24,959 ] - Test_@[5, 10, 20, 50]: Recall=[0.01432, 0.02506, 0.03427, 0.06917],  precision=[0.00286, 0.00251, 0.00171, 0.00138], hit=[0.01432, 0.02506, 0.03427, 0.06917], ndcg=[0.01048, 0.01388, 0.01620, 0.02285], Train Rec Loss=[0.04894], Eval Rec Loss=[0.04907], c=[0.50000], F=[0.92090, 0.88869, 0.88965, 0.90972], F_fuse=[0.00571, 0.00500, 0.00342, 0.00276]
[ INFO : 2026-07-26 23:22:55,277 ] - Epoch 26: train==[113.76692 = 0.70303 + 0.84857 + 20.15500 + 0.00139 + 0.00000 + 0.31090 + 613.91637]
[ INFO : 2026-07-26 23:23:02,174 ] - Test_@[5, 10, 20, 50]: Recall=[0.01445, 0.02519, 0.03388, 0.06943],  precision=[0.00289, 0.00252, 0.00169, 0.00139], hit=[0.01445, 0.02519, 0.03388, 0.06943], ndcg=[0.01028, 0.01367, 0.01587, 0.02265], Train Rec Loss=[0.04886], Eval Rec Loss=[0.04902], c=[0.50000], F=[0.83788, 0.88650, 0.89184, 0.90698], F_fuse=[0.00576, 0.00502, 0.00338, 0.00277]
[ INFO : 2026-07-26 23:24:30,160 ] - Epoch 27: train==[113.70115 = 0.69700 + 0.84857 + 20.11955 + 0.00144 + 0.00000 + 0.28638 + 613.91754]
[ INFO : 2026-07-26 23:24:37,072 ] - Test_@[5, 10, 20, 50]: Recall=[0.01458, 0.02519, 0.03414, 0.06956],  precision=[0.00292, 0.00252, 0.00171, 0.00139], hit=[0.01458, 0.02519, 0.03414, 0.06956], ndcg=[0.01030, 0.01366, 0.01591, 0.02266], Train Rec Loss=[0.04889], Eval Rec Loss=[0.04904], c=[0.50000], F=[0.81710, 0.88642, 0.89114, 0.90445], F_fuse=[0.00581, 0.00502, 0.00341, 0.00278]
[ INFO : 2026-07-26 23:26:07,372 ] - Epoch 28: train==[113.51786 = 0.69358 + 0.84855 + 19.96282 + 0.00147 + 0.00000 + 0.26333 + 613.91681]
[ INFO : 2026-07-26 23:26:15,968 ] - Test_@[5, 10, 20, 50]: Recall=[0.01458, 0.02519, 0.03401, 0.06943],  precision=[0.00292, 0.00252, 0.00170, 0.00139], hit=[0.01458, 0.02519, 0.03401, 0.06943], ndcg=[0.01029, 0.01362, 0.01585, 0.02259], Train Rec Loss=[0.04886], Eval Rec Loss=[0.04902], c=[0.50000], F=[0.81988, 0.89054, 0.89242, 0.90444], F_fuse=[0.00581, 0.00502, 0.00339, 0.00277]
[ INFO : 2026-07-26 23:27:44,418 ] - Epoch 29: train==[113.43662 = 0.68960 + 0.84853 + 19.90737 + 0.00151 + 0.00000 + 0.24154 + 613.91654]
[ INFO : 2026-07-26 23:27:51,353 ] - Test_@[5, 10, 20, 50]: Recall=[0.01458, 0.02506, 0.03401, 0.06943],  precision=[0.00292, 0.00251, 0.00170, 0.00139], hit=[0.01458, 0.02506, 0.03401, 0.06943], ndcg=[0.01029, 0.01361, 0.01587, 0.02262], Train Rec Loss=[0.04882], Eval Rec Loss=[0.04900], c=[0.50000], F=[0.80307, 0.88954, 0.88946, 0.90220], F_fuse=[0.00581, 0.00500, 0.00339, 0.00277]
[ INFO : 2026-07-26 23:29:20,575 ] - Epoch 30: train==[113.20540 = 0.68696 + 0.84851 + 19.69810 + 0.00155 + 0.00000 + 0.22227 + 613.91603]
[ INFO : 2026-07-26 23:29:28,473 ] - Test_@[5, 10, 20, 50]: Recall=[0.01458, 0.02532, 0.03401, 0.06968],  precision=[0.00292, 0.00253, 0.00170, 0.00139], hit=[0.01458, 0.02532, 0.03401, 0.06968], ndcg=[0.01022, 0.01362, 0.01582, 0.02261], Train Rec Loss=[0.04873], Eval Rec Loss=[0.04891], c=[0.50000], F=[0.80364, 0.89163, 0.88958, 0.90170], F_fuse=[0.00581, 0.00505, 0.00339, 0.00278]
[ INFO : 2026-07-26 23:30:56,308 ] - Epoch 31: train==[113.09880 = 0.68340 + 0.84853 + 19.61382 + 0.00159 + 0.00000 + 0.20350 + 613.91576]
[ INFO : 2026-07-26 23:31:03,243 ] - Test_@[5, 10, 20, 50]: Recall=[0.01458, 0.02544, 0.03401, 0.06956],  precision=[0.00292, 0.00254, 0.00170, 0.00139], hit=[0.01458, 0.02544, 0.03401, 0.06956], ndcg=[0.01021, 0.01366, 0.01582, 0.02258], Train Rec Loss=[0.04881], Eval Rec Loss=[0.04902], c=[0.50000], F=[0.79150, 0.89054, 0.88772, 0.90007], F_fuse=[0.00581, 0.00507, 0.00339, 0.00278]
[ INFO : 2026-07-26 23:32:31,061 ] - Epoch 32: train==[113.00851 = 0.68036 + 0.84849 + 19.54526 + 0.00163 + 0.00000 + 0.18486 + 613.91538]
[ INFO : 2026-07-26 23:32:38,261 ] - Test_@[5, 10, 20, 50]: Recall=[0.01458, 0.02519, 0.03414, 0.06943],  precision=[0.00292, 0.00252, 0.00171, 0.00139], hit=[0.01458, 0.02519, 0.03414, 0.06943], ndcg=[0.01024, 0.01359, 0.01587, 0.02258], Train Rec Loss=[0.04871], Eval Rec Loss=[0.04891], c=[0.50000], F=[0.81090, 0.89830, 0.88940, 0.89878], F_fuse=[0.00581, 0.00502, 0.00341, 0.00277]
[ INFO : 2026-07-26 23:34:09,892 ] - Epoch 33: train==[112.87400 = 0.67652 + 0.84849 + 19.43232 + 0.00167 + 0.00000 + 0.16695 + 613.91636]
[ INFO : 2026-07-26 23:34:17,074 ] - Test_@[5, 10, 20, 50]: Recall=[0.01458, 0.02519, 0.03414, 0.06956],  precision=[0.00292, 0.00252, 0.00171, 0.00139], hit=[0.01458, 0.02519, 0.03414, 0.06956], ndcg=[0.01010, 0.01347, 0.01574, 0.02248], Train Rec Loss=[0.04878], Eval Rec Loss=[0.04893], c=[0.50000], F=[0.79853, 0.89165, 0.88851, 0.90160], F_fuse=[0.00581, 0.00502, 0.00341, 0.00278]
[ INFO : 2026-07-26 23:35:48,890 ] - Epoch 34: train==[112.82512 = 0.67463 + 0.84847 + 19.40179 + 0.00169 + 0.00000 + 0.15060 + 613.91547]
[ INFO : 2026-07-26 23:35:56,646 ] - Test_@[5, 10, 20, 50]: Recall=[0.01458, 0.02519, 0.03414, 0.06930],  precision=[0.00292, 0.00252, 0.00171, 0.00139], hit=[0.01458, 0.02519, 0.03414, 0.06930], ndcg=[0.01007, 0.01344, 0.01572, 0.02241], Train Rec Loss=[0.04883], Eval Rec Loss=[0.04892], c=[0.50000], F=[0.78216, 0.89317, 0.88482, 0.89853], F_fuse=[0.00581, 0.00502, 0.00341, 0.00277]
[ INFO : 2026-07-26 23:37:28,560 ] - Epoch 35: train==[112.67696 = 0.66736 + 0.84846 + 19.27565 + 0.00174 + 0.00000 + 0.13561 + 613.91686]
[ INFO : 2026-07-26 23:37:37,551 ] - Test_@[5, 10, 20, 50]: Recall=[0.01458, 0.02532, 0.03427, 0.06930],  precision=[0.00292, 0.00253, 0.00171, 0.00139], hit=[0.01458, 0.02532, 0.03427, 0.06930], ndcg=[0.01014, 0.01354, 0.01581, 0.02247], Train Rec Loss=[0.04868], Eval Rec Loss=[0.04888], c=[0.50000], F=[0.81365, 0.89585, 0.88531, 0.89925], F_fuse=[0.00581, 0.00505, 0.00342, 0.00277]
[ INFO : 2026-07-26 23:39:09,561 ] - Epoch 36: train==[112.52297 = 0.67099 + 0.84841 + 19.13392 + 0.00177 + 0.00000 + 0.11952 + 613.91806]
[ INFO : 2026-07-26 23:39:16,749 ] - Test_@[5, 10, 20, 50]: Recall=[0.01445, 0.02493, 0.03401, 0.06956],  precision=[0.00289, 0.00249, 0.00170, 0.00139], hit=[0.01445, 0.02493, 0.03401, 0.06956], ndcg=[0.00989, 0.01323, 0.01555, 0.02232], Train Rec Loss=[0.04869], Eval Rec Loss=[0.04880], c=[0.50000], F=[0.78555, 0.89355, 0.88458, 0.89861], F_fuse=[0.00576, 0.00497, 0.00339, 0.00278]
[ INFO : 2026-07-26 23:40:54,186 ] - Epoch 37: train==[112.43904 = 0.66813 + 0.84838 + 19.06597 + 0.00179 + 0.00000 + 0.10650 + 613.91745]
[ INFO : 2026-07-26 23:41:01,326 ] - Test_@[5, 10, 20, 50]: Recall=[0.01445, 0.02468, 0.03401, 0.06917],  precision=[0.00289, 0.00247, 0.00170, 0.00138], hit=[0.01445, 0.02468, 0.03401, 0.06917], ndcg=[0.00982, 0.01309, 0.01547, 0.02217], Train Rec Loss=[0.04871], Eval Rec Loss=[0.04894], c=[0.50000], F=[0.76794, 0.89368, 0.88493, 0.89985], F_fuse=[0.00576, 0.00492, 0.00339, 0.00276]
[ INFO : 2026-07-26 23:42:34,115 ] - Epoch 38: train==[112.35050 = 0.65958 + 0.84838 + 18.99760 + 0.00182 + 0.00000 + 0.09483 + 613.91755]
[ INFO : 2026-07-26 23:42:43,168 ] - Test_@[5, 10, 20, 50]: Recall=[0.01432, 0.02481, 0.03401, 0.06956],  precision=[0.00286, 0.00248, 0.00170, 0.00139], hit=[0.01432, 0.02481, 0.03401, 0.06956], ndcg=[0.00975, 0.01310, 0.01546, 0.02222], Train Rec Loss=[0.04874], Eval Rec Loss=[0.04876], c=[0.50000], F=[0.77522, 0.88967, 0.88604, 0.89986], F_fuse=[0.00571, 0.00495, 0.00339, 0.00278]
[ INFO : 2026-07-26 23:44:14,197 ] - Epoch 39: train==[112.25772 = 0.65824 + 0.84838 + 18.91804 + 0.00186 + 0.00000 + 0.08280 + 613.91828]
[ INFO : 2026-07-26 23:44:22,199 ] - Test_@[5, 10, 20, 50]: Recall=[0.01419, 0.02493, 0.03401, 0.06968],  precision=[0.00284, 0.00249, 0.00170, 0.00139], hit=[0.01419, 0.02493, 0.03401, 0.06968], ndcg=[0.00966, 0.01309, 0.01541, 0.02221], Train Rec Loss=[0.04861], Eval Rec Loss=[0.04889], c=[0.50000], F=[0.77072, 0.88599, 0.88483, 0.89956], F_fuse=[0.00566, 0.00497, 0.00339, 0.00278]
[ INFO : 2026-07-26 23:45:52,776 ] - Epoch 40: train==[112.16620 = 0.65009 + 0.84834 + 18.84701 + 0.00189 + 0.00000 + 0.07079 + 613.91605]
[ INFO : 2026-07-26 23:45:59,730 ] - Test_@[5, 10, 20, 50]: Recall=[0.01445, 0.02481, 0.03401, 0.06968],  precision=[0.00289, 0.00248, 0.00170, 0.00139], hit=[0.01445, 0.02481, 0.03401, 0.06968], ndcg=[0.00976, 0.01307, 0.01542, 0.02220], Train Rec Loss=[0.04856], Eval Rec Loss=[0.04892], c=[0.50000], F=[0.76726, 0.88514, 0.88644, 0.89921], F_fuse=[0.00576, 0.00495, 0.00339, 0.00278]
[ INFO : 2026-07-26 23:47:31,830 ] - Epoch 41: train==[112.05614 = 0.64830 + 0.84832 + 18.74929 + 0.00192 + 0.00000 + 0.06029 + 613.91566]
[ INFO : 2026-07-26 23:47:40,579 ] - Test_@[5, 10, 20, 50]: Recall=[0.01394, 0.02468, 0.03401, 0.06968],  precision=[0.00279, 0.00247, 0.00170, 0.00139], hit=[0.01394, 0.02468, 0.03401, 0.06968], ndcg=[0.00956, 0.01301, 0.01539, 0.02217], Train Rec Loss=[0.04865], Eval Rec Loss=[0.04879], c=[0.50000], F=[0.78437, 0.88935, 0.88769, 0.89966], F_fuse=[0.00555, 0.00492, 0.00339, 0.00278]
[ INFO : 2026-07-26 23:49:11,664 ] - Epoch 42: train==[112.00329 = 0.64771 + 0.84830 + 18.70723 + 0.00193 + 0.00000 + 0.04981 + 613.91750]
[ INFO : 2026-07-26 23:49:19,087 ] - Test_@[5, 10, 20, 50]: Recall=[0.01458, 0.02455, 0.03388, 0.06968],  precision=[0.00292, 0.00245, 0.00169, 0.00139], hit=[0.01458, 0.02455, 0.03388, 0.06968], ndcg=[0.00979, 0.01298, 0.01536, 0.02217], Train Rec Loss=[0.04867], Eval Rec Loss=[0.04890], c=[0.50000], F=[0.77321, 0.89117, 0.88856, 0.90158], F_fuse=[0.00581, 0.00490, 0.00338, 0.00278]
[ INFO : 2026-07-26 23:50:51,147 ] - Epoch 43: train==[111.87262 = 0.64531 + 0.84828 + 18.58814 + 0.00196 + 0.00000 + 0.04062 + 613.91747]
[ INFO : 2026-07-26 23:50:58,924 ] - Test_@[5, 10, 20, 50]: Recall=[0.01202, 0.02455, 0.03376, 0.06981],  precision=[0.00240, 0.00245, 0.00169, 0.00140], hit=[0.01202, 0.02455, 0.03376, 0.06981], ndcg=[0.00881, 0.01288, 0.01523, 0.02208], Train Rec Loss=[0.04862], Eval Rec Loss=[0.04881], c=[0.50000], F=[0.79245, 0.89024, 0.88926, 0.89953], F_fuse=[0.00479, 0.00490, 0.00337, 0.00279]
[ INFO : 2026-07-26 23:52:30,519 ] - Epoch 44: train==[111.75203 = 0.63993 + 0.84825 + 18.48237 + 0.00199 + 0.00000 + 0.03141 + 613.91583]
[ INFO : 2026-07-26 23:52:37,927 ] - Test_@[5, 10, 20, 50]: Recall=[0.01406, 0.02468, 0.03363, 0.06981],  precision=[0.00281, 0.00247, 0.00168, 0.00140], hit=[0.01406, 0.02468, 0.03363, 0.06981], ndcg=[0.00958, 0.01300, 0.01529, 0.02217], Train Rec Loss=[0.04864], Eval Rec Loss=[0.04873], c=[0.50000], F=[0.78900, 0.88695, 0.88877, 0.90065], F_fuse=[0.00561, 0.00492, 0.00336, 0.00279]
[ INFO : 2026-07-26 23:54:09,010 ] - Epoch 45: train==[111.78523 = 0.64068 + 0.84824 + 18.52369 + 0.00202 + 0.00000 + 0.02251 + 613.91585]
[ INFO : 2026-07-26 23:54:15,981 ] - Test_@[5, 10, 20, 50]: Recall=[0.01394, 0.02442, 0.03363, 0.06943],  precision=[0.00279, 0.00244, 0.00168, 0.00139], hit=[0.01394, 0.02442, 0.03363, 0.06943], ndcg=[0.00954, 0.01292, 0.01527, 0.02208], Train Rec Loss=[0.04858], Eval Rec Loss=[0.04876], c=[0.50000], F=[0.78091, 0.88800, 0.88885, 0.90009], F_fuse=[0.00555, 0.00487, 0.00336, 0.00277]
[ INFO : 2026-07-26 23:55:45,008 ] - Epoch 46: train==[111.55054 = 0.63366 + 0.84819 + 18.30349 + 0.00204 + 0.00000 + 0.01483 + 613.91738]
[ INFO : 2026-07-26 23:55:52,032 ] - Test_@[5, 10, 20, 50]: Recall=[0.01381, 0.02429, 0.03337, 0.06930],  precision=[0.00276, 0.00243, 0.00167, 0.00139], hit=[0.01381, 0.02429, 0.03337, 0.06930], ndcg=[0.00956, 0.01292, 0.01524, 0.02206], Train Rec Loss=[0.04858], Eval Rec Loss=[0.04881], c=[0.50000], F=[0.77318, 0.89118, 0.89328, 0.90327], F_fuse=[0.00550, 0.00485, 0.00333, 0.00277]
[ INFO : 2026-07-26 23:57:19,991 ] - Epoch 47: train==[111.53367 = 0.63031 + 0.84818 + 18.29709 + 0.00206 + 0.00000 + 0.00789 + 613.91611]
[ INFO : 2026-07-26 23:57:26,955 ] - Test_@[5, 10, 20, 50]: Recall=[0.01317, 0.02404, 0.03312, 0.06917],  precision=[0.00263, 0.00240, 0.00166, 0.00138], hit=[0.01317, 0.02404, 0.03312, 0.06917], ndcg=[0.00927, 0.01277, 0.01510, 0.02194], Train Rec Loss=[0.04860], Eval Rec Loss=[0.04880], c=[0.50000], F=[0.76436, 0.89019, 0.89100, 0.90564], F_fuse=[0.00525, 0.00479, 0.00331, 0.00276]
[ INFO : 2026-07-26 23:58:54,595 ] - Epoch 48: train==[111.36589 = 0.63184 + 0.84816 + 18.13153 + 0.00209 + 0.00000 + 0.00394 + 613.91726]
[ INFO : 2026-07-26 23:59:01,508 ] - Test_@[5, 10, 20, 50]: Recall=[0.01202, 0.02404, 0.03312, 0.06828],  precision=[0.00240, 0.00240, 0.00166, 0.00137], hit=[0.01202, 0.02404, 0.03312, 0.06828], ndcg=[0.00872, 0.01262, 0.01494, 0.02159], Train Rec Loss=[0.04854], Eval Rec Loss=[0.04880], c=[0.50000], F=[0.77005, 0.89018, 0.89083, 0.90814], F_fuse=[0.00479, 0.00479, 0.00331, 0.00273]
[ INFO : 2026-07-27 00:00:31,440 ] - Epoch 49: train==[111.34468 = 0.62501 + 0.84814 + 18.11864 + 0.00210 + 0.00000 + 0.00211 + 613.91951]
[ INFO : 2026-07-27 00:00:39,474 ] - Test_@[5, 10, 20, 50]: Recall=[0.01138, 0.02353, 0.03260, 0.06725],  precision=[0.00228, 0.00235, 0.00163, 0.00135], hit=[0.01138, 0.02353, 0.03260, 0.06725], ndcg=[0.00843, 0.01239, 0.01472, 0.02129], Train Rec Loss=[0.04857], Eval Rec Loss=[0.04873], c=[0.50000], F=[0.77478, 0.89950, 0.88905, 0.91064], F_fuse=[0.00454, 0.00469, 0.00325, 0.00269]
[ INFO : 2026-07-27 00:02:07,378 ] - Epoch 50: train==[111.11727 = 0.62395 + 0.84809 + 17.89305 + 0.00211 + 0.00000 + 0.00136 + 613.91966]
[ INFO : 2026-07-27 00:02:14,303 ] - Test_@[5, 10, 20, 50]: Recall=[0.01061, 0.02353, 0.03235, 0.06725],  precision=[0.00212, 0.00235, 0.00162, 0.00135], hit=[0.01061, 0.02353, 0.03235, 0.06725], ndcg=[0.00806, 0.01226, 0.01451, 0.02113], Train Rec Loss=[0.04853], Eval Rec Loss=[0.04874], c=[0.50000], F=[0.78504, 0.89211, 0.88977, 0.91437], F_fuse=[0.00423, 0.00469, 0.00323, 0.00269]
[ INFO : 2026-07-27 00:03:41,926 ] - Epoch 51: train==[110.99973 = 0.61668 + 0.84806 + 17.78293 + 0.00214 + 0.00000 + 0.00106 + 613.92052]
[ INFO : 2026-07-27 00:03:48,810 ] - Test_@[5, 10, 20, 50]: Recall=[0.01112, 0.02301, 0.03235, 0.06764],  precision=[0.00222, 0.00230, 0.00162, 0.00135], hit=[0.01112, 0.02301, 0.03235, 0.06764], ndcg=[0.00826, 0.01213, 0.01452, 0.02120], Train Rec Loss=[0.04856], Eval Rec Loss=[0.04880], c=[0.50000], F=[0.78421, 0.89462, 0.89356, 0.91607], F_fuse=[0.00444, 0.00459, 0.00323, 0.00270]
[ INFO : 2026-07-27 00:05:16,781 ] - Epoch 52: train==[111.00649 = 0.61410 + 0.84805 + 17.79214 + 0.00216 + 0.00000 + 0.00088 + 613.92258]
[ INFO : 2026-07-27 00:05:23,712 ] - Test_@[5, 10, 20, 50]: Recall=[0.01074, 0.02276, 0.03222, 0.06636],  precision=[0.00215, 0.00228, 0.00161, 0.00133], hit=[0.01074, 0.02276, 0.03222, 0.06636], ndcg=[0.00814, 0.01202, 0.01444, 0.02090], Train Rec Loss=[0.04850], Eval Rec Loss=[0.04871], c=[0.50000], F=[0.83887, 0.89595, 0.89294, 0.92052], F_fuse=[0.00429, 0.00454, 0.00322, 0.00265]
[ INFO : 2026-07-27 00:06:52,059 ] - Epoch 53: train==[110.82986 = 0.61735 + 0.84799 + 17.61241 + 0.00219 + 0.00000 + 0.00079 + 613.92210]
[ INFO : 2026-07-27 00:06:59,089 ] - Test_@[5, 10, 20, 50]: Recall=[0.01240, 0.02263, 0.03209, 0.06610],  precision=[0.00248, 0.00226, 0.00160, 0.00132], hit=[0.01240, 0.02263, 0.03209, 0.06610], ndcg=[0.00878, 0.01206, 0.01448, 0.02092], Train Rec Loss=[0.04865], Eval Rec Loss=[0.04868], c=[0.50000], F=[0.78641, 0.88983, 0.89318, 0.91942], F_fuse=[0.00495, 0.00451, 0.00320, 0.00264]
[ INFO : 2026-07-27 00:08:26,837 ] - Epoch 54: train==[110.76746 = 0.61062 + 0.84799 + 17.55680 + 0.00220 + 0.00000 + 0.00073 + 613.92201]
[ INFO : 2026-07-27 00:08:33,697 ] - Test_@[5, 10, 20, 50]: Recall=[0.01240, 0.02199, 0.03197, 0.06572],  precision=[0.00248, 0.00220, 0.00160, 0.00131], hit=[0.01240, 0.02199, 0.03197, 0.06572], ndcg=[0.00878, 0.01190, 0.01445, 0.02084], Train Rec Loss=[0.04854], Eval Rec Loss=[0.04865], c=[0.50000], F=[0.77487, 0.88863, 0.89298, 0.92270], F_fuse=[0.00495, 0.00439, 0.00319, 0.00263]
[ INFO : 2026-07-27 00:10:02,878 ] - Epoch 55: train==[110.68012 = 0.60593 + 0.84794 + 17.47399 + 0.00222 + 0.00000 + 0.00068 + 613.92352]
[ INFO : 2026-07-27 00:10:09,745 ] - Test_@[5, 10, 20, 50]: Recall=[0.01164, 0.02174, 0.03133, 0.06585],  precision=[0.00233, 0.00217, 0.00157, 0.00132], hit=[0.01164, 0.02174, 0.03133, 0.06585], ndcg=[0.00845, 0.01172, 0.01416, 0.02071], Train Rec Loss=[0.04842], Eval Rec Loss=[0.04871], c=[0.50000], F=[0.80141, 0.89069, 0.89228, 0.92309], F_fuse=[0.00464, 0.00434, 0.00313, 0.00263]
[ INFO : 2026-07-27 00:11:36,965 ] - Epoch 56: train==[110.73579 = 0.60483 + 0.84792 + 17.53104 + 0.00224 + 0.00000 + 0.00063 + 613.92194]
[ INFO : 2026-07-27 00:11:43,890 ] - Test_@[5, 10, 20, 50]: Recall=[0.01125, 0.02148, 0.03094, 0.06546],  precision=[0.00225, 0.00215, 0.00155, 0.00131], hit=[0.01125, 0.02148, 0.03094, 0.06546], ndcg=[0.00822, 0.01156, 0.01398, 0.02055], Train Rec Loss=[0.04841], Eval Rec Loss=[0.04863], c=[0.50000], F=[0.79034, 0.89547, 0.89156, 0.92216], F_fuse=[0.00449, 0.00429, 0.00309, 0.00261]
[ INFO : 2026-07-27 00:13:11,138 ] - Epoch 57: train==[110.52594 = 0.60599 + 0.84787 + 17.31972 + 0.00227 + 0.00000 + 0.00059 + 613.92429]
[ INFO : 2026-07-27 00:13:18,083 ] - Test_@[5, 10, 20, 50]: Recall=[0.01176, 0.02199, 0.03184, 0.06457],  precision=[0.00235, 0.00220, 0.00159, 0.00129], hit=[0.01176, 0.02199, 0.03184, 0.06457], ndcg=[0.00847, 0.01178, 0.01430, 0.02049], Train Rec Loss=[0.04852], Eval Rec Loss=[0.04860], c=[0.50000], F=[0.80633, 0.89445, 0.89539, 0.92555], F_fuse=[0.00469, 0.00439, 0.00318, 0.00258]
[ INFO : 2026-07-27 00:14:45,741 ] - Epoch 58: train==[110.51888 = 0.60244 + 0.84787 + 17.31645 + 0.00227 + 0.00000 + 0.00055 + 613.92300]
[ INFO : 2026-07-27 00:14:52,587 ] - Test_@[5, 10, 20, 50]: Recall=[0.01253, 0.02212, 0.03171, 0.06470],  precision=[0.00251, 0.00221, 0.00159, 0.00129], hit=[0.01253, 0.02212, 0.03171, 0.06470], ndcg=[0.00877, 0.01188, 0.01432, 0.02056], Train Rec Loss=[0.04848], Eval Rec Loss=[0.04858], c=[0.50000], F=[0.78248, 0.89287, 0.89165, 0.92438], F_fuse=[0.00500, 0.00441, 0.00317, 0.00258]
[ INFO : 2026-07-27 00:16:20,491 ] - Epoch 59: train==[110.43054 = 0.59839 + 0.84780 + 17.23204 + 0.00230 + 0.00000 + 0.00053 + 613.92400]
[ INFO : 2026-07-27 00:16:27,511 ] - Test_@[5, 10, 20, 50]: Recall=[0.01138, 0.02135, 0.03171, 0.06406],  precision=[0.00228, 0.00214, 0.00159, 0.00128], hit=[0.01138, 0.02135, 0.03171, 0.06406], ndcg=[0.00826, 0.01149, 0.01414, 0.02026], Train Rec Loss=[0.04846], Eval Rec Loss=[0.04862], c=[0.50000], F=[0.79866, 0.89004, 0.89258, 0.92583], F_fuse=[0.00454, 0.00426, 0.00317, 0.00256]
[ INFO : 2026-07-27 00:17:54,624 ] - Epoch 60: train==[110.40545 = 0.59341 + 0.84781 + 17.21188 + 0.00230 + 0.00000 + 0.00050 + 613.92445]
[ INFO : 2026-07-27 00:18:02,523 ] - Test_@[5, 10, 20, 50]: Recall=[0.01215, 0.02097, 0.03133, 0.06380],  precision=[0.00243, 0.00210, 0.00157, 0.00128], hit=[0.01215, 0.02097, 0.03133, 0.06380], ndcg=[0.00850, 0.01129, 0.01394, 0.02010], Train Rec Loss=[0.04847], Eval Rec Loss=[0.04848], c=[0.50000], F=[0.79703, 0.88790, 0.89287, 0.92680], F_fuse=[0.00484, 0.00418, 0.00313, 0.00255]
[ INFO : 2026-07-27 00:19:30,637 ] - Epoch 61: train==[110.32339 = 0.59082 + 0.84772 + 17.13236 + 0.00232 + 0.00000 + 0.00046 + 613.92535]
[ INFO : 2026-07-27 00:19:37,558 ] - Test_@[5, 10, 20, 50]: Recall=[0.01240, 0.02186, 0.03145, 0.06367],  precision=[0.00248, 0.00219, 0.00157, 0.00127], hit=[0.01240, 0.02186, 0.03145, 0.06367], ndcg=[0.00860, 0.01164, 0.01410, 0.02021], Train Rec Loss=[0.04844], Eval Rec Loss=[0.04860], c=[0.50000], F=[0.80879, 0.88949, 0.88829, 0.92669], F_fuse=[0.00495, 0.00436, 0.00314, 0.00254]
[ INFO : 2026-07-27 00:21:04,791 ] - Epoch 62: train==[110.16114 = 0.58948 + 0.84768 + 16.97123 + 0.00234 + 0.00000 + 0.00044 + 613.92695]
[ INFO : 2026-07-27 00:21:11,654 ] - Test_@[5, 10, 20, 50]: Recall=[0.01061, 0.02122, 0.03081, 0.06329],  precision=[0.00212, 0.00212, 0.00154, 0.00127], hit=[0.01061, 0.02122, 0.03081, 0.06329], ndcg=[0.00789, 0.01132, 0.01378, 0.01994], Train Rec Loss=[0.04840], Eval Rec Loss=[0.04858], c=[0.50000], F=[0.82474, 0.89109, 0.88658, 0.92778], F_fuse=[0.00423, 0.00423, 0.00308, 0.00253]
[ INFO : 2026-07-27 00:22:38,466 ] - Epoch 63: train==[110.18117 = 0.58946 + 0.84763 + 16.99170 + 0.00234 + 0.00000 + 0.00042 + 613.92443]
[ INFO : 2026-07-27 00:22:45,411 ] - Test_@[5, 10, 20, 50]: Recall=[0.01087, 0.02122, 0.03120, 0.06278],  precision=[0.00217, 0.00212, 0.00156, 0.00126], hit=[0.01087, 0.02122, 0.03120, 0.06278], ndcg=[0.00795, 0.01128, 0.01383, 0.01983], Train Rec Loss=[0.04840], Eval Rec Loss=[0.04851], c=[0.50000], F=[0.85882, 0.89750, 0.88802, 0.92739], F_fuse=[0.00434, 0.00423, 0.00311, 0.00251]
[ INFO : 2026-07-27 00:24:12,475 ] - Epoch 64: train==[110.06405 = 0.58615 + 0.84758 + 16.87781 + 0.00237 + 0.00000 + 0.00041 + 613.92511]
[ INFO : 2026-07-27 00:24:19,638 ] - Test_@[5, 10, 20, 50]: Recall=[0.01138, 0.02097, 0.02992, 0.06304],  precision=[0.00228, 0.00210, 0.00150, 0.00126], hit=[0.01138, 0.02097, 0.02992, 0.06304], ndcg=[0.00814, 0.01120, 0.01349, 0.01980], Train Rec Loss=[0.04843], Eval Rec Loss=[0.04863], c=[0.50000], F=[0.80003, 0.89119, 0.89421, 0.92862], F_fuse=[0.00454, 0.00418, 0.00299, 0.00252]
[ INFO : 2026-07-27 00:25:49,140 ] - Epoch 65: train==[110.00117 = 0.58154 + 0.84753 + 16.81959 + 0.00236 + 0.00000 + 0.00038 + 613.92513]
[ INFO : 2026-07-27 00:25:57,105 ] - Test_@[5, 10, 20, 50]: Recall=[0.01138, 0.02097, 0.03005, 0.06304],  precision=[0.00228, 0.00210, 0.00150, 0.00126], hit=[0.01138, 0.02097, 0.03005, 0.06304], ndcg=[0.00814, 0.01122, 0.01355, 0.01984], Train Rec Loss=[0.04842], Eval Rec Loss=[0.04853], c=[0.50000], F=[0.81768, 0.89366, 0.89124, 0.92611], F_fuse=[0.00454, 0.00418, 0.00300, 0.00252]
[ INFO : 2026-07-27 00:27:27,566 ] - Epoch 66: train==[109.89610 = 0.57852 + 0.84751 + 16.71773 + 0.00241 + 0.00000 + 0.00037 + 613.92367]
[ INFO : 2026-07-27 00:27:35,424 ] - Test_@[5, 10, 20, 50]: Recall=[0.01112, 0.02084, 0.02992, 0.06291],  precision=[0.00222, 0.00208, 0.00150, 0.00126], hit=[0.01112, 0.02084, 0.02992, 0.06291], ndcg=[0.00805, 0.01120, 0.01353, 0.01983], Train Rec Loss=[0.04839], Eval Rec Loss=[0.04849], c=[0.50000], F=[0.80534, 0.89349, 0.89667, 0.92661], F_fuse=[0.00444, 0.00416, 0.00299, 0.00251]
[ INFO : 2026-07-27 00:29:04,423 ] - Epoch 67: train==[109.75019 = 0.57530 + 0.84746 + 16.57517 + 0.00243 + 0.00000 + 0.00037 + 613.92294]
[ INFO : 2026-07-27 00:29:11,480 ] - Test_@[5, 10, 20, 50]: Recall=[0.01164, 0.02097, 0.03005, 0.06291],  precision=[0.00233, 0.00210, 0.00150, 0.00126], hit=[0.01164, 0.02097, 0.03005, 0.06291], ndcg=[0.00821, 0.01120, 0.01352, 0.01978], Train Rec Loss=[0.04834], Eval Rec Loss=[0.04859], c=[0.50000], F=[0.80252, 0.89378, 0.89523, 0.92771], F_fuse=[0.00464, 0.00418, 0.00300, 0.00251]
[ INFO : 2026-07-27 00:30:40,750 ] - Epoch 68: train==[109.75842 = 0.57375 + 0.84742 + 16.58513 + 0.00243 + 0.00000 + 0.00035 + 613.92203]
[ INFO : 2026-07-27 00:30:47,710 ] - Test_@[5, 10, 20, 50]: Recall=[0.01061, 0.02007, 0.02928, 0.06227],  precision=[0.00212, 0.00201, 0.00146, 0.00125], hit=[0.01061, 0.02007, 0.02928, 0.06227], ndcg=[0.00781, 0.01080, 0.01317, 0.01947], Train Rec Loss=[0.04837], Eval Rec Loss=[0.04854], c=[0.50000], F=[0.81135, 0.90088, 0.89725, 0.92845], F_fuse=[0.00423, 0.00401, 0.00292, 0.00249]
[ INFO : 2026-07-27 00:32:15,049 ] - Epoch 69: train==[109.71532 = 0.56958 + 0.84732 + 16.54584 + 0.00244 + 0.00000 + 0.00033 + 613.92488]
[ INFO : 2026-07-27 00:32:22,037 ] - Test_@[5, 10, 20, 50]: Recall=[0.01112, 0.02097, 0.02954, 0.06227],  precision=[0.00222, 0.00210, 0.00148, 0.00125], hit=[0.01112, 0.02097, 0.02954, 0.06227], ndcg=[0.00805, 0.01119, 0.01337, 0.01962], Train Rec Loss=[0.04841], Eval Rec Loss=[0.04853], c=[0.50000], F=[0.81595, 0.90013, 0.89073, 0.92823], F_fuse=[0.00444, 0.00418, 0.00295, 0.00249]
[ INFO : 2026-07-27 00:33:52,867 ] - Epoch 70: train==[109.65277 = 0.57174 + 0.84725 + 16.48149 + 0.00246 + 0.00000 + 0.00033 + 613.92267]
[ INFO : 2026-07-27 00:34:00,640 ] - Test_@[5, 10, 20, 50]: Recall=[0.01112, 0.02174, 0.02941, 0.06188],  precision=[0.00222, 0.00217, 0.00147, 0.00124], hit=[0.01112, 0.02174, 0.02941, 0.06188], ndcg=[0.00806, 0.01144, 0.01340, 0.01961], Train Rec Loss=[0.04841], Eval Rec Loss=[0.04853], c=[0.50000], F=[0.80141, 0.89489, 0.89291, 0.92853], F_fuse=[0.00444, 0.00434, 0.00294, 0.00247]
[ INFO : 2026-07-27 00:35:30,638 ] - Epoch 71: train==[109.50731 = 0.57671 + 0.84717 + 16.33036 + 0.00248 + 0.00000 + 0.00032 + 613.92756]
[ INFO : 2026-07-27 00:35:37,801 ] - Test_@[5, 10, 20, 50]: Recall=[0.01010, 0.01905, 0.02902, 0.06163],  precision=[0.00202, 0.00191, 0.00145, 0.00123], hit=[0.01010, 0.01905, 0.02902, 0.06163], ndcg=[0.00761, 0.01049, 0.01305, 0.01927], Train Rec Loss=[0.04839], Eval Rec Loss=[0.04847], c=[0.50000], F=[0.81349, 0.90359, 0.89134, 0.92762], F_fuse=[0.00403, 0.00380, 0.00290, 0.00246]
[ INFO : 2026-07-27 00:37:06,903 ] - Epoch 72: train==[109.43399 = 0.56851 + 0.84707 + 16.26543 + 0.00248 + 0.00000 + 0.00032 + 613.92666]
[ INFO : 2026-07-27 00:37:14,178 ] - Test_@[5, 10, 20, 50]: Recall=[0.01074, 0.02110, 0.02928, 0.06150],  precision=[0.00215, 0.00211, 0.00146, 0.00123], hit=[0.01074, 0.02110, 0.02928, 0.06150], ndcg=[0.00785, 0.01118, 0.01327, 0.01942], Train Rec Loss=[0.04839], Eval Rec Loss=[0.04853], c=[0.50000], F=[0.80898, 0.90133, 0.88965, 0.92993], F_fuse=[0.00428, 0.00421, 0.00292, 0.00246]
[ INFO : 2026-07-27 00:38:44,705 ] - Epoch 73: train==[109.35173 = 0.56525 + 0.84702 + 16.18654 + 0.00251 + 0.00000 + 0.00030 + 613.92604]
[ INFO : 2026-07-27 00:38:52,480 ] - Test_@[5, 10, 20, 50]: Recall=[0.01112, 0.02110, 0.02954, 0.05997],  precision=[0.00222, 0.00211, 0.00148, 0.00120], hit=[0.01112, 0.02110, 0.02954, 0.05997], ndcg=[0.00802, 0.01124, 0.01340, 0.01921], Train Rec Loss=[0.04835], Eval Rec Loss=[0.04848], c=[0.50000], F=[0.83731, 0.90422, 0.88901, 0.93017], F_fuse=[0.00444, 0.00421, 0.00295, 0.00240]
[ INFO : 2026-07-27 00:40:23,746 ] - Epoch 74: train==[109.37699 = 0.56144 + 0.84704 + 16.21558 + 0.00252 + 0.00000 + 0.00029 + 613.92613]
[ INFO : 2026-07-27 00:40:30,715 ] - Test_@[5, 10, 20, 50]: Recall=[0.01087, 0.02033, 0.02902, 0.06009],  precision=[0.00217, 0.00203, 0.00145, 0.00120], hit=[0.01087, 0.02033, 0.02902, 0.06009], ndcg=[0.00793, 0.01096, 0.01320, 0.01915], Train Rec Loss=[0.04838], Eval Rec Loss=[0.04852], c=[0.50000], F=[0.81886, 0.90392, 0.89494, 0.93101], F_fuse=[0.00434, 0.00406, 0.00290, 0.00240]
[ INFO : 2026-07-27 00:41:58,842 ] - Epoch 75: train==[109.17588 = 0.56006 + 0.84692 + 16.01563 + 0.00256 + 0.00000 + 0.00030 + 613.92780]
[ INFO : 2026-07-27 00:42:05,695 ] - Test_@[5, 10, 20, 50]: Recall=[0.01074, 0.01931, 0.02877, 0.06022],  precision=[0.00215, 0.00193, 0.00144, 0.00120], hit=[0.01074, 0.01931, 0.02877, 0.06022], ndcg=[0.00784, 0.01059, 0.01300, 0.01901], Train Rec Loss=[0.04836], Eval Rec Loss=[0.04845], c=[0.50000], F=[0.81068, 0.90287, 0.89801, 0.93034], F_fuse=[0.00428, 0.00385, 0.00287, 0.00241]
[ INFO : 2026-07-27 00:43:33,455 ] - Epoch 76: train==[109.10247 = 0.55644 + 0.84685 + 15.94644 + 0.00255 + 0.00000 + 0.00029 + 613.92423]
[ INFO : 2026-07-27 00:43:40,537 ] - Test_@[5, 10, 20, 50]: Recall=[0.01010, 0.01854, 0.02851, 0.05933],  precision=[0.00202, 0.00185, 0.00143, 0.00119], hit=[0.01010, 0.01854, 0.02851, 0.05933], ndcg=[0.00766, 0.01037, 0.01293, 0.01882], Train Rec Loss=[0.04825], Eval Rec Loss=[0.04855], c=[0.50000], F=[0.81630, 0.90350, 0.89600, 0.93311], F_fuse=[0.00403, 0.00370, 0.00285, 0.00237]
[ INFO : 2026-07-27 00:45:08,076 ] - Epoch 77: train==[109.06980 = 0.55047 + 0.84675 + 15.91993 + 0.00257 + 0.00000 + 0.00029 + 613.92328]
[ INFO : 2026-07-27 00:45:15,073 ] - Test_@[5, 10, 20, 50]: Recall=[0.01036, 0.01854, 0.02839, 0.05907],  precision=[0.00207, 0.00185, 0.00142, 0.00118], hit=[0.01036, 0.01854, 0.02839, 0.05907], ndcg=[0.00768, 0.01030, 0.01281, 0.01868], Train Rec Loss=[0.04838], Eval Rec Loss=[0.04844], c=[0.50000], F=[0.81359, 0.90265, 0.89686, 0.93238], F_fuse=[0.00413, 0.00370, 0.00283, 0.00236]
[ INFO : 2026-07-27 00:46:43,182 ] - Epoch 78: train==[108.95193 = 0.55289 + 0.84666 + 15.79948 + 0.00260 + 0.00000 + 0.00028 + 613.92455]
[ INFO : 2026-07-27 00:46:50,198 ] - Test_@[5, 10, 20, 50]: Recall=[0.00997, 0.01764, 0.02762, 0.05856],  precision=[0.00199, 0.00176, 0.00138, 0.00117], hit=[0.00997, 0.01764, 0.02762, 0.05856], ndcg=[0.00761, 0.01008, 0.01261, 0.01855], Train Rec Loss=[0.04826], Eval Rec Loss=[0.04841], c=[0.50000], F=[0.81116, 0.90374, 0.89519, 0.93348], F_fuse=[0.00398, 0.00352, 0.00276, 0.00234]
[ INFO : 2026-07-27 00:48:17,530 ] - Epoch 79: train==[108.94327 = 0.55300 + 0.84661 + 15.79098 + 0.00260 + 0.00000 + 0.00028 + 613.92299]
[ INFO : 2026-07-27 00:48:24,454 ] - Test_@[5, 10, 20, 50]: Recall=[0.01048, 0.01905, 0.02813, 0.05933],  precision=[0.00210, 0.00191, 0.00141, 0.00119], hit=[0.01048, 0.01905, 0.02813, 0.05933], ndcg=[0.00787, 0.01060, 0.01291, 0.01888], Train Rec Loss=[0.04826], Eval Rec Loss=[0.04840], c=[0.50000], F=[0.82992, 0.90524, 0.89576, 0.93364], F_fuse=[0.00418, 0.00380, 0.00281, 0.00237]
[ INFO : 2026-07-27 00:49:51,759 ] - Epoch 80: train==[108.82022 = 0.54455 + 0.84654 + 15.67600 + 0.00264 + 0.00000 + 0.00028 + 613.92557]
[ INFO : 2026-07-27 00:49:58,738 ] - Test_@[5, 10, 20, 50]: Recall=[0.01100, 0.01931, 0.02851, 0.05894],  precision=[0.00220, 0.00193, 0.00143, 0.00118], hit=[0.01100, 0.01931, 0.02851, 0.05894], ndcg=[0.00793, 0.01056, 0.01291, 0.01874], Train Rec Loss=[0.04832], Eval Rec Loss=[0.04837], c=[0.50000], F=[0.81899, 0.90495, 0.89646, 0.93355], F_fuse=[0.00439, 0.00385, 0.00285, 0.00235]
[ INFO : 2026-07-27 00:51:27,077 ] - Epoch 81: train==[108.76254 = 0.54306 + 0.84639 + 15.61966 + 0.00263 + 0.00000 + 0.00027 + 613.92728]
[ INFO : 2026-07-27 00:51:34,036 ] - Test_@[5, 10, 20, 50]: Recall=[0.01048, 0.01892, 0.02800, 0.05920],  precision=[0.00210, 0.00189, 0.00140, 0.00118], hit=[0.01048, 0.01892, 0.02800, 0.05920], ndcg=[0.00774, 0.01044, 0.01277, 0.01875], Train Rec Loss=[0.04826], Eval Rec Loss=[0.04850], c=[0.50000], F=[0.82877, 0.90621, 0.89508, 0.93432], F_fuse=[0.00418, 0.00378, 0.00280, 0.00236]
[ INFO : 2026-07-27 00:53:01,832 ] - Epoch 82: train==[108.65702 = 0.54393 + 0.84632 + 15.51409 + 0.00266 + 0.00000 + 0.00027 + 613.92179]
[ INFO : 2026-07-27 00:53:08,753 ] - Test_@[5, 10, 20, 50]: Recall=[0.01023, 0.01841, 0.02800, 0.05946],  precision=[0.00205, 0.00184, 0.00140, 0.00119], hit=[0.01023, 0.01841, 0.02800, 0.05946], ndcg=[0.00754, 0.01017, 0.01259, 0.01861], Train Rec Loss=[0.04843], Eval Rec Loss=[0.04846], c=[0.50000], F=[0.81905, 0.90356, 0.89390, 0.93550], F_fuse=[0.00408, 0.00367, 0.00280, 0.00238]
[ INFO : 2026-07-27 00:54:36,499 ] - Epoch 83: train==[108.61834 = 0.54177 + 0.84623 + 15.47769 + 0.00268 + 0.00000 + 0.00026 + 613.92138]
[ INFO : 2026-07-27 00:54:43,455 ] - Test_@[5, 10, 20, 50]: Recall=[0.00997, 0.01892, 0.02813, 0.05805],  precision=[0.00199, 0.00189, 0.00141, 0.00116], hit=[0.00997, 0.01892, 0.02813, 0.05805], ndcg=[0.00754, 0.01039, 0.01274, 0.01848], Train Rec Loss=[0.04831], Eval Rec Loss=[0.04843], c=[0.50000], F=[0.82912, 0.90553, 0.89004, 0.93585], F_fuse=[0.00398, 0.00378, 0.00281, 0.00232]
[ INFO : 2026-07-27 00:56:12,878 ] - Epoch 84: train==[108.62750 = 0.53780 + 0.84608 + 15.49066 + 0.00268 + 0.00000 + 0.00026 + 613.92293]
[ INFO : 2026-07-27 00:56:19,827 ] - Test_@[5, 10, 20, 50]: Recall=[0.00985, 0.01726, 0.02723, 0.05779],  precision=[0.00197, 0.00173, 0.00136, 0.00116], hit=[0.00985, 0.01726, 0.02723, 0.05779], ndcg=[0.00733, 0.00971, 0.01225, 0.01812], Train Rec Loss=[0.04830], Eval Rec Loss=[0.04852], c=[0.50000], F=[0.82084, 0.90248, 0.89229, 0.93762], F_fuse=[0.00393, 0.00345, 0.00272, 0.00231]
[ INFO : 2026-07-27 00:57:48,634 ] - Epoch 85: train==[108.58028 = 0.53503 + 0.84596 + 15.44629 + 0.00269 + 0.00000 + 0.00026 + 613.92285]
[ INFO : 2026-07-27 00:57:55,618 ] - Test_@[5, 10, 20, 50]: Recall=[0.00997, 0.01739, 0.02762, 0.05894],  precision=[0.00199, 0.00174, 0.00138, 0.00118], hit=[0.00997, 0.01739, 0.02762, 0.05894], ndcg=[0.00734, 0.00970, 0.01226, 0.01826], Train Rec Loss=[0.04828], Eval Rec Loss=[0.04849], c=[0.50000], F=[0.82526, 0.90062, 0.89321, 0.93825], F_fuse=[0.00398, 0.00347, 0.00276, 0.00235]
[ INFO : 2026-07-27 00:59:23,848 ] - Epoch 86: train==[108.50596 = 0.53545 + 0.84588 + 15.37155 + 0.00272 + 0.00000 + 0.00026 + 613.92307]
[ INFO : 2026-07-27 00:59:30,806 ] - Test_@[5, 10, 20, 50]: Recall=[0.00985, 0.01918, 0.02749, 0.05805],  precision=[0.00197, 0.00192, 0.00137, 0.00116], hit=[0.00985, 0.01918, 0.02749, 0.05805], ndcg=[0.00719, 0.01018, 0.01228, 0.01813], Train Rec Loss=[0.04836], Eval Rec Loss=[0.04851], c=[0.50000], F=[0.83363, 0.90290, 0.89300, 0.93827], F_fuse=[0.00393, 0.00383, 0.00274, 0.00232]
[ INFO : 2026-07-27 01:01:00,636 ] - Epoch 87: train==[108.42427 = 0.53026 + 0.84576 + 15.29491 + 0.00274 + 0.00000 + 0.00025 + 613.92432]
[ INFO : 2026-07-27 01:01:07,691 ] - Test_@[5, 10, 20, 50]: Recall=[0.01048, 0.01867, 0.02826, 0.05830],  precision=[0.00210, 0.00187, 0.00141, 0.00117], hit=[0.01048, 0.01867, 0.02826, 0.05830], ndcg=[0.00761, 0.01024, 0.01267, 0.01843], Train Rec Loss=[0.04835], Eval Rec Loss=[0.04845], c=[0.50000], F=[0.82577, 0.90373, 0.89304, 0.94027], F_fuse=[0.00418, 0.00373, 0.00282, 0.00233]
[ INFO : 2026-07-27 01:02:36,369 ] - Epoch 88: train==[108.38863 = 0.53122 + 0.84565 + 15.25896 + 0.00273 + 0.00000 + 0.00025 + 613.92049]
[ INFO : 2026-07-27 01:02:43,427 ] - Test_@[5, 10, 20, 50]: Recall=[0.00946, 0.01803, 0.02685, 0.05754],  precision=[0.00189, 0.00180, 0.00134, 0.00115], hit=[0.00946, 0.01803, 0.02685, 0.05754], ndcg=[0.00721, 0.00994, 0.01218, 0.01808], Train Rec Loss=[0.04829], Eval Rec Loss=[0.04843], c=[0.50000], F=[0.82660, 0.90585, 0.89245, 0.94060], F_fuse=[0.00378, 0.00360, 0.00268, 0.00230]
[ INFO : 2026-07-27 01:04:11,228 ] - Epoch 89: train==[108.29181 = 0.52934 + 0.84549 + 15.16378 + 0.00275 + 0.00000 + 0.00025 + 613.92262]
[ INFO : 2026-07-27 01:04:18,304 ] - Test_@[5, 10, 20, 50]: Recall=[0.00959, 0.01828, 0.02711, 0.05703],  precision=[0.00192, 0.00183, 0.00136, 0.00114], hit=[0.00959, 0.01828, 0.02711, 0.05703], ndcg=[0.00725, 0.01006, 0.01230, 0.01804], Train Rec Loss=[0.04826], Eval Rec Loss=[0.04852], c=[0.50000], F=[0.83609, 0.90626, 0.89204, 0.94190], F_fuse=[0.00383, 0.00365, 0.00271, 0.00228]
[ INFO : 2026-07-27 01:05:46,290 ] - Epoch 90: train==[108.24901 = 0.52323 + 0.84529 + 15.12702 + 0.00276 + 0.00000 + 0.00025 + 613.92377]
[ INFO : 2026-07-27 01:05:53,200 ] - Test_@[5, 10, 20, 50]: Recall=[0.00921, 0.01790, 0.02775, 0.05741],  precision=[0.00184, 0.00179, 0.00139, 0.00115], hit=[0.00921, 0.01790, 0.02775, 0.05741], ndcg=[0.00709, 0.00990, 0.01240, 0.01808], Train Rec Loss=[0.04829], Eval Rec Loss=[0.04845], c=[0.50000], F=[0.81762, 0.90465, 0.89547, 0.94342], F_fuse=[0.00367, 0.00357, 0.00277, 0.00229]
[ INFO : 2026-07-27 01:07:20,838 ] - Epoch 91: train==[108.18905 = 0.52588 + 0.84516 + 15.06453 + 0.00279 + 0.00000 + 0.00025 + 613.92343]
[ INFO : 2026-07-27 01:07:27,837 ] - Test_@[5, 10, 20, 50]: Recall=[0.00959, 0.01790, 0.02660, 0.05536],  precision=[0.00192, 0.00179, 0.00133, 0.00111], hit=[0.00959, 0.01790, 0.02660, 0.05536], ndcg=[0.00724, 0.00992, 0.01213, 0.01766], Train Rec Loss=[0.04824], Eval Rec Loss=[0.04847], c=[0.50000], F=[0.83568, 0.90187, 0.89318, 0.94567], F_fuse=[0.00383, 0.00357, 0.00266, 0.00221]
[ INFO : 2026-07-27 01:08:56,723 ] - Epoch 92: train==[108.05402 = 0.52532 + 0.84497 + 14.93067 + 0.00281 + 0.00000 + 0.00025 + 613.91997]
[ INFO : 2026-07-27 01:09:03,723 ] - Test_@[5, 10, 20, 50]: Recall=[0.00946, 0.01803, 0.02672, 0.05715],  precision=[0.00189, 0.00180, 0.00134, 0.00114], hit=[0.00946, 0.01803, 0.02672, 0.05715], ndcg=[0.00703, 0.00978, 0.01197, 0.01782], Train Rec Loss=[0.04830], Eval Rec Loss=[0.04842], c=[0.50000], F=[0.81752, 0.90176, 0.89700, 0.94523], F_fuse=[0.00378, 0.00360, 0.00267, 0.00228]
[ INFO : 2026-07-27 01:10:31,999 ] - Epoch 93: train==[108.06095 = 0.52171 + 0.84489 + 14.94157 + 0.00280 + 0.00000 + 0.00024 + 613.91790]
[ INFO : 2026-07-27 01:10:39,016 ] - Test_@[5, 10, 20, 50]: Recall=[0.00972, 0.01854, 0.02723, 0.05639],  precision=[0.00194, 0.00185, 0.00136, 0.00113], hit=[0.00972, 0.01854, 0.02723, 0.05639], ndcg=[0.00694, 0.00978, 0.01196, 0.01756], Train Rec Loss=[0.04831], Eval Rec Loss=[0.04847], c=[0.50000], F=[0.83625, 0.90366, 0.89140, 0.94472], F_fuse=[0.00388, 0.00370, 0.00272, 0.00225]
[ INFO : 2026-07-27 01:12:08,011 ] - Epoch 94: train==[107.97597 = 0.51788 + 0.84469 + 14.86004 + 0.00282 + 0.00000 + 0.00024 + 613.92119]
[ INFO : 2026-07-27 01:12:16,191 ] - Test_@[5, 10, 20, 50]: Recall=[0.00933, 0.01649, 0.02544, 0.05600],  precision=[0.00187, 0.00165, 0.00127, 0.00112], hit=[0.00933, 0.01649, 0.02544, 0.05600], ndcg=[0.00659, 0.00889, 0.01116, 0.01704], Train Rec Loss=[0.04831], Eval Rec Loss=[0.04845], c=[0.50000], F=[0.82929, 0.90144, 0.89341, 0.94713], F_fuse=[0.00373, 0.00329, 0.00254, 0.00224]
[ INFO : 2026-07-27 01:13:43,829 ] - Epoch 95: train==[108.01296 = 0.51879 + 0.84448 + 14.89645 + 0.00284 + 0.00000 + 0.00024 + 613.91967]
[ INFO : 2026-07-27 01:13:50,830 ] - Test_@[5, 10, 20, 50]: Recall=[0.00908, 0.01675, 0.02608, 0.05613],  precision=[0.00182, 0.00167, 0.00130, 0.00112], hit=[0.00908, 0.01675, 0.02608, 0.05613], ndcg=[0.00647, 0.00894, 0.01130, 0.01708], Train Rec Loss=[0.04831], Eval Rec Loss=[0.04844], c=[0.50000], F=[0.83335, 0.90077, 0.89638, 0.94874], F_fuse=[0.00362, 0.00334, 0.00260, 0.00224]
[ INFO : 2026-07-27 01:15:19,008 ] - Epoch 96: train==[107.82567 = 0.51577 + 0.84427 + 14.71207 + 0.00284 + 0.00000 + 0.00024 + 613.92120]
[ INFO : 2026-07-27 01:15:26,094 ] - Test_@[5, 10, 20, 50]: Recall=[0.00972, 0.01701, 0.02608, 0.05613],  precision=[0.00194, 0.00170, 0.00130, 0.00112], hit=[0.00972, 0.01701, 0.02608, 0.05613], ndcg=[0.00692, 0.00923, 0.01154, 0.01731], Train Rec Loss=[0.04828], Eval Rec Loss=[0.04849], c=[0.50000], F=[0.82484, 0.90238, 0.89746, 0.94805], F_fuse=[0.00388, 0.00339, 0.00260, 0.00224]
[ INFO : 2026-07-27 01:16:57,600 ] - Epoch 97: train==[107.75475 = 0.51471 + 0.84401 + 14.64291 + 0.00287 + 0.00000 + 0.00024 + 613.91741]
[ INFO : 2026-07-27 01:17:04,806 ] - Test_@[5, 10, 20, 50]: Recall=[0.00908, 0.01662, 0.02583, 0.05524],  precision=[0.00182, 0.00166, 0.00129, 0.00110], hit=[0.00908, 0.01662, 0.02583, 0.05524], ndcg=[0.00637, 0.00876, 0.01108, 0.01674], Train Rec Loss=[0.04831], Eval Rec Loss=[0.04843], c=[0.50000], F=[0.83312, 0.89805, 0.89677, 0.94854], F_fuse=[0.00362, 0.00332, 0.00258, 0.00221]
[ INFO : 2026-07-27 01:18:35,153 ] - Epoch 98: train==[107.78000 = 0.51475 + 0.84380 + 14.66802 + 0.00288 + 0.00000 + 0.00023 + 613.91888]
[ INFO : 2026-07-27 01:18:44,629 ] - Test_@[5, 10, 20, 50]: Recall=[0.00997, 0.01649, 0.02596, 0.05536],  precision=[0.00199, 0.00165, 0.00130, 0.00111], hit=[0.00997, 0.01649, 0.02596, 0.05536], ndcg=[0.00690, 0.00899, 0.01139, 0.01706], Train Rec Loss=[0.04824], Eval Rec Loss=[0.04846], c=[0.50000], F=[0.83331, 0.90193, 0.89755, 0.95001], F_fuse=[0.00398, 0.00329, 0.00259, 0.00221]
[ INFO : 2026-07-27 01:20:15,337 ] - Epoch 99: train==[107.70466 = 0.50955 + 0.84355 + 14.59838 + 0.00290 + 0.00000 + 0.00023 + 613.91641]
[ INFO : 2026-07-27 01:20:22,469 ] - Test_@[5, 10, 20, 50]: Recall=[0.00997, 0.01713, 0.02621, 0.05536],  precision=[0.00199, 0.00171, 0.00131, 0.00111], hit=[0.00997, 0.01713, 0.02621, 0.05536], ndcg=[0.00698, 0.00930, 0.01160, 0.01722], Train Rec Loss=[0.04825], Eval Rec Loss=[0.04843], c=[0.50000], F=[0.83562, 0.90190, 0.89268, 0.94911], F_fuse=[0.00398, 0.00342, 0.00262, 0.00221]
[ INFO : 2026-07-27 01:21:53,332 ] - Epoch 100: train==[107.61849 = 0.50948 + 0.84331 + 14.51213 + 0.00291 + 0.00000 + 0.00024 + 613.91829]
[ INFO : 2026-07-27 01:22:01,042 ] - Test_@[5, 10, 20, 50]: Recall=[0.01061, 0.01585, 0.02596, 0.05485],  precision=[0.00212, 0.00159, 0.00130, 0.00110], hit=[0.01061, 0.01585, 0.02596, 0.05485], ndcg=[0.00693, 0.00860, 0.01114, 0.01671], Train Rec Loss=[0.04833], Eval Rec Loss=[0.04847], c=[0.50000], F=[0.83245, 0.89881, 0.89681, 0.95141], F_fuse=[0.00423, 0.00317, 0.00259, 0.00219]
[ INFO : 2026-07-27 01:23:32,264 ] - Epoch 101: train==[107.61280 = 0.50531 + 0.84302 + 14.51102 + 0.00291 + 0.00000 + 0.00023 + 613.91680]
[ INFO : 2026-07-27 01:23:39,230 ] - Test_@[5, 10, 20, 50]: Recall=[0.00921, 0.01649, 0.02519, 0.05498],  precision=[0.00184, 0.00165, 0.00126, 0.00110], hit=[0.00921, 0.01649, 0.02519, 0.05498], ndcg=[0.00654, 0.00889, 0.01109, 0.01685], Train Rec Loss=[0.04829], Eval Rec Loss=[0.04840], c=[0.50000], F=[0.84080, 0.89781, 0.89430, 0.95084], F_fuse=[0.00367, 0.00329, 0.00252, 0.00220]
[ INFO : 2026-07-27 01:25:08,266 ] - Epoch 102: train==[107.50455 = 0.50561 + 0.84289 + 14.40256 + 0.00293 + 0.00000 + 0.00023 + 613.91657]
[ INFO : 2026-07-27 01:25:15,233 ] - Test_@[5, 10, 20, 50]: Recall=[0.01023, 0.01675, 0.02634, 0.05613],  precision=[0.00205, 0.00167, 0.00132, 0.00112], hit=[0.01023, 0.01675, 0.02634, 0.05613], ndcg=[0.00684, 0.00896, 0.01139, 0.01713], Train Rec Loss=[0.04839], Eval Rec Loss=[0.04853], c=[0.50000], F=[0.82107, 0.90116, 0.90425, 0.95227], F_fuse=[0.00408, 0.00334, 0.00263, 0.00224]
[ INFO : 2026-07-27 01:26:43,894 ] - Epoch 103: train==[107.47320 = 0.50103 + 0.84247 + 14.37589 + 0.00291 + 0.00000 + 0.00023 + 613.91767]
[ INFO : 2026-07-27 01:26:50,895 ] - Test_@[5, 10, 20, 50]: Recall=[0.00985, 0.01547, 0.02544, 0.05549],  precision=[0.00197, 0.00155, 0.00127, 0.00111], hit=[0.00985, 0.01547, 0.02544, 0.05549], ndcg=[0.00671, 0.00854, 0.01106, 0.01684], Train Rec Loss=[0.04826], Eval Rec Loss=[0.04842], c=[0.50000], F=[0.84191, 0.90040, 0.89781, 0.95180], F_fuse=[0.00393, 0.00309, 0.00254, 0.00222]
[ INFO : 2026-07-27 01:28:19,422 ] - Epoch 104: train==[107.36222 = 0.50200 + 0.84217 + 14.26362 + 0.00295 + 0.00000 + 0.00023 + 613.92071]
[ INFO : 2026-07-27 01:28:26,610 ] - Test_@[5, 10, 20, 50]: Recall=[0.01010, 0.01560, 0.02532, 0.05434],  precision=[0.00202, 0.00156, 0.00127, 0.00109], hit=[0.01010, 0.01560, 0.02532, 0.05434], ndcg=[0.00678, 0.00854, 0.01099, 0.01661], Train Rec Loss=[0.04842], Eval Rec Loss=[0.04846], c=[0.50000], F=[0.83530, 0.89895, 0.90086, 0.95306], F_fuse=[0.00403, 0.00311, 0.00253, 0.00217]
[ INFO : 2026-07-27 01:29:54,826 ] - Epoch 105: train==[107.31111 = 0.50060 + 0.84184 + 14.21507 + 0.00298 + 0.00000 + 0.00023 + 613.91419]
[ INFO : 2026-07-27 01:30:01,789 ] - Test_@[5, 10, 20, 50]: Recall=[0.00959, 0.01611, 0.02506, 0.05434],  precision=[0.00192, 0.00161, 0.00125, 0.00109], hit=[0.00959, 0.01611, 0.02506, 0.05434], ndcg=[0.00646, 0.00858, 0.01084, 0.01649], Train Rec Loss=[0.04838], Eval Rec Loss=[0.04848], c=[0.50000], F=[0.83741, 0.90011, 0.90431, 0.95332], F_fuse=[0.00383, 0.00322, 0.00250, 0.00217]
[ INFO : 2026-07-27 01:31:31,050 ] - Epoch 106: train==[107.29153 = 0.50115 + 0.84153 + 14.19471 + 0.00299 + 0.00000 + 0.00023 + 613.91696]
[ INFO : 2026-07-27 01:31:38,590 ] - Test_@[5, 10, 20, 50]: Recall=[0.00908, 0.01649, 0.02481, 0.05460],  precision=[0.00182, 0.00165, 0.00124, 0.00109], hit=[0.00908, 0.01649, 0.02481, 0.05460], ndcg=[0.00618, 0.00857, 0.01067, 0.01644], Train Rec Loss=[0.04837], Eval Rec Loss=[0.04846], c=[0.50000], F=[0.83884, 0.89775, 0.90228, 0.95309], F_fuse=[0.00362, 0.00329, 0.00248, 0.00218]
[ INFO : 2026-07-27 01:33:07,912 ] - Epoch 107: train==[107.28135 = 0.49886 + 0.84115 + 14.18702 + 0.00299 + 0.00000 + 0.00023 + 613.91706]
[ INFO : 2026-07-27 01:33:15,710 ] - Test_@[5, 10, 20, 50]: Recall=[0.00972, 0.01624, 0.02532, 0.05536],  precision=[0.00194, 0.00162, 0.00127, 0.00111], hit=[0.00972, 0.01624, 0.02532, 0.05536], ndcg=[0.00648, 0.00858, 0.01087, 0.01667], Train Rec Loss=[0.04833], Eval Rec Loss=[0.04855], c=[0.50000], F=[0.83753, 0.89941, 0.90192, 0.95333], F_fuse=[0.00388, 0.00324, 0.00253, 0.00221]
[ INFO : 2026-07-27 01:34:43,798 ] - Epoch 108: train==[107.20317 = 0.49429 + 0.84069 + 14.11386 + 0.00301 + 0.00000 + 0.00022 + 613.91577]
[ INFO : 2026-07-27 01:34:50,800 ] - Test_@[5, 10, 20, 50]: Recall=[0.00908, 0.01573, 0.02468, 0.05345],  precision=[0.00182, 0.00157, 0.00123, 0.00107], hit=[0.00908, 0.01573, 0.02468, 0.05345], ndcg=[0.00619, 0.00832, 0.01055, 0.01612], Train Rec Loss=[0.04846], Eval Rec Loss=[0.04847], c=[0.50000], F=[0.83718, 0.89844, 0.90481, 0.95415], F_fuse=[0.00362, 0.00314, 0.00246, 0.00214]
[ INFO : 2026-07-27 01:36:21,243 ] - Epoch 109: train==[107.14752 = 0.49253 + 0.84024 + 14.06012 + 0.00301 + 0.00000 + 0.00022 + 613.91656]
[ INFO : 2026-07-27 01:36:28,159 ] - Test_@[5, 10, 20, 50]: Recall=[0.00869, 0.01585, 0.02532, 0.05345],  precision=[0.00174, 0.00159, 0.00127, 0.00107], hit=[0.00869, 0.01585, 0.02532, 0.05345], ndcg=[0.00597, 0.00829, 0.01066, 0.01608], Train Rec Loss=[0.04839], Eval Rec Loss=[0.04859], c=[0.50000], F=[0.83181, 0.90040, 0.90494, 0.95427], F_fuse=[0.00347, 0.00317, 0.00253, 0.00214]
[ INFO : 2026-07-27 01:37:57,374 ] - Epoch 110: train==[107.00704 = 0.49377 + 0.84000 + 13.91841 + 0.00302 + 0.00000 + 0.00022 + 613.91734]
[ INFO : 2026-07-27 01:38:04,339 ] - Test_@[5, 10, 20, 50]: Recall=[0.00895, 0.01560, 0.02481, 0.05332],  precision=[0.00179, 0.00156, 0.00124, 0.00107], hit=[0.00895, 0.01560, 0.02481, 0.05332], ndcg=[0.00617, 0.00833, 0.01064, 0.01615], Train Rec Loss=[0.04838], Eval Rec Loss=[0.04858], c=[0.50000], F=[0.83399, 0.90120, 0.90953, 0.95592], F_fuse=[0.00357, 0.00311, 0.00248, 0.00213]
[ INFO : 2026-07-27 01:39:32,700 ] - Epoch 111: train==[106.97544 = 0.48990 + 0.83938 + 13.89152 + 0.00304 + 0.00000 + 0.00022 + 613.91414]
[ INFO : 2026-07-27 01:39:39,631 ] - Test_@[5, 10, 20, 50]: Recall=[0.00908, 0.01624, 0.02544, 0.05370],  precision=[0.00182, 0.00162, 0.00127, 0.00107], hit=[0.00908, 0.01624, 0.02544, 0.05370], ndcg=[0.00634, 0.00868, 0.01101, 0.01648], Train Rec Loss=[0.04845], Eval Rec Loss=[0.04857], c=[0.50000], F=[0.82970, 0.90192, 0.90901, 0.95551], F_fuse=[0.00362, 0.00324, 0.00254, 0.00215]
[ INFO : 2026-07-27 01:41:07,580 ] - Epoch 112: train==[107.00215 = 0.49028 + 0.83880 + 13.91795 + 0.00303 + 0.00000 + 0.00022 + 613.91591]
[ INFO : 2026-07-27 01:41:14,514 ] - Test_@[5, 10, 20, 50]: Recall=[0.00946, 0.01522, 0.02481, 0.05306],  precision=[0.00189, 0.00152, 0.00124, 0.00106], hit=[0.00946, 0.01522, 0.02481, 0.05306], ndcg=[0.00633, 0.00819, 0.01062, 0.01609], Train Rec Loss=[0.04849], Eval Rec Loss=[0.04859], c=[0.50000], F=[0.83479, 0.90018, 0.90832, 0.95501], F_fuse=[0.00378, 0.00304, 0.00248, 0.00212]
[ INFO : 2026-07-27 01:42:42,045 ] - Epoch 113: train==[106.89008 = 0.48905 + 0.83843 + 13.80765 + 0.00305 + 0.00000 + 0.00022 + 613.91361]
[ INFO : 2026-07-27 01:42:49,040 ] - Test_@[5, 10, 20, 50]: Recall=[0.00933, 0.01624, 0.02519, 0.05370],  precision=[0.00187, 0.00162, 0.00126, 0.00107], hit=[0.00933, 0.01624, 0.02519, 0.05370], ndcg=[0.00648, 0.00873, 0.01099, 0.01652], Train Rec Loss=[0.04850], Eval Rec Loss=[0.04853], c=[0.50000], F=[0.83683, 0.90155, 0.90822, 0.95529], F_fuse=[0.00373, 0.00324, 0.00252, 0.00215]
[ INFO : 2026-07-27 01:44:16,871 ] - Epoch 114: train==[106.99430 = 0.48728 + 0.83774 + 13.91386 + 0.00304 + 0.00000 + 0.00022 + 613.91502]
[ INFO : 2026-07-27 01:44:23,749 ] - Test_@[5, 10, 20, 50]: Recall=[0.00921, 0.01483, 0.02493, 0.05281],  precision=[0.00184, 0.00148, 0.00125, 0.00106], hit=[0.00921, 0.01483, 0.02493, 0.05281], ndcg=[0.00638, 0.00821, 0.01077, 0.01615], Train Rec Loss=[0.04852], Eval Rec Loss=[0.04869], c=[0.50000], F=[0.83520, 0.90055, 0.91355, 0.95655], F_fuse=[0.00367, 0.00296, 0.00249, 0.00211]
[ INFO : 2026-07-27 01:45:52,554 ] - Epoch 115: train==[106.81973 = 0.48092 + 0.83718 + 13.74580 + 0.00307 + 0.00000 + 0.00022 + 613.91604]
[ INFO : 2026-07-27 01:45:59,508 ] - Test_@[5, 10, 20, 50]: Recall=[0.00895, 0.01534, 0.02481, 0.05293],  precision=[0.00179, 0.00153, 0.00124, 0.00106], hit=[0.00895, 0.01534, 0.02481, 0.05293], ndcg=[0.00619, 0.00824, 0.01061, 0.01604], Train Rec Loss=[0.04856], Eval Rec Loss=[0.04867], c=[0.50000], F=[0.83840, 0.89844, 0.91118, 0.95609], F_fuse=[0.00357, 0.00306, 0.00248, 0.00212]
[ INFO : 2026-07-27 01:47:27,248 ] - Epoch 116: train==[106.74563 = 0.48183 + 0.83669 + 13.67159 + 0.00306 + 0.00000 + 0.00022 + 613.91277]
[ INFO : 2026-07-27 01:47:34,173 ] - Test_@[5, 10, 20, 50]: Recall=[0.00921, 0.01496, 0.02506, 0.05345],  precision=[0.00184, 0.00150, 0.00125, 0.00107], hit=[0.00921, 0.01496, 0.02506, 0.05345], ndcg=[0.00622, 0.00808, 0.01062, 0.01609], Train Rec Loss=[0.04854], Eval Rec Loss=[0.04859], c=[0.50000], F=[0.83552, 0.90051, 0.91184, 0.95653], F_fuse=[0.00367, 0.00299, 0.00250, 0.00214]
[ INFO : 2026-07-27 01:49:02,784 ] - Epoch 117: train==[106.72199 = 0.48005 + 0.83628 + 13.64934 + 0.00309 + 0.00000 + 0.00021 + 613.91678]
[ INFO : 2026-07-27 01:49:09,780 ] - Test_@[5, 10, 20, 50]: Recall=[0.00882, 0.01522, 0.02468, 0.05293],  precision=[0.00176, 0.00152, 0.00123, 0.00106], hit=[0.00882, 0.01522, 0.02468, 0.05293], ndcg=[0.00610, 0.00813, 0.01050, 0.01597], Train Rec Loss=[0.04860], Eval Rec Loss=[0.04885], c=[0.50000], F=[0.83878, 0.89708, 0.91125, 0.95524], F_fuse=[0.00352, 0.00304, 0.00246, 0.00212]
[ INFO : 2026-07-27 01:50:36,753 ] - Epoch 118: train==[106.68513 = 0.48383 + 0.83538 + 13.60946 + 0.00310 + 0.00000 + 0.00021 + 613.91530]
[ INFO : 2026-07-27 01:50:43,676 ] - Test_@[5, 10, 20, 50]: Recall=[0.00985, 0.01598, 0.02481, 0.05396],  precision=[0.00197, 0.00160, 0.00124, 0.00108], hit=[0.00985, 0.01598, 0.02481, 0.05396], ndcg=[0.00652, 0.00849, 0.01073, 0.01638], Train Rec Loss=[0.04867], Eval Rec Loss=[0.04873], c=[0.50000], F=[0.83683, 0.90023, 0.91410, 0.95686], F_fuse=[0.00393, 0.00319, 0.00248, 0.00216]
[ INFO : 2026-07-27 01:52:11,667 ] - Epoch 119: train==[106.63434 = 0.47974 + 0.83475 + 13.56328 + 0.00310 + 0.00000 + 0.00021 + 613.91443]
[ INFO : 2026-07-27 01:52:18,623 ] - Test_@[5, 10, 20, 50]: Recall=[0.00882, 0.01522, 0.02404, 0.05319],  precision=[0.00176, 0.00152, 0.00120, 0.00106], hit=[0.00882, 0.01522, 0.02404, 0.05319], ndcg=[0.00597, 0.00802, 0.01024, 0.01589], Train Rec Loss=[0.04863], Eval Rec Loss=[0.04876], c=[0.50000], F=[0.83747, 0.89821, 0.91260, 0.95735], F_fuse=[0.00352, 0.00304, 0.00240, 0.00213]
[ INFO : 2026-07-27 01:53:47,675 ] - Epoch 120: train==[106.57692 = 0.47732 + 0.83381 + 13.50864 + 0.00311 + 0.00000 + 0.00021 + 613.91569]
[ INFO : 2026-07-27 01:53:54,575 ] - Test_@[5, 10, 20, 50]: Recall=[0.00933, 0.01470, 0.02404, 0.05281],  precision=[0.00187, 0.00147, 0.00120, 0.00106], hit=[0.00933, 0.01470, 0.02404, 0.05281], ndcg=[0.00634, 0.00806, 0.01039, 0.01596], Train Rec Loss=[0.04859], Eval Rec Loss=[0.04884], c=[0.50000], F=[0.84288, 0.89801, 0.91202, 0.95653], F_fuse=[0.00373, 0.00294, 0.00240, 0.00211]
[ INFO : 2026-07-27 01:55:23,582 ] - Epoch 121: train==[106.49622 = 0.47814 + 0.83318 + 13.42796 + 0.00315 + 0.00000 + 0.00021 + 613.91233]
[ INFO : 2026-07-27 01:55:30,502 ] - Test_@[5, 10, 20, 50]: Recall=[0.00959, 0.01496, 0.02429, 0.05421],  precision=[0.00192, 0.00150, 0.00121, 0.00108], hit=[0.00959, 0.01496, 0.02429, 0.05421], ndcg=[0.00619, 0.00789, 0.01021, 0.01599], Train Rec Loss=[0.04875], Eval Rec Loss=[0.04884], c=[0.50000], F=[0.84329, 0.89694, 0.91359, 0.95664], F_fuse=[0.00383, 0.00299, 0.00243, 0.00217]
[ INFO : 2026-07-27 01:57:00,925 ] - Epoch 122: train==[106.52997 = 0.47552 + 0.83232 + 13.46395 + 0.00311 + 0.00000 + 0.00021 + 613.91852]
[ INFO : 2026-07-27 01:57:07,919 ] - Test_@[5, 10, 20, 50]: Recall=[0.00933, 0.01547, 0.02481, 0.05319],  precision=[0.00187, 0.00155, 0.00124, 0.00106], hit=[0.00933, 0.01547, 0.02481, 0.05319], ndcg=[0.00632, 0.00831, 0.01064, 0.01614], Train Rec Loss=[0.04863], Eval Rec Loss=[0.04884], c=[0.50000], F=[0.84029, 0.89972, 0.91453, 0.95754], F_fuse=[0.00373, 0.00309, 0.00248, 0.00213]
[ INFO : 2026-07-27 01:58:35,918 ] - Epoch 123: train==[106.40273 = 0.47603 + 0.83155 + 13.33713 + 0.00317 + 0.00000 + 0.00021 + 613.91500]
[ INFO : 2026-07-27 01:58:42,850 ] - Test_@[5, 10, 20, 50]: Recall=[0.00985, 0.01509, 0.02378, 0.05230],  precision=[0.00197, 0.00151, 0.00119, 0.00105], hit=[0.00985, 0.01509, 0.02378, 0.05230], ndcg=[0.00666, 0.00832, 0.01049, 0.01601], Train Rec Loss=[0.04864], Eval Rec Loss=[0.04892], c=[0.50000], F=[0.84205, 0.89681, 0.91703, 0.95772], F_fuse=[0.00393, 0.00301, 0.00238, 0.00209]
[ INFO : 2026-07-27 02:00:10,759 ] - Epoch 124: train==[106.37197 = 0.47054 + 0.83077 + 13.31258 + 0.00315 + 0.00000 + 0.00021 + 613.91349]
[ INFO : 2026-07-27 02:00:17,743 ] - Test_@[5, 10, 20, 50]: Recall=[0.00908, 0.01534, 0.02455, 0.05204],  precision=[0.00182, 0.00153, 0.00123, 0.00104], hit=[0.00908, 0.01534, 0.02455, 0.05204], ndcg=[0.00604, 0.00805, 0.01034, 0.01568], Train Rec Loss=[0.04882], Eval Rec Loss=[0.04882], c=[0.50000], F=[0.84048, 0.90000, 0.91425, 0.95796], F_fuse=[0.00362, 0.00306, 0.00245, 0.00208]
[ INFO : 2026-07-27 02:01:45,321 ] - Epoch 125: train==[106.33655 = 0.46901 + 0.82968 + 13.27907 + 0.00319 + 0.00000 + 0.00021 + 613.91498]
[ INFO : 2026-07-27 02:01:52,257 ] - Test_@[5, 10, 20, 50]: Recall=[0.00921, 0.01445, 0.02417, 0.05255],  precision=[0.00184, 0.00144, 0.00121, 0.00105], hit=[0.00921, 0.01445, 0.02417, 0.05255], ndcg=[0.00628, 0.00798, 0.01044, 0.01595], Train Rec Loss=[0.04893], Eval Rec Loss=[0.04898], c=[0.50000], F=[0.83811, 0.90087, 0.91632, 0.95925], F_fuse=[0.00367, 0.00289, 0.00241, 0.00210]
[ INFO : 2026-07-27 02:03:20,744 ] - Epoch 126: train==[106.25141 = 0.47182 + 0.82899 + 13.19237 + 0.00320 + 0.00000 + 0.00021 + 613.90947]
[ INFO : 2026-07-27 02:03:29,589 ] - Test_@[5, 10, 20, 50]: Recall=[0.00946, 0.01458, 0.02429, 0.05191],  precision=[0.00189, 0.00146, 0.00121, 0.00104], hit=[0.00946, 0.01458, 0.02429, 0.05191], ndcg=[0.00613, 0.00779, 0.01025, 0.01561], Train Rec Loss=[0.04884], Eval Rec Loss=[0.04897], c=[0.50000], F=[0.84173, 0.89957, 0.91742, 0.95841], F_fuse=[0.00378, 0.00291, 0.00243, 0.00207]
[ INFO : 2026-07-27 02:04:57,508 ] - Epoch 127: train==[106.26768 = 0.47353 + 0.82764 + 13.20698 + 0.00319 + 0.00000 + 0.00021 + 613.91460]
[ INFO : 2026-07-27 02:05:04,417 ] - Test_@[5, 10, 20, 50]: Recall=[0.00972, 0.01458, 0.02481, 0.05255],  precision=[0.00194, 0.00146, 0.00124, 0.00105], hit=[0.00972, 0.01458, 0.02481, 0.05255], ndcg=[0.00648, 0.00802, 0.01058, 0.01596], Train Rec Loss=[0.04898], Eval Rec Loss=[0.04906], c=[0.50000], F=[0.84399, 0.89865, 0.91555, 0.95847], F_fuse=[0.00388, 0.00291, 0.00248, 0.00210]
[ INFO : 2026-07-27 02:06:31,712 ] - Epoch 128: train==[106.20191 = 0.46703 + 0.82668 + 13.14831 + 0.00320 + 0.00000 + 0.00021 + 613.91433]
[ INFO : 2026-07-27 02:06:38,575 ] - Test_@[5, 10, 20, 50]: Recall=[0.00921, 0.01470, 0.02417, 0.05268],  precision=[0.00184, 0.00147, 0.00121, 0.00105], hit=[0.00921, 0.01470, 0.02417, 0.05268], ndcg=[0.00635, 0.00811, 0.01048, 0.01601], Train Rec Loss=[0.04894], Eval Rec Loss=[0.04909], c=[0.50000], F=[0.84003, 0.90085, 0.91886, 0.95968], F_fuse=[0.00367, 0.00294, 0.00241, 0.00210]
[ INFO : 2026-07-27 02:08:06,204 ] - Epoch 129: train==[106.14482 = 0.46727 + 0.82567 + 13.09209 + 0.00322 + 0.00000 + 0.00021 + 613.91088]
[ INFO : 2026-07-27 02:08:13,125 ] - Test_@[5, 10, 20, 50]: Recall=[0.00933, 0.01458, 0.02417, 0.05230],  precision=[0.00187, 0.00146, 0.00121, 0.00105], hit=[0.00933, 0.01458, 0.02417, 0.05230], ndcg=[0.00618, 0.00785, 0.01025, 0.01568], Train Rec Loss=[0.04903], Eval Rec Loss=[0.04905], c=[0.50000], F=[0.84515, 0.89803, 0.91530, 0.95816], F_fuse=[0.00373, 0.00291, 0.00241, 0.00209]
[ INFO : 2026-07-27 02:09:40,777 ] - Epoch 130: train==[106.17483 = 0.46820 + 0.82465 + 13.12119 + 0.00321 + 0.00000 + 0.00020 + 613.91491]
[ INFO : 2026-07-27 02:09:47,727 ] - Test_@[5, 10, 20, 50]: Recall=[0.00959, 0.01547, 0.02442, 0.05357],  precision=[0.00192, 0.00155, 0.00122, 0.00107], hit=[0.00959, 0.01547, 0.02442, 0.05357], ndcg=[0.00632, 0.00820, 0.01045, 0.01609], Train Rec Loss=[0.04902], Eval Rec Loss=[0.04926], c=[0.50000], F=[0.83962, 0.90055, 0.91889, 0.95892], F_fuse=[0.00383, 0.00309, 0.00244, 0.00214]
[ INFO : 2026-07-27 02:11:16,715 ] - Epoch 131: train==[106.06349 = 0.46363 + 0.82369 + 13.01469 + 0.00323 + 0.00000 + 0.00020 + 613.91685]
[ INFO : 2026-07-27 02:11:23,580 ] - Test_@[5, 10, 20, 50]: Recall=[0.00972, 0.01470, 0.02378, 0.05293],  precision=[0.00194, 0.00147, 0.00119, 0.00106], hit=[0.00972, 0.01470, 0.02378, 0.05293], ndcg=[0.00636, 0.00796, 0.01026, 0.01590], Train Rec Loss=[0.04914], Eval Rec Loss=[0.04933], c=[0.50000], F=[0.85045, 0.89886, 0.91726, 0.95897], F_fuse=[0.00388, 0.00294, 0.00238, 0.00212]
[ INFO : 2026-07-27 02:12:56,796 ] - Epoch 132: train==[106.00627 = 0.46219 + 0.82214 + 12.96048 + 0.00325 + 0.00000 + 0.00020 + 613.91243]
[ INFO : 2026-07-27 02:13:04,401 ] - Test_@[5, 10, 20, 50]: Recall=[0.00933, 0.01483, 0.02442, 0.05293],  precision=[0.00187, 0.00148, 0.00122, 0.00106], hit=[0.00933, 0.01483, 0.02442, 0.05293], ndcg=[0.00625, 0.00802, 0.01045, 0.01598], Train Rec Loss=[0.04913], Eval Rec Loss=[0.04936], c=[0.50000], F=[0.84160, 0.90112, 0.92087, 0.95985], F_fuse=[0.00373, 0.00296, 0.00244, 0.00212]
[ INFO : 2026-07-27 02:14:34,361 ] - Epoch 133: train==[106.01502 = 0.46097 + 0.82104 + 12.97152 + 0.00325 + 0.00000 + 0.00020 + 613.90965]
[ INFO : 2026-07-27 02:14:41,754 ] - Test_@[5, 10, 20, 50]: Recall=[0.00921, 0.01483, 0.02391, 0.05306],  precision=[0.00184, 0.00148, 0.00120, 0.00106], hit=[0.00921, 0.01483, 0.02391, 0.05306], ndcg=[0.00614, 0.00793, 0.01021, 0.01586], Train Rec Loss=[0.04923], Eval Rec Loss=[0.04940], c=[0.50000], F=[0.84166, 0.89698, 0.91959, 0.95922], F_fuse=[0.00367, 0.00296, 0.00239, 0.00212]
[ INFO : 2026-07-27 02:16:12,201 ] - Epoch 134: train==[105.92199 = 0.46050 + 0.81980 + 12.87929 + 0.00326 + 0.00000 + 0.00020 + 613.91230]
[ INFO : 2026-07-27 02:16:19,328 ] - Test_@[5, 10, 20, 50]: Recall=[0.00908, 0.01496, 0.02429, 0.05319],  precision=[0.00182, 0.00150, 0.00121, 0.00106], hit=[0.00908, 0.01496, 0.02429, 0.05319], ndcg=[0.00590, 0.00777, 0.01010, 0.01569], Train Rec Loss=[0.04938], Eval Rec Loss=[0.04932], c=[0.50000], F=[0.84646, 0.89834, 0.91786, 0.95936], F_fuse=[0.00362, 0.00299, 0.00243, 0.00213]
[ INFO : 2026-07-27 02:17:49,430 ] - Epoch 135: train==[105.94606 = 0.46112 + 0.81863 + 12.90339 + 0.00327 + 0.00000 + 0.00020 + 613.91273]
[ INFO : 2026-07-27 02:17:56,496 ] - Test_@[5, 10, 20, 50]: Recall=[0.00921, 0.01432, 0.02314, 0.05345],  precision=[0.00184, 0.00143, 0.00116, 0.00107], hit=[0.00921, 0.01432, 0.02314, 0.05345], ndcg=[0.00595, 0.00758, 0.00978, 0.01566], Train Rec Loss=[0.04948], Eval Rec Loss=[0.04952], c=[0.50000], F=[0.84818, 0.89873, 0.91880, 0.95942], F_fuse=[0.00367, 0.00286, 0.00231, 0.00214]
[ INFO : 2026-07-27 02:19:26,405 ] - Epoch 136: train==[105.83146 = 0.45977 + 0.81703 + 12.79101 + 0.00328 + 0.00000 + 0.00020 + 613.91315]
[ INFO : 2026-07-27 02:19:33,384 ] - Test_@[5, 10, 20, 50]: Recall=[0.00869, 0.01445, 0.02340, 0.05268],  precision=[0.00174, 0.00144, 0.00117, 0.00105], hit=[0.00869, 0.01445, 0.02340, 0.05268], ndcg=[0.00581, 0.00765, 0.00990, 0.01558], Train Rec Loss=[0.04934], Eval Rec Loss=[0.04965], c=[0.50000], F=[0.84524, 0.90004, 0.92012, 0.95912], F_fuse=[0.00347, 0.00289, 0.00234, 0.00210]
[ INFO : 2026-07-27 02:21:04,329 ] - Epoch 137: train==[105.78571 = 0.45653 + 0.81624 + 12.74939 + 0.00331 + 0.00000 + 0.00020 + 613.91024]
[ INFO : 2026-07-27 02:21:12,285 ] - Test_@[5, 10, 20, 50]: Recall=[0.00933, 0.01419, 0.02289, 0.05268],  precision=[0.00187, 0.00142, 0.00114, 0.00105], hit=[0.00933, 0.01419, 0.02289, 0.05268], ndcg=[0.00623, 0.00777, 0.00996, 0.01575], Train Rec Loss=[0.04936], Eval Rec Loss=[0.04968], c=[0.50000], F=[0.84282, 0.89766, 0.92012, 0.95922], F_fuse=[0.00373, 0.00283, 0.00229, 0.00210]
[ INFO : 2026-07-27 02:22:43,084 ] - Epoch 138: train==[105.74432 = 0.45707 + 0.81464 + 12.70868 + 0.00329 + 0.00000 + 0.00020 + 613.90863]
[ INFO : 2026-07-27 02:22:50,362 ] - Test_@[5, 10, 20, 50]: Recall=[0.00869, 0.01483, 0.02340, 0.05319],  precision=[0.00174, 0.00148, 0.00117, 0.00106], hit=[0.00869, 0.01483, 0.02340, 0.05319], ndcg=[0.00584, 0.00780, 0.00994, 0.01571], Train Rec Loss=[0.04954], Eval Rec Loss=[0.04982], c=[0.50000], F=[0.84819, 0.89996, 0.92060, 0.95922], F_fuse=[0.00347, 0.00296, 0.00234, 0.00213]
[ INFO : 2026-07-27 02:24:18,908 ] - Epoch 139: train==[105.74629 = 0.45439 + 0.81331 + 12.71348 + 0.00330 + 0.00000 + 0.00020 + 613.91285]
[ INFO : 2026-07-27 02:24:25,766 ] - Test_@[5, 10, 20, 50]: Recall=[0.00869, 0.01445, 0.02250, 0.05217],  precision=[0.00174, 0.00144, 0.00113, 0.00104], hit=[0.00869, 0.01445, 0.02250, 0.05217], ndcg=[0.00593, 0.00775, 0.00977, 0.01552], Train Rec Loss=[0.04967], Eval Rec Loss=[0.04971], c=[0.50000], F=[0.84643, 0.89740, 0.92018, 0.95897], F_fuse=[0.00347, 0.00289, 0.00225, 0.00208]
[ INFO : 2026-07-27 02:25:53,828 ] - Epoch 140: train==[105.65846 = 0.45310 + 0.81194 + 12.62784 + 0.00332 + 0.00000 + 0.00020 + 613.91217]
[ INFO : 2026-07-27 02:26:00,769 ] - Test_@[5, 10, 20, 50]: Recall=[0.00921, 0.01458, 0.02327, 0.05217],  precision=[0.00184, 0.00146, 0.00116, 0.00104], hit=[0.00921, 0.01458, 0.02327, 0.05217], ndcg=[0.00616, 0.00785, 0.01003, 0.01564], Train Rec Loss=[0.04993], Eval Rec Loss=[0.04971], c=[0.50000], F=[0.84291, 0.89849, 0.92314, 0.95900], F_fuse=[0.00367, 0.00291, 0.00232, 0.00208]
[ INFO : 2026-07-27 02:27:27,751 ] - Epoch 141: train==[105.62256 = 0.45367 + 0.81047 + 12.59243 + 0.00336 + 0.00000 + 0.00020 + 613.91080]
[ INFO : 2026-07-27 02:27:34,640 ] - Test_@[5, 10, 20, 50]: Recall=[0.00933, 0.01458, 0.02327, 0.05281],  precision=[0.00187, 0.00146, 0.00116, 0.00106], hit=[0.00933, 0.01458, 0.02327, 0.05281], ndcg=[0.00607, 0.00772, 0.00992, 0.01565], Train Rec Loss=[0.04985], Eval Rec Loss=[0.05006], c=[0.50000], F=[0.84672, 0.89826, 0.92120, 0.95912], F_fuse=[0.00373, 0.00291, 0.00232, 0.00211]
[ INFO : 2026-07-27 02:29:02,691 ] - Epoch 142: train==[105.53380 = 0.45422 + 0.80903 + 12.50424 + 0.00335 + 0.00000 + 0.00020 + 613.90914]
[ INFO : 2026-07-27 02:29:09,625 ] - Test_@[5, 10, 20, 50]: Recall=[0.00895, 0.01432, 0.02327, 0.05332],  precision=[0.00179, 0.00143, 0.00116, 0.00107], hit=[0.00895, 0.01432, 0.02327, 0.05332], ndcg=[0.00563, 0.00733, 0.00958, 0.01540], Train Rec Loss=[0.05001], Eval Rec Loss=[0.05010], c=[0.50000], F=[0.84502, 0.90000, 0.92360, 0.95931], F_fuse=[0.00357, 0.00286, 0.00232, 0.00213]
[ INFO : 2026-07-27 02:30:38,526 ] - Epoch 143: train==[105.65009 = 0.45173 + 0.80784 + 12.62368 + 0.00333 + 0.00000 + 0.00020 + 613.90968]
[ INFO : 2026-07-27 02:30:45,416 ] - Test_@[5, 10, 20, 50]: Recall=[0.00882, 0.01394, 0.02250, 0.05204],  precision=[0.00176, 0.00139, 0.00113, 0.00104], hit=[0.00882, 0.01394, 0.02250, 0.05204], ndcg=[0.00597, 0.00759, 0.00975, 0.01549], Train Rec Loss=[0.04993], Eval Rec Loss=[0.05028], c=[0.50000], F=[0.84720, 0.89695, 0.92268, 0.95914], F_fuse=[0.00352, 0.00278, 0.00225, 0.00208]
[ INFO : 2026-07-27 02:32:13,410 ] - Epoch 144: train==[105.45785 = 0.44859 + 0.80652 + 12.43516 + 0.00336 + 0.00000 + 0.00020 + 613.91086]
[ INFO : 2026-07-27 02:32:20,356 ] - Test_@[5, 10, 20, 50]: Recall=[0.00895, 0.01470, 0.02327, 0.05178],  precision=[0.00179, 0.00147, 0.00116, 0.00104], hit=[0.00895, 0.01470, 0.02327, 0.05178], ndcg=[0.00583, 0.00765, 0.00980, 0.01536], Train Rec Loss=[0.05005], Eval Rec Loss=[0.05028], c=[0.50000], F=[0.84787, 0.89917, 0.92486, 0.95949], F_fuse=[0.00357, 0.00294, 0.00232, 0.00207]
[ INFO : 2026-07-27 02:33:48,324 ] - Epoch 145: train==[105.42004 = 0.45043 + 0.80544 + 12.39594 + 0.00336 + 0.00000 + 0.00020 + 613.91229]
[ INFO : 2026-07-27 02:33:55,279 ] - Test_@[5, 10, 20, 50]: Recall=[0.00869, 0.01406, 0.02289, 0.05127],  precision=[0.00174, 0.00141, 0.00114, 0.00103], hit=[0.00869, 0.01406, 0.02289, 0.05127], ndcg=[0.00562, 0.00733, 0.00957, 0.01510], Train Rec Loss=[0.05028], Eval Rec Loss=[0.05015], c=[0.50000], F=[0.84713, 0.89794, 0.92359, 0.95883], F_fuse=[0.00347, 0.00281, 0.00229, 0.00205]
[ INFO : 2026-07-27 02:35:22,515 ] - Epoch 146: train==[105.39294 = 0.44779 + 0.80383 + 12.37260 + 0.00336 + 0.00000 + 0.00020 + 613.91137]
[ INFO : 2026-07-27 02:35:29,431 ] - Test_@[5, 10, 20, 50]: Recall=[0.00921, 0.01432, 0.02340, 0.05178],  precision=[0.00184, 0.00143, 0.00117, 0.00104], hit=[0.00921, 0.01432, 0.02340, 0.05178], ndcg=[0.00586, 0.00745, 0.00973, 0.01526], Train Rec Loss=[0.05010], Eval Rec Loss=[0.05033], c=[0.50000], F=[0.84847, 0.89857, 0.92450, 0.95903], F_fuse=[0.00367, 0.00286, 0.00234, 0.00207]
[ INFO : 2026-07-27 02:36:58,770 ] - Epoch 147: train==[105.39659 = 0.44767 + 0.80249 + 12.37717 + 0.00338 + 0.00000 + 0.00019 + 613.91115]
[ INFO : 2026-07-27 02:37:05,667 ] - Test_@[5, 10, 20, 50]: Recall=[0.00933, 0.01432, 0.02327, 0.05306],  precision=[0.00187, 0.00143, 0.00116, 0.00106], hit=[0.00933, 0.01432, 0.02327, 0.05306], ndcg=[0.00584, 0.00742, 0.00968, 0.01547], Train Rec Loss=[0.05041], Eval Rec Loss=[0.05052], c=[0.50000], F=[0.84784, 0.89786, 0.92382, 0.95911], F_fuse=[0.00373, 0.00286, 0.00232, 0.00212]
[ INFO : 2026-07-27 02:38:33,624 ] - Epoch 148: train==[105.33365 = 0.44713 + 0.80151 + 12.31507 + 0.00338 + 0.00000 + 0.00019 + 613.91312]
[ INFO : 2026-07-27 02:38:40,808 ] - Test_@[5, 10, 20, 50]: Recall=[0.00921, 0.01483, 0.02353, 0.05242],  precision=[0.00184, 0.00148, 0.00118, 0.00105], hit=[0.00921, 0.01483, 0.02353, 0.05242], ndcg=[0.00580, 0.00758, 0.00977, 0.01539], Train Rec Loss=[0.05037], Eval Rec Loss=[0.05064], c=[0.50000], F=[0.84425, 0.89821, 0.92690, 0.95923], F_fuse=[0.00367, 0.00296, 0.00235, 0.00209]
[ INFO : 2026-07-27 02:40:10,834 ] - Epoch 149: train==[105.24758 = 0.44389 + 0.79991 + 12.23354 + 0.00343 + 0.00000 + 0.00019 + 613.91058]
[ INFO : 2026-07-27 02:40:17,976 ] - Test_@[5, 10, 20, 50]: Recall=[0.00921, 0.01419, 0.02378, 0.05191],  precision=[0.00184, 0.00142, 0.00119, 0.00104], hit=[0.00921, 0.01419, 0.02378, 0.05191], ndcg=[0.00590, 0.00748, 0.00989, 0.01537], Train Rec Loss=[0.05049], Eval Rec Loss=[0.05088], c=[0.50000], F=[0.84796, 0.89911, 0.92553, 0.95878], F_fuse=[0.00367, 0.00283, 0.00238, 0.00207]
[ INFO : 2026-07-27 02:41:45,196 ] - Epoch 150: train==[105.21205 = 0.44229 + 0.79857 + 12.20013 + 0.00343 + 0.00000 + 0.00019 + 613.91241]
[ INFO : 2026-07-27 02:41:52,102 ] - Test_@[5, 10, 20, 50]: Recall=[0.00921, 0.01394, 0.02289, 0.05217],  precision=[0.00184, 0.00139, 0.00114, 0.00104], hit=[0.00921, 0.01394, 0.02289, 0.05217], ndcg=[0.00595, 0.00746, 0.00972, 0.01543], Train Rec Loss=[0.05072], Eval Rec Loss=[0.05083], c=[0.50000], F=[0.84614, 0.89751, 0.92653, 0.95892], F_fuse=[0.00367, 0.00278, 0.00229, 0.00208]
[ INFO : 2026-07-27 02:43:21,008 ] - Epoch 151: train==[105.19201 = 0.44675 + 0.79761 + 12.17656 + 0.00344 + 0.00000 + 0.00019 + 613.90997]
[ INFO : 2026-07-27 02:43:27,870 ] - Test_@[5, 10, 20, 50]: Recall=[0.00895, 0.01483, 0.02340, 0.05076],  precision=[0.00179, 0.00148, 0.00117, 0.00102], hit=[0.00895, 0.01483, 0.02340, 0.05076], ndcg=[0.00572, 0.00762, 0.00977, 0.01514], Train Rec Loss=[0.05066], Eval Rec Loss=[0.05088], c=[0.50000], F=[0.84873, 0.89515, 0.92354, 0.95794], F_fuse=[0.00357, 0.00296, 0.00234, 0.00203]
[ INFO : 2026-07-27 02:44:56,864 ] - Epoch 152: train==[105.20950 = 0.44631 + 0.79616 + 12.19470 + 0.00342 + 0.00000 + 0.00019 + 613.91453]
[ INFO : 2026-07-27 02:45:03,765 ] - Test_@[5, 10, 20, 50]: Recall=[0.00869, 0.01394, 0.02314, 0.05268],  precision=[0.00174, 0.00139, 0.00116, 0.00105], hit=[0.00869, 0.01394, 0.02314, 0.05268], ndcg=[0.00558, 0.00727, 0.00960, 0.01538], Train Rec Loss=[0.05077], Eval Rec Loss=[0.05094], c=[0.50000], F=[0.85279, 0.89887, 0.92561, 0.95901], F_fuse=[0.00347, 0.00278, 0.00231, 0.00210]
[ INFO : 2026-07-27 02:46:31,872 ] - Epoch 153: train==[105.12298 = 0.44235 + 0.79523 + 12.11311 + 0.00345 + 0.00000 + 0.00019 + 613.91157]
[ INFO : 2026-07-27 02:46:38,827 ] - Test_@[5, 10, 20, 50]: Recall=[0.00882, 0.01445, 0.02276, 0.05166],  precision=[0.00176, 0.00144, 0.00114, 0.00103], hit=[0.00882, 0.01445, 0.02276, 0.05166], ndcg=[0.00583, 0.00762, 0.00971, 0.01535], Train Rec Loss=[0.05117], Eval Rec Loss=[0.05134], c=[0.50000], F=[0.84908, 0.89847, 0.92679, 0.95925], F_fuse=[0.00352, 0.00289, 0.00227, 0.00206]
[ INFO : 2026-07-27 02:48:07,829 ] - Epoch 154: train==[105.13415 = 0.44420 + 0.79436 + 12.12321 + 0.00345 + 0.00000 + 0.00019 + 613.90988]
[ INFO : 2026-07-27 02:48:14,739 ] - Test_@[5, 10, 20, 50]: Recall=[0.00895, 0.01406, 0.02301, 0.05114],  precision=[0.00179, 0.00141, 0.00115, 0.00102], hit=[0.00895, 0.01406, 0.02301, 0.05114], ndcg=[0.00581, 0.00742, 0.00966, 0.01517], Train Rec Loss=[0.05106], Eval Rec Loss=[0.05131], c=[0.50000], F=[0.84889, 0.89703, 0.92562, 0.95857], F_fuse=[0.00357, 0.00281, 0.00230, 0.00204]
[ INFO : 2026-07-27 02:49:42,617 ] - Epoch 155: train==[105.03971 = 0.43818 + 0.79308 + 12.03550 + 0.00348 + 0.00000 + 0.00019 + 613.91004]
[ INFO : 2026-07-27 02:49:49,995 ] - Test_@[5, 10, 20, 50]: Recall=[0.00933, 0.01483, 0.02314, 0.05051],  precision=[0.00187, 0.00148, 0.00116, 0.00101], hit=[0.00933, 0.01483, 0.02314, 0.05051], ndcg=[0.00584, 0.00758, 0.00968, 0.01503], Train Rec Loss=[0.05123], Eval Rec Loss=[0.05114], c=[0.50000], F=[0.84988, 0.89727, 0.92754, 0.95836], F_fuse=[0.00373, 0.00296, 0.00231, 0.00202]
[ INFO : 2026-07-27 02:51:19,454 ] - Epoch 156: train==[105.01256 = 0.43714 + 0.79180 + 12.00974 + 0.00346 + 0.00000 + 0.00019 + 613.91296]
[ INFO : 2026-07-27 02:51:26,434 ] - Test_@[5, 10, 20, 50]: Recall=[0.00921, 0.01381, 0.02250, 0.05114],  precision=[0.00184, 0.00138, 0.00113, 0.00102], hit=[0.00921, 0.01381, 0.02250, 0.05114], ndcg=[0.00589, 0.00733, 0.00952, 0.01514], Train Rec Loss=[0.05124], Eval Rec Loss=[0.05139], c=[0.50000], F=[0.84825, 0.89610, 0.92629, 0.95801], F_fuse=[0.00367, 0.00276, 0.00225, 0.00204]
[ INFO : 2026-07-27 02:52:54,491 ] - Epoch 157: train==[104.95227 = 0.43691 + 0.79046 + 11.95072 + 0.00348 + 0.00000 + 0.00019 + 613.91130]
[ INFO : 2026-07-27 02:53:01,676 ] - Test_@[5, 10, 20, 50]: Recall=[0.00895, 0.01419, 0.02301, 0.05166],  precision=[0.00179, 0.00142, 0.00115, 0.00103], hit=[0.00895, 0.01419, 0.02301, 0.05166], ndcg=[0.00593, 0.00761, 0.00982, 0.01544], Train Rec Loss=[0.05136], Eval Rec Loss=[0.05150], c=[0.50000], F=[0.84822, 0.89551, 0.92587, 0.95821], F_fuse=[0.00357, 0.00283, 0.00230, 0.00206]
[ INFO : 2026-07-27 02:54:29,855 ] - Epoch 158: train==[104.92032 = 0.43518 + 0.78946 + 11.92092 + 0.00350 + 0.00000 + 0.00019 + 613.91231]
[ INFO : 2026-07-27 02:54:36,885 ] - Test_@[5, 10, 20, 50]: Recall=[0.00908, 0.01394, 0.02301, 0.05153],  precision=[0.00182, 0.00139, 0.00115, 0.00103], hit=[0.00908, 0.01394, 0.02301, 0.05153], ndcg=[0.00567, 0.00720, 0.00947, 0.01504], Train Rec Loss=[0.05144], Eval Rec Loss=[0.05156], c=[0.50000], F=[0.85062, 0.89695, 0.92743, 0.95848], F_fuse=[0.00362, 0.00278, 0.00230, 0.00206]
[ INFO : 2026-07-27 02:56:05,848 ] - Epoch 159: train==[104.89076 = 0.43570 + 0.78882 + 11.89091 + 0.00351 + 0.00000 + 0.00019 + 613.91434]
[ INFO : 2026-07-27 02:56:14,167 ] - Test_@[5, 10, 20, 50]: Recall=[0.00908, 0.01381, 0.02276, 0.05140],  precision=[0.00182, 0.00138, 0.00114, 0.00103], hit=[0.00908, 0.01381, 0.02276, 0.05140], ndcg=[0.00598, 0.00749, 0.00972, 0.01532], Train Rec Loss=[0.05181], Eval Rec Loss=[0.05169], c=[0.50000], F=[0.84985, 0.89649, 0.92639, 0.95847], F_fuse=[0.00362, 0.00276, 0.00227, 0.00205]
[ INFO : 2026-07-27 02:57:41,142 ] - Epoch 160: train==[104.86528 = 0.43377 + 0.78783 + 11.86851 + 0.00351 + 0.00000 + 0.00019 + 613.91069]
[ INFO : 2026-07-27 02:57:48,067 ] - Test_@[5, 10, 20, 50]: Recall=[0.00933, 0.01381, 0.02391, 0.05191],  precision=[0.00187, 0.00138, 0.00120, 0.00104], hit=[0.00933, 0.01381, 0.02391, 0.05191], ndcg=[0.00583, 0.00725, 0.00978, 0.01523], Train Rec Loss=[0.05174], Eval Rec Loss=[0.05183], c=[0.50000], F=[0.84634, 0.89700, 0.92688, 0.95802], F_fuse=[0.00373, 0.00276, 0.00239, 0.00207]
[ INFO : 2026-07-27 02:59:18,090 ] - Epoch 161: train==[104.81127 = 0.43256 + 0.78648 + 11.81647 + 0.00353 + 0.00000 + 0.00019 + 613.91082]
[ INFO : 2026-07-27 02:59:25,039 ] - Test_@[5, 10, 20, 50]: Recall=[0.00844, 0.01394, 0.02340, 0.05025],  precision=[0.00169, 0.00139, 0.00117, 0.00100], hit=[0.00844, 0.01394, 0.02340, 0.05025], ndcg=[0.00548, 0.00727, 0.00964, 0.01489], Train Rec Loss=[0.05161], Eval Rec Loss=[0.05177], c=[0.50000], F=[0.85136, 0.89750, 0.92627, 0.95789], F_fuse=[0.00337, 0.00278, 0.00234, 0.00201]
[ INFO : 2026-07-27 03:00:55,251 ] - Epoch 162: train==[104.82181 = 0.43143 + 0.78547 + 11.82822 + 0.00352 + 0.00000 + 0.00019 + 613.91443]
[ INFO : 2026-07-27 03:01:03,105 ] - Test_@[5, 10, 20, 50]: Recall=[0.00908, 0.01381, 0.02340, 0.05127],  precision=[0.00182, 0.00138, 0.00117, 0.00103], hit=[0.00908, 0.01381, 0.02340, 0.05127], ndcg=[0.00570, 0.00718, 0.00955, 0.01498], Train Rec Loss=[0.05189], Eval Rec Loss=[0.05206], c=[0.50000], F=[0.84864, 0.89638, 0.92748, 0.95767], F_fuse=[0.00362, 0.00276, 0.00234, 0.00205]
[ INFO : 2026-07-27 03:02:34,211 ] - Epoch 163: train==[104.67982 = 0.42919 + 0.78431 + 11.68968 + 0.00354 + 0.00000 + 0.00019 + 613.91084]
[ INFO : 2026-07-27 03:02:41,593 ] - Test_@[5, 10, 20, 50]: Recall=[0.00857, 0.01406, 0.02353, 0.05191],  precision=[0.00171, 0.00141, 0.00118, 0.00104], hit=[0.00857, 0.01406, 0.02353, 0.05191], ndcg=[0.00536, 0.00715, 0.00953, 0.01508], Train Rec Loss=[0.05190], Eval Rec Loss=[0.05211], c=[0.50000], F=[0.85222, 0.89844, 0.92900, 0.95848], F_fuse=[0.00342, 0.00281, 0.00235, 0.00207]
[ INFO : 2026-07-27 03:04:12,133 ] - Epoch 164: train==[104.66790 = 0.43345 + 0.78341 + 11.67403 + 0.00357 + 0.00000 + 0.00019 + 613.91070]
[ INFO : 2026-07-27 03:04:20,187 ] - Test_@[5, 10, 20, 50]: Recall=[0.00946, 0.01368, 0.02353, 0.05102],  precision=[0.00189, 0.00137, 0.00118, 0.00102], hit=[0.00946, 0.01368, 0.02353, 0.05102], ndcg=[0.00596, 0.00729, 0.00974, 0.01510], Train Rec Loss=[0.05209], Eval Rec Loss=[0.05235], c=[0.50000], F=[0.84762, 0.89638, 0.92738, 0.95802], F_fuse=[0.00378, 0.00273, 0.00235, 0.00204]
[ INFO : 2026-07-27 03:05:49,468 ] - Epoch 165: train==[104.71019 = 0.42975 + 0.78261 + 11.72048 + 0.00355 + 0.00000 + 0.00019 + 613.91094]
[ INFO : 2026-07-27 03:05:57,011 ] - Test_@[5, 10, 20, 50]: Recall=[0.00972, 0.01458, 0.02327, 0.05089],  precision=[0.00194, 0.00146, 0.00116, 0.00102], hit=[0.00972, 0.01458, 0.02327, 0.05089], ndcg=[0.00593, 0.00750, 0.00968, 0.01510], Train Rec Loss=[0.05231], Eval Rec Loss=[0.05228], c=[0.50000], F=[0.84781, 0.89400, 0.92748, 0.95810], F_fuse=[0.00388, 0.00291, 0.00232, 0.00203]
