Job 74401 on gpu04; lambda_cf=1.0; group_k=10; seed=8; started Mon Jul 27 07:13:45 AM +07 2026
Mon Jul 27 07:13:45 2026       
+---------------------------------------------------------------------------------------+
| NVIDIA-SMI 535.216.03             Driver Version: 535.216.03   CUDA Version: 12.2     |
|-----------------------------------------+----------------------+----------------------+
| GPU  Name                 Persistence-M | Bus-Id        Disp.A | Volatile Uncorr. ECC |
| Fan  Temp   Perf          Pwr:Usage/Cap |         Memory-Usage | GPU-Util  Compute M. |
|                                         |                      |               MIG M. |
|=========================================+======================+======================|
|   0  Tesla V100-DGXS-32GB           On  | 00000000:07:00.0 Off |                    0 |
| N/A   48C    P0              70W / 300W |      0MiB / 32768MiB |      0%      Default |
|                                         |                      |                  N/A |
+-----------------------------------------+----------------------+----------------------+
                                                                                         
+---------------------------------------------------------------------------------------+
| Processes:                                                                            |
|  GPU   GI   CI        PID   Type   Process name                            GPU Memory |
|        ID   ID                                                             Usage      |
|=======================================================================================|
|  No running processes found                                                           |
+---------------------------------------------------------------------------------------+
[ INFO : 2026-07-27 07:13:50,554 ] - Preprocess missing values with zero
[ INFO : 2026-07-27 07:13:51,112 ] - Pretrained diffusion model is loaded from: ./checkpoint/allrecipes/best_model.pth
[ INFO : 2026-07-27 07:13:51,815 ] - Completed data loaded from: ./checkpoint/allrecipes/completed_data.pkl
/media/lhbac29/raid-cf/main.py:106: DeprecationWarning: Please import `csr_matrix` from the `scipy.sparse` namespace; the `scipy.sparse.csr` namespace is deprecated and will be removed in SciPy 2.0.0.
  self.ui_graph = self.ui_graph_raw = pickle.load(open('./data/' + self.dataset + '/train_mat', 'rb'))
[ INFO : 2026-07-27 07:13:51,920 ] - Missing rate = 0.400000, complete strategy: zero
[ INFO : 2026-07-27 07:15:46,482 ] - Epoch 1: train==[128.43411 = 1.24848 + 0.86307 + 29.29273 + 0.00022 + 0.00000 + 5.35020 + 613.49759]
[ INFO : 2026-07-27 07:15:55,312 ] - Test_@[5, 10, 20, 50]: Recall=[0.00895, 0.01585, 0.02890, 0.05805],  precision=[0.00179, 0.00159, 0.00144, 0.00116], hit=[0.00895, 0.01585, 0.02890, 0.05805], ndcg=[0.00450, 0.00680, 0.01007, 0.01584], Train Rec Loss=[0.04963], Eval Rec Loss=[0.04995], c=[0.50000], F=[0.81442, 0.89571, 0.92053, 0.84288], F_fuse=[0.00357, 0.00317, 0.00289, 0.00232]
[ INFO : 2026-07-27 07:17:47,969 ] - Epoch 2: train==[126.16796 = 0.81757 + 0.85491 + 28.98726 + 0.00024 + 0.00000 + 3.74083 + 614.06073]
[ INFO : 2026-07-27 07:17:56,810 ] - Test_@[5, 10, 20, 50]: Recall=[0.01739, 0.02314, 0.03503, 0.06086],  precision=[0.00348, 0.00231, 0.00175, 0.00122], hit=[0.01739, 0.02314, 0.03503, 0.06086], ndcg=[0.00944, 0.01135, 0.01424, 0.01933], Train Rec Loss=[0.04946], Eval Rec Loss=[0.04985], c=[0.50000], F=[0.80615, 0.81746, 0.72677, 0.77704], F_fuse=[0.00693, 0.00462, 0.00349, 0.00243]
[ INFO : 2026-07-27 07:19:49,818 ] - Epoch 3: train==[124.88436 = 0.78479 + 0.85411 + 28.53176 + 0.00027 + 0.00000 + 2.94947 + 614.03731]
[ INFO : 2026-07-27 07:19:58,670 ] - Test_@[5, 10, 20, 50]: Recall=[0.01764, 0.02647, 0.03695, 0.05754],  precision=[0.00353, 0.00265, 0.00185, 0.00115], hit=[0.01764, 0.02647, 0.03695, 0.05754], ndcg=[0.01129, 0.01407, 0.01664, 0.02069], Train Rec Loss=[0.04953], Eval Rec Loss=[0.04986], c=[0.50000], F=[0.75745, 0.63879, 0.68920, 0.75522], F_fuse=[0.00703, 0.00527, 0.00369, 0.00230]
[ INFO : 2026-07-27 07:21:50,300 ] - Epoch 4: train==[123.82581 = 0.77567 + 0.85405 + 27.96699 + 0.00031 + 0.00000 + 2.46906 + 614.00887]
[ INFO : 2026-07-27 07:21:59,157 ] - Test_@[5, 10, 20, 50]: Recall=[0.01432, 0.02660, 0.03708, 0.06879],  precision=[0.00286, 0.00266, 0.00185, 0.00138], hit=[0.01432, 0.02660, 0.03708, 0.06879], ndcg=[0.01055, 0.01450, 0.01706, 0.02311], Train Rec Loss=[0.04944], Eval Rec Loss=[0.04975], c=[0.50000], F=[0.75739, 0.64015, 0.67695, 0.75419], F_fuse=[0.00571, 0.00530, 0.00370, 0.00275]
[ INFO : 2026-07-27 07:23:50,795 ] - Epoch 5: train==[122.84550 = 0.77239 + 0.85407 + 27.32929 + 0.00036 + 0.00000 + 2.13285 + 613.98775]
[ INFO : 2026-07-27 07:23:59,655 ] - Test_@[5, 10, 20, 50]: Recall=[0.01445, 0.02672, 0.03452, 0.06662],  precision=[0.00289, 0.00267, 0.00173, 0.00133], hit=[0.01445, 0.02672, 0.03452, 0.06662], ndcg=[0.01056, 0.01450, 0.01644, 0.02265], Train Rec Loss=[0.04950], Eval Rec Loss=[0.04979], c=[0.50000], F=[0.75742, 0.63700, 0.62282, 0.74404], F_fuse=[0.00576, 0.00532, 0.00344, 0.00266]
[ INFO : 2026-07-27 07:25:50,525 ] - Epoch 6: train==[121.93752 = 0.77207 + 0.85407 + 26.67895 + 0.00041 + 0.00000 + 1.87829 + 613.96911]
[ INFO : 2026-07-27 07:25:59,322 ] - Test_@[5, 10, 20, 50]: Recall=[0.01419, 0.02672, 0.03465, 0.06598],  precision=[0.00284, 0.00267, 0.00173, 0.00132], hit=[0.01419, 0.02672, 0.03465, 0.06598], ndcg=[0.01062, 0.01465, 0.01662, 0.02271], Train Rec Loss=[0.04934], Eval Rec Loss=[0.04976], c=[0.50000], F=[0.75729, 0.63980, 0.63707, 0.73499], F_fuse=[0.00566, 0.00532, 0.00346, 0.00263]
[ INFO : 2026-07-27 07:27:50,845 ] - Epoch 7: train==[121.02466 = 0.76938 + 0.85411 + 25.96886 + 0.00045 + 0.00000 + 1.68058 + 613.95284]
[ INFO : 2026-07-27 07:27:59,659 ] - Test_@[5, 10, 20, 50]: Recall=[0.01445, 0.02583, 0.03260, 0.05984],  precision=[0.00289, 0.00258, 0.00163, 0.00120], hit=[0.01445, 0.02583, 0.03260, 0.05984], ndcg=[0.01073, 0.01439, 0.01614, 0.02157], Train Rec Loss=[0.04947], Eval Rec Loss=[0.04973], c=[0.50000], F=[0.75819, 0.68662, 0.66854, 0.74865], F_fuse=[0.00576, 0.00515, 0.00325, 0.00239]
[ INFO : 2026-07-27 07:29:52,577 ] - Epoch 8: train==[120.14088 = 0.76758 + 0.85413 + 25.22932 + 0.00048 + 0.00000 + 1.53943 + 613.94397]
[ INFO : 2026-07-27 07:30:01,440 ] - Test_@[5, 10, 20, 50]: Recall=[0.01445, 0.02519, 0.03260, 0.06125],  precision=[0.00289, 0.00252, 0.00163, 0.00122], hit=[0.01445, 0.02519, 0.03260, 0.06125], ndcg=[0.01018, 0.01364, 0.01557, 0.02125], Train Rec Loss=[0.04938], Eval Rec Loss=[0.04973], c=[0.50000], F=[0.77231, 0.71895, 0.67062, 0.76748], F_fuse=[0.00576, 0.00502, 0.00325, 0.00245]
[ INFO : 2026-07-27 07:31:53,324 ] - Epoch 9: train==[119.36005 = 0.76100 + 0.85411 + 24.57245 + 0.00052 + 0.00000 + 1.42268 + 613.93945]
[ INFO : 2026-07-27 07:32:02,198 ] - Test_@[5, 10, 20, 50]: Recall=[0.01432, 0.02532, 0.03222, 0.06188],  precision=[0.00286, 0.00253, 0.00161, 0.00124], hit=[0.01432, 0.02532, 0.03222, 0.06188], ndcg=[0.01008, 0.01363, 0.01543, 0.02130], Train Rec Loss=[0.04932], Eval Rec Loss=[0.04975], c=[0.50000], F=[0.77039, 0.70336, 0.67210, 0.77317], F_fuse=[0.00571, 0.00505, 0.00321, 0.00247]
[ INFO : 2026-07-27 07:33:53,613 ] - Epoch 10: train==[118.73221 = 0.75754 + 0.85412 + 24.05581 + 0.00057 + 0.00000 + 1.31568 + 613.93425]
[ INFO : 2026-07-27 07:34:02,435 ] - Test_@[5, 10, 20, 50]: Recall=[0.01432, 0.02519, 0.03209, 0.06137],  precision=[0.00286, 0.00252, 0.00160, 0.00123], hit=[0.01432, 0.02519, 0.03209, 0.06137], ndcg=[0.01005, 0.01355, 0.01535, 0.02113], Train Rec Loss=[0.04941], Eval Rec Loss=[0.04964], c=[0.50000], F=[0.77058, 0.69811, 0.67133, 0.77554], F_fuse=[0.00571, 0.00502, 0.00320, 0.00245]
[ INFO : 2026-07-27 07:35:54,205 ] - Epoch 11: train==[118.23036 = 0.75544 + 0.85413 + 23.65689 + 0.00061 + 0.00000 + 1.21529 + 613.93092]
[ INFO : 2026-07-27 07:36:03,018 ] - Test_@[5, 10, 20, 50]: Recall=[0.01419, 0.02596, 0.03209, 0.06073],  precision=[0.00284, 0.00260, 0.00160, 0.00121], hit=[0.01419, 0.02596, 0.03209, 0.06073], ndcg=[0.01002, 0.01378, 0.01536, 0.02101], Train Rec Loss=[0.04941], Eval Rec Loss=[0.04970], c=[0.50000], F=[0.76585, 0.67364, 0.66901, 0.77458], F_fuse=[0.00566, 0.00517, 0.00320, 0.00243]
[ INFO : 2026-07-27 07:37:55,310 ] - Epoch 12: train==[117.73984 = 0.75021 + 0.85410 + 23.26035 + 0.00067 + 0.00000 + 1.12710 + 613.92700]
[ INFO : 2026-07-27 07:38:04,237 ] - Test_@[5, 10, 20, 50]: Recall=[0.01406, 0.02608, 0.03235, 0.06048],  precision=[0.00281, 0.00261, 0.00162, 0.00121], hit=[0.01406, 0.02608, 0.03235, 0.06048], ndcg=[0.00998, 0.01382, 0.01542, 0.02096], Train Rec Loss=[0.04921], Eval Rec Loss=[0.04967], c=[0.50000], F=[0.76371, 0.66406, 0.66607, 0.77250], F_fuse=[0.00561, 0.00520, 0.00323, 0.00242]
[ INFO : 2026-07-27 07:39:56,560 ] - Epoch 13: train==[117.31829 = 0.74782 + 0.85411 + 22.92796 + 0.00072 + 0.00000 + 1.04052 + 613.92534]
[ INFO : 2026-07-27 07:40:05,391 ] - Test_@[5, 10, 20, 50]: Recall=[0.01394, 0.02621, 0.03248, 0.06073],  precision=[0.00279, 0.00262, 0.00162, 0.00121], hit=[0.01394, 0.02621, 0.03248, 0.06073], ndcg=[0.00989, 0.01380, 0.01539, 0.02095], Train Rec Loss=[0.04924], Eval Rec Loss=[0.04965], c=[0.50000], F=[0.76122, 0.65468, 0.66761, 0.77157], F_fuse=[0.00555, 0.00522, 0.00324, 0.00243]
[ INFO : 2026-07-27 07:41:57,238 ] - Epoch 14: train==[116.91683 = 0.74333 + 0.85412 + 22.61616 + 0.00078 + 0.00000 + 0.95541 + 613.92448]
[ INFO : 2026-07-27 07:42:06,076 ] - Test_@[5, 10, 20, 50]: Recall=[0.01394, 0.02621, 0.03286, 0.06073],  precision=[0.00279, 0.00262, 0.00164, 0.00121], hit=[0.01394, 0.02621, 0.03286, 0.06073], ndcg=[0.00986, 0.01375, 0.01543, 0.02090], Train Rec Loss=[0.04919], Eval Rec Loss=[0.04967], c=[0.50000], F=[0.75828, 0.65287, 0.66741, 0.77180], F_fuse=[0.00555, 0.00522, 0.00328, 0.00243]
[ INFO : 2026-07-27 07:43:57,420 ] - Epoch 15: train==[116.56487 = 0.73989 + 0.85411 + 22.34244 + 0.00082 + 0.00000 + 0.88079 + 613.92299]
[ INFO : 2026-07-27 07:44:06,253 ] - Test_@[5, 10, 20, 50]: Recall=[0.01381, 0.02634, 0.03260, 0.06137],  precision=[0.00276, 0.00263, 0.00163, 0.00123], hit=[0.01381, 0.02634, 0.03260, 0.06137], ndcg=[0.00975, 0.01372, 0.01531, 0.02094], Train Rec Loss=[0.04924], Eval Rec Loss=[0.04956], c=[0.50000], F=[0.75911, 0.65493, 0.66601, 0.77311], F_fuse=[0.00550, 0.00525, 0.00325, 0.00245]
[ INFO : 2026-07-27 07:45:58,198 ] - Epoch 16: train==[116.20095 = 0.73535 + 0.85410 + 22.05904 + 0.00088 + 0.00000 + 0.80498 + 613.92161]
[ INFO : 2026-07-27 07:46:07,026 ] - Test_@[5, 10, 20, 50]: Recall=[0.01368, 0.02634, 0.03337, 0.06150],  precision=[0.00274, 0.00263, 0.00167, 0.00123], hit=[0.01368, 0.02634, 0.03337, 0.06150], ndcg=[0.00972, 0.01373, 0.01549, 0.02098], Train Rec Loss=[0.04922], Eval Rec Loss=[0.04960], c=[0.50000], F=[0.76128, 0.65455, 0.65852, 0.76889], F_fuse=[0.00545, 0.00525, 0.00333, 0.00246]
[ INFO : 2026-07-27 07:47:58,814 ] - Epoch 17: train==[115.93015 = 0.73629 + 0.85411 + 21.85507 + 0.00094 + 0.00000 + 0.73722 + 613.92109]
[ INFO : 2026-07-27 07:48:07,635 ] - Test_@[5, 10, 20, 50]: Recall=[0.01368, 0.02634, 0.03337, 0.06201],  precision=[0.00274, 0.00263, 0.00167, 0.00124], hit=[0.01368, 0.02634, 0.03337, 0.06201], ndcg=[0.00980, 0.01382, 0.01558, 0.02115], Train Rec Loss=[0.04920], Eval Rec Loss=[0.04943], c=[0.50000], F=[0.76023, 0.65223, 0.65704, 0.76790], F_fuse=[0.00545, 0.00525, 0.00333, 0.00248]
[ INFO : 2026-07-27 07:49:59,629 ] - Epoch 18: train==[115.47593 = 0.73102 + 0.85409 + 21.46916 + 0.00100 + 0.00000 + 0.67426 + 613.92025]
[ INFO : 2026-07-27 07:50:08,475 ] - Test_@[5, 10, 20, 50]: Recall=[0.01394, 0.02621, 0.03350, 0.06419],  precision=[0.00279, 0.00262, 0.00167, 0.00128], hit=[0.01394, 0.02621, 0.03350, 0.06419], ndcg=[0.00981, 0.01370, 0.01552, 0.02146], Train Rec Loss=[0.04920], Eval Rec Loss=[0.04952], c=[0.50000], F=[0.76077, 0.64998, 0.65847, 0.77083], F_fuse=[0.00555, 0.00522, 0.00334, 0.00256]
[ INFO : 2026-07-27 07:51:59,838 ] - Epoch 19: train==[115.33075 = 0.72389 + 0.85413 + 21.39249 + 0.00104 + 0.00000 + 0.61304 + 613.91871]
[ INFO : 2026-07-27 07:52:08,630 ] - Test_@[5, 10, 20, 50]: Recall=[0.01381, 0.02621, 0.03363, 0.06559],  precision=[0.00276, 0.00262, 0.00168, 0.00131], hit=[0.01381, 0.02621, 0.03363, 0.06559], ndcg=[0.00979, 0.01373, 0.01558, 0.02173], Train Rec Loss=[0.04910], Eval Rec Loss=[0.04951], c=[0.50000], F=[0.75825, 0.65367, 0.65851, 0.76975], F_fuse=[0.00550, 0.00522, 0.00335, 0.00262]
[ INFO : 2026-07-27 07:54:00,845 ] - Epoch 20: train==[115.02830 = 0.71879 + 0.85406 + 21.15465 + 0.00110 + 0.00000 + 0.55344 + 613.91925]
[ INFO : 2026-07-27 07:54:09,654 ] - Test_@[5, 10, 20, 50]: Recall=[0.01355, 0.02621, 0.03350, 0.06585],  precision=[0.00271, 0.00262, 0.00167, 0.00132], hit=[0.01355, 0.02621, 0.03350, 0.06585], ndcg=[0.00966, 0.01369, 0.01552, 0.02174], Train Rec Loss=[0.04909], Eval Rec Loss=[0.04945], c=[0.50000], F=[0.75850, 0.65137, 0.65308, 0.77026], F_fuse=[0.00540, 0.00522, 0.00334, 0.00263]
[ INFO : 2026-07-27 07:56:02,332 ] - Epoch 21: train==[114.79808 = 0.71904 + 0.85406 + 20.97775 + 0.00115 + 0.00000 + 0.49994 + 613.91838]
[ INFO : 2026-07-27 07:56:11,158 ] - Test_@[5, 10, 20, 50]: Recall=[0.01394, 0.02634, 0.03350, 0.06649],  precision=[0.00279, 0.00263, 0.00167, 0.00133], hit=[0.01394, 0.02634, 0.03350, 0.06649], ndcg=[0.00983, 0.01375, 0.01554, 0.02188], Train Rec Loss=[0.04900], Eval Rec Loss=[0.04940], c=[0.50000], F=[0.75694, 0.64781, 0.64826, 0.77190], F_fuse=[0.00555, 0.00525, 0.00334, 0.00265]
[ INFO : 2026-07-27 07:58:03,657 ] - Epoch 22: train==[114.56207 = 0.71572 + 0.85406 + 20.79451 + 0.00119 + 0.00000 + 0.45051 + 613.91802]
[ INFO : 2026-07-27 07:58:12,461 ] - Test_@[5, 10, 20, 50]: Recall=[0.01381, 0.02634, 0.03337, 0.06687],  precision=[0.00276, 0.00263, 0.00167, 0.00134], hit=[0.01381, 0.02634, 0.03337, 0.06687], ndcg=[0.00973, 0.01370, 0.01546, 0.02189], Train Rec Loss=[0.04917], Eval Rec Loss=[0.04946], c=[0.50000], F=[0.75831, 0.64634, 0.64891, 0.77203], F_fuse=[0.00550, 0.00525, 0.00333, 0.00267]
[ INFO : 2026-07-27 08:00:05,286 ] - Epoch 23: train==[114.41924 = 0.70767 + 0.85402 + 20.70608 + 0.00124 + 0.00000 + 0.40402 + 613.91878]
[ INFO : 2026-07-27 08:00:14,171 ] - Test_@[5, 10, 20, 50]: Recall=[0.01394, 0.02634, 0.03350, 0.06713],  precision=[0.00279, 0.00263, 0.00167, 0.00134], hit=[0.01394, 0.02634, 0.03350, 0.06713], ndcg=[0.00975, 0.01367, 0.01546, 0.02190], Train Rec Loss=[0.04922], Eval Rec Loss=[0.04948], c=[0.50000], F=[0.75607, 0.64841, 0.64515, 0.77693], F_fuse=[0.00555, 0.00525, 0.00334, 0.00268]
[ INFO : 2026-07-27 08:02:06,783 ] - Epoch 24: train==[114.14027 = 0.70812 + 0.85404 + 20.46808 + 0.00129 + 0.00000 + 0.36279 + 613.91709]
[ INFO : 2026-07-27 08:02:15,587 ] - Test_@[5, 10, 20, 50]: Recall=[0.01381, 0.02647, 0.03350, 0.06662],  precision=[0.00276, 0.00265, 0.00167, 0.00133], hit=[0.01381, 0.02647, 0.03350, 0.06662], ndcg=[0.00975, 0.01376, 0.01552, 0.02185], Train Rec Loss=[0.04899], Eval Rec Loss=[0.04943], c=[0.50000], F=[0.75419, 0.64993, 0.63895, 0.77883], F_fuse=[0.00550, 0.00527, 0.00334, 0.00266]
[ INFO : 2026-07-27 08:04:07,789 ] - Epoch 25: train==[114.03616 = 0.70333 + 0.85402 + 20.40633 + 0.00133 + 0.00000 + 0.32511 + 613.91760]
[ INFO : 2026-07-27 08:04:16,591 ] - Test_@[5, 10, 20, 50]: Recall=[0.01355, 0.02647, 0.03376, 0.06636],  precision=[0.00271, 0.00265, 0.00169, 0.00133], hit=[0.01355, 0.02647, 0.03376, 0.06636], ndcg=[0.00958, 0.01368, 0.01549, 0.02171], Train Rec Loss=[0.04902], Eval Rec Loss=[0.04942], c=[0.50000], F=[0.75441, 0.65137, 0.63408, 0.78104], F_fuse=[0.00540, 0.00527, 0.00337, 0.00265]
[ INFO : 2026-07-27 08:06:08,735 ] - Epoch 26: train==[113.73303 = 0.70062 + 0.85400 + 20.14334 + 0.00138 + 0.00000 + 0.28777 + 613.91689]
[ INFO : 2026-07-27 08:06:17,599 ] - Test_@[5, 10, 20, 50]: Recall=[0.01330, 0.02647, 0.03376, 0.06636],  precision=[0.00266, 0.00265, 0.00169, 0.00133], hit=[0.01330, 0.02647, 0.03376, 0.06636], ndcg=[0.00946, 0.01365, 0.01546, 0.02168], Train Rec Loss=[0.04902], Eval Rec Loss=[0.04945], c=[0.50000], F=[0.75643, 0.65217, 0.63493, 0.77898], F_fuse=[0.00530, 0.00527, 0.00337, 0.00265]
[ INFO : 2026-07-27 08:08:10,282 ] - Epoch 27: train==[113.65235 = 0.69560 + 0.85401 + 20.09953 + 0.00142 + 0.00000 + 0.25590 + 613.91662]
[ INFO : 2026-07-27 08:08:19,123 ] - Test_@[5, 10, 20, 50]: Recall=[0.01330, 0.02634, 0.03388, 0.06585],  precision=[0.00266, 0.00263, 0.00169, 0.00132], hit=[0.01330, 0.02634, 0.03388, 0.06585], ndcg=[0.00949, 0.01364, 0.01552, 0.02163], Train Rec Loss=[0.04894], Eval Rec Loss=[0.04939], c=[0.50000], F=[0.76806, 0.65946, 0.63561, 0.78151], F_fuse=[0.00530, 0.00525, 0.00338, 0.00263]
[ INFO : 2026-07-27 08:10:10,798 ] - Epoch 28: train==[113.54564 = 0.69352 + 0.85397 + 20.02921 + 0.00146 + 0.00000 + 0.22154 + 613.91683]
[ INFO : 2026-07-27 08:10:19,676 ] - Test_@[5, 10, 20, 50]: Recall=[0.01317, 0.02583, 0.03388, 0.06585],  precision=[0.00263, 0.00258, 0.00169, 0.00132], hit=[0.01317, 0.02583, 0.03388, 0.06585], ndcg=[0.00946, 0.01350, 0.01552, 0.02163], Train Rec Loss=[0.04905], Eval Rec Loss=[0.04953], c=[0.50000], F=[0.75320, 0.66692, 0.63517, 0.78356], F_fuse=[0.00525, 0.00515, 0.00338, 0.00263]
[ INFO : 2026-07-27 08:12:11,691 ] - Epoch 29: train==[113.28486 = 0.69069 + 0.85398 + 19.79949 + 0.00150 + 0.00000 + 0.19310 + 613.91792]
[ INFO : 2026-07-27 08:12:20,540 ] - Test_@[5, 10, 20, 50]: Recall=[0.01343, 0.02583, 0.03388, 0.06598],  precision=[0.00269, 0.00258, 0.00169, 0.00132], hit=[0.01343, 0.02583, 0.03388, 0.06598], ndcg=[0.00954, 0.01350, 0.01552, 0.02165], Train Rec Loss=[0.04902], Eval Rec Loss=[0.04940], c=[0.50000], F=[0.75419, 0.66635, 0.63726, 0.78332], F_fuse=[0.00535, 0.00515, 0.00338, 0.00263]
[ INFO : 2026-07-27 08:14:13,147 ] - Epoch 30: train==[113.19474 = 0.68534 + 0.85396 + 19.74421 + 0.00154 + 0.00000 + 0.16387 + 613.91601]
[ INFO : 2026-07-27 08:14:21,987 ] - Test_@[5, 10, 20, 50]: Recall=[0.01355, 0.02583, 0.03388, 0.06559],  precision=[0.00271, 0.00258, 0.00169, 0.00131], hit=[0.01355, 0.02583, 0.03388, 0.06559], ndcg=[0.00961, 0.01353, 0.01555, 0.02160], Train Rec Loss=[0.04897], Eval Rec Loss=[0.04936], c=[0.50000], F=[0.76438, 0.67814, 0.63494, 0.78275], F_fuse=[0.00540, 0.00515, 0.00338, 0.00262]
[ INFO : 2026-07-27 08:16:13,764 ] - Epoch 31: train==[113.01508 = 0.67913 + 0.85392 + 19.59463 + 0.00158 + 0.00000 + 0.13997 + 613.91608]
[ INFO : 2026-07-27 08:16:22,608 ] - Test_@[5, 10, 20, 50]: Recall=[0.01330, 0.02596, 0.03388, 0.06457],  precision=[0.00266, 0.00260, 0.00169, 0.00129], hit=[0.01330, 0.02596, 0.03388, 0.06457], ndcg=[0.00949, 0.01354, 0.01553, 0.02139], Train Rec Loss=[0.04894], Eval Rec Loss=[0.04930], c=[0.50000], F=[0.77045, 0.66592, 0.63424, 0.78599], F_fuse=[0.00530, 0.00517, 0.00338, 0.00258]
[ INFO : 2026-07-27 08:18:14,000 ] - Epoch 32: train==[112.83698 = 0.67881 + 0.85391 + 19.44042 + 0.00162 + 0.00000 + 0.11626 + 613.91689]
[ INFO : 2026-07-27 08:18:22,829 ] - Test_@[5, 10, 20, 50]: Recall=[0.01330, 0.02596, 0.03388, 0.06521],  precision=[0.00266, 0.00260, 0.00169, 0.00130], hit=[0.01330, 0.02596, 0.03388, 0.06521], ndcg=[0.00954, 0.01359, 0.01558, 0.02155], Train Rec Loss=[0.04904], Eval Rec Loss=[0.04938], c=[0.50000], F=[0.76611, 0.67061, 0.63333, 0.78788], F_fuse=[0.00530, 0.00517, 0.00338, 0.00260]
[ INFO : 2026-07-27 08:20:15,271 ] - Epoch 33: train==[112.82346 = 0.67395 + 0.85390 + 19.45478 + 0.00164 + 0.00000 + 0.09336 + 613.91588]
[ INFO : 2026-07-27 08:20:24,122 ] - Test_@[5, 10, 20, 50]: Recall=[0.01343, 0.02583, 0.03388, 0.06546],  precision=[0.00269, 0.00258, 0.00169, 0.00131], hit=[0.01343, 0.02583, 0.03388, 0.06546], ndcg=[0.00961, 0.01357, 0.01560, 0.02162], Train Rec Loss=[0.04893], Eval Rec Loss=[0.04931], c=[0.50000], F=[0.75537, 0.68088, 0.63030, 0.78615], F_fuse=[0.00535, 0.00515, 0.00338, 0.00261]
[ INFO : 2026-07-27 08:22:17,159 ] - Epoch 34: train==[112.57066 = 0.67306 + 0.85391 + 19.22304 + 0.00169 + 0.00000 + 0.07310 + 613.91612]
[ INFO : 2026-07-27 08:22:26,004 ] - Test_@[5, 10, 20, 50]: Recall=[0.01317, 0.02583, 0.03376, 0.06495],  precision=[0.00263, 0.00258, 0.00169, 0.00130], hit=[0.01317, 0.02583, 0.03376, 0.06495], ndcg=[0.00949, 0.01354, 0.01553, 0.02150], Train Rec Loss=[0.04894], Eval Rec Loss=[0.04921], c=[0.50000], F=[0.77429, 0.67969, 0.62525, 0.78918], F_fuse=[0.00525, 0.00515, 0.00337, 0.00259]
[ INFO : 2026-07-27 08:24:17,727 ] - Epoch 35: train==[112.51301 = 0.66831 + 0.85387 + 19.18927 + 0.00172 + 0.00000 + 0.05404 + 613.91552]
[ INFO : 2026-07-27 08:24:26,520 ] - Test_@[5, 10, 20, 50]: Recall=[0.01330, 0.02596, 0.03376, 0.06483],  precision=[0.00266, 0.00260, 0.00169, 0.00130], hit=[0.01330, 0.02596, 0.03376, 0.06483], ndcg=[0.00957, 0.01361, 0.01557, 0.02151], Train Rec Loss=[0.04899], Eval Rec Loss=[0.04921], c=[0.50000], F=[0.76940, 0.68148, 0.62494, 0.79196], F_fuse=[0.00530, 0.00517, 0.00337, 0.00259]
[ INFO : 2026-07-27 08:26:19,132 ] - Epoch 36: train==[112.30966 = 0.66609 + 0.85385 + 19.00615 + 0.00175 + 0.00000 + 0.03608 + 613.91516]
[ INFO : 2026-07-27 08:26:27,967 ] - Test_@[5, 10, 20, 50]: Recall=[0.01330, 0.02557, 0.03376, 0.06393],  precision=[0.00266, 0.00256, 0.00169, 0.00128], hit=[0.01330, 0.02557, 0.03376, 0.06393], ndcg=[0.00961, 0.01353, 0.01560, 0.02138], Train Rec Loss=[0.04890], Eval Rec Loss=[0.04925], c=[0.50000], F=[0.75773, 0.68743, 0.62601, 0.78755], F_fuse=[0.00530, 0.00510, 0.00337, 0.00255]
[ INFO : 2026-07-27 08:28:20,400 ] - Epoch 37: train==[112.26734 = 0.65898 + 0.85386 + 18.98750 + 0.00179 + 0.00000 + 0.01960 + 613.91432]
[ INFO : 2026-07-27 08:28:29,243 ] - Test_@[5, 10, 20, 50]: Recall=[0.01343, 0.02570, 0.03363, 0.06534],  precision=[0.00269, 0.00257, 0.00168, 0.00131], hit=[0.01343, 0.02570, 0.03363, 0.06534], ndcg=[0.00970, 0.01361, 0.01561, 0.02166], Train Rec Loss=[0.04895], Eval Rec Loss=[0.04930], c=[0.50000], F=[0.74297, 0.69721, 0.63050, 0.78680], F_fuse=[0.00535, 0.00512, 0.00335, 0.00261]
[ INFO : 2026-07-27 08:30:22,202 ] - Epoch 38: train==[112.08045 = 0.65731 + 0.85382 + 18.81408 + 0.00183 + 0.00000 + 0.00765 + 613.91523]
[ INFO : 2026-07-27 08:30:30,992 ] - Test_@[5, 10, 20, 50]: Recall=[0.01291, 0.02481, 0.03299, 0.06367],  precision=[0.00258, 0.00248, 0.00165, 0.00127], hit=[0.01291, 0.02481, 0.03299, 0.06367], ndcg=[0.00938, 0.01320, 0.01529, 0.02116], Train Rec Loss=[0.04883], Eval Rec Loss=[0.04919], c=[0.50000], F=[0.80030, 0.72357, 0.63769, 0.78530], F_fuse=[0.00515, 0.00494, 0.00329, 0.00254]
[ INFO : 2026-07-27 08:32:23,706 ] - Epoch 39: train==[111.98793 = 0.65883 + 0.85381 + 18.72438 + 0.00184 + 0.00000 + 0.00310 + 613.91663]
[ INFO : 2026-07-27 08:32:32,551 ] - Test_@[5, 10, 20, 50]: Recall=[0.01304, 0.02442, 0.03273, 0.06406],  precision=[0.00261, 0.00244, 0.00164, 0.00128], hit=[0.01304, 0.02442, 0.03273, 0.06406], ndcg=[0.00931, 0.01295, 0.01508, 0.02105], Train Rec Loss=[0.04890], Eval Rec Loss=[0.04912], c=[0.50000], F=[0.80349, 0.73322, 0.63823, 0.78590], F_fuse=[0.00520, 0.00487, 0.00326, 0.00256]
[ INFO : 2026-07-27 08:34:24,504 ] - Epoch 40: train==[111.76905 = 0.64955 + 0.85377 + 18.51561 + 0.00187 + 0.00000 + 0.00209 + 613.91773]
[ INFO : 2026-07-27 08:34:33,296 ] - Test_@[5, 10, 20, 50]: Recall=[0.01317, 0.02468, 0.03273, 0.06380],  precision=[0.00263, 0.00247, 0.00164, 0.00128], hit=[0.01317, 0.02468, 0.03273, 0.06380], ndcg=[0.00942, 0.01309, 0.01515, 0.02105], Train Rec Loss=[0.04880], Eval Rec Loss=[0.04920], c=[0.50000], F=[0.76511, 0.73042, 0.63921, 0.78449], F_fuse=[0.00525, 0.00492, 0.00326, 0.00255]
[ INFO : 2026-07-27 08:36:26,598 ] - Epoch 41: train==[111.62421 = 0.65099 + 0.85376 + 18.36958 + 0.00191 + 0.00000 + 0.00169 + 613.91858]
[ INFO : 2026-07-27 08:36:35,444 ] - Test_@[5, 10, 20, 50]: Recall=[0.01330, 0.02481, 0.03286, 0.06483],  precision=[0.00266, 0.00248, 0.00164, 0.00130], hit=[0.01330, 0.02481, 0.03286, 0.06483], ndcg=[0.00945, 0.01313, 0.01518, 0.02124], Train Rec Loss=[0.04884], Eval Rec Loss=[0.04920], c=[0.50000], F=[0.77540, 0.73201, 0.63734, 0.78584], F_fuse=[0.00530, 0.00494, 0.00328, 0.00259]
[ INFO : 2026-07-27 08:38:28,017 ] - Epoch 42: train==[111.57933 = 0.64510 + 0.85374 + 18.33082 + 0.00194 + 0.00000 + 0.00142 + 613.91865]
[ INFO : 2026-07-27 08:38:36,897 ] - Test_@[5, 10, 20, 50]: Recall=[0.01343, 0.02468, 0.03260, 0.06291],  precision=[0.00269, 0.00247, 0.00163, 0.00126], hit=[0.01343, 0.02468, 0.03260, 0.06291], ndcg=[0.00951, 0.01310, 0.01512, 0.02089], Train Rec Loss=[0.04882], Eval Rec Loss=[0.04933], c=[0.50000], F=[0.75489, 0.73367, 0.63883, 0.78840], F_fuse=[0.00535, 0.00492, 0.00325, 0.00251]
[ INFO : 2026-07-27 08:40:29,739 ] - Epoch 43: train==[111.51021 = 0.64036 + 0.85368 + 18.26695 + 0.00194 + 0.00000 + 0.00121 + 613.91688]
[ INFO : 2026-07-27 08:40:38,626 ] - Test_@[5, 10, 20, 50]: Recall=[0.01279, 0.02468, 0.03260, 0.06304],  precision=[0.00256, 0.00247, 0.00163, 0.00126], hit=[0.01279, 0.02468, 0.03260, 0.06304], ndcg=[0.00920, 0.01300, 0.01503, 0.02082], Train Rec Loss=[0.04881], Eval Rec Loss=[0.04925], c=[0.50000], F=[0.76604, 0.73178, 0.64004, 0.78682], F_fuse=[0.00510, 0.00492, 0.00325, 0.00252]
[ INFO : 2026-07-27 08:42:31,678 ] - Epoch 44: train==[111.37100 = 0.63747 + 0.85369 + 18.13039 + 0.00198 + 0.00000 + 0.00106 + 613.91920]
[ INFO : 2026-07-27 08:42:40,571 ] - Test_@[5, 10, 20, 50]: Recall=[0.01343, 0.02429, 0.03248, 0.06214],  precision=[0.00269, 0.00243, 0.00162, 0.00124], hit=[0.01343, 0.02429, 0.03248, 0.06214], ndcg=[0.00933, 0.01277, 0.01488, 0.02052], Train Rec Loss=[0.04882], Eval Rec Loss=[0.04919], c=[0.50000], F=[0.79697, 0.73582, 0.63963, 0.78935], F_fuse=[0.00535, 0.00484, 0.00324, 0.00248]
[ INFO : 2026-07-27 08:44:33,475 ] - Epoch 45: train==[111.35990 = 0.63680 + 0.85367 + 18.12052 + 0.00199 + 0.00000 + 0.00091 + 613.91656]
[ INFO : 2026-07-27 08:44:42,376 ] - Test_@[5, 10, 20, 50]: Recall=[0.01304, 0.02468, 0.03248, 0.06227],  precision=[0.00261, 0.00247, 0.00162, 0.00125], hit=[0.01304, 0.02468, 0.03248, 0.06227], ndcg=[0.00910, 0.01279, 0.01478, 0.02044], Train Rec Loss=[0.04882], Eval Rec Loss=[0.04909], c=[0.50000], F=[0.79624, 0.73160, 0.64040, 0.78647], F_fuse=[0.00520, 0.00492, 0.00324, 0.00249]
[ INFO : 2026-07-27 08:46:34,437 ] - Epoch 46: train==[111.28659 = 0.63823 + 0.85365 + 18.04569 + 0.00200 + 0.00000 + 0.00080 + 613.91788]
[ INFO : 2026-07-27 08:46:43,322 ] - Test_@[5, 10, 20, 50]: Recall=[0.01304, 0.02429, 0.03273, 0.06150],  precision=[0.00261, 0.00243, 0.00164, 0.00123], hit=[0.01304, 0.02429, 0.03273, 0.06150], ndcg=[0.00921, 0.01279, 0.01495, 0.02039], Train Rec Loss=[0.04877], Eval Rec Loss=[0.04918], c=[0.50000], F=[0.78259, 0.73936, 0.63846, 0.78466], F_fuse=[0.00520, 0.00484, 0.00326, 0.00246]
[ INFO : 2026-07-27 08:48:34,867 ] - Epoch 47: train==[111.12216 = 0.63991 + 0.85364 + 17.87959 + 0.00203 + 0.00000 + 0.00071 + 613.91823]
[ INFO : 2026-07-27 08:48:43,688 ] - Test_@[5, 10, 20, 50]: Recall=[0.01215, 0.02391, 0.03273, 0.06137],  precision=[0.00243, 0.00239, 0.00164, 0.00123], hit=[0.01215, 0.02391, 0.03273, 0.06137], ndcg=[0.00870, 0.01249, 0.01474, 0.02016], Train Rec Loss=[0.04868], Eval Rec Loss=[0.04905], c=[0.50000], F=[0.76748, 0.74011, 0.63957, 0.78265], F_fuse=[0.00484, 0.00477, 0.00326, 0.00245]
[ INFO : 2026-07-27 08:50:35,039 ] - Epoch 48: train==[111.00654 = 0.62660 + 0.85360 + 17.77678 + 0.00206 + 0.00000 + 0.00065 + 613.92186]
[ INFO : 2026-07-27 08:50:43,842 ] - Test_@[5, 10, 20, 50]: Recall=[0.01266, 0.02417, 0.03273, 0.06048],  precision=[0.00253, 0.00242, 0.00164, 0.00121], hit=[0.01266, 0.02417, 0.03273, 0.06048], ndcg=[0.00891, 0.01263, 0.01480, 0.02006], Train Rec Loss=[0.04872], Eval Rec Loss=[0.04910], c=[0.50000], F=[0.75223, 0.74254, 0.64151, 0.78597], F_fuse=[0.00505, 0.00482, 0.00326, 0.00242]
[ INFO : 2026-07-27 08:52:35,240 ] - Epoch 49: train==[110.90036 = 0.62052 + 0.85356 + 17.67688 + 0.00210 + 0.00000 + 0.00058 + 613.92092]
[ INFO : 2026-07-27 08:52:44,078 ] - Test_@[5, 10, 20, 50]: Recall=[0.01189, 0.02404, 0.03273, 0.05997],  precision=[0.00238, 0.00240, 0.00164, 0.00120], hit=[0.01189, 0.02404, 0.03273, 0.05997], ndcg=[0.00867, 0.01259, 0.01480, 0.01994], Train Rec Loss=[0.04876], Eval Rec Loss=[0.04899], c=[0.50000], F=[0.74482, 0.74348, 0.64108, 0.78715], F_fuse=[0.00474, 0.00479, 0.00326, 0.00240]
[ INFO : 2026-07-27 08:54:35,495 ] - Epoch 50: train==[110.84995 = 0.61967 + 0.85354 + 17.62736 + 0.00212 + 0.00000 + 0.00052 + 613.92110]
[ INFO : 2026-07-27 08:54:44,332 ] - Test_@[5, 10, 20, 50]: Recall=[0.01240, 0.02391, 0.03273, 0.05997],  precision=[0.00248, 0.00239, 0.00164, 0.00120], hit=[0.01240, 0.02391, 0.03273, 0.05997], ndcg=[0.00881, 0.01254, 0.01477, 0.01990], Train Rec Loss=[0.04878], Eval Rec Loss=[0.04915], c=[0.50000], F=[0.75297, 0.74909, 0.63689, 0.78540], F_fuse=[0.00494, 0.00477, 0.00326, 0.00240]
[ INFO : 2026-07-27 08:56:36,286 ] - Epoch 51: train==[110.76747 = 0.61800 + 0.85349 + 17.54632 + 0.00211 + 0.00000 + 0.00047 + 613.92311]
[ INFO : 2026-07-27 08:56:45,069 ] - Test_@[5, 10, 20, 50]: Recall=[0.01304, 0.02391, 0.03260, 0.05882],  precision=[0.00261, 0.00239, 0.00163, 0.00118], hit=[0.01304, 0.02391, 0.03260, 0.05882], ndcg=[0.00922, 0.01267, 0.01488, 0.01983], Train Rec Loss=[0.04868], Eval Rec Loss=[0.04907], c=[0.50000], F=[0.77815, 0.74402, 0.63809, 0.78539], F_fuse=[0.00520, 0.00477, 0.00325, 0.00235]
[ INFO : 2026-07-27 08:58:37,866 ] - Epoch 52: train==[110.63475 = 0.61534 + 0.85346 + 17.41692 + 0.00215 + 0.00000 + 0.00044 + 613.91885]
[ INFO : 2026-07-27 08:58:46,743 ] - Test_@[5, 10, 20, 50]: Recall=[0.01087, 0.02365, 0.03222, 0.05869],  precision=[0.00217, 0.00237, 0.00161, 0.00117], hit=[0.01087, 0.02365, 0.03222, 0.05869], ndcg=[0.00815, 0.01231, 0.01446, 0.01947], Train Rec Loss=[0.04875], Eval Rec Loss=[0.04908], c=[0.50000], F=[0.78000, 0.74732, 0.63722, 0.78504], F_fuse=[0.00434, 0.00472, 0.00321, 0.00234]
[ INFO : 2026-07-27 09:00:39,610 ] - Epoch 53: train==[110.65313 = 0.61174 + 0.85342 + 17.43919 + 0.00215 + 0.00000 + 0.00038 + 613.91732]
[ INFO : 2026-07-27 09:00:48,460 ] - Test_@[5, 10, 20, 50]: Recall=[0.01138, 0.02365, 0.03197, 0.05818],  precision=[0.00228, 0.00237, 0.00160, 0.00116], hit=[0.01138, 0.02365, 0.03197, 0.05818], ndcg=[0.00829, 0.01231, 0.01441, 0.01938], Train Rec Loss=[0.04873], Eval Rec Loss=[0.04907], c=[0.50000], F=[0.78652, 0.74616, 0.63991, 0.78617], F_fuse=[0.00454, 0.00472, 0.00319, 0.00232]
[ INFO : 2026-07-27 09:02:41,331 ] - Epoch 54: train==[110.41509 = 0.60772 + 0.85341 + 17.20514 + 0.00219 + 0.00000 + 0.00036 + 613.91746]
[ INFO : 2026-07-27 09:02:50,191 ] - Test_@[5, 10, 20, 50]: Recall=[0.01138, 0.02327, 0.03209, 0.05830],  precision=[0.00228, 0.00233, 0.00160, 0.00117], hit=[0.01138, 0.02327, 0.03209, 0.05830], ndcg=[0.00829, 0.01217, 0.01440, 0.01937], Train Rec Loss=[0.04870], Eval Rec Loss=[0.04913], c=[0.50000], F=[0.75843, 0.74634, 0.64035, 0.78686], F_fuse=[0.00454, 0.00464, 0.00320, 0.00233]
[ INFO : 2026-07-27 09:04:42,945 ] - Epoch 55: train==[110.36138 = 0.60507 + 0.85336 + 17.15392 + 0.00220 + 0.00000 + 0.00035 + 613.91877]
[ INFO : 2026-07-27 09:04:51,804 ] - Test_@[5, 10, 20, 50]: Recall=[0.01087, 0.02314, 0.03209, 0.05767],  precision=[0.00217, 0.00231, 0.00160, 0.00115], hit=[0.01087, 0.02314, 0.03209, 0.05767], ndcg=[0.00811, 0.01213, 0.01438, 0.01922], Train Rec Loss=[0.04870], Eval Rec Loss=[0.04908], c=[0.50000], F=[0.76153, 0.74816, 0.64314, 0.78481], F_fuse=[0.00433, 0.00461, 0.00320, 0.00230]
[ INFO : 2026-07-27 09:06:44,970 ] - Epoch 56: train==[110.35253 = 0.60584 + 0.85336 + 17.14444 + 0.00223 + 0.00000 + 0.00031 + 613.91800]
[ INFO : 2026-07-27 09:06:53,828 ] - Test_@[5, 10, 20, 50]: Recall=[0.01048, 0.02276, 0.03145, 0.05754],  precision=[0.00210, 0.00228, 0.00157, 0.00115], hit=[0.01048, 0.02276, 0.03145, 0.05754], ndcg=[0.00789, 0.01190, 0.01407, 0.01903], Train Rec Loss=[0.04874], Eval Rec Loss=[0.04901], c=[0.50000], F=[0.77585, 0.74982, 0.64632, 0.78328], F_fuse=[0.00418, 0.00454, 0.00314, 0.00230]
[ INFO : 2026-07-27 09:08:46,151 ] - Epoch 57: train==[110.22424 = 0.60730 + 0.85335 + 17.01510 + 0.00223 + 0.00000 + 0.00029 + 613.91540]
[ INFO : 2026-07-27 09:08:54,938 ] - Test_@[5, 10, 20, 50]: Recall=[0.01138, 0.02314, 0.03133, 0.05741],  precision=[0.00228, 0.00231, 0.00157, 0.00115], hit=[0.01138, 0.02314, 0.03133, 0.05741], ndcg=[0.00825, 0.01212, 0.01417, 0.01913], Train Rec Loss=[0.04867], Eval Rec Loss=[0.04901], c=[0.50000], F=[0.79560, 0.74381, 0.64652, 0.78460], F_fuse=[0.00454, 0.00461, 0.00313, 0.00229]
[ INFO : 2026-07-27 09:10:47,002 ] - Epoch 58: train==[110.20449 = 0.59650 + 0.85329 + 17.00548 + 0.00226 + 0.00000 + 0.00028 + 613.91997]
[ INFO : 2026-07-27 09:10:55,843 ] - Test_@[5, 10, 20, 50]: Recall=[0.01061, 0.02263, 0.03133, 0.05626],  precision=[0.00212, 0.00226, 0.00157, 0.00113], hit=[0.01061, 0.02263, 0.03133, 0.05626], ndcg=[0.00794, 0.01187, 0.01405, 0.01879], Train Rec Loss=[0.04871], Eval Rec Loss=[0.04915], c=[0.50000], F=[0.76358, 0.74768, 0.64891, 0.78669], F_fuse=[0.00423, 0.00451, 0.00313, 0.00225]
[ INFO : 2026-07-27 09:12:48,151 ] - Epoch 59: train==[110.11539 = 0.60286 + 0.85328 + 16.90970 + 0.00227 + 0.00000 + 0.00028 + 613.92208]
[ INFO : 2026-07-27 09:12:56,932 ] - Test_@[5, 10, 20, 50]: Recall=[0.01151, 0.02276, 0.03133, 0.05677],  precision=[0.00230, 0.00228, 0.00157, 0.00114], hit=[0.01151, 0.02276, 0.03133, 0.05677], ndcg=[0.00841, 0.01204, 0.01421, 0.01905], Train Rec Loss=[0.04868], Eval Rec Loss=[0.04906], c=[0.50000], F=[0.73158, 0.74808, 0.64801, 0.78904], F_fuse=[0.00459, 0.00454, 0.00313, 0.00227]
[ INFO : 2026-07-27 09:14:49,551 ] - Epoch 60: train==[109.96571 = 0.59881 + 0.85322 + 16.76492 + 0.00231 + 0.00000 + 0.00028 + 613.91635]
[ INFO : 2026-07-27 09:14:58,369 ] - Test_@[5, 10, 20, 50]: Recall=[0.01048, 0.02238, 0.03081, 0.05690],  precision=[0.00210, 0.00224, 0.00154, 0.00114], hit=[0.01048, 0.02238, 0.03081, 0.05690], ndcg=[0.00787, 0.01172, 0.01385, 0.01881], Train Rec Loss=[0.04868], Eval Rec Loss=[0.04904], c=[0.50000], F=[0.75920, 0.74496, 0.65204, 0.79037], F_fuse=[0.00418, 0.00446, 0.00307, 0.00227]
[ INFO : 2026-07-27 09:16:51,383 ] - Epoch 61: train==[109.84201 = 0.59124 + 0.85316 + 16.64788 + 0.00232 + 0.00000 + 0.00027 + 613.92261]
[ INFO : 2026-07-27 09:17:00,224 ] - Test_@[5, 10, 20, 50]: Recall=[0.01087, 0.02314, 0.03171, 0.05690],  precision=[0.00217, 0.00231, 0.00159, 0.00114], hit=[0.01087, 0.02314, 0.03171, 0.05690], ndcg=[0.00801, 0.01198, 0.01414, 0.01890], Train Rec Loss=[0.04862], Eval Rec Loss=[0.04906], c=[0.50000], F=[0.76661, 0.74717, 0.65300, 0.78899], F_fuse=[0.00433, 0.00461, 0.00316, 0.00227]
[ INFO : 2026-07-27 09:18:52,129 ] - Epoch 62: train==[109.76639 = 0.58870 + 0.85316 + 16.57553 + 0.00233 + 0.00000 + 0.00027 + 613.91768]
[ INFO : 2026-07-27 09:19:00,999 ] - Test_@[5, 10, 20, 50]: Recall=[0.01048, 0.02250, 0.03107, 0.05715],  precision=[0.00210, 0.00225, 0.00155, 0.00114], hit=[0.01048, 0.02250, 0.03107, 0.05715], ndcg=[0.00781, 0.01176, 0.01392, 0.01888], Train Rec Loss=[0.04868], Eval Rec Loss=[0.04892], c=[0.50000], F=[0.77492, 0.73867, 0.65355, 0.78956], F_fuse=[0.00418, 0.00449, 0.00310, 0.00228]
[ INFO : 2026-07-27 09:20:52,443 ] - Epoch 63: train==[109.72391 = 0.58386 + 0.85311 + 16.53754 + 0.00237 + 0.00000 + 0.00027 + 613.92002]
[ INFO : 2026-07-27 09:21:01,239 ] - Test_@[5, 10, 20, 50]: Recall=[0.01100, 0.02276, 0.03094, 0.05639],  precision=[0.00220, 0.00228, 0.00155, 0.00113], hit=[0.01100, 0.02276, 0.03094, 0.05639], ndcg=[0.00798, 0.01181, 0.01386, 0.01869], Train Rec Loss=[0.04862], Eval Rec Loss=[0.04896], c=[0.50000], F=[0.80416, 0.73959, 0.65637, 0.79018], F_fuse=[0.00439, 0.00454, 0.00309, 0.00225]
[ INFO : 2026-07-27 09:22:52,793 ] - Epoch 64: train==[109.77900 = 0.57919 + 0.85305 + 16.59756 + 0.00236 + 0.00000 + 0.00026 + 613.91866]
[ INFO : 2026-07-27 09:23:01,622 ] - Test_@[5, 10, 20, 50]: Recall=[0.01087, 0.02250, 0.03094, 0.05690],  precision=[0.00217, 0.00225, 0.00155, 0.00114], hit=[0.01087, 0.02250, 0.03094, 0.05690], ndcg=[0.00799, 0.01178, 0.01392, 0.01885], Train Rec Loss=[0.04859], Eval Rec Loss=[0.04897], c=[0.50000], F=[0.74277, 0.74359, 0.65396, 0.79154], F_fuse=[0.00433, 0.00449, 0.00309, 0.00227]
[ INFO : 2026-07-27 09:24:53,208 ] - Epoch 65: train==[109.68785 = 0.58070 + 0.85301 + 16.50473 + 0.00240 + 0.00000 + 0.00026 + 613.91971]
[ INFO : 2026-07-27 09:25:02,036 ] - Test_@[5, 10, 20, 50]: Recall=[0.01023, 0.02263, 0.03107, 0.05677],  precision=[0.00205, 0.00226, 0.00155, 0.00114], hit=[0.01023, 0.02263, 0.03107, 0.05677], ndcg=[0.00772, 0.01174, 0.01386, 0.01873], Train Rec Loss=[0.04857], Eval Rec Loss=[0.04896], c=[0.50000], F=[0.77968, 0.74257, 0.65792, 0.79354], F_fuse=[0.00408, 0.00451, 0.00310, 0.00227]
[ INFO : 2026-07-27 09:26:53,435 ] - Epoch 66: train==[109.62630 = 0.57750 + 0.85301 + 16.44642 + 0.00240 + 0.00000 + 0.00025 + 613.91952]
[ INFO : 2026-07-27 09:27:02,260 ] - Test_@[5, 10, 20, 50]: Recall=[0.01112, 0.02263, 0.03107, 0.05651],  precision=[0.00222, 0.00226, 0.00155, 0.00113], hit=[0.01112, 0.02263, 0.03107, 0.05651], ndcg=[0.00801, 0.01177, 0.01389, 0.01872], Train Rec Loss=[0.04859], Eval Rec Loss=[0.04894], c=[0.50000], F=[0.80761, 0.73363, 0.65808, 0.79178], F_fuse=[0.00444, 0.00451, 0.00310, 0.00226]
[ INFO : 2026-07-27 09:28:54,147 ] - Epoch 67: train==[109.46879 = 0.57722 + 0.85294 + 16.28962 + 0.00243 + 0.00000 + 0.00026 + 613.91664]
[ INFO : 2026-07-27 09:29:02,998 ] - Test_@[5, 10, 20, 50]: Recall=[0.01023, 0.02225, 0.03043, 0.05639],  precision=[0.00205, 0.00222, 0.00152, 0.00113], hit=[0.01023, 0.02225, 0.03043, 0.05639], ndcg=[0.00769, 0.01162, 0.01366, 0.01859], Train Rec Loss=[0.04858], Eval Rec Loss=[0.04890], c=[0.50000], F=[0.79064, 0.74271, 0.66189, 0.79360], F_fuse=[0.00408, 0.00444, 0.00304, 0.00225]
[ INFO : 2026-07-27 09:30:55,400 ] - Epoch 68: train==[109.43006 = 0.57421 + 0.85290 + 16.25403 + 0.00247 + 0.00000 + 0.00025 + 613.91569]
[ INFO : 2026-07-27 09:31:04,261 ] - Test_@[5, 10, 20, 50]: Recall=[0.01176, 0.02225, 0.03056, 0.05715],  precision=[0.00235, 0.00222, 0.00153, 0.00114], hit=[0.01176, 0.02225, 0.03056, 0.05715], ndcg=[0.00827, 0.01170, 0.01379, 0.01883], Train Rec Loss=[0.04864], Eval Rec Loss=[0.04902], c=[0.50000], F=[0.87277, 0.73154, 0.65971, 0.79589], F_fuse=[0.00469, 0.00444, 0.00305, 0.00228]
[ INFO : 2026-07-27 09:32:56,952 ] - Epoch 69: train==[109.40353 = 0.57020 + 0.85287 + 16.23152 + 0.00247 + 0.00000 + 0.00025 + 613.91586]
[ INFO : 2026-07-27 09:33:05,792 ] - Test_@[5, 10, 20, 50]: Recall=[0.01279, 0.02238, 0.03030, 0.05664],  precision=[0.00256, 0.00224, 0.00152, 0.00113], hit=[0.01279, 0.02238, 0.03030, 0.05664], ndcg=[0.00850, 0.01161, 0.01360, 0.01861], Train Rec Loss=[0.04854], Eval Rec Loss=[0.04885], c=[0.50000], F=[0.88136, 0.72522, 0.65674, 0.79635], F_fuse=[0.00510, 0.00446, 0.00302, 0.00226]
[ INFO : 2026-07-27 09:34:58,784 ] - Epoch 70: train==[109.35308 = 0.57452 + 0.85277 + 16.17641 + 0.00250 + 0.00000 + 0.00024 + 613.91830]
[ INFO : 2026-07-27 09:35:07,625 ] - Test_@[5, 10, 20, 50]: Recall=[0.01125, 0.02186, 0.03030, 0.05600],  precision=[0.00225, 0.00219, 0.00152, 0.00112], hit=[0.01125, 0.02186, 0.03030, 0.05600], ndcg=[0.00795, 0.01143, 0.01357, 0.01846], Train Rec Loss=[0.04852], Eval Rec Loss=[0.04890], c=[0.50000], F=[0.86066, 0.73272, 0.65915, 0.79666], F_fuse=[0.00449, 0.00436, 0.00302, 0.00224]
[ INFO : 2026-07-27 09:37:00,058 ] - Epoch 71: train==[109.26643 = 0.56492 + 0.85274 + 16.09920 + 0.00248 + 0.00000 + 0.00024 + 613.91965]
[ INFO : 2026-07-27 09:37:08,901 ] - Test_@[5, 10, 20, 50]: Recall=[0.01151, 0.02238, 0.02992, 0.05588],  precision=[0.00230, 0.00224, 0.00150, 0.00112], hit=[0.01151, 0.02238, 0.02992, 0.05588], ndcg=[0.00813, 0.01166, 0.01358, 0.01853], Train Rec Loss=[0.04855], Eval Rec Loss=[0.04886], c=[0.50000], F=[0.83186, 0.73704, 0.65900, 0.79947], F_fuse=[0.00459, 0.00446, 0.00299, 0.00223]
[ INFO : 2026-07-27 09:39:01,455 ] - Epoch 72: train==[109.18164 = 0.56300 + 0.85262 + 16.01662 + 0.00252 + 0.00000 + 0.00024 + 613.91795]
[ INFO : 2026-07-27 09:39:10,256 ] - Test_@[5, 10, 20, 50]: Recall=[0.01112, 0.02186, 0.03005, 0.05677],  precision=[0.00222, 0.00219, 0.00150, 0.00114], hit=[0.01112, 0.02186, 0.03005, 0.05677], ndcg=[0.00794, 0.01145, 0.01352, 0.01861], Train Rec Loss=[0.04857], Eval Rec Loss=[0.04891], c=[0.50000], F=[0.83519, 0.73940, 0.66496, 0.79973], F_fuse=[0.00444, 0.00436, 0.00300, 0.00227]
[ INFO : 2026-07-27 09:41:03,331 ] - Epoch 73: train==[109.11117 = 0.56530 + 0.85260 + 15.94414 + 0.00253 + 0.00000 + 0.00024 + 613.91598]
[ INFO : 2026-07-27 09:41:12,183 ] - Test_@[5, 10, 20, 50]: Recall=[0.01176, 0.02161, 0.02966, 0.05549],  precision=[0.00235, 0.00216, 0.00148, 0.00111], hit=[0.01176, 0.02161, 0.02966, 0.05549], ndcg=[0.00820, 0.01140, 0.01344, 0.01837], Train Rec Loss=[0.04854], Eval Rec Loss=[0.04897], c=[0.50000], F=[0.88580, 0.73278, 0.66788, 0.79970], F_fuse=[0.00469, 0.00431, 0.00296, 0.00222]
[ INFO : 2026-07-27 09:43:05,365 ] - Epoch 74: train==[109.00312 = 0.55607 + 0.85252 + 15.84535 + 0.00256 + 0.00000 + 0.00024 + 613.91597]
[ INFO : 2026-07-27 09:43:14,207 ] - Test_@[5, 10, 20, 50]: Recall=[0.01202, 0.02148, 0.02928, 0.05613],  precision=[0.00240, 0.00215, 0.00146, 0.00112], hit=[0.01202, 0.02148, 0.02928, 0.05613], ndcg=[0.00816, 0.01124, 0.01323, 0.01837], Train Rec Loss=[0.04855], Eval Rec Loss=[0.04892], c=[0.50000], F=[0.87002, 0.73122, 0.66999, 0.79951], F_fuse=[0.00479, 0.00428, 0.00292, 0.00224]
[ INFO : 2026-07-27 09:45:06,172 ] - Epoch 75: train==[108.94216 = 0.55543 + 0.85242 + 15.78477 + 0.00257 + 0.00000 + 0.00024 + 613.91801]
[ INFO : 2026-07-27 09:45:15,015 ] - Test_@[5, 10, 20, 50]: Recall=[0.01151, 0.02148, 0.02954, 0.05588],  precision=[0.00230, 0.00215, 0.00148, 0.00112], hit=[0.01151, 0.02148, 0.02954, 0.05588], ndcg=[0.00794, 0.01116, 0.01320, 0.01823], Train Rec Loss=[0.04859], Eval Rec Loss=[0.04894], c=[0.50000], F=[0.88692, 0.73293, 0.67788, 0.80072], F_fuse=[0.00459, 0.00428, 0.00295, 0.00223]
[ INFO : 2026-07-27 09:47:07,689 ] - Epoch 76: train==[108.85809 = 0.55707 + 0.85239 + 15.69928 + 0.00258 + 0.00000 + 0.00023 + 613.91661]
[ INFO : 2026-07-27 09:47:16,532 ] - Test_@[5, 10, 20, 50]: Recall=[0.01202, 0.02186, 0.02928, 0.05575],  precision=[0.00240, 0.00219, 0.00146, 0.00111], hit=[0.01202, 0.02186, 0.02928, 0.05575], ndcg=[0.00816, 0.01135, 0.01323, 0.01830], Train Rec Loss=[0.04850], Eval Rec Loss=[0.04880], c=[0.50000], F=[0.86145, 0.73678, 0.68060, 0.80296], F_fuse=[0.00479, 0.00436, 0.00292, 0.00223]
[ INFO : 2026-07-27 09:49:08,945 ] - Epoch 77: train==[108.88301 = 0.55635 + 0.85226 + 15.72459 + 0.00260 + 0.00000 + 0.00023 + 613.91925]
[ INFO : 2026-07-27 09:49:17,738 ] - Test_@[5, 10, 20, 50]: Recall=[0.01151, 0.02174, 0.02966, 0.05677],  precision=[0.00230, 0.00217, 0.00148, 0.00114], hit=[0.01151, 0.02174, 0.02966, 0.05677], ndcg=[0.00791, 0.01124, 0.01325, 0.01842], Train Rec Loss=[0.04852], Eval Rec Loss=[0.04885], c=[0.50000], F=[0.86388, 0.73402, 0.68086, 0.80360], F_fuse=[0.00459, 0.00433, 0.00296, 0.00227]
[ INFO : 2026-07-27 09:51:10,174 ] - Epoch 78: train==[108.74945 = 0.55911 + 0.85221 + 15.58872 + 0.00261 + 0.00000 + 0.00023 + 613.91633]
[ INFO : 2026-07-27 09:51:19,032 ] - Test_@[5, 10, 20, 50]: Recall=[0.01112, 0.02174, 0.02941, 0.05677],  precision=[0.00222, 0.00217, 0.00147, 0.00114], hit=[0.01112, 0.02174, 0.02941, 0.05677], ndcg=[0.00784, 0.01133, 0.01327, 0.01850], Train Rec Loss=[0.04851], Eval Rec Loss=[0.04884], c=[0.50000], F=[0.83039, 0.73016, 0.68336, 0.80304], F_fuse=[0.00444, 0.00433, 0.00293, 0.00227]
[ INFO : 2026-07-27 09:53:10,925 ] - Epoch 79: train==[108.72047 = 0.55192 + 0.85214 + 15.56720 + 0.00262 + 0.00000 + 0.00023 + 613.91479]
[ INFO : 2026-07-27 09:53:19,766 ] - Test_@[5, 10, 20, 50]: Recall=[0.01048, 0.02238, 0.02979, 0.05703],  precision=[0.00210, 0.00224, 0.00149, 0.00114], hit=[0.01048, 0.02238, 0.02979, 0.05703], ndcg=[0.00757, 0.01146, 0.01333, 0.01853], Train Rec Loss=[0.04850], Eval Rec Loss=[0.04877], c=[0.50000], F=[0.78629, 0.73366, 0.68004, 0.80381], F_fuse=[0.00418, 0.00446, 0.00297, 0.00228]
[ INFO : 2026-07-27 09:55:11,126 ] - Epoch 80: train==[108.64508 = 0.55112 + 0.85207 + 15.49266 + 0.00265 + 0.00000 + 0.00023 + 613.91452]
[ INFO : 2026-07-27 09:55:19,925 ] - Test_@[5, 10, 20, 50]: Recall=[0.01125, 0.02122, 0.02877, 0.05715],  precision=[0.00225, 0.00212, 0.00144, 0.00114], hit=[0.01125, 0.02122, 0.02877, 0.05715], ndcg=[0.00777, 0.01101, 0.01293, 0.01838], Train Rec Loss=[0.04862], Eval Rec Loss=[0.04886], c=[0.50000], F=[0.89088, 0.73889, 0.68681, 0.80674], F_fuse=[0.00449, 0.00423, 0.00287, 0.00228]
[ INFO : 2026-07-27 09:57:11,222 ] - Epoch 81: train==[108.48931 = 0.54280 + 0.85201 + 15.34457 + 0.00266 + 0.00000 + 0.00023 + 613.91891]
[ INFO : 2026-07-27 09:57:20,051 ] - Test_@[5, 10, 20, 50]: Recall=[0.01164, 0.02097, 0.02941, 0.05741],  precision=[0.00233, 0.00210, 0.00147, 0.00115], hit=[0.01164, 0.02097, 0.02941, 0.05741], ndcg=[0.00797, 0.01102, 0.01318, 0.01854], Train Rec Loss=[0.04851], Eval Rec Loss=[0.04897], c=[0.50000], F=[0.86474, 0.72861, 0.68532, 0.80698], F_fuse=[0.00464, 0.00418, 0.00293, 0.00229]
[ INFO : 2026-07-27 09:59:12,473 ] - Epoch 82: train==[108.54612 = 0.53974 + 0.85195 + 15.40460 + 0.00266 + 0.00000 + 0.00022 + 613.91805]
[ INFO : 2026-07-27 09:59:21,279 ] - Test_@[5, 10, 20, 50]: Recall=[0.01164, 0.02135, 0.02902, 0.05626],  precision=[0.00233, 0.00214, 0.00145, 0.00113], hit=[0.01164, 0.02135, 0.02902, 0.05626], ndcg=[0.00792, 0.01108, 0.01305, 0.01827], Train Rec Loss=[0.04855], Eval Rec Loss=[0.04884], c=[0.50000], F=[0.87372, 0.73512, 0.68719, 0.80658], F_fuse=[0.00464, 0.00426, 0.00290, 0.00225]
[ INFO : 2026-07-27 10:01:13,994 ] - Epoch 83: train==[108.43490 = 0.53999 + 0.85180 + 15.29334 + 0.00270 + 0.00000 + 0.00022 + 613.91701]
[ INFO : 2026-07-27 10:01:22,850 ] - Test_@[5, 10, 20, 50]: Recall=[0.01138, 0.02097, 0.02902, 0.05690],  precision=[0.00228, 0.00210, 0.00145, 0.00114], hit=[0.01138, 0.02097, 0.02902, 0.05690], ndcg=[0.00777, 0.01092, 0.01298, 0.01831], Train Rec Loss=[0.04850], Eval Rec Loss=[0.04881], c=[0.50000], F=[0.89385, 0.72997, 0.68572, 0.80844], F_fuse=[0.00454, 0.00418, 0.00290, 0.00227]
[ INFO : 2026-07-27 10:03:15,673 ] - Epoch 84: train==[108.33293 = 0.53883 + 0.85166 + 15.19299 + 0.00272 + 0.00000 + 0.00022 + 613.91448]
[ INFO : 2026-07-27 10:03:24,484 ] - Test_@[5, 10, 20, 50]: Recall=[0.01112, 0.02071, 0.02902, 0.05639],  precision=[0.00222, 0.00207, 0.00145, 0.00113], hit=[0.01112, 0.02071, 0.02902, 0.05639], ndcg=[0.00772, 0.01085, 0.01297, 0.01822], Train Rec Loss=[0.04848], Eval Rec Loss=[0.04891], c=[0.50000], F=[0.87960, 0.73798, 0.69195, 0.81104], F_fuse=[0.00444, 0.00413, 0.00290, 0.00225]
[ INFO : 2026-07-27 10:05:16,931 ] - Epoch 85: train==[108.29377 = 0.53611 + 0.85156 + 15.15596 + 0.00270 + 0.00000 + 0.00022 + 613.91888]
[ INFO : 2026-07-27 10:05:25,777 ] - Test_@[5, 10, 20, 50]: Recall=[0.01164, 0.02122, 0.02890, 0.05575],  precision=[0.00233, 0.00212, 0.00144, 0.00111], hit=[0.01164, 0.02122, 0.02890, 0.05575], ndcg=[0.00793, 0.01102, 0.01298, 0.01811], Train Rec Loss=[0.04847], Eval Rec Loss=[0.04888], c=[0.50000], F=[0.88935, 0.73962, 0.69080, 0.80958], F_fuse=[0.00464, 0.00423, 0.00288, 0.00223]
