Job 74447 on gpu01; lambda_cf=1.0; group_k=10; seed=9; started Wed Jul 29 03:10:48 AM UTC 2026
Wed Jul 29 03:10:48 2026       
+-----------------------------------------------------------------------------+
| NVIDIA-SMI 525.147.05   Driver Version: 525.147.05   CUDA Version: 12.0     |
|-------------------------------+----------------------+----------------------+
| GPU  Name        Persistence-M| Bus-Id        Disp.A | Volatile Uncorr. ECC |
| Fan  Temp  Perf  Pwr:Usage/Cap|         Memory-Usage | GPU-Util  Compute M. |
|                               |                      |               MIG M. |
|===============================+======================+======================|
|   0  NVIDIA A100-SXM...  On   | 00000000:90:00.0 Off |                    0 |
| N/A   31C    P0    58W / 400W |      0MiB / 40960MiB |      0%      Default |
|                               |                      |             Disabled |
+-------------------------------+----------------------+----------------------+
                                                                               
+-----------------------------------------------------------------------------+
| Processes:                                                                  |
|  GPU   GI   CI        PID   Type   Process name                  GPU Memory |
|        ID   ID                                                   Usage      |
|=============================================================================|
|  No running processes found                                                 |
+-----------------------------------------------------------------------------+
[ INFO : 2026-07-29 03:11:10,650 ] - Preprocess missing values with zero
[ INFO : 2026-07-29 03:11:13,110 ] - Pretrained diffusion model is loaded from: ./checkpoint/baby/best_model.pth
[ INFO : 2026-07-29 03:11:14,222 ] - Completed data loaded from: ./checkpoint/baby/completed_data.pkl
/media/lhbac29/raid-cf/main.py:106: DeprecationWarning: Please import `csr_matrix` from the `scipy.sparse` namespace; the `scipy.sparse.csr` namespace is deprecated and will be removed in SciPy 2.0.0.
  self.ui_graph = self.ui_graph_raw = pickle.load(open('./data/' + self.dataset + '/train_mat', 'rb'))
[ INFO : 2026-07-29 03:11:14,329 ] - Missing rate = 0.400000, complete strategy: zero
[ INFO : 2026-07-29 03:13:48,887 ] - Epoch 1: train==[378.37547 = 2.01465 + 1.10341 + 66.48133 + 0.00055 + 0.00000 + 198.52435 + 1225.01297]
[ INFO : 2026-07-29 03:13:58,073 ] - Test_@[5, 10, 20, 50]: Recall=[0.01756, 0.02896, 0.04735, 0.09145],  precision=[0.00370, 0.00306, 0.00251, 0.00194], hit=[0.01851, 0.03050, 0.04999, 0.09576], ndcg=[0.01135, 0.01501, 0.01970, 0.02845], Train Rec Loss=[0.03239], Eval Rec Loss=[0.03239], c=[0.50000], F=[0.79527, 0.99456, 0.93402, 0.90025], F_fuse=[0.00737, 0.00610, 0.00501, 0.00387]
[ INFO : 2026-07-29 03:16:25,670 ] - Epoch 2: train==[227.73169 = 1.61496 + 1.09517 + 64.21587 + 0.00078 + 0.00000 + 50.47417 + 1225.89705]
[ INFO : 2026-07-29 03:16:34,871 ] - Test_@[5, 10, 20, 50]: Recall=[0.01781, 0.02908, 0.04704, 0.09130],  precision=[0.00371, 0.00307, 0.00250, 0.00193], hit=[0.01857, 0.03065, 0.04963, 0.09581], ndcg=[0.01128, 0.01493, 0.01951, 0.02833], Train Rec Loss=[0.03235], Eval Rec Loss=[0.03234], c=[0.50000], F=[0.99253, 0.99427, 0.93414, 0.92703], F_fuse=[0.00740, 0.00612, 0.00498, 0.00386]
[ INFO : 2026-07-29 03:19:01,859 ] - Epoch 3: train==[186.53656 = 1.60237 + 1.09514 + 61.47448 + 0.00123 + 0.00000 + 12.03260 + 1225.89705]
[ INFO : 2026-07-29 03:19:10,969 ] - Test_@[5, 10, 20, 50]: Recall=[0.01786, 0.02916, 0.04700, 0.09178],  precision=[0.00372, 0.00308, 0.00249, 0.00194], hit=[0.01862, 0.03075, 0.04952, 0.09632], ndcg=[0.01130, 0.01496, 0.01950, 0.02841], Train Rec Loss=[0.03235], Eval Rec Loss=[0.03232], c=[0.50000], F=[0.99238, 0.99187, 0.93508, 0.94746], F_fuse=[0.00742, 0.00614, 0.00497, 0.00388]
[ INFO : 2026-07-29 03:21:37,163 ] - Epoch 4: train==[173.03813 = 1.58902 + 1.09514 + 57.93404 + 0.00206 + 0.00000 + 2.08713 + 1225.89705]
[ INFO : 2026-07-29 03:21:46,302 ] - Test_@[5, 10, 20, 50]: Recall=[0.01821, 0.02922, 0.04698, 0.09217],  precision=[0.00379, 0.00308, 0.00249, 0.00195], hit=[0.01893, 0.03075, 0.04947, 0.09658], ndcg=[0.01144, 0.01497, 0.01950, 0.02847], Train Rec Loss=[0.03228], Eval Rec Loss=[0.03232], c=[0.50000], F=[0.99238, 0.93337, 0.94427, 0.93471], F_fuse=[0.00754, 0.00614, 0.00497, 0.00389]
[ INFO : 2026-07-29 03:24:11,833 ] - Epoch 5: train==[169.09505 = 1.57932 + 1.09514 + 55.75401 + 0.00294 + 0.00000 + 0.33290 + 1225.89705]
[ INFO : 2026-07-29 03:24:20,883 ] - Test_@[5, 10, 20, 50]: Recall=[0.01821, 0.02839, 0.04700, 0.09204],  precision=[0.00379, 0.00298, 0.00249, 0.00194], hit=[0.01893, 0.02978, 0.04952, 0.09643], ndcg=[0.01144, 0.01472, 0.01947, 0.02841], Train Rec Loss=[0.03231], Eval Rec Loss=[0.03229], c=[0.50000], F=[0.99238, 0.87195, 0.93438, 0.92470], F_fuse=[0.00754, 0.00595, 0.00498, 0.00388]
[ INFO : 2026-07-29 03:26:46,528 ] - Epoch 6: train==[168.18791 = 1.56361 + 1.09515 + 55.04492 + 0.00345 + 0.00000 + 0.15006 + 1225.89705]
[ INFO : 2026-07-29 03:26:55,690 ] - Test_@[5, 10, 20, 50]: Recall=[0.01821, 0.02888, 0.04689, 0.09231],  precision=[0.00379, 0.00304, 0.00249, 0.00195], hit=[0.01893, 0.03034, 0.04942, 0.09668], ndcg=[0.01141, 0.01486, 0.01945, 0.02845], Train Rec Loss=[0.03229], Eval Rec Loss=[0.03229], c=[0.50000], F=[0.99238, 0.87293, 0.93454, 0.92281], F_fuse=[0.00754, 0.00606, 0.00496, 0.00389]
[ INFO : 2026-07-29 03:29:22,945 ] - Epoch 7: train==[167.30656 = 1.54817 + 1.09515 + 54.23694 + 0.00381 + 0.00000 + 0.09176 + 1225.89705]
[ INFO : 2026-07-29 03:29:32,266 ] - Test_@[5, 10, 20, 50]: Recall=[0.01821, 0.02876, 0.04795, 0.09294],  precision=[0.00379, 0.00303, 0.00254, 0.00196], hit=[0.01893, 0.03029, 0.05050, 0.09735], ndcg=[0.01148, 0.01491, 0.01977, 0.02865], Train Rec Loss=[0.03228], Eval Rec Loss=[0.03227], c=[0.50000], F=[0.99238, 0.87675, 0.93418, 0.92282], F_fuse=[0.00754, 0.00605, 0.00507, 0.00392]
[ INFO : 2026-07-29 03:32:00,512 ] - Epoch 8: train==[166.96135 = 1.53716 + 1.09515 + 53.94281 + 0.00405 + 0.00000 + 0.05144 + 1225.89705]
[ INFO : 2026-07-29 03:32:09,761 ] - Test_@[5, 10, 20, 50]: Recall=[0.01816, 0.02926, 0.04783, 0.09342],  precision=[0.00377, 0.00309, 0.00254, 0.00197], hit=[0.01887, 0.03080, 0.05045, 0.09797], ndcg=[0.01141, 0.01504, 0.01975, 0.02877], Train Rec Loss=[0.03227], Eval Rec Loss=[0.03229], c=[0.50000], F=[0.99234, 0.87168, 0.93217, 0.92307], F_fuse=[0.00752, 0.00615, 0.00506, 0.00394]
[ INFO : 2026-07-29 03:34:35,845 ] - Epoch 9: train==[166.14487 = 1.52225 + 1.09515 + 53.16843 + 0.00421 + 0.00000 + 0.02409 + 1225.89705]
[ INFO : 2026-07-29 03:34:44,878 ] - Test_@[5, 10, 20, 50]: Recall=[0.01855, 0.02982, 0.04894, 0.09612],  precision=[0.00386, 0.00314, 0.00260, 0.00203], hit=[0.01929, 0.03132, 0.05174, 0.10080], ndcg=[0.01161, 0.01528, 0.02015, 0.02948], Train Rec Loss=[0.03227], Eval Rec Loss=[0.03225], c=[0.50000], F=[0.99166, 0.87218, 0.92233, 0.92438], F_fuse=[0.00768, 0.00625, 0.00519, 0.00406]
[ INFO : 2026-07-29 03:37:11,301 ] - Epoch 10: train==[165.05428 = 1.50698 + 1.09515 + 52.10857 + 0.00439 + 0.00000 + 0.00846 + 1225.89705]
[ INFO : 2026-07-29 03:37:20,449 ] - Test_@[5, 10, 20, 50]: Recall=[0.02010, 0.03318, 0.05283, 0.10119],  precision=[0.00421, 0.00351, 0.00282, 0.00215], hit=[0.02103, 0.03492, 0.05585, 0.10635], ndcg=[0.01279, 0.01708, 0.02209, 0.03170], Train Rec Loss=[0.03222], Eval Rec Loss=[0.03223], c=[0.50000], F=[0.98676, 0.87328, 0.89729, 0.92572], F_fuse=[0.00838, 0.00699, 0.00562, 0.00429]
[ INFO : 2026-07-29 03:39:47,386 ] - Epoch 11: train==[163.54039 = 1.49056 + 1.09515 + 50.61688 + 0.00468 + 0.00000 + 0.00237 + 1225.89705]
[ INFO : 2026-07-29 03:39:56,556 ] - Test_@[5, 10, 20, 50]: Recall=[0.02190, 0.03648, 0.05840, 0.10915],  precision=[0.00460, 0.00387, 0.00311, 0.00232], hit=[0.02289, 0.03836, 0.06176, 0.11468], ndcg=[0.01411, 0.01890, 0.02450, 0.03459], Train Rec Loss=[0.03223], Eval Rec Loss=[0.03224], c=[0.50000], F=[0.98235, 0.87425, 0.90915, 0.92802], F_fuse=[0.00915, 0.00770, 0.00620, 0.00464]
[ INFO : 2026-07-29 03:42:23,071 ] - Epoch 12: train==[162.56203 = 1.47729 + 1.09515 + 49.65232 + 0.00509 + 0.00000 + 0.00144 + 1225.89705]
[ INFO : 2026-07-29 03:42:32,045 ] - Test_@[5, 10, 20, 50]: Recall=[0.02285, 0.03754, 0.05992, 0.11206],  precision=[0.00480, 0.00398, 0.00319, 0.00239], hit=[0.02391, 0.03950, 0.06320, 0.11777], ndcg=[0.01464, 0.01946, 0.02518, 0.03556], Train Rec Loss=[0.03221], Eval Rec Loss=[0.03220], c=[0.50000], F=[0.98438, 0.87497, 0.90549, 0.92784], F_fuse=[0.00956, 0.00792, 0.00635, 0.00476]
[ INFO : 2026-07-29 03:44:58,147 ] - Epoch 13: train==[161.79023 = 1.46234 + 1.09516 + 48.89528 + 0.00544 + 0.00000 + 0.00128 + 1225.89705]
[ INFO : 2026-07-29 03:45:07,379 ] - Test_@[5, 10, 20, 50]: Recall=[0.02327, 0.03820, 0.06180, 0.11577],  precision=[0.00490, 0.00405, 0.00328, 0.00247], hit=[0.02433, 0.04022, 0.06500, 0.12147], ndcg=[0.01495, 0.01983, 0.02584, 0.03656], Train Rec Loss=[0.03218], Eval Rec Loss=[0.03218], c=[0.50000], F=[0.98402, 0.87692, 0.90988, 0.92865], F_fuse=[0.00974, 0.00807, 0.00654, 0.00492]
[ INFO : 2026-07-29 03:47:33,232 ] - Epoch 14: train==[160.99414 = 1.44919 + 1.09515 + 48.11203 + 0.00579 + 0.00000 + 0.00124 + 1225.89705]
[ INFO : 2026-07-29 03:47:42,359 ] - Test_@[5, 10, 20, 50]: Recall=[0.02377, 0.03898, 0.06273, 0.11871],  precision=[0.00499, 0.00413, 0.00333, 0.00253], hit=[0.02479, 0.04104, 0.06603, 0.12451], ndcg=[0.01528, 0.02025, 0.02630, 0.03743], Train Rec Loss=[0.03222], Eval Rec Loss=[0.03220], c=[0.50000], F=[0.98061, 0.87729, 0.90138, 0.93081], F_fuse=[0.00993, 0.00823, 0.00664, 0.00504]
[ INFO : 2026-07-29 03:50:08,942 ] - Epoch 15: train==[160.34517 = 1.43326 + 1.09516 + 47.47881 + 0.00604 + 0.00000 + 0.00116 + 1225.89705]
[ INFO : 2026-07-29 03:50:18,060 ] - Test_@[5, 10, 20, 50]: Recall=[0.02376, 0.03950, 0.06281, 0.11846],  precision=[0.00498, 0.00418, 0.00334, 0.00252], hit=[0.02474, 0.04150, 0.06614, 0.12435], ndcg=[0.01525, 0.02038, 0.02634, 0.03742], Train Rec Loss=[0.03216], Eval Rec Loss=[0.03218], c=[0.50000], F=[0.97699, 0.87725, 0.89699, 0.93369], F_fuse=[0.00991, 0.00832, 0.00665, 0.00503]
[ INFO : 2026-07-29 03:52:44,480 ] - Epoch 16: train==[159.65115 = 1.42058 + 1.09516 + 46.79718 + 0.00635 + 0.00000 + 0.00114 + 1225.89705]
[ INFO : 2026-07-29 03:52:53,501 ] - Test_@[5, 10, 20, 50]: Recall=[0.02408, 0.04022, 0.06403, 0.12123],  precision=[0.00504, 0.00427, 0.00340, 0.00258], hit=[0.02504, 0.04238, 0.06742, 0.12723], ndcg=[0.01562, 0.02090, 0.02696, 0.03834], Train Rec Loss=[0.03216], Eval Rec Loss=[0.03215], c=[0.50000], F=[0.96281, 0.87677, 0.89466, 0.93277], F_fuse=[0.01003, 0.00851, 0.00678, 0.00515]
[ INFO : 2026-07-29 03:55:20,172 ] - Epoch 17: train==[158.99513 = 1.40643 + 1.09517 + 46.15509 + 0.00662 + 0.00000 + 0.00109 + 1225.89705]
[ INFO : 2026-07-29 03:55:29,312 ] - Test_@[5, 10, 20, 50]: Recall=[0.02424, 0.04054, 0.06524, 0.12184],  precision=[0.00507, 0.00431, 0.00347, 0.00260], hit=[0.02520, 0.04274, 0.06866, 0.12790], ndcg=[0.01571, 0.02105, 0.02732, 0.03858], Train Rec Loss=[0.03215], Eval Rec Loss=[0.03215], c=[0.50000], F=[0.96491, 0.87773, 0.89629, 0.93432], F_fuse=[0.01009, 0.00858, 0.00691, 0.00518]
[ INFO : 2026-07-29 03:57:56,077 ] - Epoch 18: train==[158.49030 = 1.39114 + 1.09518 + 45.66536 + 0.00682 + 0.00000 + 0.00106 + 1225.89705]
[ INFO : 2026-07-29 03:58:05,126 ] - Test_@[5, 10, 20, 50]: Recall=[0.02428, 0.04085, 0.06536, 0.12199],  precision=[0.00509, 0.00434, 0.00348, 0.00260], hit=[0.02530, 0.04304, 0.06881, 0.12805], ndcg=[0.01576, 0.02116, 0.02741, 0.03867], Train Rec Loss=[0.03216], Eval Rec Loss=[0.03217], c=[0.50000], F=[0.95674, 0.87749, 0.88993, 0.93284], F_fuse=[0.01013, 0.00863, 0.00693, 0.00519]
[ INFO : 2026-07-29 04:00:31,129 ] - Epoch 19: train==[157.90228 = 1.37825 + 1.09517 + 45.09005 + 0.00703 + 0.00000 + 0.00105 + 1225.89705]
[ INFO : 2026-07-29 04:00:40,251 ] - Test_@[5, 10, 20, 50]: Recall=[0.02416, 0.04125, 0.06612, 0.12194],  precision=[0.00507, 0.00438, 0.00352, 0.00260], hit=[0.02520, 0.04351, 0.06958, 0.12805], ndcg=[0.01581, 0.02137, 0.02770, 0.03883], Train Rec Loss=[0.03211], Eval Rec Loss=[0.03211], c=[0.50000], F=[0.96137, 0.87992, 0.89169, 0.93322], F_fuse=[0.01009, 0.00872, 0.00700, 0.00519]
[ INFO : 2026-07-29 04:03:06,465 ] - Epoch 20: train==[157.26787 = 1.36485 + 1.09516 + 44.46884 + 0.00725 + 0.00000 + 0.00103 + 1225.89705]
[ INFO : 2026-07-29 04:03:15,480 ] - Test_@[5, 10, 20, 50]: Recall=[0.02471, 0.04120, 0.06639, 0.12296],  precision=[0.00517, 0.00438, 0.00353, 0.00262], hit=[0.02571, 0.04346, 0.06984, 0.12893], ndcg=[0.01594, 0.02133, 0.02775, 0.03902], Train Rec Loss=[0.03212], Eval Rec Loss=[0.03208], c=[0.50000], F=[0.95239, 0.87700, 0.89543, 0.93540], F_fuse=[0.01029, 0.00871, 0.00703, 0.00522]
