Job 74330 on gpu04; lambda_cf=1.0; group_k=10; seed=9; started Mon Jul 27 07:18:05 AM +07 2026
Mon Jul 27 07:18:05 2026       
+---------------------------------------------------------------------------------------+
| NVIDIA-SMI 535.216.03             Driver Version: 535.216.03   CUDA Version: 12.2     |
|-----------------------------------------+----------------------+----------------------+
| GPU  Name                 Persistence-M | Bus-Id        Disp.A | Volatile Uncorr. ECC |
| Fan  Temp   Perf          Pwr:Usage/Cap |         Memory-Usage | GPU-Util  Compute M. |
|                                         |                      |               MIG M. |
|=========================================+======================+======================|
|   0  Tesla V100-DGXS-32GB           On  | 00000000:08:00.0 Off |                    0 |
| N/A   47C    P0              70W / 300W |      0MiB / 32768MiB |      0%      Default |
|                                         |                      |                  N/A |
+-----------------------------------------+----------------------+----------------------+
                                                                                         
+---------------------------------------------------------------------------------------+
| Processes:                                                                            |
|  GPU   GI   CI        PID   Type   Process name                            GPU Memory |
|        ID   ID                                                             Usage      |
|=======================================================================================|
|  No running processes found                                                           |
+---------------------------------------------------------------------------------------+
[ INFO : 2026-07-27 07:18:10,255 ] - Preprocess missing values with zero
[ INFO : 2026-07-27 07:18:10,791 ] - Pretrained diffusion model is loaded from: ./checkpoint/allrecipes/best_model.pth
[ INFO : 2026-07-27 07:18:11,497 ] - Completed data loaded from: ./checkpoint/allrecipes/completed_data.pkl
/media/lhbac29/raid-cf/main.py:106: DeprecationWarning: Please import `csr_matrix` from the `scipy.sparse` namespace; the `scipy.sparse.csr` namespace is deprecated and will be removed in SciPy 2.0.0.
  self.ui_graph = self.ui_graph_raw = pickle.load(open('./data/' + self.dataset + '/train_mat', 'rb'))
[ INFO : 2026-07-27 07:18:11,605 ] - Missing rate = 0.400000, complete strategy: zero
[ INFO : 2026-07-27 07:20:05,660 ] - Epoch 1: train==[126.84164 = 1.22930 + 0.85481 + 29.34368 + 0.00021 + 0.00000 + 3.73912 + 613.44298]
[ INFO : 2026-07-27 07:20:14,479 ] - Test_@[5, 10, 20, 50]: Recall=[0.01253, 0.02238, 0.02954, 0.06802],  precision=[0.00251, 0.00224, 0.00148, 0.00136], hit=[0.01253, 0.02238, 0.02954, 0.06802], ndcg=[0.00651, 0.00974, 0.01151, 0.01900], Train Rec Loss=[0.05013], Eval Rec Loss=[0.05036], c=[0.50000], F=[0.94315, 0.87306, 0.90184, 0.95286], F_fuse=[0.00500, 0.00446, 0.00295, 0.00272]
[ INFO : 2026-07-27 07:22:09,829 ] - Epoch 2: train==[124.79817 = 0.81576 + 0.84665 + 29.05690 + 0.00022 + 0.00000 + 2.31361 + 614.02458]
[ INFO : 2026-07-27 07:22:19,159 ] - Test_@[5, 10, 20, 50]: Recall=[0.01432, 0.02340, 0.02992, 0.07109],  precision=[0.00286, 0.00234, 0.00150, 0.00142], hit=[0.01432, 0.02340, 0.02992, 0.07109], ndcg=[0.00812, 0.01093, 0.01265, 0.02060], Train Rec Loss=[0.04985], Eval Rec Loss=[0.05019], c=[0.50000], F=[0.75892, 0.99538, 0.90097, 0.98679], F_fuse=[0.00571, 0.00467, 0.00299, 0.00284]
[ INFO : 2026-07-27 07:24:12,752 ] - Epoch 3: train==[123.62226 = 0.78288 + 0.84585 + 28.62023 + 0.00026 + 0.00000 + 1.61027 + 614.00733]
[ INFO : 2026-07-27 07:24:22,046 ] - Test_@[5, 10, 20, 50]: Recall=[0.01432, 0.02442, 0.02902, 0.07186],  precision=[0.00286, 0.00244, 0.00145, 0.00144], hit=[0.01432, 0.02442, 0.02902, 0.07186], ndcg=[0.00822, 0.01139, 0.01261, 0.02099], Train Rec Loss=[0.04983], Eval Rec Loss=[0.05023], c=[0.50000], F=[0.75895, 0.99538, 0.94323, 0.96770], F_fuse=[0.00571, 0.00487, 0.00290, 0.00287]
[ INFO : 2026-07-27 07:26:16,726 ] - Epoch 4: train==[122.76375 = 0.77494 + 0.84576 + 28.12234 + 0.00030 + 0.00000 + 1.26029 + 613.98948]
[ INFO : 2026-07-27 07:26:25,665 ] - Test_@[5, 10, 20, 50]: Recall=[0.01432, 0.02596, 0.03081, 0.07096],  precision=[0.00286, 0.00260, 0.00154, 0.00142], hit=[0.01432, 0.02596, 0.03081, 0.07096], ndcg=[0.00842, 0.01212, 0.01333, 0.02113], Train Rec Loss=[0.04980], Eval Rec Loss=[0.05003], c=[0.50000], F=[0.75921, 0.99538, 0.93487, 0.95783], F_fuse=[0.00571, 0.00518, 0.00308, 0.00283]
[ INFO : 2026-07-27 07:28:19,358 ] - Epoch 5: train==[121.92877 = 0.77406 + 0.84580 + 27.49346 + 0.00035 + 0.00000 + 1.05762 + 613.97193]
[ INFO : 2026-07-27 07:28:28,710 ] - Test_@[5, 10, 20, 50]: Recall=[0.01432, 0.02596, 0.03235, 0.06981],  precision=[0.00286, 0.00260, 0.00162, 0.00140], hit=[0.01432, 0.02596, 0.03235, 0.06981], ndcg=[0.00963, 0.01333, 0.01491, 0.02216], Train Rec Loss=[0.04983], Eval Rec Loss=[0.05003], c=[0.50000], F=[0.76023, 0.99538, 0.93471, 0.95583], F_fuse=[0.00571, 0.00518, 0.00323, 0.00279]
[ INFO : 2026-07-27 07:30:22,470 ] - Epoch 6: train==[121.12294 = 0.77202 + 0.84580 + 26.84698 + 0.00040 + 0.00000 + 0.90272 + 613.95560]
[ INFO : 2026-07-27 07:30:31,284 ] - Test_@[5, 10, 20, 50]: Recall=[0.01470, 0.02570, 0.03209, 0.06841],  precision=[0.00294, 0.00257, 0.00160, 0.00137], hit=[0.01470, 0.02570, 0.03209, 0.06841], ndcg=[0.01033, 0.01381, 0.01542, 0.02246], Train Rec Loss=[0.04976], Eval Rec Loss=[0.04995], c=[0.50000], F=[0.88255, 0.99538, 0.93467, 0.94853], F_fuse=[0.00586, 0.00513, 0.00320, 0.00273]
[ INFO : 2026-07-27 07:32:24,733 ] - Epoch 7: train==[120.30325 = 0.76854 + 0.84580 + 26.14066 + 0.00044 + 0.00000 + 0.79432 + 613.94532]
[ INFO : 2026-07-27 07:32:33,963 ] - Test_@[5, 10, 20, 50]: Recall=[0.01470, 0.02557, 0.03248, 0.06841],  precision=[0.00294, 0.00256, 0.00162, 0.00137], hit=[0.01470, 0.02557, 0.03248, 0.06841], ndcg=[0.01096, 0.01439, 0.01613, 0.02307], Train Rec Loss=[0.04984], Eval Rec Loss=[0.05005], c=[0.50000], F=[0.94480, 0.99506, 0.93488, 0.94754], F_fuse=[0.00586, 0.00510, 0.00324, 0.00273]
[ INFO : 2026-07-27 07:34:27,927 ] - Epoch 8: train==[119.45158 = 0.76388 + 0.84580 + 25.36015 + 0.00048 + 0.00000 + 0.72798 + 613.94404]
[ INFO : 2026-07-27 07:34:37,247 ] - Test_@[5, 10, 20, 50]: Recall=[0.01406, 0.02481, 0.03222, 0.06751],  precision=[0.00281, 0.00248, 0.00161, 0.00135], hit=[0.01406, 0.02481, 0.03222, 0.06751], ndcg=[0.01060, 0.01402, 0.01590, 0.02269], Train Rec Loss=[0.04971], Eval Rec Loss=[0.05006], c=[0.50000], F=[0.84823, 0.99353, 0.93452, 0.94892], F_fuse=[0.00561, 0.00495, 0.00322, 0.00270]
[ INFO : 2026-07-27 07:36:31,647 ] - Epoch 9: train==[118.73551 = 0.76267 + 0.84581 + 24.71093 + 0.00052 + 0.00000 + 0.66318 + 613.93808]
[ INFO : 2026-07-27 07:36:40,965 ] - Test_@[5, 10, 20, 50]: Recall=[0.01419, 0.02442, 0.03184, 0.05971],  precision=[0.00284, 0.00244, 0.00159, 0.00119], hit=[0.01419, 0.02442, 0.03184, 0.05971], ndcg=[0.01079, 0.01404, 0.01593, 0.02138], Train Rec Loss=[0.04971], Eval Rec Loss=[0.05007], c=[0.50000], F=[0.85306, 0.99410, 0.93414, 0.94836], F_fuse=[0.00566, 0.00487, 0.00318, 0.00239]
[ INFO : 2026-07-27 07:38:34,878 ] - Epoch 10: train==[118.11800 = 0.75840 + 0.84582 + 24.15889 + 0.00056 + 0.00000 + 0.60275 + 613.93274]
[ INFO : 2026-07-27 07:38:44,168 ] - Test_@[5, 10, 20, 50]: Recall=[0.01432, 0.02468, 0.03184, 0.05856],  precision=[0.00286, 0.00247, 0.00159, 0.00117], hit=[0.01432, 0.02468, 0.03184, 0.05856], ndcg=[0.01093, 0.01421, 0.01603, 0.02128], Train Rec Loss=[0.04971], Eval Rec Loss=[0.04994], c=[0.50000], F=[0.85194, 0.99357, 0.93350, 0.94650], F_fuse=[0.00571, 0.00492, 0.00318, 0.00234]
[ INFO : 2026-07-27 07:40:38,813 ] - Epoch 11: train==[117.64750 = 0.75510 + 0.84584 + 23.74600 + 0.00061 + 0.00000 + 0.54868 + 613.93068]
[ INFO : 2026-07-27 07:40:48,180 ] - Test_@[5, 10, 20, 50]: Recall=[0.01419, 0.02493, 0.03184, 0.05843],  precision=[0.00284, 0.00249, 0.00159, 0.00117], hit=[0.01419, 0.02493, 0.03184, 0.05843], ndcg=[0.01087, 0.01427, 0.01603, 0.02126], Train Rec Loss=[0.04970], Eval Rec Loss=[0.04993], c=[0.50000], F=[0.83845, 0.99364, 0.93357, 0.94647], F_fuse=[0.00566, 0.00497, 0.00318, 0.00233]
[ INFO : 2026-07-27 07:42:42,786 ] - Epoch 12: train==[117.21258 = 0.75510 + 0.84582 + 23.36255 + 0.00066 + 0.00000 + 0.49766 + 613.92739]
[ INFO : 2026-07-27 07:42:51,637 ] - Test_@[5, 10, 20, 50]: Recall=[0.01432, 0.02493, 0.03197, 0.05869],  precision=[0.00286, 0.00249, 0.00160, 0.00117], hit=[0.01432, 0.02493, 0.03197, 0.05869], ndcg=[0.01084, 0.01421, 0.01600, 0.02125], Train Rec Loss=[0.04957], Eval Rec Loss=[0.04999], c=[0.50000], F=[0.81257, 0.99354, 0.93408, 0.94683], F_fuse=[0.00571, 0.00497, 0.00319, 0.00234]
[ INFO : 2026-07-27 07:44:46,593 ] - Epoch 13: train==[116.80318 = 0.74642 + 0.84582 + 23.00863 + 0.00072 + 0.00000 + 0.45113 + 613.92520]
[ INFO : 2026-07-27 07:44:55,381 ] - Test_@[5, 10, 20, 50]: Recall=[0.01432, 0.02506, 0.03197, 0.06035],  precision=[0.00286, 0.00251, 0.00160, 0.00121], hit=[0.01432, 0.02506, 0.03197, 0.06035], ndcg=[0.01084, 0.01424, 0.01601, 0.02155], Train Rec Loss=[0.04952], Eval Rec Loss=[0.04978], c=[0.50000], F=[0.80177, 0.99329, 0.93398, 0.94560], F_fuse=[0.00571, 0.00500, 0.00319, 0.00241]
[ INFO : 2026-07-27 07:46:50,922 ] - Epoch 14: train==[116.42038 = 0.74264 + 0.84580 + 22.67226 + 0.00077 + 0.00000 + 0.40849 + 613.92493]
[ INFO : 2026-07-27 07:46:59,699 ] - Test_@[5, 10, 20, 50]: Recall=[0.01445, 0.02506, 0.03209, 0.06316],  precision=[0.00289, 0.00251, 0.00160, 0.00126], hit=[0.01445, 0.02506, 0.03209, 0.06316], ndcg=[0.01088, 0.01424, 0.01603, 0.02203], Train Rec Loss=[0.04957], Eval Rec Loss=[0.04998], c=[0.50000], F=[0.80340, 0.99346, 0.93403, 0.94451], F_fuse=[0.00576, 0.00500, 0.00320, 0.00252]
[ INFO : 2026-07-27 07:48:52,952 ] - Epoch 15: train==[116.00591 = 0.74179 + 0.84584 + 22.29708 + 0.00084 + 0.00000 + 0.37022 + 613.92319]
[ INFO : 2026-07-27 07:49:01,714 ] - Test_@[5, 10, 20, 50]: Recall=[0.01432, 0.02506, 0.03209, 0.06534],  precision=[0.00286, 0.00251, 0.00160, 0.00131], hit=[0.01432, 0.02506, 0.03209, 0.06534], ndcg=[0.01088, 0.01429, 0.01608, 0.02247], Train Rec Loss=[0.04963], Eval Rec Loss=[0.04978], c=[0.50000], F=[0.81104, 0.99357, 0.93405, 0.94432], F_fuse=[0.00571, 0.00500, 0.00320, 0.00261]
[ INFO : 2026-07-27 07:50:55,225 ] - Epoch 16: train==[115.70612 = 0.73705 + 0.84579 + 22.04095 + 0.00089 + 0.00000 + 0.33143 + 613.92210]
[ INFO : 2026-07-27 07:51:04,040 ] - Test_@[5, 10, 20, 50]: Recall=[0.01445, 0.02519, 0.03209, 0.06572],  precision=[0.00289, 0.00252, 0.00160, 0.00131], hit=[0.01445, 0.02519, 0.03209, 0.06572], ndcg=[0.01093, 0.01432, 0.01608, 0.02255], Train Rec Loss=[0.04951], Eval Rec Loss=[0.04981], c=[0.50000], F=[0.79624, 0.99340, 0.93416, 0.94463], F_fuse=[0.00576, 0.00502, 0.00320, 0.00263]
[ INFO : 2026-07-27 07:52:58,648 ] - Epoch 17: train==[115.35708 = 0.73450 + 0.84578 + 21.73030 + 0.00095 + 0.00000 + 0.29584 + 613.92009]
[ INFO : 2026-07-27 07:53:07,535 ] - Test_@[5, 10, 20, 50]: Recall=[0.01445, 0.02519, 0.03222, 0.06598],  precision=[0.00289, 0.00252, 0.00161, 0.00132], hit=[0.01445, 0.02519, 0.03222, 0.06598], ndcg=[0.01093, 0.01433, 0.01612, 0.02261], Train Rec Loss=[0.04954], Eval Rec Loss=[0.04982], c=[0.50000], F=[0.78992, 0.99353, 0.93427, 0.94415], F_fuse=[0.00576, 0.00502, 0.00322, 0.00264]
[ INFO : 2026-07-27 07:55:05,459 ] - Epoch 18: train==[115.05651 = 0.72798 + 0.84578 + 21.46950 + 0.00101 + 0.00000 + 0.26251 + 613.92021]
[ INFO : 2026-07-27 07:55:14,373 ] - Test_@[5, 10, 20, 50]: Recall=[0.01445, 0.02519, 0.03260, 0.06610],  precision=[0.00289, 0.00252, 0.00163, 0.00132], hit=[0.01445, 0.02519, 0.03260, 0.06610], ndcg=[0.01093, 0.01433, 0.01621, 0.02264], Train Rec Loss=[0.04941], Eval Rec Loss=[0.04979], c=[0.50000], F=[0.78896, 0.99351, 0.93448, 0.94471], F_fuse=[0.00576, 0.00502, 0.00325, 0.00264]
[ INFO : 2026-07-27 07:57:10,788 ] - Epoch 19: train==[114.87744 = 0.72422 + 0.84577 + 21.32699 + 0.00106 + 0.00000 + 0.22977 + 613.91959]
[ INFO : 2026-07-27 07:57:20,068 ] - Test_@[5, 10, 20, 50]: Recall=[0.01458, 0.02519, 0.03260, 0.06636],  precision=[0.00292, 0.00252, 0.00163, 0.00133], hit=[0.01458, 0.02519, 0.03260, 0.06636], ndcg=[0.01098, 0.01433, 0.01621, 0.02269], Train Rec Loss=[0.04947], Eval Rec Loss=[0.04986], c=[0.50000], F=[0.79618, 0.99335, 0.93441, 0.94554], F_fuse=[0.00581, 0.00502, 0.00325, 0.00265]
[ INFO : 2026-07-27 07:59:15,661 ] - Epoch 20: train==[114.52797 = 0.72178 + 0.84577 + 21.00929 + 0.00111 + 0.00000 + 0.20047 + 613.91898]
[ INFO : 2026-07-27 07:59:24,486 ] - Test_@[5, 10, 20, 50]: Recall=[0.01458, 0.02519, 0.03260, 0.06662],  precision=[0.00292, 0.00252, 0.00163, 0.00133], hit=[0.01458, 0.02519, 0.03260, 0.06662], ndcg=[0.01099, 0.01434, 0.01622, 0.02275], Train Rec Loss=[0.04950], Eval Rec Loss=[0.04980], c=[0.50000], F=[0.79423, 0.99314, 0.93448, 0.94517], F_fuse=[0.00581, 0.00502, 0.00325, 0.00266]
[ INFO : 2026-07-27 08:01:19,836 ] - Epoch 21: train==[114.32501 = 0.71575 + 0.84573 + 20.84049 + 0.00116 + 0.00000 + 0.17227 + 613.91934]
[ INFO : 2026-07-27 08:01:28,624 ] - Test_@[5, 10, 20, 50]: Recall=[0.01458, 0.02519, 0.03273, 0.06662],  precision=[0.00292, 0.00252, 0.00164, 0.00133], hit=[0.01458, 0.02519, 0.03273, 0.06662], ndcg=[0.01096, 0.01431, 0.01622, 0.02272], Train Rec Loss=[0.04945], Eval Rec Loss=[0.04980], c=[0.50000], F=[0.78336, 0.99337, 0.93443, 0.94546], F_fuse=[0.00581, 0.00502, 0.00327, 0.00266]
[ INFO : 2026-07-27 08:03:23,466 ] - Epoch 22: train==[114.09758 = 0.71465 + 0.84574 + 20.64206 + 0.00122 + 0.00000 + 0.14441 + 613.91856]
[ INFO : 2026-07-27 08:03:32,639 ] - Test_@[5, 10, 20, 50]: Recall=[0.01470, 0.02519, 0.03273, 0.06649],  precision=[0.00294, 0.00252, 0.00164, 0.00133], hit=[0.01470, 0.02519, 0.03273, 0.06649], ndcg=[0.01103, 0.01434, 0.01625, 0.02272], Train Rec Loss=[0.04946], Eval Rec Loss=[0.04970], c=[0.50000], F=[0.78442, 0.99335, 0.93352, 0.94454], F_fuse=[0.00586, 0.00502, 0.00327, 0.00266]
[ INFO : 2026-07-27 08:05:26,635 ] - Epoch 23: train==[113.90551 = 0.70701 + 0.84572 + 20.48219 + 0.00126 + 0.00000 + 0.11993 + 613.91799]
[ INFO : 2026-07-27 08:05:35,898 ] - Test_@[5, 10, 20, 50]: Recall=[0.01470, 0.02519, 0.03260, 0.06687],  precision=[0.00294, 0.00252, 0.00163, 0.00134], hit=[0.01470, 0.02519, 0.03260, 0.06687], ndcg=[0.01104, 0.01435, 0.01622, 0.02280], Train Rec Loss=[0.04938], Eval Rec Loss=[0.04973], c=[0.50000], F=[0.78090, 0.99327, 0.93321, 0.94404], F_fuse=[0.00586, 0.00502, 0.00325, 0.00267]
[ INFO : 2026-07-27 08:07:31,196 ] - Epoch 24: train==[113.74787 = 0.70749 + 0.84574 + 20.34665 + 0.00131 + 0.00000 + 0.09735 + 613.91757]
[ INFO : 2026-07-27 08:07:40,065 ] - Test_@[5, 10, 20, 50]: Recall=[0.01470, 0.02519, 0.03273, 0.06662],  precision=[0.00294, 0.00252, 0.00164, 0.00133], hit=[0.01470, 0.02519, 0.03273, 0.06662], ndcg=[0.01106, 0.01436, 0.01627, 0.02277], Train Rec Loss=[0.04952], Eval Rec Loss=[0.04966], c=[0.50000], F=[0.77912, 0.99327, 0.93365, 0.94248], F_fuse=[0.00586, 0.00502, 0.00327, 0.00266]
[ INFO : 2026-07-27 08:09:33,499 ] - Epoch 25: train==[113.63614 = 0.70528 + 0.84575 + 20.25825 + 0.00135 + 0.00000 + 0.07608 + 613.91810]
[ INFO : 2026-07-27 08:09:42,847 ] - Test_@[5, 10, 20, 50]: Recall=[0.01432, 0.02519, 0.03273, 0.06713],  precision=[0.00286, 0.00252, 0.00164, 0.00134], hit=[0.01432, 0.02519, 0.03273, 0.06713], ndcg=[0.01085, 0.01430, 0.01620, 0.02279], Train Rec Loss=[0.04934], Eval Rec Loss=[0.04965], c=[0.50000], F=[0.77356, 0.99340, 0.93325, 0.94019], F_fuse=[0.00571, 0.00502, 0.00327, 0.00268]
[ INFO : 2026-07-27 08:11:37,300 ] - Epoch 26: train==[113.42882 = 0.70096 + 0.84575 + 20.07410 + 0.00140 + 0.00000 + 0.05725 + 613.91776]
[ INFO : 2026-07-27 08:11:46,676 ] - Test_@[5, 10, 20, 50]: Recall=[0.01458, 0.02519, 0.03312, 0.06687],  precision=[0.00292, 0.00252, 0.00166, 0.00134], hit=[0.01458, 0.02519, 0.03312, 0.06687], ndcg=[0.01094, 0.01430, 0.01629, 0.02273], Train Rec Loss=[0.04942], Eval Rec Loss=[0.04973], c=[0.50000], F=[0.77007, 0.99359, 0.93325, 0.93964], F_fuse=[0.00581, 0.00502, 0.00331, 0.00267]
[ INFO : 2026-07-27 08:13:39,967 ] - Epoch 27: train==[113.25501 = 0.69509 + 0.84567 + 19.92333 + 0.00143 + 0.00000 + 0.04003 + 613.91817]
[ INFO : 2026-07-27 08:13:48,764 ] - Test_@[5, 10, 20, 50]: Recall=[0.01445, 0.02519, 0.03312, 0.06700],  precision=[0.00289, 0.00252, 0.00166, 0.00134], hit=[0.01445, 0.02519, 0.03312, 0.06700], ndcg=[0.01090, 0.01430, 0.01630, 0.02275], Train Rec Loss=[0.04938], Eval Rec Loss=[0.04968], c=[0.50000], F=[0.76569, 0.99370, 0.93340, 0.93997], F_fuse=[0.00576, 0.00502, 0.00331, 0.00268]
[ INFO : 2026-07-27 08:15:42,209 ] - Epoch 28: train==[113.07277 = 0.69225 + 0.84565 + 19.75854 + 0.00148 + 0.00000 + 0.02570 + 613.91602]
[ INFO : 2026-07-27 08:15:51,014 ] - Test_@[5, 10, 20, 50]: Recall=[0.01445, 0.02532, 0.03324, 0.06687],  precision=[0.00289, 0.00253, 0.00166, 0.00134], hit=[0.01445, 0.02532, 0.03324, 0.06687], ndcg=[0.01089, 0.01434, 0.01632, 0.02273], Train Rec Loss=[0.04938], Eval Rec Loss=[0.04975], c=[0.50000], F=[0.76627, 0.99348, 0.93317, 0.93784], F_fuse=[0.00576, 0.00505, 0.00332, 0.00267]
[ INFO : 2026-07-27 08:17:43,439 ] - Epoch 29: train==[112.99955 = 0.68914 + 0.84564 + 19.70082 + 0.00152 + 0.00000 + 0.01316 + 613.91685]
[ INFO : 2026-07-27 08:17:52,223 ] - Test_@[5, 10, 20, 50]: Recall=[0.01432, 0.02519, 0.03324, 0.06700],  precision=[0.00286, 0.00252, 0.00166, 0.00134], hit=[0.01432, 0.02519, 0.03324, 0.06700], ndcg=[0.01083, 0.01429, 0.01631, 0.02273], Train Rec Loss=[0.04933], Eval Rec Loss=[0.04974], c=[0.50000], F=[0.76416, 0.99282, 0.93272, 0.93773], F_fuse=[0.00571, 0.00502, 0.00332, 0.00268]
[ INFO : 2026-07-27 08:19:46,139 ] - Epoch 30: train==[112.73964 = 0.68689 + 0.84565 + 19.45089 + 0.00155 + 0.00000 + 0.00539 + 613.91687]
[ INFO : 2026-07-27 08:19:55,301 ] - Test_@[5, 10, 20, 50]: Recall=[0.01445, 0.02506, 0.03337, 0.06700],  precision=[0.00289, 0.00251, 0.00167, 0.00134], hit=[0.01445, 0.02506, 0.03337, 0.06700], ndcg=[0.01090, 0.01426, 0.01634, 0.02274], Train Rec Loss=[0.04930], Eval Rec Loss=[0.04960], c=[0.50000], F=[0.76422, 0.99127, 0.93097, 0.93553], F_fuse=[0.00576, 0.00500, 0.00333, 0.00268]
[ INFO : 2026-07-27 08:21:48,745 ] - Epoch 31: train==[112.62847 = 0.68148 + 0.84567 + 19.34786 + 0.00157 + 0.00000 + 0.00243 + 613.91819]
[ INFO : 2026-07-27 08:21:58,048 ] - Test_@[5, 10, 20, 50]: Recall=[0.01458, 0.02506, 0.03324, 0.06662],  precision=[0.00292, 0.00251, 0.00166, 0.00133], hit=[0.01458, 0.02506, 0.03324, 0.06662], ndcg=[0.01095, 0.01426, 0.01631, 0.02265], Train Rec Loss=[0.04927], Eval Rec Loss=[0.04967], c=[0.50000], F=[0.76547, 0.99046, 0.93105, 0.93627], F_fuse=[0.00581, 0.00500, 0.00332, 0.00266]
[ INFO : 2026-07-27 08:23:53,938 ] - Epoch 32: train==[112.59133 = 0.67651 + 0.84563 + 19.31659 + 0.00161 + 0.00000 + 0.00155 + 613.91790]
[ INFO : 2026-07-27 08:24:02,786 ] - Test_@[5, 10, 20, 50]: Recall=[0.01470, 0.02519, 0.03337, 0.06674],  precision=[0.00294, 0.00252, 0.00167, 0.00133], hit=[0.01470, 0.02519, 0.03337, 0.06674], ndcg=[0.01100, 0.01429, 0.01633, 0.02266], Train Rec Loss=[0.04935], Eval Rec Loss=[0.04966], c=[0.50000], F=[0.76611, 0.98939, 0.92938, 0.93611], F_fuse=[0.00586, 0.00502, 0.00333, 0.00267]
[ INFO : 2026-07-27 08:25:57,071 ] - Epoch 33: train==[112.32958 = 0.67711 + 0.84561 + 19.05478 + 0.00164 + 0.00000 + 0.00116 + 613.91682]
[ INFO : 2026-07-27 08:26:06,393 ] - Test_@[5, 10, 20, 50]: Recall=[0.01419, 0.02506, 0.03312, 0.06662],  precision=[0.00284, 0.00251, 0.00166, 0.00133], hit=[0.01419, 0.02506, 0.03312, 0.06662], ndcg=[0.01076, 0.01420, 0.01621, 0.02256], Train Rec Loss=[0.04932], Eval Rec Loss=[0.04956], c=[0.50000], F=[0.76556, 0.98863, 0.92933, 0.93672], F_fuse=[0.00566, 0.00500, 0.00331, 0.00266]
[ INFO : 2026-07-27 08:28:00,584 ] - Epoch 34: train==[112.36294 = 0.67081 + 0.84559 + 19.09467 + 0.00166 + 0.00000 + 0.00095 + 613.91655]
[ INFO : 2026-07-27 08:28:09,396 ] - Test_@[5, 10, 20, 50]: Recall=[0.01419, 0.02506, 0.03324, 0.06636],  precision=[0.00284, 0.00251, 0.00166, 0.00133], hit=[0.01419, 0.02506, 0.03324, 0.06636], ndcg=[0.01077, 0.01421, 0.01625, 0.02253], Train Rec Loss=[0.04924], Eval Rec Loss=[0.04956], c=[0.50000], F=[0.76566, 0.98859, 0.92868, 0.93785], F_fuse=[0.00566, 0.00500, 0.00332, 0.00265]
[ INFO : 2026-07-27 08:30:03,513 ] - Epoch 35: train==[112.14969 = 0.66789 + 0.84558 + 18.88461 + 0.00170 + 0.00000 + 0.00082 + 613.91550]
[ INFO : 2026-07-27 08:30:12,319 ] - Test_@[5, 10, 20, 50]: Recall=[0.01419, 0.02506, 0.03324, 0.06636],  precision=[0.00284, 0.00251, 0.00166, 0.00133], hit=[0.01419, 0.02506, 0.03324, 0.06636], ndcg=[0.01078, 0.01422, 0.01625, 0.02253], Train Rec Loss=[0.04931], Eval Rec Loss=[0.04951], c=[0.50000], F=[0.76671, 0.98796, 0.92865, 0.93747], F_fuse=[0.00566, 0.00500, 0.00332, 0.00265]
[ INFO : 2026-07-27 08:32:04,329 ] - Epoch 36: train==[112.07768 = 0.66554 + 0.84555 + 18.81453 + 0.00173 + 0.00000 + 0.00071 + 613.91887]
[ INFO : 2026-07-27 08:32:13,672 ] - Test_@[5, 10, 20, 50]: Recall=[0.01419, 0.02481, 0.03350, 0.06662],  precision=[0.00284, 0.00248, 0.00167, 0.00133], hit=[0.01419, 0.02481, 0.03350, 0.06662], ndcg=[0.01078, 0.01415, 0.01631, 0.02257], Train Rec Loss=[0.04927], Eval Rec Loss=[0.04956], c=[0.50000], F=[0.76764, 0.98769, 0.92884, 0.93762], F_fuse=[0.00566, 0.00495, 0.00334, 0.00266]
[ INFO : 2026-07-27 08:34:08,738 ] - Epoch 37: train==[111.90482 = 0.66186 + 0.84553 + 18.64555 + 0.00177 + 0.00000 + 0.00064 + 613.91785]
[ INFO : 2026-07-27 08:34:18,116 ] - Test_@[5, 10, 20, 50]: Recall=[0.01432, 0.02468, 0.03350, 0.06649],  precision=[0.00286, 0.00247, 0.00167, 0.00133], hit=[0.01432, 0.02468, 0.03350, 0.06649], ndcg=[0.01084, 0.01411, 0.01631, 0.02255], Train Rec Loss=[0.04928], Eval Rec Loss=[0.04955], c=[0.50000], F=[0.76390, 0.98729, 0.92889, 0.93719], F_fuse=[0.00571, 0.00492, 0.00334, 0.00266]
[ INFO : 2026-07-27 08:36:13,521 ] - Epoch 38: train==[111.83785 = 0.65788 + 0.84550 + 18.58222 + 0.00179 + 0.00000 + 0.00058 + 613.92057]
[ INFO : 2026-07-27 08:36:22,434 ] - Test_@[5, 10, 20, 50]: Recall=[0.01432, 0.02468, 0.03312, 0.06662],  precision=[0.00286, 0.00247, 0.00166, 0.00133], hit=[0.01432, 0.02468, 0.03312, 0.06662], ndcg=[0.01079, 0.01407, 0.01618, 0.02251], Train Rec Loss=[0.04927], Eval Rec Loss=[0.04945], c=[0.50000], F=[0.76534, 0.98677, 0.92861, 0.93744], F_fuse=[0.00571, 0.00492, 0.00331, 0.00266]
[ INFO : 2026-07-27 08:38:15,740 ] - Epoch 39: train==[111.75870 = 0.65606 + 0.84549 + 18.50533 + 0.00182 + 0.00000 + 0.00052 + 613.91792]
[ INFO : 2026-07-27 08:38:24,738 ] - Test_@[5, 10, 20, 50]: Recall=[0.01432, 0.02468, 0.03273, 0.06610],  precision=[0.00286, 0.00247, 0.00164, 0.00132], hit=[0.01432, 0.02468, 0.03273, 0.06610], ndcg=[0.01075, 0.01403, 0.01606, 0.02238], Train Rec Loss=[0.04923], Eval Rec Loss=[0.04945], c=[0.50000], F=[0.76339, 0.98637, 0.92799, 0.93709], F_fuse=[0.00571, 0.00492, 0.00327, 0.00264]
[ INFO : 2026-07-27 08:40:17,661 ] - Epoch 40: train==[111.79205 = 0.65270 + 0.84547 + 18.54167 + 0.00183 + 0.00000 + 0.00047 + 613.92067]
[ INFO : 2026-07-27 08:40:26,465 ] - Test_@[5, 10, 20, 50]: Recall=[0.01419, 0.02481, 0.03273, 0.06534],  precision=[0.00284, 0.00248, 0.00164, 0.00131], hit=[0.01419, 0.02481, 0.03273, 0.06534], ndcg=[0.01074, 0.01410, 0.01610, 0.02229], Train Rec Loss=[0.04920], Eval Rec Loss=[0.04955], c=[0.50000], F=[0.76419, 0.98608, 0.92821, 0.93701], F_fuse=[0.00566, 0.00495, 0.00327, 0.00261]
[ INFO : 2026-07-27 08:42:21,434 ] - Epoch 41: train==[111.60316 = 0.64586 + 0.84543 + 18.35963 + 0.00187 + 0.00000 + 0.00043 + 613.92071]
[ INFO : 2026-07-27 08:42:30,813 ] - Test_@[5, 10, 20, 50]: Recall=[0.01432, 0.02481, 0.03299, 0.06559],  precision=[0.00286, 0.00248, 0.00165, 0.00131], hit=[0.01432, 0.02481, 0.03299, 0.06559], ndcg=[0.01079, 0.01410, 0.01616, 0.02233], Train Rec Loss=[0.04924], Eval Rec Loss=[0.04955], c=[0.50000], F=[0.76358, 0.98579, 0.92809, 0.93582], F_fuse=[0.00571, 0.00495, 0.00329, 0.00262]
[ INFO : 2026-07-27 08:44:23,375 ] - Epoch 42: train==[111.37389 = 0.64085 + 0.84545 + 18.13594 + 0.00190 + 0.00000 + 0.00042 + 613.91670]
[ INFO : 2026-07-27 08:44:32,642 ] - Test_@[5, 10, 20, 50]: Recall=[0.01406, 0.02468, 0.03299, 0.06572],  precision=[0.00281, 0.00247, 0.00165, 0.00131], hit=[0.01406, 0.02468, 0.03299, 0.06572], ndcg=[0.01071, 0.01408, 0.01617, 0.02237], Train Rec Loss=[0.04922], Eval Rec Loss=[0.04955], c=[0.50000], F=[0.76435, 0.98565, 0.92807, 0.93683], F_fuse=[0.00561, 0.00492, 0.00329, 0.00263]
[ INFO : 2026-07-27 08:46:26,883 ] - Epoch 43: train==[111.36170 = 0.64142 + 0.84540 + 18.12316 + 0.00193 + 0.00000 + 0.00038 + 613.91706]
[ INFO : 2026-07-27 08:46:36,203 ] - Test_@[5, 10, 20, 50]: Recall=[0.01394, 0.02442, 0.03286, 0.06534],  precision=[0.00279, 0.00244, 0.00164, 0.00131], hit=[0.01394, 0.02442, 0.03286, 0.06534], ndcg=[0.01066, 0.01401, 0.01615, 0.02230], Train Rec Loss=[0.04918], Eval Rec Loss=[0.04953], c=[0.50000], F=[0.76349, 0.98475, 0.92833, 0.93722], F_fuse=[0.00555, 0.00487, 0.00328, 0.00261]
[ INFO : 2026-07-27 08:48:29,793 ] - Epoch 44: train==[111.18223 = 0.64177 + 0.84536 + 17.94259 + 0.00195 + 0.00000 + 0.00037 + 613.92218]
[ INFO : 2026-07-27 08:48:38,662 ] - Test_@[5, 10, 20, 50]: Recall=[0.01419, 0.02455, 0.03299, 0.06508],  precision=[0.00284, 0.00245, 0.00165, 0.00130], hit=[0.01419, 0.02455, 0.03299, 0.06508], ndcg=[0.01074, 0.01403, 0.01617, 0.02224], Train Rec Loss=[0.04914], Eval Rec Loss=[0.04957], c=[0.50000], F=[0.76294, 0.98426, 0.92821, 0.93634], F_fuse=[0.00566, 0.00490, 0.00329, 0.00260]
[ INFO : 2026-07-27 08:50:31,803 ] - Epoch 45: train==[111.13647 = 0.63500 + 0.84538 + 17.90472 + 0.00198 + 0.00000 + 0.00035 + 613.91467]
[ INFO : 2026-07-27 08:50:41,086 ] - Test_@[5, 10, 20, 50]: Recall=[0.01419, 0.02429, 0.03299, 0.06546],  precision=[0.00284, 0.00243, 0.00165, 0.00131], hit=[0.01419, 0.02429, 0.03299, 0.06546], ndcg=[0.01073, 0.01395, 0.01614, 0.02228], Train Rec Loss=[0.04915], Eval Rec Loss=[0.04946], c=[0.50000], F=[0.76313, 0.98391, 0.92831, 0.93725], F_fuse=[0.00566, 0.00485, 0.00329, 0.00261]
[ INFO : 2026-07-27 08:52:34,153 ] - Epoch 46: train==[111.11188 = 0.63466 + 0.84537 + 17.87987 + 0.00200 + 0.00000 + 0.00033 + 613.91866]
[ INFO : 2026-07-27 08:52:43,205 ] - Test_@[5, 10, 20, 50]: Recall=[0.01406, 0.02442, 0.03312, 0.06495],  precision=[0.00281, 0.00244, 0.00166, 0.00130], hit=[0.01406, 0.02442, 0.03312, 0.06495], ndcg=[0.01068, 0.01397, 0.01617, 0.02218], Train Rec Loss=[0.04911], Eval Rec Loss=[0.04943], c=[0.50000], F=[0.76317, 0.98357, 0.92838, 0.93675], F_fuse=[0.00561, 0.00487, 0.00331, 0.00259]
[ INFO : 2026-07-27 08:54:37,538 ] - Epoch 47: train==[110.96473 = 0.62776 + 0.84534 + 17.73998 + 0.00203 + 0.00000 + 0.00032 + 613.91622]
[ INFO : 2026-07-27 08:54:46,370 ] - Test_@[5, 10, 20, 50]: Recall=[0.01419, 0.02442, 0.03312, 0.06380],  precision=[0.00284, 0.00244, 0.00166, 0.00128], hit=[0.01419, 0.02442, 0.03312, 0.06380], ndcg=[0.01069, 0.01395, 0.01615, 0.02195], Train Rec Loss=[0.04910], Eval Rec Loss=[0.04942], c=[0.50000], F=[0.76345, 0.98323, 0.92893, 0.93823], F_fuse=[0.00566, 0.00487, 0.00331, 0.00255]
[ INFO : 2026-07-27 08:56:38,825 ] - Epoch 48: train==[110.98629 = 0.62581 + 0.84529 + 17.76325 + 0.00204 + 0.00000 + 0.00030 + 613.91803]
[ INFO : 2026-07-27 08:56:47,933 ] - Test_@[5, 10, 20, 50]: Recall=[0.01419, 0.02468, 0.03312, 0.06329],  precision=[0.00284, 0.00247, 0.00166, 0.00127], hit=[0.01419, 0.02468, 0.03312, 0.06329], ndcg=[0.01068, 0.01400, 0.01613, 0.02183], Train Rec Loss=[0.04914], Eval Rec Loss=[0.04953], c=[0.50000], F=[0.76454, 0.98253, 0.92874, 0.93829], F_fuse=[0.00566, 0.00492, 0.00331, 0.00253]
[ INFO : 2026-07-27 08:58:41,651 ] - Epoch 49: train==[110.75073 = 0.62334 + 0.84525 + 17.53000 + 0.00207 + 0.00000 + 0.00030 + 613.91911]
[ INFO : 2026-07-27 08:58:50,788 ] - Test_@[5, 10, 20, 50]: Recall=[0.01406, 0.02468, 0.03299, 0.06393],  precision=[0.00281, 0.00247, 0.00165, 0.00128], hit=[0.01406, 0.02468, 0.03299, 0.06393], ndcg=[0.01063, 0.01400, 0.01610, 0.02194], Train Rec Loss=[0.04910], Eval Rec Loss=[0.04944], c=[0.50000], F=[0.76454, 0.98208, 0.92815, 0.93827], F_fuse=[0.00561, 0.00492, 0.00329, 0.00255]
[ INFO : 2026-07-27 09:00:45,882 ] - Epoch 50: train==[110.68811 = 0.61953 + 0.84528 + 17.47136 + 0.00209 + 0.00000 + 0.00029 + 613.91782]
[ INFO : 2026-07-27 09:00:54,785 ] - Test_@[5, 10, 20, 50]: Recall=[0.01394, 0.02481, 0.03324, 0.06419],  precision=[0.00279, 0.00248, 0.00166, 0.00128], hit=[0.01394, 0.02481, 0.03324, 0.06419], ndcg=[0.01058, 0.01403, 0.01615, 0.02198], Train Rec Loss=[0.04913], Eval Rec Loss=[0.04946], c=[0.50000], F=[0.76473, 0.98186, 0.92845, 0.93801], F_fuse=[0.00555, 0.00495, 0.00332, 0.00256]
[ INFO : 2026-07-27 09:02:47,224 ] - Epoch 51: train==[110.65015 = 0.62555 + 0.84521 + 17.42780 + 0.00211 + 0.00000 + 0.00028 + 613.91521]
[ INFO : 2026-07-27 09:02:56,108 ] - Test_@[5, 10, 20, 50]: Recall=[0.01394, 0.02468, 0.03312, 0.06367],  precision=[0.00279, 0.00247, 0.00166, 0.00127], hit=[0.01394, 0.02468, 0.03312, 0.06367], ndcg=[0.01056, 0.01397, 0.01608, 0.02186], Train Rec Loss=[0.04911], Eval Rec Loss=[0.04942], c=[0.50000], F=[0.76457, 0.98109, 0.92891, 0.93914], F_fuse=[0.00555, 0.00492, 0.00331, 0.00254]
[ INFO : 2026-07-27 09:04:49,744 ] - Epoch 52: train==[110.45105 = 0.61380 + 0.84523 + 17.24001 + 0.00215 + 0.00000 + 0.00027 + 613.91783]
[ INFO : 2026-07-27 09:04:58,711 ] - Test_@[5, 10, 20, 50]: Recall=[0.01381, 0.02455, 0.03286, 0.06278],  precision=[0.00276, 0.00245, 0.00164, 0.00126], hit=[0.01381, 0.02455, 0.03286, 0.06278], ndcg=[0.01053, 0.01395, 0.01604, 0.02171], Train Rec Loss=[0.04909], Eval Rec Loss=[0.04947], c=[0.50000], F=[0.76460, 0.98090, 0.92927, 0.94021], F_fuse=[0.00550, 0.00490, 0.00328, 0.00251]
[ INFO : 2026-07-27 09:06:53,674 ] - Epoch 53: train==[110.42383 = 0.61168 + 0.84514 + 17.21504 + 0.00217 + 0.00000 + 0.00027 + 613.91722]
[ INFO : 2026-07-27 09:07:02,941 ] - Test_@[5, 10, 20, 50]: Recall=[0.01381, 0.02455, 0.03273, 0.06304],  precision=[0.00276, 0.00245, 0.00164, 0.00126], hit=[0.01381, 0.02455, 0.03273, 0.06304], ndcg=[0.01053, 0.01399, 0.01605, 0.02178], Train Rec Loss=[0.04908], Eval Rec Loss=[0.04942], c=[0.50000], F=[0.76508, 0.98041, 0.92993, 0.94076], F_fuse=[0.00550, 0.00490, 0.00327, 0.00252]
[ INFO : 2026-07-27 09:08:56,823 ] - Epoch 54: train==[110.30752 = 0.60592 + 0.84511 + 17.10430 + 0.00219 + 0.00000 + 0.00026 + 613.91856]
[ INFO : 2026-07-27 09:09:05,609 ] - Test_@[5, 10, 20, 50]: Recall=[0.01381, 0.02455, 0.03248, 0.06278],  precision=[0.00276, 0.00245, 0.00162, 0.00126], hit=[0.01381, 0.02455, 0.03248, 0.06278], ndcg=[0.01045, 0.01386, 0.01587, 0.02162], Train Rec Loss=[0.04910], Eval Rec Loss=[0.04932], c=[0.50000], F=[0.76518, 0.98069, 0.92998, 0.93999], F_fuse=[0.00550, 0.00490, 0.00324, 0.00251]
[ INFO : 2026-07-27 09:10:59,005 ] - Epoch 55: train==[110.25660 = 0.60583 + 0.84512 + 17.05393 + 0.00222 + 0.00000 + 0.00026 + 613.91526]
[ INFO : 2026-07-27 09:11:07,792 ] - Test_@[5, 10, 20, 50]: Recall=[0.01368, 0.02391, 0.03235, 0.06278],  precision=[0.00274, 0.00239, 0.00162, 0.00126], hit=[0.01368, 0.02391, 0.03235, 0.06278], ndcg=[0.01043, 0.01371, 0.01585, 0.02163], Train Rec Loss=[0.04904], Eval Rec Loss=[0.04941], c=[0.50000], F=[0.76489, 0.97961, 0.93091, 0.94102], F_fuse=[0.00545, 0.00477, 0.00323, 0.00251]
[ INFO : 2026-07-27 09:13:02,139 ] - Epoch 56: train==[110.16896 = 0.59957 + 0.84504 + 16.97156 + 0.00225 + 0.00000 + 0.00025 + 613.92206]
[ INFO : 2026-07-27 09:13:11,467 ] - Test_@[5, 10, 20, 50]: Recall=[0.01343, 0.02455, 0.03222, 0.06227],  precision=[0.00269, 0.00245, 0.00161, 0.00125], hit=[0.01343, 0.02455, 0.03222, 0.06227], ndcg=[0.01035, 0.01393, 0.01587, 0.02158], Train Rec Loss=[0.04905], Eval Rec Loss=[0.04934], c=[0.50000], F=[0.76719, 0.97924, 0.93074, 0.94038], F_fuse=[0.00535, 0.00490, 0.00322, 0.00249]
[ INFO : 2026-07-27 09:15:04,532 ] - Epoch 57: train==[110.09607 = 0.60082 + 0.84507 + 16.89781 + 0.00226 + 0.00000 + 0.00024 + 613.91935]
[ INFO : 2026-07-27 09:15:13,869 ] - Test_@[5, 10, 20, 50]: Recall=[0.01355, 0.02429, 0.03222, 0.06188],  precision=[0.00271, 0.00243, 0.00161, 0.00124], hit=[0.01355, 0.02429, 0.03222, 0.06188], ndcg=[0.01031, 0.01373, 0.01574, 0.02139], Train Rec Loss=[0.04902], Eval Rec Loss=[0.04933], c=[0.50000], F=[0.76658, 0.97886, 0.93075, 0.93968], F_fuse=[0.00540, 0.00485, 0.00322, 0.00247]
[ INFO : 2026-07-27 09:17:07,107 ] - Epoch 58: train==[110.07590 = 0.59732 + 0.84501 + 16.88073 + 0.00226 + 0.00000 + 0.00024 + 613.92220]
[ INFO : 2026-07-27 09:17:16,454 ] - Test_@[5, 10, 20, 50]: Recall=[0.01343, 0.02378, 0.03197, 0.06227],  precision=[0.00269, 0.00238, 0.00160, 0.00125], hit=[0.01343, 0.02378, 0.03197, 0.06227], ndcg=[0.01028, 0.01363, 0.01570, 0.02146], Train Rec Loss=[0.04895], Eval Rec Loss=[0.04935], c=[0.50000], F=[0.76706, 0.97788, 0.93140, 0.93976], F_fuse=[0.00535, 0.00474, 0.00319, 0.00249]
[ INFO : 2026-07-27 09:19:09,021 ] - Epoch 59: train==[109.96582 = 0.59814 + 0.84494 + 16.77048 + 0.00228 + 0.00000 + 0.00023 + 613.91813]
[ INFO : 2026-07-27 09:19:18,385 ] - Test_@[5, 10, 20, 50]: Recall=[0.01355, 0.02417, 0.03197, 0.06291],  precision=[0.00271, 0.00242, 0.00160, 0.00126], hit=[0.01355, 0.02417, 0.03197, 0.06291], ndcg=[0.01034, 0.01375, 0.01572, 0.02163], Train Rec Loss=[0.04902], Eval Rec Loss=[0.04938], c=[0.50000], F=[0.76623, 0.97836, 0.93202, 0.93996], F_fuse=[0.00540, 0.00482, 0.00319, 0.00251]
[ INFO : 2026-07-27 09:21:11,942 ] - Epoch 60: train==[109.83628 = 0.58952 + 0.84493 + 16.64960 + 0.00231 + 0.00000 + 0.00023 + 613.91774]
[ INFO : 2026-07-27 09:21:20,718 ] - Test_@[5, 10, 20, 50]: Recall=[0.01343, 0.02378, 0.03197, 0.06252],  precision=[0.00269, 0.00238, 0.00160, 0.00125], hit=[0.01343, 0.02378, 0.03197, 0.06252], ndcg=[0.01025, 0.01358, 0.01566, 0.02147], Train Rec Loss=[0.04906], Eval Rec Loss=[0.04937], c=[0.50000], F=[0.76729, 0.97775, 0.93162, 0.94004], F_fuse=[0.00535, 0.00474, 0.00319, 0.00250]
[ INFO : 2026-07-27 09:23:13,907 ] - Epoch 61: train==[109.74318 = 0.58642 + 0.84486 + 16.55931 + 0.00233 + 0.00000 + 0.00023 + 613.91976]
[ INFO : 2026-07-27 09:23:23,228 ] - Test_@[5, 10, 20, 50]: Recall=[0.01368, 0.02340, 0.03184, 0.06214],  precision=[0.00274, 0.00234, 0.00159, 0.00124], hit=[0.01368, 0.02340, 0.03184, 0.06214], ndcg=[0.01032, 0.01344, 0.01558, 0.02136], Train Rec Loss=[0.04903], Eval Rec Loss=[0.04930], c=[0.50000], F=[0.76722, 0.97684, 0.93314, 0.93965], F_fuse=[0.00545, 0.00467, 0.00318, 0.00248]
[ INFO : 2026-07-27 09:25:16,882 ] - Epoch 62: train==[109.69571 = 0.58791 + 0.84484 + 16.51046 + 0.00235 + 0.00000 + 0.00023 + 613.91903]
[ INFO : 2026-07-27 09:25:25,660 ] - Test_@[5, 10, 20, 50]: Recall=[0.01343, 0.02250, 0.03158, 0.06188],  precision=[0.00269, 0.00225, 0.00158, 0.00124], hit=[0.01343, 0.02250, 0.03158, 0.06188], ndcg=[0.01017, 0.01312, 0.01545, 0.02124], Train Rec Loss=[0.04906], Eval Rec Loss=[0.04927], c=[0.50000], F=[0.76802, 0.97662, 0.93370, 0.93929], F_fuse=[0.00535, 0.00449, 0.00315, 0.00247]
[ INFO : 2026-07-27 09:27:17,971 ] - Epoch 63: train==[109.77986 = 0.58832 + 0.84481 + 16.59405 + 0.00235 + 0.00000 + 0.00022 + 613.92015]
[ INFO : 2026-07-27 09:27:27,300 ] - Test_@[5, 10, 20, 50]: Recall=[0.01355, 0.02289, 0.03197, 0.06163],  precision=[0.00271, 0.00229, 0.00160, 0.00123], hit=[0.01355, 0.02289, 0.03197, 0.06163], ndcg=[0.01018, 0.01321, 0.01552, 0.02118], Train Rec Loss=[0.04896], Eval Rec Loss=[0.04927], c=[0.50000], F=[0.76936, 0.97561, 0.93325, 0.93853], F_fuse=[0.00540, 0.00457, 0.00319, 0.00246]
[ INFO : 2026-07-27 09:29:21,474 ] - Epoch 64: train==[109.57807 = 0.58304 + 0.84476 + 16.39765 + 0.00240 + 0.00000 + 0.00022 + 613.91936]
[ INFO : 2026-07-27 09:29:30,782 ] - Test_@[5, 10, 20, 50]: Recall=[0.01381, 0.02327, 0.03158, 0.06188],  precision=[0.00276, 0.00233, 0.00158, 0.00124], hit=[0.01381, 0.02327, 0.03158, 0.06188], ndcg=[0.01028, 0.01338, 0.01549, 0.02127], Train Rec Loss=[0.04904], Eval Rec Loss=[0.04935], c=[0.50000], F=[0.76914, 0.97461, 0.93477, 0.94072], F_fuse=[0.00550, 0.00464, 0.00315, 0.00247]
[ INFO : 2026-07-27 09:31:23,438 ] - Epoch 65: train==[109.55875 = 0.57811 + 0.84470 + 16.38322 + 0.00241 + 0.00000 + 0.00022 + 613.91987]
[ INFO : 2026-07-27 09:31:32,245 ] - Test_@[5, 10, 20, 50]: Recall=[0.01381, 0.02289, 0.03184, 0.06112],  precision=[0.00276, 0.00229, 0.00159, 0.00122], hit=[0.01381, 0.02289, 0.03184, 0.06112], ndcg=[0.01028, 0.01325, 0.01553, 0.02111], Train Rec Loss=[0.04896], Eval Rec Loss=[0.04932], c=[0.50000], F=[0.76917, 0.97435, 0.93390, 0.94040], F_fuse=[0.00550, 0.00457, 0.00318, 0.00244]
[ INFO : 2026-07-27 09:33:27,328 ] - Epoch 66: train==[109.42928 = 0.57433 + 0.84468 + 16.25744 + 0.00242 + 0.00000 + 0.00022 + 613.92031]
[ INFO : 2026-07-27 09:33:36,724 ] - Test_@[5, 10, 20, 50]: Recall=[0.01381, 0.02289, 0.03197, 0.06086],  precision=[0.00276, 0.00229, 0.00160, 0.00122], hit=[0.01381, 0.02289, 0.03197, 0.06086], ndcg=[0.01028, 0.01323, 0.01553, 0.02104], Train Rec Loss=[0.04901], Eval Rec Loss=[0.04924], c=[0.50000], F=[0.76943, 0.97435, 0.93316, 0.94091], F_fuse=[0.00550, 0.00457, 0.00319, 0.00243]
[ INFO : 2026-07-27 09:35:29,311 ] - Epoch 67: train==[109.37367 = 0.57492 + 0.84464 + 16.20174 + 0.00243 + 0.00000 + 0.00021 + 613.91714]
[ INFO : 2026-07-27 09:35:38,091 ] - Test_@[5, 10, 20, 50]: Recall=[0.01406, 0.02263, 0.03197, 0.06086],  precision=[0.00281, 0.00226, 0.00160, 0.00122], hit=[0.01406, 0.02263, 0.03197, 0.06086], ndcg=[0.01033, 0.01314, 0.01548, 0.02098], Train Rec Loss=[0.04895], Eval Rec Loss=[0.04917], c=[0.50000], F=[0.76991, 0.97398, 0.93505, 0.94090], F_fuse=[0.00561, 0.00452, 0.00319, 0.00243]
[ INFO : 2026-07-27 09:37:31,596 ] - Epoch 68: train==[109.29736 = 0.57874 + 0.84457 + 16.12186 + 0.00248 + 0.00000 + 0.00021 + 613.91551]
[ INFO : 2026-07-27 09:37:40,468 ] - Test_@[5, 10, 20, 50]: Recall=[0.01419, 0.02314, 0.03209, 0.06073],  precision=[0.00284, 0.00231, 0.00160, 0.00121], hit=[0.01419, 0.02314, 0.03209, 0.06073], ndcg=[0.01047, 0.01341, 0.01566, 0.02112], Train Rec Loss=[0.04901], Eval Rec Loss=[0.04934], c=[0.50000], F=[0.77205, 0.97176, 0.93521, 0.94120], F_fuse=[0.00566, 0.00462, 0.00320, 0.00243]
[ INFO : 2026-07-27 09:39:32,608 ] - Epoch 69: train==[109.33124 = 0.57784 + 0.84451 + 16.15623 + 0.00247 + 0.00000 + 0.00020 + 613.91859]
[ INFO : 2026-07-27 09:39:41,790 ] - Test_@[5, 10, 20, 50]: Recall=[0.01419, 0.02301, 0.03197, 0.06035],  precision=[0.00284, 0.00230, 0.00160, 0.00121], hit=[0.01419, 0.02301, 0.03197, 0.06035], ndcg=[0.01041, 0.01331, 0.01556, 0.02097], Train Rec Loss=[0.04896], Eval Rec Loss=[0.04928], c=[0.50000], F=[0.77214, 0.97215, 0.93438, 0.94052], F_fuse=[0.00566, 0.00459, 0.00319, 0.00241]
[ INFO : 2026-07-27 09:41:33,892 ] - Epoch 70: train==[109.22792 = 0.56879 + 0.84450 + 16.06238 + 0.00250 + 0.00000 + 0.00021 + 613.91553]
[ INFO : 2026-07-27 09:41:43,147 ] - Test_@[5, 10, 20, 50]: Recall=[0.01419, 0.02314, 0.03222, 0.06009],  precision=[0.00284, 0.00231, 0.00161, 0.00120], hit=[0.01419, 0.02314, 0.03222, 0.06009], ndcg=[0.01051, 0.01344, 0.01572, 0.02104], Train Rec Loss=[0.04893], Eval Rec Loss=[0.04928], c=[0.50000], F=[0.77250, 0.97221, 0.93540, 0.94138], F_fuse=[0.00566, 0.00462, 0.00322, 0.00240]
[ INFO : 2026-07-27 09:43:36,339 ] - Epoch 71: train==[109.05644 = 0.56316 + 0.84440 + 15.89658 + 0.00250 + 0.00000 + 0.00021 + 613.91563]
[ INFO : 2026-07-27 09:43:45,124 ] - Test_@[5, 10, 20, 50]: Recall=[0.01406, 0.02263, 0.03184, 0.05971],  precision=[0.00281, 0.00226, 0.00159, 0.00119], hit=[0.01406, 0.02263, 0.03184, 0.05971], ndcg=[0.01037, 0.01320, 0.01553, 0.02086], Train Rec Loss=[0.04893], Eval Rec Loss=[0.04926], c=[0.50000], F=[0.77243, 0.97068, 0.93566, 0.94126], F_fuse=[0.00561, 0.00452, 0.00318, 0.00239]
[ INFO : 2026-07-27 09:45:38,081 ] - Epoch 72: train==[108.99862 = 0.55964 + 0.84439 + 15.84190 + 0.00252 + 0.00000 + 0.00021 + 613.91808]
[ INFO : 2026-07-27 09:45:47,295 ] - Test_@[5, 10, 20, 50]: Recall=[0.01381, 0.02289, 0.03197, 0.05894],  precision=[0.00276, 0.00229, 0.00160, 0.00118], hit=[0.01381, 0.02289, 0.03197, 0.05894], ndcg=[0.01018, 0.01315, 0.01543, 0.02059], Train Rec Loss=[0.04891], Eval Rec Loss=[0.04929], c=[0.50000], F=[0.76936, 0.97140, 0.93472, 0.94184], F_fuse=[0.00550, 0.00457, 0.00319, 0.00235]
[ INFO : 2026-07-27 09:47:40,909 ] - Epoch 73: train==[108.97160 = 0.55831 + 0.84430 + 15.81582 + 0.00254 + 0.00000 + 0.00020 + 613.92093]
[ INFO : 2026-07-27 09:47:49,942 ] - Test_@[5, 10, 20, 50]: Recall=[0.01355, 0.02238, 0.03209, 0.05997],  precision=[0.00271, 0.00224, 0.00160, 0.00120], hit=[0.01355, 0.02238, 0.03209, 0.05997], ndcg=[0.01012, 0.01301, 0.01546, 0.02078], Train Rec Loss=[0.04891], Eval Rec Loss=[0.04921], c=[0.50000], F=[0.77234, 0.97173, 0.93382, 0.94182], F_fuse=[0.00540, 0.00446, 0.00320, 0.00240]
[ INFO : 2026-07-27 09:49:42,794 ] - Epoch 74: train==[108.82469 = 0.55986 + 0.84432 + 15.66798 + 0.00257 + 0.00000 + 0.00020 + 613.91655]
[ INFO : 2026-07-27 09:49:52,154 ] - Test_@[5, 10, 20, 50]: Recall=[0.01406, 0.02263, 0.03145, 0.05946],  precision=[0.00281, 0.00226, 0.00157, 0.00119], hit=[0.01406, 0.02263, 0.03145, 0.05946], ndcg=[0.01034, 0.01317, 0.01540, 0.02076], Train Rec Loss=[0.04888], Eval Rec Loss=[0.04925], c=[0.50000], F=[0.77035, 0.96942, 0.93549, 0.94303], F_fuse=[0.00561, 0.00452, 0.00314, 0.00238]
[ INFO : 2026-07-27 09:51:45,179 ] - Epoch 75: train==[108.85823 = 0.55629 + 0.84421 + 15.70518 + 0.00257 + 0.00000 + 0.00020 + 613.91646]
[ INFO : 2026-07-27 09:51:54,188 ] - Test_@[5, 10, 20, 50]: Recall=[0.01406, 0.02238, 0.03158, 0.05894],  precision=[0.00281, 0.00224, 0.00158, 0.00118], hit=[0.01406, 0.02238, 0.03158, 0.05894], ndcg=[0.01025, 0.01300, 0.01533, 0.02059], Train Rec Loss=[0.04891], Eval Rec Loss=[0.04922], c=[0.50000], F=[0.77917, 0.96857, 0.93477, 0.94201], F_fuse=[0.00561, 0.00446, 0.00315, 0.00235]
[ INFO : 2026-07-27 09:53:47,447 ] - Epoch 76: train==[108.78109 = 0.55141 + 0.84415 + 15.63302 + 0.00260 + 0.00000 + 0.00020 + 613.91578]
[ INFO : 2026-07-27 09:53:56,222 ] - Test_@[5, 10, 20, 50]: Recall=[0.01394, 0.02238, 0.03171, 0.05894],  precision=[0.00279, 0.00224, 0.00159, 0.00118], hit=[0.01394, 0.02238, 0.03171, 0.05894], ndcg=[0.01023, 0.01301, 0.01537, 0.02061], Train Rec Loss=[0.04887], Eval Rec Loss=[0.04916], c=[0.50000], F=[0.77492, 0.96887, 0.93604, 0.94204], F_fuse=[0.00555, 0.00446, 0.00317, 0.00235]
[ INFO : 2026-07-27 09:55:48,910 ] - Epoch 77: train==[108.68282 = 0.54920 + 0.84409 + 15.53698 + 0.00262 + 0.00000 + 0.00019 + 613.91583]
[ INFO : 2026-07-27 09:55:58,243 ] - Test_@[5, 10, 20, 50]: Recall=[0.01394, 0.02263, 0.03145, 0.05971],  precision=[0.00279, 0.00226, 0.00157, 0.00119], hit=[0.01394, 0.02263, 0.03145, 0.05971], ndcg=[0.01012, 0.01299, 0.01522, 0.02065], Train Rec Loss=[0.04891], Eval Rec Loss=[0.04928], c=[0.50000], F=[0.78128, 0.96691, 0.93577, 0.94271], F_fuse=[0.00555, 0.00452, 0.00314, 0.00239]
[ INFO : 2026-07-27 09:57:50,909 ] - Epoch 78: train==[108.63827 = 0.55174 + 0.84399 + 15.48922 + 0.00262 + 0.00000 + 0.00019 + 613.92056]
[ INFO : 2026-07-27 09:57:59,803 ] - Test_@[5, 10, 20, 50]: Recall=[0.01406, 0.02250, 0.03145, 0.05882],  precision=[0.00281, 0.00225, 0.00157, 0.00118], hit=[0.01406, 0.02250, 0.03145, 0.05882], ndcg=[0.01028, 0.01305, 0.01532, 0.02059], Train Rec Loss=[0.04883], Eval Rec Loss=[0.04919], c=[0.50000], F=[0.78991, 0.96553, 0.93516, 0.94181], F_fuse=[0.00561, 0.00449, 0.00314, 0.00235]
[ INFO : 2026-07-27 09:59:54,411 ] - Epoch 79: train==[108.52069 = 0.54578 + 0.84394 + 15.37822 + 0.00264 + 0.00000 + 0.00019 + 613.91653]
[ INFO : 2026-07-27 10:00:03,274 ] - Test_@[5, 10, 20, 50]: Recall=[0.01406, 0.02263, 0.03133, 0.05856],  precision=[0.00281, 0.00226, 0.00157, 0.00117], hit=[0.01406, 0.02263, 0.03133, 0.05856], ndcg=[0.01021, 0.01301, 0.01520, 0.02045], Train Rec Loss=[0.04876], Eval Rec Loss=[0.04922], c=[0.50000], F=[0.77748, 0.96520, 0.93815, 0.94276], F_fuse=[0.00561, 0.00452, 0.00313, 0.00234]
[ INFO : 2026-07-27 10:01:57,377 ] - Epoch 80: train==[108.54131 = 0.54316 + 0.84389 + 15.40144 + 0.00264 + 0.00000 + 0.00019 + 613.91688]
[ INFO : 2026-07-27 10:02:06,523 ] - Test_@[5, 10, 20, 50]: Recall=[0.01394, 0.02289, 0.03120, 0.05894],  precision=[0.00279, 0.00229, 0.00156, 0.00118], hit=[0.01394, 0.02289, 0.03120, 0.05894], ndcg=[0.01020, 0.01312, 0.01522, 0.02056], Train Rec Loss=[0.04890], Eval Rec Loss=[0.04922], c=[0.50000], F=[0.77729, 0.96454, 0.93805, 0.94417], F_fuse=[0.00555, 0.00457, 0.00311, 0.00235]
[ INFO : 2026-07-27 10:04:00,875 ] - Epoch 81: train==[108.45248 = 0.53918 + 0.84379 + 15.31656 + 0.00267 + 0.00000 + 0.00019 + 613.91742]
[ INFO : 2026-07-27 10:04:10,252 ] - Test_@[5, 10, 20, 50]: Recall=[0.01432, 0.02263, 0.03081, 0.05830],  precision=[0.00286, 0.00226, 0.00154, 0.00117], hit=[0.01432, 0.02263, 0.03081, 0.05830], ndcg=[0.01029, 0.01301, 0.01507, 0.02037], Train Rec Loss=[0.04889], Eval Rec Loss=[0.04916], c=[0.50000], F=[0.79457, 0.96028, 0.93723, 0.94390], F_fuse=[0.00571, 0.00452, 0.00308, 0.00233]
[ INFO : 2026-07-27 10:06:03,904 ] - Epoch 82: train==[108.42424 = 0.54440 + 0.84373 + 15.28310 + 0.00268 + 0.00000 + 0.00019 + 613.91751]
[ INFO : 2026-07-27 10:06:13,261 ] - Test_@[5, 10, 20, 50]: Recall=[0.01406, 0.02276, 0.03107, 0.05869],  precision=[0.00281, 0.00228, 0.00155, 0.00117], hit=[0.01406, 0.02276, 0.03107, 0.05869], ndcg=[0.01008, 0.01292, 0.01501, 0.02033], Train Rec Loss=[0.04890], Eval Rec Loss=[0.04916], c=[0.50000], F=[0.78262, 0.96252, 0.93726, 0.94395], F_fuse=[0.00561, 0.00454, 0.00310, 0.00234]
