Job 74484 on gpu01; lambda_cf=1.0; group_k=10; seed=6; started Wed Jul 29 03:10:48 AM UTC 2026
Wed Jul 29 03:10:48 2026       
+-----------------------------------------------------------------------------+
| NVIDIA-SMI 525.147.05   Driver Version: 525.147.05   CUDA Version: 12.0     |
|-------------------------------+----------------------+----------------------+
| GPU  Name        Persistence-M| Bus-Id        Disp.A | Volatile Uncorr. ECC |
| Fan  Temp  Perf  Pwr:Usage/Cap|         Memory-Usage | GPU-Util  Compute M. |
|                               |                      |               MIG M. |
|===============================+======================+======================|
|   0  NVIDIA A100-SXM...  On   | 00000000:07:00.0 Off |                    0 |
| N/A   28C    P0    55W / 400W |      0MiB / 40960MiB |      0%      Default |
|                               |                      |             Disabled |
+-------------------------------+----------------------+----------------------+
                                                                               
+-----------------------------------------------------------------------------+
| Processes:                                                                  |
|  GPU   GI   CI        PID   Type   Process name                  GPU Memory |
|        ID   ID                                                   Usage      |
|=============================================================================|
|  No running processes found                                                 |
+-----------------------------------------------------------------------------+
[ INFO : 2026-07-29 03:11:10,368 ] - Preprocess missing values with zero
[ INFO : 2026-07-29 03:11:13,048 ] - Pretrained diffusion model is loaded from: ./checkpoint/baby/best_model.pth
[ INFO : 2026-07-29 03:11:14,156 ] - Completed data loaded from: ./checkpoint/baby/completed_data.pkl
/media/lhbac29/raid-cf/main.py:106: DeprecationWarning: Please import `csr_matrix` from the `scipy.sparse` namespace; the `scipy.sparse.csr` namespace is deprecated and will be removed in SciPy 2.0.0.
  self.ui_graph = self.ui_graph_raw = pickle.load(open('./data/' + self.dataset + '/train_mat', 'rb'))
[ INFO : 2026-07-29 03:11:14,265 ] - Missing rate = 0.400000, complete strategy: zero
[ INFO : 2026-07-29 03:13:51,039 ] - Epoch 1: train==[344.21578 = 2.00932 + 1.09625 + 66.28319 + 0.00058 + 0.00000 + 164.57550 + 1225.01035]
[ INFO : 2026-07-29 03:14:00,244 ] - Test_@[5, 10, 20, 50]: Recall=[0.01821, 0.02877, 0.04615, 0.08897],  precision=[0.00379, 0.00301, 0.00245, 0.00189], hit=[0.01893, 0.03008, 0.04855, 0.09349], ndcg=[0.01115, 0.01458, 0.01896, 0.02747], Train Rec Loss=[0.03224], Eval Rec Loss=[0.03234], c=[0.50000], F=[0.99522, 0.98541, 0.93442, 0.97754], F_fuse=[0.00754, 0.00601, 0.00488, 0.00377]
[ INFO : 2026-07-29 03:16:29,978 ] - Epoch 2: train==[205.92605 = 1.61706 + 1.08785 + 63.94786 + 0.00081 + 0.00000 + 28.94174 + 1225.89705]
[ INFO : 2026-07-29 03:16:39,286 ] - Test_@[5, 10, 20, 50]: Recall=[0.01816, 0.02908, 0.04634, 0.09037],  precision=[0.00377, 0.00304, 0.00246, 0.00192], hit=[0.01887, 0.03039, 0.04880, 0.09493], ndcg=[0.01138, 0.01486, 0.01926, 0.02800], Train Rec Loss=[0.03219], Eval Rec Loss=[0.03231], c=[0.50000], F=[0.99522, 0.98265, 0.93555, 0.98745], F_fuse=[0.00752, 0.00607, 0.00490, 0.00382]
[ INFO : 2026-07-29 03:19:08,578 ] - Epoch 3: train==[179.59610 = 1.60160 + 1.08784 + 60.74806 + 0.00136 + 0.00000 + 5.82650 + 1225.89705]
[ INFO : 2026-07-29 03:19:17,878 ] - Test_@[5, 10, 20, 50]: Recall=[0.01811, 0.02917, 0.04683, 0.09065],  precision=[0.00376, 0.00306, 0.00249, 0.00192], hit=[0.01882, 0.03055, 0.04942, 0.09519], ndcg=[0.01139, 0.01493, 0.01941, 0.02810], Train Rec Loss=[0.03220], Eval Rec Loss=[0.03227], c=[0.50000], F=[0.99519, 0.94949, 0.93743, 0.99722], F_fuse=[0.00750, 0.00610, 0.00496, 0.00384]
[ INFO : 2026-07-29 03:21:46,028 ] - Epoch 4: train==[171.33084 = 1.58998 + 1.08784 + 57.31165 + 0.00223 + 0.00000 + 1.00840 + 1225.89705]
[ INFO : 2026-07-29 03:21:55,441 ] - Test_@[5, 10, 20, 50]: Recall=[0.01801, 0.02885, 0.04670, 0.09189],  precision=[0.00374, 0.00303, 0.00248, 0.00194], hit=[0.01872, 0.03024, 0.04927, 0.09637], ndcg=[0.01136, 0.01483, 0.01938, 0.02832], Train Rec Loss=[0.03220], Eval Rec Loss=[0.03229], c=[0.50000], F=[0.99519, 0.90507, 0.93775, 0.99724], F_fuse=[0.00746, 0.00604, 0.00495, 0.00388]
[ INFO : 2026-07-29 03:24:23,636 ] - Epoch 5: train==[168.80465 = 1.57697 + 1.08786 + 55.55267 + 0.00295 + 0.00000 + 0.25346 + 1225.89705]
[ INFO : 2026-07-29 03:24:32,879 ] - Test_@[5, 10, 20, 50]: Recall=[0.01811, 0.02891, 0.04652, 0.09185],  precision=[0.00376, 0.00304, 0.00247, 0.00194], hit=[0.01882, 0.03034, 0.04906, 0.09632], ndcg=[0.01132, 0.01479, 0.01928, 0.02827], Train Rec Loss=[0.03215], Eval Rec Loss=[0.03224], c=[0.50000], F=[0.99519, 0.88147, 0.93770, 0.99724], F_fuse=[0.00750, 0.00606, 0.00493, 0.00388]
[ INFO : 2026-07-29 03:27:01,081 ] - Epoch 6: train==[167.80804 = 1.56182 + 1.08785 + 54.67822 + 0.00343 + 0.00000 + 0.14598 + 1225.89705]
[ INFO : 2026-07-29 03:27:10,090 ] - Test_@[5, 10, 20, 50]: Recall=[0.01806, 0.02883, 0.04662, 0.09195],  precision=[0.00375, 0.00303, 0.00248, 0.00195], hit=[0.01877, 0.03024, 0.04922, 0.09643], ndcg=[0.01137, 0.01484, 0.01938, 0.02837], Train Rec Loss=[0.03213], Eval Rec Loss=[0.03224], c=[0.50000], F=[0.99519, 0.88055, 0.93760, 0.99725], F_fuse=[0.00748, 0.00604, 0.00494, 0.00388]
[ INFO : 2026-07-29 03:29:39,156 ] - Epoch 7: train==[167.34317 = 1.54848 + 1.08786 + 54.28926 + 0.00374 + 0.00000 + 0.08310 + 1225.89705]
[ INFO : 2026-07-29 03:29:48,420 ] - Test_@[5, 10, 20, 50]: Recall=[0.01806, 0.02886, 0.04671, 0.09216],  precision=[0.00375, 0.00303, 0.00248, 0.00195], hit=[0.01877, 0.03029, 0.04932, 0.09673], ndcg=[0.01130, 0.01476, 0.01933, 0.02835], Train Rec Loss=[0.03211], Eval Rec Loss=[0.03222], c=[0.50000], F=[0.99508, 0.88552, 0.93781, 0.99723], F_fuse=[0.00748, 0.00605, 0.00495, 0.00389]
[ INFO : 2026-07-29 03:32:16,827 ] - Epoch 8: train==[166.58271 = 1.53698 + 1.08785 + 53.58153 + 0.00398 + 0.00000 + 0.04163 + 1225.89705]
[ INFO : 2026-07-29 03:32:25,958 ] - Test_@[5, 10, 20, 50]: Recall=[0.01842, 0.02939, 0.04778, 0.09435],  precision=[0.00383, 0.00309, 0.00254, 0.00200], hit=[0.01913, 0.03080, 0.05045, 0.09910], ndcg=[0.01127, 0.01479, 0.01949, 0.02870], Train Rec Loss=[0.03208], Eval Rec Loss=[0.03224], c=[0.50000], F=[0.97750, 0.88519, 0.93858, 0.99624], F_fuse=[0.00762, 0.00615, 0.00507, 0.00399]
[ INFO : 2026-07-29 03:34:54,260 ] - Epoch 9: train==[165.68646 = 1.52115 + 1.08785 + 52.72830 + 0.00412 + 0.00000 + 0.01430 + 1225.89705]
[ INFO : 2026-07-29 03:35:03,534 ] - Test_@[5, 10, 20, 50]: Recall=[0.01877, 0.03106, 0.04956, 0.09870],  precision=[0.00392, 0.00329, 0.00265, 0.00210], hit=[0.01959, 0.03271, 0.05235, 0.10388], ndcg=[0.01155, 0.01555, 0.02030, 0.03006], Train Rec Loss=[0.03206], Eval Rec Loss=[0.03221], c=[0.50000], F=[0.87115, 0.88971, 0.93862, 0.99522], F_fuse=[0.00780, 0.00655, 0.00528, 0.00419]
[ INFO : 2026-07-29 03:37:32,889 ] - Epoch 10: train==[164.58918 = 1.50595 + 1.08786 + 51.65529 + 0.00433 + 0.00000 + 0.00501 + 1225.89705]
[ INFO : 2026-07-29 03:37:42,035 ] - Test_@[5, 10, 20, 50]: Recall=[0.02126, 0.03470, 0.05459, 0.10468],  precision=[0.00447, 0.00369, 0.00292, 0.00223], hit=[0.02232, 0.03656, 0.05786, 0.11016], ndcg=[0.01319, 0.01751, 0.02260, 0.03254], Train Rec Loss=[0.03207], Eval Rec Loss=[0.03217], c=[0.50000], F=[0.84895, 0.90440, 0.93867, 0.99387], F_fuse=[0.00890, 0.00734, 0.00582, 0.00445]
[ INFO : 2026-07-29 03:40:10,671 ] - Epoch 11: train==[163.23633 = 1.49304 + 1.08785 + 50.31749 + 0.00474 + 0.00000 + 0.00248 + 1225.89705]
[ INFO : 2026-07-29 03:40:19,864 ] - Test_@[5, 10, 20, 50]: Recall=[0.02308, 0.03706, 0.05798, 0.11084],  precision=[0.00485, 0.00392, 0.00309, 0.00237], hit=[0.02417, 0.03893, 0.06115, 0.11664], ndcg=[0.01437, 0.01887, 0.02422, 0.03473], Train Rec Loss=[0.03203], Eval Rec Loss=[0.03216], c=[0.50000], F=[0.87265, 0.92549, 0.93960, 0.99234], F_fuse=[0.00966, 0.00781, 0.00616, 0.00472]
[ INFO : 2026-07-29 03:42:48,859 ] - Epoch 12: train==[162.42914 = 1.47502 + 1.08786 + 49.52858 + 0.00510 + 0.00000 + 0.00184 + 1225.89705]
[ INFO : 2026-07-29 03:42:58,091 ] - Test_@[5, 10, 20, 50]: Recall=[0.02315, 0.03763, 0.05994, 0.11270],  precision=[0.00489, 0.00399, 0.00319, 0.00241], hit=[0.02427, 0.03955, 0.06320, 0.11859], ndcg=[0.01475, 0.01946, 0.02515, 0.03566], Train Rec Loss=[0.03203], Eval Rec Loss=[0.03212], c=[0.50000], F=[0.84520, 0.92821, 0.94004, 0.99085], F_fuse=[0.00971, 0.00794, 0.00637, 0.00480]
[ INFO : 2026-07-29 03:45:26,770 ] - Epoch 13: train==[161.67887 = 1.46081 + 1.08785 + 48.79229 + 0.00546 + 0.00000 + 0.00172 + 1225.89705]
[ INFO : 2026-07-29 03:45:35,926 ] - Test_@[5, 10, 20, 50]: Recall=[0.02380, 0.03926, 0.06154, 0.11555],  precision=[0.00501, 0.00416, 0.00328, 0.00247], hit=[0.02489, 0.04130, 0.06490, 0.12163], ndcg=[0.01525, 0.02027, 0.02595, 0.03671], Train Rec Loss=[0.03202], Eval Rec Loss=[0.03216], c=[0.50000], F=[0.83992, 0.92947, 0.94146, 0.98903], F_fuse=[0.00996, 0.00827, 0.00653, 0.00492]
[ INFO : 2026-07-29 03:48:04,381 ] - Epoch 14: train==[161.01286 = 1.45097 + 1.08787 + 48.13588 + 0.00577 + 0.00000 + 0.00164 + 1225.89705]
[ INFO : 2026-07-29 03:48:13,518 ] - Test_@[5, 10, 20, 50]: Recall=[0.02393, 0.03890, 0.06129, 0.11665],  precision=[0.00504, 0.00412, 0.00327, 0.00249], hit=[0.02504, 0.04099, 0.06464, 0.12281], ndcg=[0.01524, 0.02012, 0.02584, 0.03688], Train Rec Loss=[0.03203], Eval Rec Loss=[0.03213], c=[0.50000], F=[0.85408, 0.92398, 0.94174, 0.98942], F_fuse=[0.01002, 0.00821, 0.00651, 0.00497]
[ INFO : 2026-07-29 03:50:41,766 ] - Epoch 15: train==[160.49327 = 1.43218 + 1.08786 + 47.63493 + 0.00599 + 0.00000 + 0.00156 + 1225.89705]
[ INFO : 2026-07-29 03:50:50,987 ] - Test_@[5, 10, 20, 50]: Recall=[0.02458, 0.04034, 0.06245, 0.11818],  precision=[0.00515, 0.00427, 0.00332, 0.00253], hit=[0.02561, 0.04243, 0.06583, 0.12445], ndcg=[0.01573, 0.02086, 0.02649, 0.03763], Train Rec Loss=[0.03204], Eval Rec Loss=[0.03211], c=[0.50000], F=[0.81454, 0.93653, 0.94149, 0.98668], F_fuse=[0.01024, 0.00850, 0.00663, 0.00504]
[ INFO : 2026-07-29 03:53:20,034 ] - Epoch 16: train==[159.60215 = 1.41830 + 1.08789 + 46.75739 + 0.00630 + 0.00000 + 0.00153 + 1225.89705]
[ INFO : 2026-07-29 03:53:29,271 ] - Test_@[5, 10, 20, 50]: Recall=[0.02431, 0.04003, 0.06260, 0.11853],  precision=[0.00511, 0.00424, 0.00333, 0.00254], hit=[0.02540, 0.04212, 0.06598, 0.12481], ndcg=[0.01564, 0.02079, 0.02657, 0.03775], Train Rec Loss=[0.03198], Eval Rec Loss=[0.03211], c=[0.50000], F=[0.84472, 0.92657, 0.94475, 0.98712], F_fuse=[0.01016, 0.00844, 0.00664, 0.00506]
[ INFO : 2026-07-29 03:55:57,737 ] - Epoch 17: train==[159.26788 = 1.40472 + 1.08785 + 46.43658 + 0.00649 + 0.00000 + 0.00149 + 1225.89705]
[ INFO : 2026-07-29 03:56:06,921 ] - Test_@[5, 10, 20, 50]: Recall=[0.02524, 0.04080, 0.06397, 0.12006],  precision=[0.00530, 0.00431, 0.00341, 0.00256], hit=[0.02633, 0.04284, 0.06742, 0.12620], ndcg=[0.01613, 0.02124, 0.02715, 0.03835], Train Rec Loss=[0.03196], Eval Rec Loss=[0.03206], c=[0.50000], F=[0.83381, 0.93597, 0.94743, 0.98433], F_fuse=[0.01053, 0.00859, 0.00679, 0.00511]
[ INFO : 2026-07-29 03:58:35,775 ] - Epoch 18: train==[158.43357 = 1.38767 + 1.08786 + 45.61910 + 0.00673 + 0.00000 + 0.00147 + 1225.89705]
[ INFO : 2026-07-29 03:58:45,124 ] - Test_@[5, 10, 20, 50]: Recall=[0.02517, 0.04154, 0.06397, 0.12067],  precision=[0.00528, 0.00439, 0.00341, 0.00258], hit=[0.02623, 0.04361, 0.06742, 0.12692], ndcg=[0.01610, 0.02144, 0.02718, 0.03850], Train Rec Loss=[0.03196], Eval Rec Loss=[0.03214], c=[0.50000], F=[0.81772, 0.93500, 0.94601, 0.98358], F_fuse=[0.01049, 0.00873, 0.00679, 0.00514]
[ INFO : 2026-07-29 04:01:13,553 ] - Epoch 19: train==[158.15561 = 1.37587 + 1.08785 + 45.35284 + 0.00688 + 0.00000 + 0.00144 + 1225.89705]
[ INFO : 2026-07-29 04:01:22,719 ] - Test_@[5, 10, 20, 50]: Recall=[0.02553, 0.04218, 0.06491, 0.12195],  precision=[0.00536, 0.00446, 0.00345, 0.00260], hit=[0.02664, 0.04428, 0.06835, 0.12800], ndcg=[0.01634, 0.02176, 0.02755, 0.03895], Train Rec Loss=[0.03193], Eval Rec Loss=[0.03207], c=[0.50000], F=[0.82308, 0.93523, 0.94696, 0.97991], F_fuse=[0.01065, 0.00888, 0.00688, 0.00519]
[ INFO : 2026-07-29 04:03:51,123 ] - Epoch 20: train==[157.51926 = 1.36400 + 1.08786 + 44.72819 + 0.00707 + 0.00000 + 0.00141 + 1225.89705]
[ INFO : 2026-07-29 04:04:00,343 ] - Test_@[5, 10, 20, 50]: Recall=[0.02557, 0.04282, 0.06629, 0.12363],  precision=[0.00537, 0.00454, 0.00352, 0.00263], hit=[0.02669, 0.04510, 0.06974, 0.12970], ndcg=[0.01636, 0.02197, 0.02793, 0.03936], Train Rec Loss=[0.03196], Eval Rec Loss=[0.03202], c=[0.50000], F=[0.82933, 0.93147, 0.95108, 0.97742], F_fuse=[0.01067, 0.00904, 0.00702, 0.00525]
