Job 74373 on gpu02; lambda_cf=1.0; group_k=20; seed=1; started Sun Jul 26 12:14:49 PM +07 2026
Failed to initialize NVML: Driver/library version mismatch
NVML library version: 580.173
/media/lhbac29/miniconda3/envs/thesis/lib/python3.9/site-packages/torch/cuda/__init__.py:619: UserWarning: Can't initialize NVML
  warnings.warn("Can't initialize NVML")
/media/lhbac29/miniconda3/envs/thesis/lib/python3.9/site-packages/torch/cuda/__init__.py:749: UserWarning: CUDA initialization: Unexpected error from cudaGetDeviceCount(). Did you run some cuda functions before calling NumCudaDevices() that might have already set an error? Error 803: system has unsupported display driver / cuda driver combination (Triggered internally at /opt/conda/conda-bld/pytorch_1716905971093/work/c10/cuda/CUDAFunctions.cpp:108.)
  return torch._C._cuda_getDeviceCount() if nvml_count < 0 else nvml_count
[ INFO : 2026-07-26 12:15:01,395 ] - Preprocess missing values with zero
[ INFO : 2026-07-26 12:15:01,700 ] - Pretrained diffusion model is loaded from: ./checkpoint/tiktok/best_model.pth
[ INFO : 2026-07-26 12:15:02,197 ] - Completed data loaded from: ./checkpoint/tiktok/completed_data.pkl
/media/lhbac29/raid-cf/main.py:106: DeprecationWarning: Please import `csr_matrix` from the `scipy.sparse` namespace; the `scipy.sparse.csr` namespace is deprecated and will be removed in SciPy 2.0.0.
  self.ui_graph = self.ui_graph_raw = pickle.load(open('./data/' + self.dataset + '/train_mat', 'rb'))
n_users=9308, n_items=6710
n_interactions=65671
n_train=59541, n_test=6130, sparsity=0.00105
Traceback (most recent call last):
  File "/media/lhbac29/raid-cf/main.py", line 722, in <module>
    main(args)
  File "/media/lhbac29/raid-cf/main.py", line 712, in main
    trainer = Trainer(ori_mm_data=ori_mm_data, incomplete_mm_data=incomplete_mm_data, missing_items=missing_items,
  File "/media/lhbac29/raid-cf/main.py", line 111, in __init__
    self.ui_graph = self.matrix_to_tensor(self.csr_norm(self.ui_graph, mean_flag=True))
  File "/media/lhbac29/raid-cf/main.py", line 188, in matrix_to_tensor
    return torch.sparse_coo_tensor(indices, values, shape).to(torch.float32).cuda()  #
  File "/media/lhbac29/miniconda3/envs/thesis/lib/python3.9/site-packages/torch/cuda/__init__.py", line 293, in _lazy_init
    torch._C._cuda_init()
RuntimeError: Unexpected error from cudaGetDeviceCount(). Did you run some cuda functions before calling NumCudaDevices() that might have already set an error? Error 803: system has unsupported display driver / cuda driver combination
Finished Sun Jul 26 12:15:02 PM +07 2026
