Job 74482 on gpu01; lambda_cf=1.0; group_k=10; seed=5; started Wed Jul 29 02:32:50 AM UTC 2026
Wed Jul 29 02:32:50 2026       
+-----------------------------------------------------------------------------+
| NVIDIA-SMI 525.147.05   Driver Version: 525.147.05   CUDA Version: 12.0     |
|-------------------------------+----------------------+----------------------+
| GPU  Name        Persistence-M| Bus-Id        Disp.A | Volatile Uncorr. ECC |
| Fan  Temp  Perf  Pwr:Usage/Cap|         Memory-Usage | GPU-Util  Compute M. |
|                               |                      |               MIG M. |
|===============================+======================+======================|
|   0  NVIDIA A100-SXM...  On   | 00000000:B7:00.0 Off |                    0 |
| N/A   35C    P0    56W / 400W |      0MiB / 40960MiB |      0%      Default |
|                               |                      |             Disabled |
+-------------------------------+----------------------+----------------------+
                                                                               
+-----------------------------------------------------------------------------+
| Processes:                                                                  |
|  GPU   GI   CI        PID   Type   Process name                  GPU Memory |
|        ID   ID                                                   Usage      |
|=============================================================================|
|  No running processes found                                                 |
+-----------------------------------------------------------------------------+
[ INFO : 2026-07-29 02:33:15,328 ] - Preprocess missing values with zero
[ INFO : 2026-07-29 02:33:17,397 ] - Pretrained diffusion model is loaded from: ./checkpoint/baby/best_model.pth
[ INFO : 2026-07-29 02:33:18,510 ] - Completed data loaded from: ./checkpoint/baby/completed_data.pkl
/media/lhbac29/raid-cf/main.py:106: DeprecationWarning: Please import `csr_matrix` from the `scipy.sparse` namespace; the `scipy.sparse.csr` namespace is deprecated and will be removed in SciPy 2.0.0.
  self.ui_graph = self.ui_graph_raw = pickle.load(open('./data/' + self.dataset + '/train_mat', 'rb'))
[ INFO : 2026-07-29 02:33:18,740 ] - Missing rate = 0.400000, complete strategy: zero
[ INFO : 2026-07-29 02:35:53,170 ] - Epoch 1: train==[348.25840 = 2.01612 + 1.11065 + 66.33581 + 0.00059 + 0.00000 + 168.54610 + 1224.99037]
[ INFO : 2026-07-29 02:36:02,455 ] - Test_@[5, 10, 20, 50]: Recall=[0.01777, 0.02840, 0.04643, 0.08901],  precision=[0.00371, 0.00300, 0.00246, 0.00189], hit=[0.01857, 0.02993, 0.04880, 0.09360], ndcg=[0.01119, 0.01465, 0.01924, 0.02773], Train Rec Loss=[0.03242], Eval Rec Loss=[0.03249], c=[0.50000], F=[0.97808, 0.99565, 0.96229, 0.89920], F_fuse=[0.00740, 0.00599, 0.00490, 0.00378]
[ INFO : 2026-07-29 02:38:30,751 ] - Epoch 2: train==[214.46106 = 1.61782 + 1.10215 + 63.98463 + 0.00083 + 0.00000 + 37.42488 + 1225.89705]
[ INFO : 2026-07-29 02:38:39,876 ] - Test_@[5, 10, 20, 50]: Recall=[0.01781, 0.02933, 0.04694, 0.09009],  precision=[0.00371, 0.00309, 0.00248, 0.00191], hit=[0.01857, 0.03080, 0.04932, 0.09478], ndcg=[0.01128, 0.01500, 0.01946, 0.02805], Train Rec Loss=[0.03233], Eval Rec Loss=[0.03242], c=[0.50000], F=[0.97957, 0.99565, 0.95003, 0.94205], F_fuse=[0.00740, 0.00616, 0.00495, 0.00382]
[ INFO : 2026-07-29 02:41:07,942 ] - Epoch 3: train==[182.42564 = 1.60245 + 1.10209 + 60.98908 + 0.00133 + 0.00000 + 8.39995 + 1225.89705]
[ INFO : 2026-07-29 02:41:17,155 ] - Test_@[5, 10, 20, 50]: Recall=[0.01781, 0.02892, 0.04668, 0.09057],  precision=[0.00371, 0.00304, 0.00247, 0.00192], hit=[0.01857, 0.03034, 0.04916, 0.09519], ndcg=[0.01128, 0.01487, 0.01940, 0.02814], Train Rec Loss=[0.03229], Eval Rec Loss=[0.03234], c=[0.50000], F=[0.97949, 0.99566, 0.93583, 0.96104], F_fuse=[0.00740, 0.00607, 0.00493, 0.00383]
[ INFO : 2026-07-29 02:43:44,578 ] - Epoch 4: train==[171.98787 = 1.58726 + 1.10209 + 57.64493 + 0.00219 + 0.00000 + 1.32066 + 1225.89705]
[ INFO : 2026-07-29 02:43:53,715 ] - Test_@[5, 10, 20, 50]: Recall=[0.01781, 0.02903, 0.04678, 0.09150],  precision=[0.00371, 0.00305, 0.00248, 0.00194], hit=[0.01857, 0.03044, 0.04932, 0.09596], ndcg=[0.01128, 0.01491, 0.01942, 0.02830], Train Rec Loss=[0.03225], Eval Rec Loss=[0.03229], c=[0.50000], F=[0.97966, 0.99565, 0.93464, 0.96908], F_fuse=[0.00740, 0.00609, 0.00495, 0.00387]
[ INFO : 2026-07-29 02:46:22,148 ] - Epoch 5: train==[168.98792 = 1.57965 + 1.10207 + 55.70959 + 0.00295 + 0.00000 + 0.26292 + 1225.89705]
[ INFO : 2026-07-29 02:46:31,407 ] - Test_@[5, 10, 20, 50]: Recall=[0.01797, 0.02899, 0.04687, 0.09180],  precision=[0.00374, 0.00305, 0.00249, 0.00194], hit=[0.01872, 0.03039, 0.04942, 0.09627], ndcg=[0.01136, 0.01493, 0.01948, 0.02839], Train Rec Loss=[0.03221], Eval Rec Loss=[0.03228], c=[0.50000], F=[0.98871, 0.99565, 0.93464, 0.97563], F_fuse=[0.00746, 0.00608, 0.00496, 0.00388]
[ INFO : 2026-07-29 02:48:59,944 ] - Epoch 6: train==[168.01520 = 1.56408 + 1.10207 + 54.86528 + 0.00344 + 0.00000 + 0.14961 + 1225.89705]
[ INFO : 2026-07-29 02:49:09,227 ] - Test_@[5, 10, 20, 50]: Recall=[0.01790, 0.02878, 0.04674, 0.09167],  precision=[0.00372, 0.00304, 0.00248, 0.00194], hit=[0.01862, 0.03029, 0.04927, 0.09612], ndcg=[0.01131, 0.01488, 0.01945, 0.02838], Train Rec Loss=[0.03219], Eval Rec Loss=[0.03228], c=[0.50000], F=[0.99371, 0.99565, 0.93464, 0.97699], F_fuse=[0.00742, 0.00606, 0.00495, 0.00387]
[ INFO : 2026-07-29 02:51:37,526 ] - Epoch 7: train==[167.42075 = 1.54907 + 1.10207 + 54.34478 + 0.00379 + 0.00000 + 0.09030 + 1225.89705]
[ INFO : 2026-07-29 02:51:46,733 ] - Test_@[5, 10, 20, 50]: Recall=[0.01790, 0.02907, 0.04729, 0.09177],  precision=[0.00372, 0.00307, 0.00251, 0.00194], hit=[0.01862, 0.03055, 0.04988, 0.09622], ndcg=[0.01125, 0.01490, 0.01952, 0.02835], Train Rec Loss=[0.03220], Eval Rec Loss=[0.03226], c=[0.50000], F=[0.99370, 0.99565, 0.93468, 0.97674], F_fuse=[0.00742, 0.00611, 0.00500, 0.00387]
[ INFO : 2026-07-29 02:54:15,332 ] - Epoch 8: train==[166.72453 = 1.53858 + 1.10209 + 53.70108 + 0.00401 + 0.00000 + 0.04803 + 1225.89705]
[ INFO : 2026-07-29 02:54:24,705 ] - Test_@[5, 10, 20, 50]: Recall=[0.01795, 0.02905, 0.04748, 0.09265],  precision=[0.00373, 0.00307, 0.00252, 0.00196], hit=[0.01867, 0.03060, 0.05009, 0.09730], ndcg=[0.01123, 0.01488, 0.01958, 0.02854], Train Rec Loss=[0.03217], Eval Rec Loss=[0.03224], c=[0.50000], F=[0.99281, 0.99523, 0.93500, 0.97594], F_fuse=[0.00744, 0.00611, 0.00503, 0.00392]
[ INFO : 2026-07-29 02:56:53,079 ] - Epoch 9: train==[166.05073 = 1.52253 + 1.10209 + 53.06989 + 0.00418 + 0.00000 + 0.02130 + 1225.89705]
[ INFO : 2026-07-29 02:57:02,371 ] - Test_@[5, 10, 20, 50]: Recall=[0.01829, 0.02960, 0.04930, 0.09674],  precision=[0.00381, 0.00311, 0.00262, 0.00205], hit=[0.01903, 0.03106, 0.05215, 0.10147], ndcg=[0.01142, 0.01514, 0.02016, 0.02956], Train Rec Loss=[0.03218], Eval Rec Loss=[0.03224], c=[0.50000], F=[0.98428, 0.99002, 0.93622, 0.97333], F_fuse=[0.00758, 0.00620, 0.00523, 0.00409]
[ INFO : 2026-07-29 02:59:30,867 ] - Epoch 10: train==[165.37141 = 1.50963 + 1.10209 + 52.41586 + 0.00433 + 0.00000 + 0.00877 + 1225.89705]
[ INFO : 2026-07-29 02:59:40,312 ] - Test_@[5, 10, 20, 50]: Recall=[0.02089, 0.03343, 0.05493, 0.10241],  precision=[0.00436, 0.00353, 0.00293, 0.00218], hit=[0.02175, 0.03512, 0.05801, 0.10774], ndcg=[0.01287, 0.01698, 0.02247, 0.03188], Train Rec Loss=[0.03216], Eval Rec Loss=[0.03221], c=[0.50000], F=[0.88334, 0.93067, 0.94617, 0.97161], F_fuse=[0.00868, 0.00703, 0.00584, 0.00434]
[ INFO : 2026-07-29 03:02:08,807 ] - Epoch 11: train==[163.96745 = 1.49319 + 1.10208 + 51.03204 + 0.00465 + 0.00000 + 0.00474 + 1225.89705]
[ INFO : 2026-07-29 03:02:18,058 ] - Test_@[5, 10, 20, 50]: Recall=[0.02141, 0.03590, 0.05698, 0.10659],  precision=[0.00448, 0.00380, 0.00304, 0.00226], hit=[0.02237, 0.03770, 0.06017, 0.11191], ndcg=[0.01346, 0.01819, 0.02354, 0.03338], Train Rec Loss=[0.03215], Eval Rec Loss=[0.03220], c=[0.50000], F=[0.95629, 0.93834, 0.94362, 0.96315], F_fuse=[0.00893, 0.00757, 0.00606, 0.00452]
[ INFO : 2026-07-29 03:04:46,459 ] - Epoch 12: train==[162.82213 = 1.48015 + 1.10209 + 49.90204 + 0.00500 + 0.00000 + 0.00211 + 1225.89705]
[ INFO : 2026-07-29 03:04:55,763 ] - Test_@[5, 10, 20, 50]: Recall=[0.02316, 0.03831, 0.06032, 0.11348],  precision=[0.00488, 0.00405, 0.00320, 0.00241], hit=[0.02427, 0.04022, 0.06351, 0.11895], ndcg=[0.01472, 0.01962, 0.02523, 0.03579], Train Rec Loss=[0.03216], Eval Rec Loss=[0.03217], c=[0.50000], F=[0.92029, 0.95571, 0.93624, 0.97193], F_fuse=[0.00970, 0.00807, 0.00639, 0.00481]
[ INFO : 2026-07-29 03:07:23,890 ] - Epoch 13: train==[161.94195 = 1.46280 + 1.10209 + 49.03964 + 0.00537 + 0.00000 + 0.00132 + 1225.89705]
[ INFO : 2026-07-29 03:07:33,128 ] - Test_@[5, 10, 20, 50]: Recall=[0.02369, 0.03939, 0.06209, 0.11664],  precision=[0.00498, 0.00417, 0.00330, 0.00248], hit=[0.02474, 0.04140, 0.06531, 0.12219], ndcg=[0.01502, 0.02012, 0.02591, 0.03675], Train Rec Loss=[0.03213], Eval Rec Loss=[0.03217], c=[0.50000], F=[0.95336, 0.95062, 0.93956, 0.96932], F_fuse=[0.00990, 0.00831, 0.00657, 0.00495]
[ INFO : 2026-07-29 03:10:01,913 ] - Epoch 14: train==[161.17228 = 1.45214 + 1.10209 + 48.28036 + 0.00570 + 0.00000 + 0.00125 + 1225.89705]
[ INFO : 2026-07-29 03:10:11,072 ] - Test_@[5, 10, 20, 50]: Recall=[0.02386, 0.03975, 0.06299, 0.11806],  precision=[0.00500, 0.00422, 0.00334, 0.00251], hit=[0.02484, 0.04186, 0.06624, 0.12363], ndcg=[0.01516, 0.02035, 0.02626, 0.03720], Train Rec Loss=[0.03210], Eval Rec Loss=[0.03217], c=[0.50000], F=[0.96729, 0.95015, 0.93851, 0.97005], F_fuse=[0.00995, 0.00840, 0.00666, 0.00501]
[ INFO : 2026-07-29 03:12:39,687 ] - Epoch 15: train==[160.58835 = 1.43583 + 1.10211 + 47.71246 + 0.00601 + 0.00000 + 0.00119 + 1225.89705]
[ INFO : 2026-07-29 03:12:48,886 ] - Test_@[5, 10, 20, 50]: Recall=[0.02406, 0.04076, 0.06380, 0.11991],  precision=[0.00504, 0.00432, 0.00339, 0.00255], hit=[0.02504, 0.04289, 0.06711, 0.12558], ndcg=[0.01535, 0.02079, 0.02664, 0.03780], Train Rec Loss=[0.03209], Eval Rec Loss=[0.03214], c=[0.50000], F=[0.94190, 0.94397, 0.93862, 0.96948], F_fuse=[0.01003, 0.00860, 0.00675, 0.00509]
[ INFO : 2026-07-29 03:15:18,231 ] - Epoch 16: train==[159.89044 = 1.41981 + 1.10209 + 47.03033 + 0.00631 + 0.00000 + 0.00115 + 1225.89705]
[ INFO : 2026-07-29 03:15:27,536 ] - Test_@[5, 10, 20, 50]: Recall=[0.02450, 0.04111, 0.06494, 0.12248],  precision=[0.00513, 0.00436, 0.00345, 0.00261], hit=[0.02551, 0.04330, 0.06824, 0.12836], ndcg=[0.01562, 0.02102, 0.02709, 0.03856], Train Rec Loss=[0.03205], Eval Rec Loss=[0.03216], c=[0.50000], F=[0.90855, 0.93631, 0.93919, 0.96795], F_fuse=[0.01021, 0.00867, 0.00687, 0.00520]
[ INFO : 2026-07-29 03:17:56,272 ] - Epoch 17: train==[159.27196 = 1.40556 + 1.10210 + 46.42588 + 0.00655 + 0.00000 + 0.00112 + 1225.89705]
[ INFO : 2026-07-29 03:18:05,554 ] - Test_@[5, 10, 20, 50]: Recall=[0.02527, 0.04143, 0.06598, 0.12417],  precision=[0.00529, 0.00440, 0.00350, 0.00264], hit=[0.02628, 0.04371, 0.06938, 0.13001], ndcg=[0.01606, 0.02133, 0.02757, 0.03916], Train Rec Loss=[0.03207], Eval Rec Loss=[0.03214], c=[0.50000], F=[0.92750, 0.92291, 0.94302, 0.96518], F_fuse=[0.01051, 0.00875, 0.00697, 0.00527]
[ INFO : 2026-07-29 03:20:33,694 ] - Epoch 18: train==[158.72284 = 1.39294 + 1.10208 + 45.88923 + 0.00676 + 0.00000 + 0.00108 + 1225.89705]
[ INFO : 2026-07-29 03:20:42,955 ] - Test_@[5, 10, 20, 50]: Recall=[0.02553, 0.04121, 0.06640, 0.12420],  precision=[0.00534, 0.00437, 0.00352, 0.00264], hit=[0.02654, 0.04346, 0.06979, 0.12996], ndcg=[0.01609, 0.02123, 0.02764, 0.03916], Train Rec Loss=[0.03206], Eval Rec Loss=[0.03210], c=[0.50000], F=[0.91678, 0.92685, 0.94229, 0.96787], F_fuse=[0.01061, 0.00870, 0.00701, 0.00527]
[ INFO : 2026-07-29 03:23:11,361 ] - Epoch 19: train==[158.37252 = 1.37872 + 1.10209 + 45.55296 + 0.00695 + 0.00000 + 0.00106 + 1225.89705]
[ INFO : 2026-07-29 03:23:20,592 ] - Test_@[5, 10, 20, 50]: Recall=[0.02570, 0.04243, 0.06684, 0.12498],  precision=[0.00537, 0.00449, 0.00354, 0.00266], hit=[0.02669, 0.04469, 0.07020, 0.13078], ndcg=[0.01632, 0.02178, 0.02796, 0.03957], Train Rec Loss=[0.03204], Eval Rec Loss=[0.03211], c=[0.50000], F=[0.93570, 0.93305, 0.94254, 0.96575], F_fuse=[0.01068, 0.00895, 0.00706, 0.00531]
[ INFO : 2026-07-29 03:25:49,503 ] - Epoch 20: train==[157.65555 = 1.36392 + 1.10210 + 44.85060 + 0.00714 + 0.00000 + 0.00106 + 1225.89705]
[ INFO : 2026-07-29 03:25:58,820 ] - Test_@[5, 10, 20, 50]: Recall=[0.02489, 0.04194, 0.06773, 0.12638],  precision=[0.00520, 0.00446, 0.00359, 0.00269], hit=[0.02587, 0.04433, 0.07112, 0.13212], ndcg=[0.01613, 0.02168, 0.02823, 0.03992], Train Rec Loss=[0.03202], Eval Rec Loss=[0.03211], c=[0.50000], F=[0.82996, 0.89248, 0.93791, 0.96762], F_fuse=[0.01034, 0.00887, 0.00715, 0.00536]
[ INFO : 2026-07-29 03:28:27,285 ] - Epoch 21: train==[157.22628 = 1.35752 + 1.10210 + 44.42760 + 0.00730 + 0.00000 + 0.00103 + 1225.89705]
[ INFO : 2026-07-29 03:28:36,547 ] - Test_@[5, 10, 20, 50]: Recall=[0.02592, 0.04243, 0.06829, 0.12710],  precision=[0.00541, 0.00450, 0.00362, 0.00270], hit=[0.02690, 0.04474, 0.07169, 0.13294], ndcg=[0.01647, 0.02184, 0.02841, 0.04012], Train Rec Loss=[0.03202], Eval Rec Loss=[0.03211], c=[0.50000], F=[0.90401, 0.91986, 0.93953, 0.96857], F_fuse=[0.01076, 0.00896, 0.00721, 0.00539]
[ INFO : 2026-07-29 03:31:05,629 ] - Epoch 22: train==[156.66692 = 1.33380 + 1.10209 + 43.89183 + 0.00744 + 0.00000 + 0.00102 + 1225.89705]
[ INFO : 2026-07-29 03:31:14,916 ] - Test_@[5, 10, 20, 50]: Recall=[0.02570, 0.04292, 0.06915, 0.12716],  precision=[0.00539, 0.00456, 0.00366, 0.00271], hit=[0.02679, 0.04531, 0.07251, 0.13309], ndcg=[0.01652, 0.02210, 0.02876, 0.04035], Train Rec Loss=[0.03202], Eval Rec Loss=[0.03205], c=[0.50000], F=[0.87611, 0.91169, 0.93782, 0.96639], F_fuse=[0.01071, 0.00907, 0.00729, 0.00540]
[ INFO : 2026-07-29 03:33:43,070 ] - Epoch 23: train==[156.10324 = 1.32844 + 1.10210 + 43.33337 + 0.00758 + 0.00000 + 0.00101 + 1225.89705]
[ INFO : 2026-07-29 03:33:52,401 ] - Test_@[5, 10, 20, 50]: Recall=[0.02590, 0.04313, 0.06969, 0.12865],  precision=[0.00543, 0.00458, 0.00369, 0.00274], hit=[0.02700, 0.04556, 0.07303, 0.13458], ndcg=[0.01661, 0.02219, 0.02892, 0.04068], Train Rec Loss=[0.03199], Eval Rec Loss=[0.03208], c=[0.50000], F=[0.85552, 0.89924, 0.93454, 0.96706], F_fuse=[0.01079, 0.00912, 0.00735, 0.00546]
[ INFO : 2026-07-29 03:36:20,845 ] - Epoch 24: train==[155.54960 = 1.31199 + 1.10208 + 42.79601 + 0.00777 + 0.00000 + 0.00101 + 1225.89705]
[ INFO : 2026-07-29 03:36:30,068 ] - Test_@[5, 10, 20, 50]: Recall=[0.02530, 0.04236, 0.07041, 0.12977],  precision=[0.00532, 0.00449, 0.00372, 0.00276], hit=[0.02643, 0.04469, 0.07375, 0.13572], ndcg=[0.01656, 0.02208, 0.02919, 0.04102], Train Rec Loss=[0.03197], Eval Rec Loss=[0.03205], c=[0.50000], F=[0.81953, 0.87103, 0.92646, 0.96629], F_fuse=[0.01057, 0.00894, 0.00742, 0.00551]
[ INFO : 2026-07-29 03:38:58,333 ] - Epoch 25: train==[154.92213 = 1.29860 + 1.10209 + 42.18178 + 0.00792 + 0.00000 + 0.00100 + 1225.89705]
[ INFO : 2026-07-29 03:39:07,808 ] - Test_@[5, 10, 20, 50]: Recall=[0.02568, 0.04310, 0.07137, 0.13117],  precision=[0.00539, 0.00458, 0.00377, 0.00279], hit=[0.02679, 0.04546, 0.07478, 0.13716], ndcg=[0.01682, 0.02249, 0.02965, 0.04157], Train Rec Loss=[0.03200], Eval Rec Loss=[0.03205], c=[0.50000], F=[0.82465, 0.87322, 0.92532, 0.96454], F_fuse=[0.01071, 0.00911, 0.00751, 0.00556]
[ INFO : 2026-07-29 03:41:36,036 ] - Epoch 26: train==[154.70964 = 1.28996 + 1.10209 + 41.97788 + 0.00799 + 0.00000 + 0.00099 + 1225.89705]
[ INFO : 2026-07-29 03:41:45,529 ] - Test_@[5, 10, 20, 50]: Recall=[0.02703, 0.04405, 0.07273, 0.13232],  precision=[0.00569, 0.00467, 0.00384, 0.00281], hit=[0.02828, 0.04639, 0.07611, 0.13829], ndcg=[0.01756, 0.02309, 0.03034, 0.04225], Train Rec Loss=[0.03197], Eval Rec Loss=[0.03204], c=[0.50000], F=[0.84484, 0.88513, 0.93332, 0.96112], F_fuse=[0.01130, 0.00930, 0.00765, 0.00561]
[ INFO : 2026-07-29 03:44:14,261 ] - Epoch 27: train==[154.06043 = 1.27784 + 1.10209 + 41.34065 + 0.00813 + 0.00000 + 0.00098 + 1225.89705]
[ INFO : 2026-07-29 03:44:23,573 ] - Test_@[5, 10, 20, 50]: Recall=[0.02649, 0.04408, 0.07322, 0.13265],  precision=[0.00557, 0.00468, 0.00387, 0.00282], hit=[0.02772, 0.04644, 0.07663, 0.13865], ndcg=[0.01732, 0.02306, 0.03043, 0.04231], Train Rec Loss=[0.03196], Eval Rec Loss=[0.03200], c=[0.50000], F=[0.84189, 0.88021, 0.92906, 0.96094], F_fuse=[0.01108, 0.00931, 0.00770, 0.00563]
[ INFO : 2026-07-29 03:46:52,118 ] - Epoch 28: train==[153.71723 = 1.26428 + 1.10209 + 41.01099 + 0.00817 + 0.00000 + 0.00097 + 1225.89705]
[ INFO : 2026-07-29 03:47:01,431 ] - Test_@[5, 10, 20, 50]: Recall=[0.02619, 0.04433, 0.07246, 0.13295],  precision=[0.00551, 0.00470, 0.00383, 0.00282], hit=[0.02741, 0.04670, 0.07591, 0.13896], ndcg=[0.01717, 0.02308, 0.03021, 0.04230], Train Rec Loss=[0.03196], Eval Rec Loss=[0.03202], c=[0.50000], F=[0.85149, 0.88418, 0.92822, 0.96474], F_fuse=[0.01096, 0.00935, 0.00763, 0.00563]
[ INFO : 2026-07-29 03:49:29,267 ] - Epoch 29: train==[153.24728 = 1.25113 + 1.10209 + 40.55408 + 0.00829 + 0.00000 + 0.00097 + 1225.89705]
[ INFO : 2026-07-29 03:49:38,407 ] - Test_@[5, 10, 20, 50]: Recall=[0.02669, 0.04453, 0.07429, 0.13435],  precision=[0.00562, 0.00474, 0.00393, 0.00285], hit=[0.02792, 0.04700, 0.07786, 0.14029], ndcg=[0.01750, 0.02332, 0.03083, 0.04280], Train Rec Loss=[0.03195], Eval Rec Loss=[0.03202], c=[0.50000], F=[0.83026, 0.86992, 0.92356, 0.96323], F_fuse=[0.01116, 0.00942, 0.00782, 0.00569]
[ INFO : 2026-07-29 03:52:06,584 ] - Epoch 30: train==[152.83413 = 1.24025 + 1.10209 + 40.15166 + 0.00842 + 0.00000 + 0.00096 + 1225.89705]
[ INFO : 2026-07-29 03:52:15,785 ] - Test_@[5, 10, 20, 50]: Recall=[0.02714, 0.04505, 0.07473, 0.13467],  precision=[0.00572, 0.00478, 0.00395, 0.00286], hit=[0.02844, 0.04742, 0.07822, 0.14060], ndcg=[0.01783, 0.02367, 0.03118, 0.04317], Train Rec Loss=[0.03194], Eval Rec Loss=[0.03200], c=[0.50000], F=[0.84277, 0.87797, 0.92562, 0.96166], F_fuse=[0.01136, 0.00951, 0.00787, 0.00570]
[ INFO : 2026-07-29 03:54:43,896 ] - Epoch 31: train==[152.39414 = 1.22941 + 1.10209 + 39.72248 + 0.00847 + 0.00000 + 0.00095 + 1225.89705]
[ INFO : 2026-07-29 03:54:53,086 ] - Test_@[5, 10, 20, 50]: Recall=[0.02672, 0.04490, 0.07444, 0.13609],  precision=[0.00563, 0.00476, 0.00394, 0.00289], hit=[0.02798, 0.04721, 0.07801, 0.14214], ndcg=[0.01755, 0.02345, 0.03091, 0.04322], Train Rec Loss=[0.03192], Eval Rec Loss=[0.03197], c=[0.50000], F=[0.83267, 0.86690, 0.91825, 0.96387], F_fuse=[0.01118, 0.00947, 0.00784, 0.00576]
[ INFO : 2026-07-29 03:57:21,063 ] - Epoch 32: train==[151.99708 = 1.21964 + 1.10209 + 39.33510 + 0.00855 + 0.00000 + 0.00096 + 1225.89705]
[ INFO : 2026-07-29 03:57:30,449 ] - Test_@[5, 10, 20, 50]: Recall=[0.02650, 0.04508, 0.07576, 0.13650],  precision=[0.00557, 0.00477, 0.00401, 0.00290], hit=[0.02772, 0.04736, 0.07940, 0.14245], ndcg=[0.01753, 0.02359, 0.03139, 0.04353], Train Rec Loss=[0.03191], Eval Rec Loss=[0.03198], c=[0.50000], F=[0.81124, 0.85041, 0.91266, 0.96039], F_fuse=[0.01107, 0.00949, 0.00798, 0.00578]
[ INFO : 2026-07-29 03:59:58,762 ] - Epoch 33: train==[151.46211 = 1.20782 + 1.10211 + 38.81188 + 0.00862 + 0.00000 + 0.00095 + 1225.89705]
[ INFO : 2026-07-29 04:00:08,098 ] - Test_@[5, 10, 20, 50]: Recall=[0.02727, 0.04574, 0.07665, 0.13735],  precision=[0.00576, 0.00484, 0.00406, 0.00291], hit=[0.02864, 0.04808, 0.08028, 0.14322], ndcg=[0.01787, 0.02390, 0.03176, 0.04388], Train Rec Loss=[0.03193], Eval Rec Loss=[0.03199], c=[0.50000], F=[0.83386, 0.86689, 0.91565, 0.95846], F_fuse=[0.01144, 0.00964, 0.00807, 0.00581]
[ INFO : 2026-07-29 04:02:35,988 ] - Epoch 34: train==[151.12946 = 1.19469 + 1.10209 + 38.49225 + 0.00875 + 0.00000 + 0.00094 + 1225.89705]
[ INFO : 2026-07-29 04:02:45,232 ] - Test_@[5, 10, 20, 50]: Recall=[0.02740, 0.04630, 0.07705, 0.13922],  precision=[0.00577, 0.00491, 0.00407, 0.00295], hit=[0.02870, 0.04865, 0.08064, 0.14513], ndcg=[0.01799, 0.02414, 0.03195, 0.04437], Train Rec Loss=[0.03189], Eval Rec Loss=[0.03194], c=[0.50000], F=[0.83696, 0.86867, 0.91694, 0.95804], F_fuse=[0.01146, 0.00976, 0.00811, 0.00588]
[ INFO : 2026-07-29 04:05:13,821 ] - Epoch 35: train==[150.64629 = 1.18655 + 1.10210 + 38.01716 + 0.00881 + 0.00000 + 0.00094 + 1225.89705]
[ INFO : 2026-07-29 04:05:22,984 ] - Test_@[5, 10, 20, 50]: Recall=[0.02749, 0.04614, 0.07770, 0.13922],  precision=[0.00580, 0.00489, 0.00412, 0.00295], hit=[0.02885, 0.04850, 0.08151, 0.14513], ndcg=[0.01796, 0.02402, 0.03205, 0.04434], Train Rec Loss=[0.03191], Eval Rec Loss=[0.03193], c=[0.50000], F=[0.82890, 0.86356, 0.91481, 0.95615], F_fuse=[0.01152, 0.00972, 0.00820, 0.00589]
