Job 74485 on gpu01; lambda_cf=1.0; group_k=10; seed=7; started Wed Jul 29 03:10:48 AM UTC 2026
Wed Jul 29 03:10:48 2026       
+-----------------------------------------------------------------------------+
| NVIDIA-SMI 525.147.05   Driver Version: 525.147.05   CUDA Version: 12.0     |
|-------------------------------+----------------------+----------------------+
| GPU  Name        Persistence-M| Bus-Id        Disp.A | Volatile Uncorr. ECC |
| Fan  Temp  Perf  Pwr:Usage/Cap|         Memory-Usage | GPU-Util  Compute M. |
|                               |                      |               MIG M. |
|===============================+======================+======================|
|   0  NVIDIA A100-SXM...  On   | 00000000:0F:00.0 Off |                    0 |
| N/A   28C    P0    56W / 400W |      0MiB / 40960MiB |      0%      Default |
|                               |                      |             Disabled |
+-------------------------------+----------------------+----------------------+
                                                                               
+-----------------------------------------------------------------------------+
| Processes:                                                                  |
|  GPU   GI   CI        PID   Type   Process name                  GPU Memory |
|        ID   ID                                                   Usage      |
|=============================================================================|
|  No running processes found                                                 |
+-----------------------------------------------------------------------------+
[ INFO : 2026-07-29 03:11:13,592 ] - Preprocess missing values with zero
[ INFO : 2026-07-29 03:11:15,763 ] - Pretrained diffusion model is loaded from: ./checkpoint/baby/best_model.pth
[ INFO : 2026-07-29 03:11:16,975 ] - Completed data loaded from: ./checkpoint/baby/completed_data.pkl
/media/lhbac29/raid-cf/main.py:106: DeprecationWarning: Please import `csr_matrix` from the `scipy.sparse` namespace; the `scipy.sparse.csr` namespace is deprecated and will be removed in SciPy 2.0.0.
  self.ui_graph = self.ui_graph_raw = pickle.load(open('./data/' + self.dataset + '/train_mat', 'rb'))
[ INFO : 2026-07-29 03:11:17,095 ] - Missing rate = 0.400000, complete strategy: zero
[ INFO : 2026-07-29 03:13:56,452 ] - Epoch 1: train==[374.08268 = 2.01906 + 1.10726 + 66.42227 + 0.00056 + 0.00000 + 194.28533 + 1224.97991]
[ INFO : 2026-07-29 03:14:06,080 ] - Test_@[5, 10, 20, 50]: Recall=[0.01763, 0.02762, 0.04751, 0.09262],  precision=[0.00368, 0.00290, 0.00252, 0.00196], hit=[0.01841, 0.02890, 0.05009, 0.09704], ndcg=[0.01122, 0.01444, 0.01951, 0.02844], Train Rec Loss=[0.03312], Eval Rec Loss=[0.03301], c=[0.50000], F=[0.81107, 0.82253, 0.92701, 0.94710], F_fuse=[0.00733, 0.00578, 0.00502, 0.00391]
[ INFO : 2026-07-29 03:16:40,044 ] - Epoch 2: train==[225.59405 = 1.61667 + 1.09898 + 64.01990 + 0.00081 + 0.00000 + 48.52696 + 1225.89705]
[ INFO : 2026-07-29 03:16:49,392 ] - Test_@[5, 10, 20, 50]: Recall=[0.01786, 0.02885, 0.04671, 0.09249],  precision=[0.00372, 0.00303, 0.00248, 0.00196], hit=[0.01862, 0.03029, 0.04927, 0.09689], ndcg=[0.01132, 0.01484, 0.01938, 0.02848], Train Rec Loss=[0.03305], Eval Rec Loss=[0.03294], c=[0.50000], F=[0.75879, 0.75793, 0.94225, 0.95365], F_fuse=[0.00741, 0.00604, 0.00494, 0.00390]
[ INFO : 2026-07-29 03:19:20,379 ] - Epoch 3: train==[186.04877 = 1.60418 + 1.09894 + 61.18979 + 0.00126 + 0.00000 + 11.82386 + 1225.89705]
[ INFO : 2026-07-29 03:19:29,736 ] - Test_@[5, 10, 20, 50]: Recall=[0.01786, 0.02894, 0.04698, 0.09189],  precision=[0.00372, 0.00304, 0.00249, 0.00194], hit=[0.01862, 0.03034, 0.04947, 0.09632], ndcg=[0.01130, 0.01485, 0.01943, 0.02837], Train Rec Loss=[0.03299], Eval Rec Loss=[0.03293], c=[0.50000], F=[0.75859, 0.75888, 0.94225, 0.95643], F_fuse=[0.00741, 0.00605, 0.00497, 0.00388]
[ INFO : 2026-07-29 03:22:00,722 ] - Epoch 4: train==[172.75557 = 1.59137 + 1.09894 + 57.70912 + 0.00206 + 0.00000 + 2.02335 + 1225.89705]
[ INFO : 2026-07-29 03:22:09,909 ] - Test_@[5, 10, 20, 50]: Recall=[0.01786, 0.02897, 0.04676, 0.09182],  precision=[0.00372, 0.00304, 0.00248, 0.00194], hit=[0.01862, 0.03039, 0.04927, 0.09622], ndcg=[0.01130, 0.01487, 0.01940, 0.02836], Train Rec Loss=[0.03300], Eval Rec Loss=[0.03290], c=[0.50000], F=[0.75892, 0.75854, 0.94225, 0.95735], F_fuse=[0.00741, 0.00606, 0.00494, 0.00387]
[ INFO : 2026-07-29 03:24:40,413 ] - Epoch 5: train==[168.84244 = 1.57897 + 1.09894 + 55.57021 + 0.00291 + 0.00000 + 0.26068 + 1225.89705]
[ INFO : 2026-07-29 03:24:49,683 ] - Test_@[5, 10, 20, 50]: Recall=[0.01781, 0.02897, 0.04681, 0.09191],  precision=[0.00371, 0.00304, 0.00248, 0.00194], hit=[0.01857, 0.03039, 0.04932, 0.09627], ndcg=[0.01128, 0.01487, 0.01941, 0.02837], Train Rec Loss=[0.03298], Eval Rec Loss=[0.03286], c=[0.50000], F=[0.76029, 0.75853, 0.94225, 0.96452], F_fuse=[0.00739, 0.00606, 0.00494, 0.00387]
[ INFO : 2026-07-29 03:27:19,712 ] - Epoch 6: train==[167.90401 = 1.56346 + 1.09895 + 54.78290 + 0.00342 + 0.00000 + 0.12453 + 1225.89705]
[ INFO : 2026-07-29 03:27:29,074 ] - Test_@[5, 10, 20, 50]: Recall=[0.01776, 0.02899, 0.04721, 0.09210],  precision=[0.00370, 0.00304, 0.00250, 0.00195], hit=[0.01851, 0.03039, 0.04978, 0.09648], ndcg=[0.01126, 0.01486, 0.01950, 0.02841], Train Rec Loss=[0.03298], Eval Rec Loss=[0.03289], c=[0.50000], F=[0.76040, 0.75870, 0.94225, 0.97177], F_fuse=[0.00737, 0.00606, 0.00499, 0.00388]
[ INFO : 2026-07-29 03:30:05,612 ] - Epoch 7: train==[167.01530 = 1.54939 + 1.09895 + 53.96408 + 0.00379 + 0.00000 + 0.06836 + 1225.89705]
[ INFO : 2026-07-29 03:30:14,801 ] - Test_@[5, 10, 20, 50]: Recall=[0.01777, 0.02903, 0.04744, 0.09306],  precision=[0.00371, 0.00305, 0.00252, 0.00197], hit=[0.01857, 0.03044, 0.05004, 0.09766], ndcg=[0.01102, 0.01462, 0.01933, 0.02838], Train Rec Loss=[0.03297], Eval Rec Loss=[0.03286], c=[0.50000], F=[0.76560, 0.76151, 0.94227, 0.97523], F_fuse=[0.00739, 0.00609, 0.00502, 0.00393]
[ INFO : 2026-07-29 03:32:46,854 ] - Epoch 8: train==[166.33187 = 1.53770 + 1.09895 + 53.33052 + 0.00401 + 0.00000 + 0.02996 + 1225.89705]
[ INFO : 2026-07-29 03:32:56,694 ] - Test_@[5, 10, 20, 50]: Recall=[0.01819, 0.02962, 0.04801, 0.09540],  precision=[0.00380, 0.00312, 0.00255, 0.00202], hit=[0.01898, 0.03116, 0.05076, 0.10008], ndcg=[0.01121, 0.01488, 0.01959, 0.02899], Train Rec Loss=[0.03295], Eval Rec Loss=[0.03287], c=[0.50000], F=[0.76962, 0.76385, 0.94240, 0.97812], F_fuse=[0.00755, 0.00622, 0.00509, 0.00403]
[ INFO : 2026-07-29 03:35:29,342 ] - Epoch 9: train==[165.33808 = 1.52044 + 1.09896 + 52.37543 + 0.00417 + 0.00000 + 0.00834 + 1225.89705]
[ INFO : 2026-07-29 03:35:38,496 ] - Test_@[5, 10, 20, 50]: Recall=[0.01875, 0.03216, 0.05226, 0.10043],  precision=[0.00396, 0.00341, 0.00279, 0.00214], hit=[0.01975, 0.03394, 0.05523, 0.10563], ndcg=[0.01180, 0.01613, 0.02127, 0.03082], Train Rec Loss=[0.03295], Eval Rec Loss=[0.03284], c=[0.50000], F=[0.92515, 0.83000, 0.94288, 0.97613], F_fuse=[0.00789, 0.00679, 0.00556, 0.00426]
[ INFO : 2026-07-29 03:38:12,087 ] - Epoch 10: train==[163.96433 = 1.50790 + 1.09897 + 51.01984 + 0.00447 + 0.00000 + 0.00242 + 1225.89705]
[ INFO : 2026-07-29 03:38:21,387 ] - Test_@[5, 10, 20, 50]: Recall=[0.02133, 0.03650, 0.05784, 0.10932],  precision=[0.00453, 0.00388, 0.00308, 0.00234], hit=[0.02253, 0.03847, 0.06099, 0.11499], ndcg=[0.01377, 0.01865, 0.02410, 0.03436], Train Rec Loss=[0.03292], Eval Rec Loss=[0.03281], c=[0.50000], F=[0.89623, 0.83910, 0.94336, 0.97451], F_fuse=[0.00901, 0.00772, 0.00614, 0.00466]
[ INFO : 2026-07-29 03:40:51,934 ] - Epoch 11: train==[162.75184 = 1.49191 + 1.09896 + 49.82395 + 0.00490 + 0.00000 + 0.00138 + 1225.89705]
[ INFO : 2026-07-29 03:41:01,169 ] - Test_@[5, 10, 20, 50]: Recall=[0.02189, 0.03835, 0.06019, 0.11331],  precision=[0.00464, 0.00406, 0.00320, 0.00242], hit=[0.02304, 0.04032, 0.06341, 0.11931], ndcg=[0.01431, 0.01961, 0.02518, 0.03574], Train Rec Loss=[0.03292], Eval Rec Loss=[0.03282], c=[0.50000], F=[0.90881, 0.83897, 0.94318, 0.97356], F_fuse=[0.00923, 0.00809, 0.00638, 0.00483]
[ INFO : 2026-07-29 03:43:33,891 ] - Epoch 12: train==[161.99957 = 1.47785 + 1.09896 + 49.08555 + 0.00526 + 0.00000 + 0.00122 + 1225.89705]
[ INFO : 2026-07-29 03:43:43,139 ] - Test_@[5, 10, 20, 50]: Recall=[0.02275, 0.03862, 0.06101, 0.11569],  precision=[0.00480, 0.00409, 0.00325, 0.00247], hit=[0.02386, 0.04058, 0.06428, 0.12157], ndcg=[0.01499, 0.02013, 0.02586, 0.03676], Train Rec Loss=[0.03290], Eval Rec Loss=[0.03281], c=[0.50000], F=[0.86346, 0.80170, 0.94245, 0.97544], F_fuse=[0.00955, 0.00814, 0.00647, 0.00493]
[ INFO : 2026-07-29 03:46:15,071 ] - Epoch 13: train==[161.20972 = 1.46248 + 1.09896 + 48.31080 + 0.00559 + 0.00000 + 0.00116 + 1225.89705]
[ INFO : 2026-07-29 03:46:24,168 ] - Test_@[5, 10, 20, 50]: Recall=[0.02337, 0.03911, 0.06103, 0.11658],  precision=[0.00493, 0.00414, 0.00325, 0.00249], hit=[0.02448, 0.04114, 0.06434, 0.12250], ndcg=[0.01520, 0.02028, 0.02588, 0.03694], Train Rec Loss=[0.03286], Eval Rec Loss=[0.03282], c=[0.50000], F=[0.82114, 0.78112, 0.94243, 0.97579], F_fuse=[0.00979, 0.00824, 0.00648, 0.00496]
[ INFO : 2026-07-29 03:48:57,064 ] - Epoch 14: train==[160.52124 = 1.44640 + 1.09895 + 47.63813 + 0.00590 + 0.00000 + 0.00112 + 1225.89705]
[ INFO : 2026-07-29 03:49:06,191 ] - Test_@[5, 10, 20, 50]: Recall=[0.02335, 0.03996, 0.06271, 0.11931],  precision=[0.00492, 0.00425, 0.00334, 0.00255], hit=[0.02443, 0.04212, 0.06603, 0.12528], ndcg=[0.01525, 0.02065, 0.02645, 0.03773], Train Rec Loss=[0.03285], Eval Rec Loss=[0.03278], c=[0.50000], F=[0.91306, 0.85504, 0.94376, 0.97343], F_fuse=[0.00978, 0.00845, 0.00665, 0.00508]
[ INFO : 2026-07-29 03:51:40,743 ] - Epoch 15: train==[159.82131 = 1.43061 + 1.09895 + 46.95373 + 0.00620 + 0.00000 + 0.00108 + 1225.89705]
[ INFO : 2026-07-29 03:51:49,876 ] - Test_@[5, 10, 20, 50]: Recall=[0.02355, 0.04093, 0.06290, 0.11969],  precision=[0.00496, 0.00434, 0.00335, 0.00255], hit=[0.02463, 0.04299, 0.06629, 0.12569], ndcg=[0.01550, 0.02113, 0.02673, 0.03805], Train Rec Loss=[0.03286], Eval Rec Loss=[0.03276], c=[0.50000], F=[0.86234, 0.80071, 0.94173, 0.97226], F_fuse=[0.00986, 0.00862, 0.00667, 0.00510]
[ INFO : 2026-07-29 03:54:24,647 ] - Epoch 16: train==[159.24182 = 1.41924 + 1.09895 + 46.38541 + 0.00644 + 0.00000 + 0.00105 + 1225.89705]
[ INFO : 2026-07-29 03:54:33,783 ] - Test_@[5, 10, 20, 50]: Recall=[0.02413, 0.04068, 0.06423, 0.12047],  precision=[0.00508, 0.00432, 0.00342, 0.00257], hit=[0.02525, 0.04289, 0.06768, 0.12656], ndcg=[0.01569, 0.02110, 0.02709, 0.03828], Train Rec Loss=[0.03290], Eval Rec Loss=[0.03273], c=[0.50000], F=[0.89760, 0.85933, 0.94384, 0.97119], F_fuse=[0.01010, 0.00860, 0.00682, 0.00513]
[ INFO : 2026-07-29 03:57:06,482 ] - Epoch 17: train==[158.76919 = 1.40308 + 1.09895 + 45.92874 + 0.00666 + 0.00000 + 0.00102 + 1225.89705]
[ INFO : 2026-07-29 03:57:15,648 ] - Test_@[5, 10, 20, 50]: Recall=[0.02411, 0.04068, 0.06421, 0.12109],  precision=[0.00507, 0.00431, 0.00341, 0.00258], hit=[0.02520, 0.04284, 0.06763, 0.12723], ndcg=[0.01597, 0.02138, 0.02737, 0.03871], Train Rec Loss=[0.03284], Eval Rec Loss=[0.03275], c=[0.50000], F=[0.87327, 0.80515, 0.94159, 0.97337], F_fuse=[0.01008, 0.00858, 0.00680, 0.00515]
[ INFO : 2026-07-29 03:59:47,769 ] - Epoch 18: train==[158.11790 = 1.39298 + 1.09895 + 45.28731 + 0.00690 + 0.00000 + 0.00102 + 1225.89705]
[ INFO : 2026-07-29 03:59:56,934 ] - Test_@[5, 10, 20, 50]: Recall=[0.02493, 0.04088, 0.06497, 0.12243],  precision=[0.00527, 0.00435, 0.00346, 0.00261], hit=[0.02618, 0.04320, 0.06845, 0.12862], ndcg=[0.01631, 0.02152, 0.02766, 0.03910], Train Rec Loss=[0.03283], Eval Rec Loss=[0.03276], c=[0.50000], F=[0.88831, 0.82994, 0.94260, 0.97271], F_fuse=[0.01047, 0.00866, 0.00689, 0.00521]
[ INFO : 2026-07-29 04:02:28,352 ] - Epoch 19: train==[157.69021 = 1.37534 + 1.09896 + 44.87715 + 0.00704 + 0.00000 + 0.00099 + 1225.89705]
[ INFO : 2026-07-29 04:02:37,459 ] - Test_@[5, 10, 20, 50]: Recall=[0.02470, 0.04114, 0.06539, 0.12336],  precision=[0.00522, 0.00437, 0.00348, 0.00263], hit=[0.02597, 0.04340, 0.06886, 0.12960], ndcg=[0.01633, 0.02170, 0.02789, 0.03943], Train Rec Loss=[0.03283], Eval Rec Loss=[0.03273], c=[0.50000], F=[0.88470, 0.84544, 0.94224, 0.97105], F_fuse=[0.01039, 0.00870, 0.00693, 0.00525]
[ INFO : 2026-07-29 04:05:08,228 ] - Epoch 20: train==[157.04462 = 1.35942 + 1.09895 + 44.24731 + 0.00723 + 0.00000 + 0.00097 + 1225.89705]
[ INFO : 2026-07-29 04:05:17,414 ] - Test_@[5, 10, 20, 50]: Recall=[0.02518, 0.04178, 0.06649, 0.12469],  precision=[0.00533, 0.00444, 0.00353, 0.00266], hit=[0.02648, 0.04407, 0.06989, 0.13093], ndcg=[0.01689, 0.02228, 0.02857, 0.04017], Train Rec Loss=[0.03278], Eval Rec Loss=[0.03272], c=[0.50000], F=[0.87825, 0.84006, 0.94166, 0.96899], F_fuse=[0.01059, 0.00883, 0.00703, 0.00531]
