Job 74481 on gpu01; lambda_cf=1.0; group_k=10; seed=4; started Wed Jul 29 02:32:50 AM UTC 2026
Wed Jul 29 02:32:50 2026       
+-----------------------------------------------------------------------------+
| NVIDIA-SMI 525.147.05   Driver Version: 525.147.05   CUDA Version: 12.0     |
|-------------------------------+----------------------+----------------------+
| GPU  Name        Persistence-M| Bus-Id        Disp.A | Volatile Uncorr. ECC |
| Fan  Temp  Perf  Pwr:Usage/Cap|         Memory-Usage | GPU-Util  Compute M. |
|                               |                      |               MIG M. |
|===============================+======================+======================|
|   0  NVIDIA A100-SXM...  On   | 00000000:4E:00.0 Off |                    0 |
| N/A   29C    P0    53W / 400W |      0MiB / 40960MiB |      0%      Default |
|                               |                      |             Disabled |
+-------------------------------+----------------------+----------------------+
                                                                               
+-----------------------------------------------------------------------------+
| Processes:                                                                  |
|  GPU   GI   CI        PID   Type   Process name                  GPU Memory |
|        ID   ID                                                   Usage      |
|=============================================================================|
|  No running processes found                                                 |
+-----------------------------------------------------------------------------+
[ INFO : 2026-07-29 02:33:17,147 ] - Preprocess missing values with zero
[ INFO : 2026-07-29 02:33:19,204 ] - Pretrained diffusion model is loaded from: ./checkpoint/baby/best_model.pth
[ INFO : 2026-07-29 02:33:20,341 ] - Completed data loaded from: ./checkpoint/baby/completed_data.pkl
/media/lhbac29/raid-cf/main.py:106: DeprecationWarning: Please import `csr_matrix` from the `scipy.sparse` namespace; the `scipy.sparse.csr` namespace is deprecated and will be removed in SciPy 2.0.0.
  self.ui_graph = self.ui_graph_raw = pickle.load(open('./data/' + self.dataset + '/train_mat', 'rb'))
[ INFO : 2026-07-29 02:33:20,575 ] - Missing rate = 0.400000, complete strategy: zero
[ INFO : 2026-07-29 02:36:03,267 ] - Epoch 1: train==[330.04881 = 2.01652 + 1.10412 + 66.44838 + 0.00058 + 0.00000 + 150.22700 + 1225.02441]
[ INFO : 2026-07-29 02:36:12,748 ] - Test_@[5, 10, 20, 50]: Recall=[0.01786, 0.02854, 0.04604, 0.08816],  precision=[0.00372, 0.00301, 0.00244, 0.00187], hit=[0.01862, 0.03003, 0.04850, 0.09283], ndcg=[0.01122, 0.01466, 0.01914, 0.02752], Train Rec Loss=[0.03210], Eval Rec Loss=[0.03212], c=[0.50000], F=[0.75000, 0.76521, 0.93024, 0.96957], F_fuse=[0.00741, 0.00599, 0.00487, 0.00374]
[ INFO : 2026-07-29 02:38:49,358 ] - Epoch 2: train==[210.29129 = 1.61476 + 1.09572 + 64.13607 + 0.00081 + 0.00000 + 33.11319 + 1225.89705]
[ INFO : 2026-07-29 02:38:58,918 ] - Test_@[5, 10, 20, 50]: Recall=[0.01822, 0.02870, 0.04636, 0.09026],  precision=[0.00380, 0.00302, 0.00246, 0.00192], hit=[0.01898, 0.03019, 0.04896, 0.09488], ndcg=[0.01148, 0.01487, 0.01938, 0.02812], Train Rec Loss=[0.03201], Eval Rec Loss=[0.03201], c=[0.50000], F=[0.75000, 0.75019, 0.88478, 0.99112], F_fuse=[0.00755, 0.00602, 0.00491, 0.00382]
[ INFO : 2026-07-29 02:41:33,762 ] - Epoch 3: train==[180.24225 = 1.60524 + 1.09566 + 60.98910 + 0.00133 + 0.00000 + 6.22018 + 1225.89705]
[ INFO : 2026-07-29 02:41:42,866 ] - Test_@[5, 10, 20, 50]: Recall=[0.01807, 0.02881, 0.04667, 0.09187],  precision=[0.00376, 0.00302, 0.00248, 0.00195], hit=[0.01882, 0.03019, 0.04927, 0.09648], ndcg=[0.01141, 0.01486, 0.01942, 0.02838], Train Rec Loss=[0.03198], Eval Rec Loss=[0.03200], c=[0.50000], F=[0.75000, 0.75010, 0.85093, 0.96783], F_fuse=[0.00749, 0.00602, 0.00494, 0.00389]
[ INFO : 2026-07-29 02:44:15,082 ] - Epoch 4: train==[171.16754 = 1.59143 + 1.09565 + 57.31779 + 0.00222 + 0.00000 + 0.82971 + 1225.89705]
[ INFO : 2026-07-29 02:44:24,365 ] - Test_@[5, 10, 20, 50]: Recall=[0.01802, 0.02899, 0.04693, 0.09238],  precision=[0.00375, 0.00305, 0.00249, 0.00196], hit=[0.01877, 0.03039, 0.04952, 0.09699], ndcg=[0.01136, 0.01488, 0.01945, 0.02845], Train Rec Loss=[0.03191], Eval Rec Loss=[0.03195], c=[0.50000], F=[0.75000, 0.75010, 0.81995, 0.94914], F_fuse=[0.00747, 0.00607, 0.00496, 0.00391]
[ INFO : 2026-07-29 02:46:56,217 ] - Epoch 5: train==[168.79481 = 1.57561 + 1.09564 + 55.57969 + 0.00295 + 0.00000 + 0.21017 + 1225.89705]
[ INFO : 2026-07-29 02:47:06,235 ] - Test_@[5, 10, 20, 50]: Recall=[0.01822, 0.02899, 0.04666, 0.09237],  precision=[0.00380, 0.00304, 0.00248, 0.00196], hit=[0.01898, 0.03039, 0.04922, 0.09699], ndcg=[0.01144, 0.01490, 0.01940, 0.02845], Train Rec Loss=[0.03195], Eval Rec Loss=[0.03196], c=[0.50000], F=[0.75000, 0.75005, 0.85086, 0.95256], F_fuse=[0.00755, 0.00606, 0.00494, 0.00390]
[ INFO : 2026-07-29 02:49:41,415 ] - Epoch 6: train==[167.83726 = 1.56198 + 1.09565 + 54.71946 + 0.00344 + 0.00000 + 0.12598 + 1225.89705]
[ INFO : 2026-07-29 02:49:50,642 ] - Test_@[5, 10, 20, 50]: Recall=[0.01817, 0.02904, 0.04671, 0.09242],  precision=[0.00379, 0.00305, 0.00248, 0.00196], hit=[0.01893, 0.03044, 0.04927, 0.09704], ndcg=[0.01142, 0.01493, 0.01943, 0.02848], Train Rec Loss=[0.03191], Eval Rec Loss=[0.03192], c=[0.50000], F=[0.75000, 0.75001, 0.86258, 0.95282], F_fuse=[0.00753, 0.00607, 0.00494, 0.00391]
[ INFO : 2026-07-29 02:52:29,830 ] - Epoch 7: train==[167.22987 = 1.54685 + 1.09565 + 54.17730 + 0.00376 + 0.00000 + 0.07557 + 1225.89705]
[ INFO : 2026-07-29 02:52:39,182 ] - Test_@[5, 10, 20, 50]: Recall=[0.01826, 0.02927, 0.04776, 0.09302],  precision=[0.00380, 0.00307, 0.00253, 0.00197], hit=[0.01898, 0.03065, 0.05035, 0.09766], ndcg=[0.01147, 0.01503, 0.01971, 0.02866], Train Rec Loss=[0.03190], Eval Rec Loss=[0.03194], c=[0.50000], F=[0.75000, 0.75000, 0.87182, 0.95263], F_fuse=[0.00755, 0.00612, 0.00505, 0.00393]
[ INFO : 2026-07-29 02:55:18,176 ] - Epoch 8: train==[166.54353 = 1.53337 + 1.09565 + 53.54007 + 0.00398 + 0.00000 + 0.03972 + 1225.89705]
[ INFO : 2026-07-29 02:55:27,366 ] - Test_@[5, 10, 20, 50]: Recall=[0.01821, 0.02904, 0.04779, 0.09434],  precision=[0.00379, 0.00305, 0.00254, 0.00200], hit=[0.01893, 0.03044, 0.05040, 0.09915], ndcg=[0.01146, 0.01499, 0.01975, 0.02896], Train Rec Loss=[0.03189], Eval Rec Loss=[0.03188], c=[0.50000], F=[0.75000, 0.75002, 0.87628, 0.95192], F_fuse=[0.00753, 0.00608, 0.00506, 0.00399]
[ INFO : 2026-07-29 02:58:04,480 ] - Epoch 9: train==[165.86826 = 1.51836 + 1.09565 + 52.90347 + 0.00416 + 0.00000 + 0.01587 + 1225.89705]
[ INFO : 2026-07-29 02:58:13,869 ] - Test_@[5, 10, 20, 50]: Recall=[0.01893, 0.02986, 0.04979, 0.09724],  precision=[0.00394, 0.00315, 0.00265, 0.00207], hit=[0.01970, 0.03142, 0.05261, 0.10224], ndcg=[0.01200, 0.01557, 0.02064, 0.03005], Train Rec Loss=[0.03185], Eval Rec Loss=[0.03189], c=[0.50000], F=[0.75252, 0.75200, 0.87935, 0.95104], F_fuse=[0.00784, 0.00628, 0.00528, 0.00412]
[ INFO : 2026-07-29 03:00:53,248 ] - Epoch 10: train==[164.81684 = 1.50506 + 1.09565 + 51.87579 + 0.00436 + 0.00000 + 0.00524 + 1225.89705]
[ INFO : 2026-07-29 03:01:02,509 ] - Test_@[5, 10, 20, 50]: Recall=[0.02145, 0.03432, 0.05649, 0.10679],  precision=[0.00448, 0.00363, 0.00301, 0.00227], hit=[0.02237, 0.03610, 0.05955, 0.11232], ndcg=[0.01396, 0.01816, 0.02380, 0.03378], Train Rec Loss=[0.03187], Eval Rec Loss=[0.03189], c=[0.50000], F=[0.75958, 0.75720, 0.85371, 0.94525], F_fuse=[0.00892, 0.00722, 0.00600, 0.00453]
[ INFO : 2026-07-29 03:03:41,059 ] - Epoch 11: train==[163.32594 = 1.48924 + 1.09566 + 50.40356 + 0.00470 + 0.00000 + 0.00204 + 1225.89705]
[ INFO : 2026-07-29 03:03:50,379 ] - Test_@[5, 10, 20, 50]: Recall=[0.02281, 0.03718, 0.05994, 0.11342],  precision=[0.00478, 0.00393, 0.00318, 0.00241], hit=[0.02386, 0.03898, 0.06310, 0.11905], ndcg=[0.01463, 0.01932, 0.02511, 0.03569], Train Rec Loss=[0.03187], Eval Rec Loss=[0.03190], c=[0.50000], F=[0.76175, 0.75975, 0.83457, 0.93619], F_fuse=[0.00951, 0.00782, 0.00634, 0.00481]
[ INFO : 2026-07-29 03:06:21,647 ] - Epoch 12: train==[162.50128 = 1.47422 + 1.09565 + 49.59406 + 0.00509 + 0.00000 + 0.00153 + 1225.89705]
[ INFO : 2026-07-29 03:06:30,919 ] - Test_@[5, 10, 20, 50]: Recall=[0.02324, 0.03836, 0.06126, 0.11609],  precision=[0.00487, 0.00406, 0.00325, 0.00247], hit=[0.02422, 0.04032, 0.06434, 0.12173], ndcg=[0.01507, 0.02000, 0.02584, 0.03671], Train Rec Loss=[0.03184], Eval Rec Loss=[0.03186], c=[0.50000], F=[0.76359, 0.76209, 0.83348, 0.93575], F_fuse=[0.00967, 0.00808, 0.00648, 0.00492]
[ INFO : 2026-07-29 03:09:01,596 ] - Epoch 13: train==[161.70939 = 1.46172 + 1.09567 + 48.81439 + 0.00546 + 0.00000 + 0.00142 + 1225.89705]
[ INFO : 2026-07-29 03:09:10,897 ] - Test_@[5, 10, 20, 50]: Recall=[0.02437, 0.03962, 0.06241, 0.11844],  precision=[0.00511, 0.00419, 0.00331, 0.00252], hit=[0.02540, 0.04160, 0.06562, 0.12435], ndcg=[0.01576, 0.02071, 0.02653, 0.03768], Train Rec Loss=[0.03178], Eval Rec Loss=[0.03186], c=[0.50000], F=[0.76749, 0.76689, 0.84040, 0.93438], F_fuse=[0.01016, 0.00833, 0.00660, 0.00503]
[ INFO : 2026-07-29 03:11:42,821 ] - Epoch 14: train==[160.99635 = 1.44659 + 1.09565 + 48.11630 + 0.00575 + 0.00000 + 0.00132 + 1225.89705]
[ INFO : 2026-07-29 03:11:51,909 ] - Test_@[5, 10, 20, 50]: Recall=[0.02470, 0.04077, 0.06385, 0.12049],  precision=[0.00516, 0.00431, 0.00340, 0.00257], hit=[0.02566, 0.04284, 0.06722, 0.12636], ndcg=[0.01605, 0.02127, 0.02714, 0.03840], Train Rec Loss=[0.03185], Eval Rec Loss=[0.03185], c=[0.50000], F=[0.77037, 0.77062, 0.84210, 0.93163], F_fuse=[0.01026, 0.00857, 0.00677, 0.00512]
[ INFO : 2026-07-29 03:14:22,583 ] - Epoch 15: train==[160.34424 = 1.43141 + 1.09568 + 47.47910 + 0.00602 + 0.00000 + 0.00128 + 1225.89705]
[ INFO : 2026-07-29 03:14:31,739 ] - Test_@[5, 10, 20, 50]: Recall=[0.02460, 0.04090, 0.06445, 0.12144],  precision=[0.00514, 0.00434, 0.00343, 0.00258], hit=[0.02556, 0.04304, 0.06778, 0.12738], ndcg=[0.01598, 0.02130, 0.02730, 0.03861], Train Rec Loss=[0.03182], Eval Rec Loss=[0.03186], c=[0.50000], F=[0.77074, 0.77148, 0.84386, 0.93083], F_fuse=[0.01022, 0.00862, 0.00682, 0.00516]
[ INFO : 2026-07-29 03:17:02,182 ] - Epoch 16: train==[159.64793 = 1.41755 + 1.09565 + 46.79644 + 0.00631 + 0.00000 + 0.00123 + 1225.89705]
[ INFO : 2026-07-29 03:17:11,514 ] - Test_@[5, 10, 20, 50]: Recall=[0.02446, 0.04154, 0.06474, 0.12157],  precision=[0.00513, 0.00440, 0.00344, 0.00259], hit=[0.02551, 0.04371, 0.06814, 0.12764], ndcg=[0.01596, 0.02151, 0.02740, 0.03867], Train Rec Loss=[0.03177], Eval Rec Loss=[0.03182], c=[0.50000], F=[0.77031, 0.77139, 0.83640, 0.92773], F_fuse=[0.01020, 0.00875, 0.00686, 0.00516]
[ INFO : 2026-07-29 03:19:41,528 ] - Epoch 17: train==[159.25624 = 1.40153 + 1.09568 + 46.42059 + 0.00650 + 0.00000 + 0.00120 + 1225.89705]
[ INFO : 2026-07-29 03:19:50,573 ] - Test_@[5, 10, 20, 50]: Recall=[0.02491, 0.04240, 0.06524, 0.12240],  precision=[0.00526, 0.00448, 0.00346, 0.00261], hit=[0.02612, 0.04443, 0.06855, 0.12862], ndcg=[0.01611, 0.02176, 0.02755, 0.03893], Train Rec Loss=[0.03177], Eval Rec Loss=[0.03182], c=[0.50000], F=[0.77353, 0.77672, 0.84687, 0.93029], F_fuse=[0.01044, 0.00891, 0.00690, 0.00520]
[ INFO : 2026-07-29 03:22:22,958 ] - Epoch 18: train==[158.65003 = 1.39347 + 1.09566 + 45.82226 + 0.00673 + 0.00000 + 0.00117 + 1225.89705]
[ INFO : 2026-07-29 03:22:32,093 ] - Test_@[5, 10, 20, 50]: Recall=[0.02537, 0.04221, 0.06654, 0.12420],  precision=[0.00534, 0.00447, 0.00354, 0.00265], hit=[0.02654, 0.04443, 0.06999, 0.13057], ndcg=[0.01632, 0.02178, 0.02794, 0.03940], Train Rec Loss=[0.03176], Eval Rec Loss=[0.03180], c=[0.50000], F=[0.77708, 0.78202, 0.85114, 0.93143], F_fuse=[0.01060, 0.00890, 0.00705, 0.00528]
[ INFO : 2026-07-29 03:25:02,588 ] - Epoch 19: train==[157.90254 = 1.37489 + 1.09566 + 45.09317 + 0.00694 + 0.00000 + 0.00115 + 1225.89705]
[ INFO : 2026-07-29 03:25:11,799 ] - Test_@[5, 10, 20, 50]: Recall=[0.02554, 0.04238, 0.06677, 0.12477],  precision=[0.00537, 0.00450, 0.00355, 0.00266], hit=[0.02669, 0.04464, 0.07025, 0.13109], ndcg=[0.01646, 0.02197, 0.02815, 0.03968], Train Rec Loss=[0.03173], Eval Rec Loss=[0.03177], c=[0.50000], F=[0.77714, 0.78399, 0.85107, 0.92985], F_fuse=[0.01066, 0.00895, 0.00707, 0.00530]
[ INFO : 2026-07-29 03:27:42,337 ] - Epoch 20: train==[157.32351 = 1.35951 + 1.09566 + 44.52935 + 0.00712 + 0.00000 + 0.00113 + 1225.89705]
[ INFO : 2026-07-29 03:27:51,537 ] - Test_@[5, 10, 20, 50]: Recall=[0.02578, 0.04309, 0.06714, 0.12496],  precision=[0.00542, 0.00457, 0.00357, 0.00266], hit=[0.02695, 0.04536, 0.07056, 0.13140], ndcg=[0.01646, 0.02208, 0.02817, 0.03967], Train Rec Loss=[0.03172], Eval Rec Loss=[0.03175], c=[0.50000], F=[0.77686, 0.78341, 0.84854, 0.93068], F_fuse=[0.01077, 0.00908, 0.00710, 0.00531]
[ INFO : 2026-07-29 03:30:22,713 ] - Epoch 21: train==[156.79457 = 1.34503 + 1.09566 + 44.01474 + 0.00730 + 0.00000 + 0.00111 + 1225.89705]
[ INFO : 2026-07-29 03:30:31,940 ] - Test_@[5, 10, 20, 50]: Recall=[0.02649, 0.04285, 0.06766, 0.12630],  precision=[0.00557, 0.00456, 0.00359, 0.00269], hit=[0.02772, 0.04520, 0.07107, 0.13253], ndcg=[0.01688, 0.02225, 0.02852, 0.04019], Train Rec Loss=[0.03174], Eval Rec Loss=[0.03173], c=[0.50000], F=[0.78154, 0.79212, 0.85770, 0.93347], F_fuse=[0.01107, 0.00906, 0.00715, 0.00537]
[ INFO : 2026-07-29 03:33:02,327 ] - Epoch 22: train==[156.35652 = 1.33819 + 1.09566 + 43.58338 + 0.00746 + 0.00000 + 0.00109 + 1225.89705]
[ INFO : 2026-07-29 03:33:11,524 ] - Test_@[5, 10, 20, 50]: Recall=[0.02639, 0.04402, 0.06887, 0.12789],  precision=[0.00561, 0.00465, 0.00364, 0.00272], hit=[0.02787, 0.04623, 0.07215, 0.13407], ndcg=[0.01695, 0.02268, 0.02898, 0.04075], Train Rec Loss=[0.03173], Eval Rec Loss=[0.03172], c=[0.50000], F=[0.78890, 0.80460, 0.87479, 0.93772], F_fuse=[0.01113, 0.00925, 0.00726, 0.00543]
[ INFO : 2026-07-29 03:35:41,897 ] - Epoch 23: train==[156.02873 = 1.32127 + 1.09566 + 43.27243 + 0.00756 + 0.00000 + 0.00107 + 1225.89705]
[ INFO : 2026-07-29 03:35:51,118 ] - Test_@[5, 10, 20, 50]: Recall=[0.02659, 0.04390, 0.06970, 0.12907],  precision=[0.00564, 0.00465, 0.00369, 0.00275], hit=[0.02803, 0.04618, 0.07303, 0.13525], ndcg=[0.01705, 0.02268, 0.02923, 0.04106], Train Rec Loss=[0.03170], Eval Rec Loss=[0.03170], c=[0.50000], F=[0.78993, 0.80406, 0.87088, 0.93609], F_fuse=[0.01119, 0.00924, 0.00734, 0.00548]
[ INFO : 2026-07-29 03:38:21,335 ] - Epoch 24: train==[155.49909 = 1.30922 + 1.09566 + 42.75470 + 0.00771 + 0.00000 + 0.00106 + 1225.89705]
[ INFO : 2026-07-29 03:38:31,026 ] - Test_@[5, 10, 20, 50]: Recall=[0.02682, 0.04354, 0.06877, 0.12814],  precision=[0.00566, 0.00463, 0.00364, 0.00273], hit=[0.02813, 0.04592, 0.07215, 0.13433], ndcg=[0.01713, 0.02258, 0.02898, 0.04081], Train Rec Loss=[0.03170], Eval Rec Loss=[0.03174], c=[0.50000], F=[0.78118, 0.79233, 0.86092, 0.93804], F_fuse=[0.01123, 0.00920, 0.00726, 0.00544]
[ INFO : 2026-07-29 03:41:01,343 ] - Epoch 25: train==[154.83150 = 1.29795 + 1.09567 + 42.09824 + 0.00785 + 0.00000 + 0.00106 + 1225.89705]
[ INFO : 2026-07-29 03:41:10,465 ] - Test_@[5, 10, 20, 50]: Recall=[0.02612, 0.04410, 0.06951, 0.13041],  precision=[0.00553, 0.00467, 0.00368, 0.00278], hit=[0.02751, 0.04644, 0.07298, 0.13659], ndcg=[0.01689, 0.02273, 0.02922, 0.04138], Train Rec Loss=[0.03168], Eval Rec Loss=[0.03171], c=[0.50000], F=[0.79421, 0.81536, 0.88022, 0.94074], F_fuse=[0.01099, 0.00930, 0.00733, 0.00554]
[ INFO : 2026-07-29 03:43:41,442 ] - Epoch 26: train==[154.33379 = 1.28295 + 1.09566 + 41.61540 + 0.00800 + 0.00000 + 0.00104 + 1225.89705]
[ INFO : 2026-07-29 03:43:50,770 ] - Test_@[5, 10, 20, 50]: Recall=[0.02684, 0.04543, 0.07097, 0.13206],  precision=[0.00570, 0.00481, 0.00375, 0.00281], hit=[0.02834, 0.04778, 0.07442, 0.13818], ndcg=[0.01730, 0.02333, 0.02981, 0.04201], Train Rec Loss=[0.03167], Eval Rec Loss=[0.03174], c=[0.50000], F=[0.79658, 0.81621, 0.88207, 0.94014], F_fuse=[0.01132, 0.00956, 0.00748, 0.00560]
[ INFO : 2026-07-29 03:46:23,436 ] - Epoch 27: train==[153.90476 = 1.27074 + 1.09566 + 41.19851 + 0.00808 + 0.00000 + 0.00102 + 1225.89705]
[ INFO : 2026-07-29 03:46:33,933 ] - Test_@[5, 10, 20, 50]: Recall=[0.02779, 0.04469, 0.07082, 0.13204],  precision=[0.00587, 0.00474, 0.00375, 0.00281], hit=[0.02921, 0.04706, 0.07426, 0.13824], ndcg=[0.01775, 0.02324, 0.02988, 0.04207], Train Rec Loss=[0.03166], Eval Rec Loss=[0.03167], c=[0.50000], F=[0.78461, 0.79967, 0.86880, 0.94174], F_fuse=[0.01166, 0.00943, 0.00746, 0.00560]
[ INFO : 2026-07-29 03:49:05,875 ] - Epoch 28: train==[153.53839 = 1.26454 + 1.09566 + 40.83824 + 0.00819 + 0.00000 + 0.00102 + 1225.89705]
[ INFO : 2026-07-29 03:49:15,173 ] - Test_@[5, 10, 20, 50]: Recall=[0.02705, 0.04538, 0.07087, 0.13336],  precision=[0.00574, 0.00480, 0.00375, 0.00283], hit=[0.02854, 0.04772, 0.07436, 0.13957], ndcg=[0.01745, 0.02339, 0.02987, 0.04234], Train Rec Loss=[0.03167], Eval Rec Loss=[0.03167], c=[0.50000], F=[0.80368, 0.82979, 0.89074, 0.94157], F_fuse=[0.01140, 0.00955, 0.00748, 0.00565]
[ INFO : 2026-07-29 03:51:46,247 ] - Epoch 29: train==[153.04711 = 1.24927 + 1.09567 + 40.36212 + 0.00830 + 0.00000 + 0.00102 + 1225.89705]
[ INFO : 2026-07-29 03:51:55,458 ] - Test_@[5, 10, 20, 50]: Recall=[0.02774, 0.04595, 0.07213, 0.13436],  precision=[0.00587, 0.00486, 0.00382, 0.00286], hit=[0.02921, 0.04829, 0.07560, 0.14065], ndcg=[0.01787, 0.02380, 0.03043, 0.04285], Train Rec Loss=[0.03164], Eval Rec Loss=[0.03167], c=[0.50000], F=[0.79739, 0.82053, 0.88625, 0.94346], F_fuse=[0.01166, 0.00966, 0.00760, 0.00570]
[ INFO : 2026-07-29 03:54:26,455 ] - Epoch 30: train==[152.61774 = 1.23768 + 1.09565 + 39.94430 + 0.00837 + 0.00000 + 0.00100 + 1225.89705]
[ INFO : 2026-07-29 03:54:35,708 ] - Test_@[5, 10, 20, 50]: Recall=[0.02880, 0.04672, 0.07311, 0.13493],  precision=[0.00611, 0.00495, 0.00387, 0.00287], hit=[0.03039, 0.04911, 0.07663, 0.14117], ndcg=[0.01836, 0.02418, 0.03086, 0.04320], Train Rec Loss=[0.03164], Eval Rec Loss=[0.03166], c=[0.50000], F=[0.80989, 0.83969, 0.90039, 0.94169], F_fuse=[0.01213, 0.00984, 0.00770, 0.00572]
[ INFO : 2026-07-29 03:57:06,201 ] - Epoch 31: train==[152.12263 = 1.22728 + 1.09567 + 39.45947 + 0.00848 + 0.00000 + 0.00100 + 1225.89705]
[ INFO : 2026-07-29 03:57:15,487 ] - Test_@[5, 10, 20, 50]: Recall=[0.02827, 0.04640, 0.07385, 0.13584],  precision=[0.00598, 0.00491, 0.00391, 0.00289], hit=[0.02972, 0.04870, 0.07740, 0.14214], ndcg=[0.01811, 0.02400, 0.03095, 0.04332], Train Rec Loss=[0.03159], Eval Rec Loss=[0.03168], c=[0.50000], F=[0.79694, 0.81993, 0.88998, 0.94462], F_fuse=[0.01186, 0.00975, 0.00778, 0.00576]
[ INFO : 2026-07-29 03:59:47,412 ] - Epoch 32: train==[151.75222 = 1.21298 + 1.09565 + 39.10331 + 0.00855 + 0.00000 + 0.00100 + 1225.89705]
[ INFO : 2026-07-29 03:59:56,622 ] - Test_@[5, 10, 20, 50]: Recall=[0.02850, 0.04597, 0.07403, 0.13609],  precision=[0.00603, 0.00487, 0.00392, 0.00289], hit=[0.02998, 0.04829, 0.07760, 0.14235], ndcg=[0.01833, 0.02402, 0.03116, 0.04356], Train Rec Loss=[0.03159], Eval Rec Loss=[0.03165], c=[0.50000], F=[0.80496, 0.83312, 0.89934, 0.94536], F_fuse=[0.01196, 0.00968, 0.00780, 0.00577]
[ INFO : 2026-07-29 04:02:29,021 ] - Epoch 33: train==[151.20909 = 1.20585 + 1.09566 + 38.56717 + 0.00866 + 0.00000 + 0.00100 + 1225.89705]
[ INFO : 2026-07-29 04:02:38,092 ] - Test_@[5, 10, 20, 50]: Recall=[0.02897, 0.04699, 0.07482, 0.13734],  precision=[0.00614, 0.00498, 0.00396, 0.00292], hit=[0.03055, 0.04937, 0.07837, 0.14364], ndcg=[0.01840, 0.02424, 0.03133, 0.04380], Train Rec Loss=[0.03161], Eval Rec Loss=[0.03161], c=[0.50000], F=[0.81587, 0.84881, 0.90743, 0.94422], F_fuse=[0.01219, 0.00990, 0.00789, 0.00582]
[ INFO : 2026-07-29 04:05:08,938 ] - Epoch 34: train==[150.85597 = 1.19476 + 1.09566 + 38.22509 + 0.00874 + 0.00000 + 0.00099 + 1225.89705]
[ INFO : 2026-07-29 04:05:18,280 ] - Test_@[5, 10, 20, 50]: Recall=[0.02933, 0.04697, 0.07497, 0.13799],  precision=[0.00621, 0.00497, 0.00397, 0.00293], hit=[0.03091, 0.04927, 0.07863, 0.14420], ndcg=[0.01868, 0.02439, 0.03154, 0.04412], Train Rec Loss=[0.03159], Eval Rec Loss=[0.03161], c=[0.50000], F=[0.80967, 0.84026, 0.90276, 0.94429], F_fuse=[0.01233, 0.00988, 0.00791, 0.00585]
