Job 74486 on gpu01; lambda_cf=1.0; group_k=10; seed=8; started Wed Jul 29 03:10:48 AM UTC 2026
Wed Jul 29 03:10:48 2026       
+-----------------------------------------------------------------------------+
| NVIDIA-SMI 525.147.05   Driver Version: 525.147.05   CUDA Version: 12.0     |
|-------------------------------+----------------------+----------------------+
| GPU  Name        Persistence-M| Bus-Id        Disp.A | Volatile Uncorr. ECC |
| Fan  Temp  Perf  Pwr:Usage/Cap|         Memory-Usage | GPU-Util  Compute M. |
|                               |                      |               MIG M. |
|===============================+======================+======================|
|   0  NVIDIA A100-SXM...  On   | 00000000:87:00.0 Off |                    0 |
| N/A   31C    P0    52W / 400W |      0MiB / 40960MiB |      0%      Default |
|                               |                      |             Disabled |
+-------------------------------+----------------------+----------------------+
                                                                               
+-----------------------------------------------------------------------------+
| Processes:                                                                  |
|  GPU   GI   CI        PID   Type   Process name                  GPU Memory |
|        ID   ID                                                   Usage      |
|=============================================================================|
|  No running processes found                                                 |
+-----------------------------------------------------------------------------+
[ INFO : 2026-07-29 03:11:09,822 ] - Preprocess missing values with zero
[ INFO : 2026-07-29 03:11:12,644 ] - Pretrained diffusion model is loaded from: ./checkpoint/baby/best_model.pth
[ INFO : 2026-07-29 03:11:13,763 ] - Completed data loaded from: ./checkpoint/baby/completed_data.pkl
/media/lhbac29/raid-cf/main.py:106: DeprecationWarning: Please import `csr_matrix` from the `scipy.sparse` namespace; the `scipy.sparse.csr` namespace is deprecated and will be removed in SciPy 2.0.0.
  self.ui_graph = self.ui_graph_raw = pickle.load(open('./data/' + self.dataset + '/train_mat', 'rb'))
[ INFO : 2026-07-29 03:11:13,897 ] - Missing rate = 0.400000, complete strategy: zero
[ INFO : 2026-07-29 03:13:49,607 ] - Epoch 1: train==[369.16769 = 2.01497 + 1.11516 + 66.37186 + 0.00058 + 0.00000 + 189.41400 + 1225.01258]
[ INFO : 2026-07-29 03:13:58,935 ] - Test_@[5, 10, 20, 50]: Recall=[0.01686, 0.02832, 0.04583, 0.08968],  precision=[0.00353, 0.00298, 0.00244, 0.00190], hit=[0.01764, 0.02978, 0.04839, 0.09401], ndcg=[0.01102, 0.01475, 0.01924, 0.02793], Train Rec Loss=[0.03253], Eval Rec Loss=[0.03241], c=[0.50000], F=[0.75004, 0.84183, 0.96600, 0.89551], F_fuse=[0.00702, 0.00594, 0.00486, 0.00379]
[ INFO : 2026-07-29 03:16:26,891 ] - Epoch 2: train==[218.34057 = 1.61646 + 1.10662 + 63.93946 + 0.00082 + 0.00000 + 41.34647 + 1225.89705]
[ INFO : 2026-07-29 03:16:36,039 ] - Test_@[5, 10, 20, 50]: Recall=[0.01781, 0.02887, 0.04635, 0.09128],  precision=[0.00371, 0.00304, 0.00246, 0.00194], hit=[0.01857, 0.03034, 0.04886, 0.09591], ndcg=[0.01128, 0.01484, 0.01931, 0.02822], Train Rec Loss=[0.03250], Eval Rec Loss=[0.03234], c=[0.50000], F=[0.75000, 0.75159, 0.93524, 0.89885], F_fuse=[0.00739, 0.00605, 0.00491, 0.00387]
[ INFO : 2026-07-29 03:19:02,348 ] - Epoch 3: train==[183.89963 = 1.60490 + 1.10659 + 60.99876 + 0.00131 + 0.00000 + 9.85734 + 1225.89705]
[ INFO : 2026-07-29 03:19:11,701 ] - Test_@[5, 10, 20, 50]: Recall=[0.01781, 0.02887, 0.04649, 0.09156],  precision=[0.00371, 0.00303, 0.00247, 0.00194], hit=[0.01857, 0.03029, 0.04906, 0.09617], ndcg=[0.01128, 0.01484, 0.01934, 0.02828], Train Rec Loss=[0.03245], Eval Rec Loss=[0.03233], c=[0.50000], F=[0.75000, 0.75264, 0.93521, 0.90018], F_fuse=[0.00739, 0.00604, 0.00492, 0.00388]
[ INFO : 2026-07-29 03:21:38,115 ] - Epoch 4: train==[172.98039 = 1.59247 + 1.10659 + 57.85394 + 0.00212 + 0.00000 + 2.09453 + 1225.89705]
[ INFO : 2026-07-29 03:21:47,340 ] - Test_@[5, 10, 20, 50]: Recall=[0.01792, 0.02898, 0.04637, 0.09158],  precision=[0.00373, 0.00304, 0.00247, 0.00194], hit=[0.01867, 0.03039, 0.04896, 0.09601], ndcg=[0.01133, 0.01488, 0.01932, 0.02829], Train Rec Loss=[0.03243], Eval Rec Loss=[0.03228], c=[0.50000], F=[0.75000, 0.76382, 0.93521, 0.89853], F_fuse=[0.00743, 0.00606, 0.00492, 0.00387]
[ INFO : 2026-07-29 03:24:13,108 ] - Epoch 5: train==[169.38591 = 1.57827 + 1.10660 + 55.98779 + 0.00292 + 0.00000 + 0.37959 + 1225.89705]
[ INFO : 2026-07-29 03:24:22,414 ] - Test_@[5, 10, 20, 50]: Recall=[0.01786, 0.02902, 0.04668, 0.09161],  precision=[0.00372, 0.00305, 0.00248, 0.00194], hit=[0.01862, 0.03044, 0.04927, 0.09612], ndcg=[0.01131, 0.01491, 0.01941, 0.02832], Train Rec Loss=[0.03242], Eval Rec Loss=[0.03226], c=[0.50000], F=[0.75000, 0.75838, 0.93521, 0.89850], F_fuse=[0.00741, 0.00607, 0.00495, 0.00387]
[ INFO : 2026-07-29 03:26:48,205 ] - Epoch 6: train==[168.16659 = 1.56336 + 1.10660 + 55.00985 + 0.00343 + 0.00000 + 0.15262 + 1225.89705]
[ INFO : 2026-07-29 03:26:57,331 ] - Test_@[5, 10, 20, 50]: Recall=[0.01781, 0.02908, 0.04642, 0.09167],  precision=[0.00371, 0.00306, 0.00247, 0.00194], hit=[0.01857, 0.03055, 0.04901, 0.09612], ndcg=[0.01128, 0.01492, 0.01935, 0.02833], Train Rec Loss=[0.03241], Eval Rec Loss=[0.03226], c=[0.50000], F=[0.75000, 0.75290, 0.93521, 0.89850], F_fuse=[0.00739, 0.00610, 0.00492, 0.00387]
[ INFO : 2026-07-29 03:29:23,133 ] - Epoch 7: train==[167.46800 = 1.55154 + 1.10660 + 54.38133 + 0.00374 + 0.00000 + 0.09404 + 1225.89705]
[ INFO : 2026-07-29 03:29:32,376 ] - Test_@[5, 10, 20, 50]: Recall=[0.01790, 0.02905, 0.04692, 0.09187],  precision=[0.00372, 0.00307, 0.00249, 0.00194], hit=[0.01862, 0.03060, 0.04952, 0.09627], ndcg=[0.01132, 0.01495, 0.01951, 0.02843], Train Rec Loss=[0.03239], Eval Rec Loss=[0.03226], c=[0.50000], F=[0.75000, 0.75372, 0.93521, 0.89833], F_fuse=[0.00741, 0.00611, 0.00497, 0.00388]
[ INFO : 2026-07-29 03:31:59,823 ] - Epoch 8: train==[167.01116 = 1.53738 + 1.10661 + 53.97878 + 0.00398 + 0.00000 + 0.05367 + 1225.89705]
[ INFO : 2026-07-29 03:32:08,960 ] - Test_@[5, 10, 20, 50]: Recall=[0.01790, 0.02913, 0.04683, 0.09269],  precision=[0.00372, 0.00308, 0.00249, 0.00196], hit=[0.01862, 0.03070, 0.04942, 0.09715], ndcg=[0.01133, 0.01501, 0.01953, 0.02863], Train Rec Loss=[0.03237], Eval Rec Loss=[0.03221], c=[0.50000], F=[0.75000, 0.75329, 0.93517, 0.89662], F_fuse=[0.00741, 0.00613, 0.00496, 0.00391]
[ INFO : 2026-07-29 03:34:34,186 ] - Epoch 9: train==[166.22939 = 1.52019 + 1.10661 + 53.24002 + 0.00414 + 0.00000 + 0.02769 + 1225.89705]
[ INFO : 2026-07-29 03:34:43,347 ] - Test_@[5, 10, 20, 50]: Recall=[0.01834, 0.02982, 0.04855, 0.09634],  precision=[0.00382, 0.00315, 0.00258, 0.00204], hit=[0.01908, 0.03147, 0.05132, 0.10095], ndcg=[0.01160, 0.01536, 0.02014, 0.02961], Train Rec Loss=[0.03234], Eval Rec Loss=[0.03222], c=[0.50000], F=[0.75005, 0.75886, 0.93382, 0.87918], F_fuse=[0.00759, 0.00628, 0.00515, 0.00407]
[ INFO : 2026-07-29 03:37:09,256 ] - Epoch 10: train==[165.06256 = 1.50954 + 1.10660 + 52.09626 + 0.00431 + 0.00000 + 0.01510 + 1225.89705]
[ INFO : 2026-07-29 03:37:18,311 ] - Test_@[5, 10, 20, 50]: Recall=[0.01990, 0.03217, 0.05232, 0.10086],  precision=[0.00416, 0.00341, 0.00278, 0.00214], hit=[0.02078, 0.03399, 0.05518, 0.10604], ndcg=[0.01246, 0.01650, 0.02167, 0.03129], Train Rec Loss=[0.03238], Eval Rec Loss=[0.03220], c=[0.50000], F=[0.75044, 0.81394, 0.92610, 0.88492], F_fuse=[0.00826, 0.00680, 0.00555, 0.00427]
[ INFO : 2026-07-29 03:39:44,758 ] - Epoch 11: train==[164.11887 = 1.49554 + 1.10662 + 51.17306 + 0.00461 + 0.00000 + 0.00831 + 1225.89705]
[ INFO : 2026-07-29 03:39:53,969 ] - Test_@[5, 10, 20, 50]: Recall=[0.02185, 0.03527, 0.05644, 0.10705],  precision=[0.00458, 0.00373, 0.00302, 0.00228], hit=[0.02283, 0.03708, 0.05971, 0.11257], ndcg=[0.01386, 0.01824, 0.02366, 0.03370], Train Rec Loss=[0.03234], Eval Rec Loss=[0.03220], c=[0.50000], F=[0.75067, 0.79308, 0.91204, 0.88867], F_fuse=[0.00910, 0.00742, 0.00601, 0.00454]
[ INFO : 2026-07-29 03:42:20,435 ] - Epoch 12: train==[163.08053 = 1.47903 + 1.10661 + 50.15677 + 0.00493 + 0.00000 + 0.00245 + 1225.89705]
[ INFO : 2026-07-29 03:42:29,631 ] - Test_@[5, 10, 20, 50]: Recall=[0.02268, 0.03831, 0.06116, 0.11399],  precision=[0.00476, 0.00407, 0.00325, 0.00243], hit=[0.02371, 0.04037, 0.06444, 0.11962], ndcg=[0.01466, 0.01977, 0.02560, 0.03610], Train Rec Loss=[0.03233], Eval Rec Loss=[0.03223], c=[0.50000], F=[0.75258, 0.77981, 0.90706, 0.89016], F_fuse=[0.00946, 0.00809, 0.00647, 0.00484]
[ INFO : 2026-07-29 03:44:55,165 ] - Epoch 13: train==[161.98090 = 1.46675 + 1.10661 + 49.07020 + 0.00534 + 0.00000 + 0.00127 + 1225.89705]
[ INFO : 2026-07-29 03:45:04,524 ] - Test_@[5, 10, 20, 50]: Recall=[0.02299, 0.03822, 0.06203, 0.11556],  precision=[0.00483, 0.00406, 0.00330, 0.00246], hit=[0.02402, 0.04032, 0.06531, 0.12137], ndcg=[0.01463, 0.01960, 0.02567, 0.03631], Train Rec Loss=[0.03231], Eval Rec Loss=[0.03215], c=[0.50000], F=[0.75292, 0.77922, 0.91979, 0.89580], F_fuse=[0.00961, 0.00807, 0.00657, 0.00491]
[ INFO : 2026-07-29 03:47:30,066 ] - Epoch 14: train==[161.28498 = 1.45149 + 1.10661 + 48.38930 + 0.00565 + 0.00000 + 0.00120 + 1225.89705]
[ INFO : 2026-07-29 03:47:39,319 ] - Test_@[5, 10, 20, 50]: Recall=[0.02365, 0.03959, 0.06328, 0.11773],  precision=[0.00496, 0.00421, 0.00336, 0.00251], hit=[0.02463, 0.04181, 0.06655, 0.12363], ndcg=[0.01512, 0.02034, 0.02636, 0.03720], Train Rec Loss=[0.03229], Eval Rec Loss=[0.03218], c=[0.50000], F=[0.75568, 0.78556, 0.91107, 0.89666], F_fuse=[0.00985, 0.00837, 0.00669, 0.00501]
[ INFO : 2026-07-29 03:50:04,925 ] - Epoch 15: train==[160.78100 = 1.43517 + 1.10663 + 47.90139 + 0.00595 + 0.00000 + 0.00112 + 1225.89705]
[ INFO : 2026-07-29 03:50:14,171 ] - Test_@[5, 10, 20, 50]: Recall=[0.02365, 0.04001, 0.06343, 0.11804],  precision=[0.00496, 0.00424, 0.00337, 0.00252], hit=[0.02463, 0.04217, 0.06686, 0.12399], ndcg=[0.01509, 0.02044, 0.02639, 0.03728], Train Rec Loss=[0.03228], Eval Rec Loss=[0.03213], c=[0.50000], F=[0.75548, 0.78620, 0.91378, 0.89838], F_fuse=[0.00985, 0.00844, 0.00672, 0.00502]
[ INFO : 2026-07-29 03:52:39,967 ] - Epoch 16: train==[160.11087 = 1.42284 + 1.10660 + 47.24339 + 0.00620 + 0.00000 + 0.00110 + 1225.89705]
[ INFO : 2026-07-29 03:52:49,260 ] - Test_@[5, 10, 20, 50]: Recall=[0.02412, 0.04085, 0.06422, 0.11930],  precision=[0.00505, 0.00434, 0.00342, 0.00254], hit=[0.02510, 0.04310, 0.06768, 0.12528], ndcg=[0.01541, 0.02088, 0.02684, 0.03781], Train Rec Loss=[0.03226], Eval Rec Loss=[0.03214], c=[0.50000], F=[0.75712, 0.79051, 0.90670, 0.89980], F_fuse=[0.01003, 0.00863, 0.00681, 0.00507]
[ INFO : 2026-07-29 03:55:15,336 ] - Epoch 17: train==[159.51632 = 1.41086 + 1.10662 + 46.66062 + 0.00642 + 0.00000 + 0.00106 + 1225.89705]
[ INFO : 2026-07-29 03:55:24,531 ] - Test_@[5, 10, 20, 50]: Recall=[0.02417, 0.04061, 0.06453, 0.12023],  precision=[0.00506, 0.00431, 0.00343, 0.00256], hit=[0.02515, 0.04284, 0.06799, 0.12620], ndcg=[0.01538, 0.02075, 0.02685, 0.03794], Train Rec Loss=[0.03228], Eval Rec Loss=[0.03213], c=[0.50000], F=[0.75742, 0.80579, 0.90179, 0.89915], F_fuse=[0.01005, 0.00857, 0.00684, 0.00511]
[ INFO : 2026-07-29 03:57:51,225 ] - Epoch 18: train==[158.96100 = 1.39067 + 1.10660 + 46.12529 + 0.00667 + 0.00000 + 0.00103 + 1225.89705]
[ INFO : 2026-07-29 03:58:00,455 ] - Test_@[5, 10, 20, 50]: Recall=[0.02515, 0.04245, 0.06578, 0.12121],  precision=[0.00525, 0.00451, 0.00350, 0.00258], hit=[0.02607, 0.04484, 0.06927, 0.12723], ndcg=[0.01603, 0.02166, 0.02760, 0.03864], Train Rec Loss=[0.03227], Eval Rec Loss=[0.03210], c=[0.50000], F=[0.76139, 0.79922, 0.90009, 0.89947], F_fuse=[0.01042, 0.00897, 0.00697, 0.00515]
[ INFO : 2026-07-29 04:00:25,978 ] - Epoch 19: train==[158.21002 = 1.38042 + 1.10663 + 45.38435 + 0.00685 + 0.00000 + 0.00102 + 1225.89705]
[ INFO : 2026-07-29 04:00:35,264 ] - Test_@[5, 10, 20, 50]: Recall=[0.02501, 0.04237, 0.06521, 0.12158],  precision=[0.00522, 0.00450, 0.00347, 0.00259], hit=[0.02597, 0.04474, 0.06871, 0.12764], ndcg=[0.01594, 0.02157, 0.02740, 0.03864], Train Rec Loss=[0.03225], Eval Rec Loss=[0.03207], c=[0.50000], F=[0.76011, 0.80048, 0.89934, 0.89876], F_fuse=[0.01038, 0.00895, 0.00692, 0.00516]
[ INFO : 2026-07-29 04:03:01,278 ] - Epoch 20: train==[157.66848 = 1.36253 + 1.10661 + 44.86051 + 0.00709 + 0.00000 + 0.00101 + 1225.89705]
[ INFO : 2026-07-29 04:03:10,530 ] - Test_@[5, 10, 20, 50]: Recall=[0.02589, 0.04288, 0.06562, 0.12200],  precision=[0.00541, 0.00456, 0.00349, 0.00260], hit=[0.02690, 0.04536, 0.06912, 0.12821], ndcg=[0.01642, 0.02195, 0.02774, 0.03900], Train Rec Loss=[0.03224], Eval Rec Loss=[0.03210], c=[0.50000], F=[0.76359, 0.80687, 0.89805, 0.89973], F_fuse=[0.01074, 0.00907, 0.00696, 0.00519]
