Job 74675 on gpu03; lambda_cf=1.0; group_k=10; seed=6; started Mon Aug  3 01:27:43 AM UTC 2026
Mon Aug  3 01:27:43 2026       
+-----------------------------------------------------------------------------------------+
| NVIDIA-SMI 580.82.07              Driver Version: 580.82.07      CUDA Version: 13.0     |
+-----------------------------------------+------------------------+----------------------+
| GPU  Name                 Persistence-M | Bus-Id          Disp.A | Volatile Uncorr. ECC |
| Fan  Temp   Perf          Pwr:Usage/Cap |           Memory-Usage | GPU-Util  Compute M. |
|                                         |                        |               MIG M. |
|=========================================+========================+======================|
|   0  NVIDIA A100-PCIE-40GB          On  |   00000000:14:00.0 Off |                    0 |
| N/A   30C    P0             34W /  250W |       0MiB /  40960MiB |      0%      Default |
|                                         |                        |             Disabled |
+-----------------------------------------+------------------------+----------------------+

+-----------------------------------------------------------------------------------------+
| Processes:                                                                              |
|  GPU   GI   CI              PID   Type   Process name                        GPU Memory |
|        ID   ID                                                               Usage      |
|=========================================================================================|
|  No running processes found                                                             |
+-----------------------------------------------------------------------------------------+
usage: main.py [-h] [--batch_size BATCH_SIZE] [--epoch EPOCH] [--lr LR]
               [--lr_decay LR_DECAY] [--seed SEED]
               [--embed_channel EMBED_CHANNEL] [--embed_size EMBED_SIZE]
               [--unet_channels UNET_CHANNELS]
               [--conv1d_kernel_size CONV1D_KERNEL_SIZE]
               [--num_sample_steps NUM_SAMPLE_STEPS] [--T_s T_S]
               [--alpha_1 ALPHA_1] [--L L] [--delta DELTA] [--eta ETA]
               [--weight_size [WEIGHT_SIZE]] [--regs [REGS]]
               [--gnn_embed_size GNN_EMBED_SIZE] [--isSparse ISSPARSE] [--H H]
               [--lambda_2 LAMBDA_2] [--m_topk_rate M_TOPK_RATE]
               [--lambda_1 LAMBDA_1] [--retrieval_k RETRIEVAL_K]
               [--retrieval_beta RETRIEVAL_BETA]
               [--retrieval_chunk RETRIEVAL_CHUNK] [--no_retrieval_cache]
               [--dataset DATASET] [--MR MR] [--complete COMPLETE]
               [--normalize NORMALIZE] [--reduce_dim REDUCE_DIM] [--dim DIM]
               [--load_dir LOAD_DIR] [--load_model LOAD_MODEL] [--T T]
               [--tau TAU] [--gamma GAMMA] [--alpha_2 ALPHA_2] [--Ks [KS]]
               [--test_flag [TEST_FLAG]] [--verbose VERBOSE]
               [--anchor_rate ANCHOR_RATE] [--sample_num_ii SAMPLE_NUM_II]
main.py: error: unrecognized arguments: --debias_mode subtract --gamma_mode group --lambda_cf 1.0 --group_k 10 --from_scratch --ckpt_dir ./checkpoint/allrecipes/deconf-group-l1.0-k10-seed6/
Finished Mon Aug  3 01:27:49 AM UTC 2026
