Job 74889 on gpu02; lambda_cf=1.0; group_k=10; seed=7; started Mon Aug 10 11:26:22 AM +07 2026
Mon Aug 10 11:26:22 2026       
+-----------------------------------------------------------------------------------------+
| NVIDIA-SMI 555.42.02              Driver Version: 555.42.02      CUDA Version: 12.5     |
|-----------------------------------------+------------------------+----------------------+
| GPU  Name                 Persistence-M | Bus-Id          Disp.A | Volatile Uncorr. ECC |
| Fan  Temp   Perf          Pwr:Usage/Cap |           Memory-Usage | GPU-Util  Compute M. |
|                                         |                        |               MIG M. |
|=========================================+========================+======================|
|   0  NVIDIA A100-PCIE-40GB          Off |   00000000:63:00.0 Off |                    0 |
| N/A   30C    P0             34W /  250W |       1MiB /  40960MiB |      0%      Default |
|                                         |                        |             Disabled |
+-----------------------------------------+------------------------+----------------------+
                                                                                         
+-----------------------------------------------------------------------------------------+
| Processes:                                                                              |
|  GPU   GI   CI        PID   Type   Process name                              GPU Memory |
|        ID   ID                                                               Usage      |
|=========================================================================================|
|  No running processes found                                                             |
+-----------------------------------------------------------------------------------------+
[ INFO : 2026-08-10 11:27:06,413 ] - Preprocess missing values with zero
[ INFO : 2026-08-10 11:27:07,077 ] - Pretrained diffusion model is loaded from: ./checkpoint/baby/best_model.pth
[ INFO : 2026-08-10 11:27:08,390 ] - Completed data loaded from: ./checkpoint/baby/completed_data.pkl
/media/lhbac29/raid-cf/main.py:106: DeprecationWarning: Please import `csr_matrix` from the `scipy.sparse` namespace; the `scipy.sparse.csr` namespace is deprecated and will be removed in SciPy 2.0.0.
  self.ui_graph = self.ui_graph_raw = pickle.load(open('./data/' + self.dataset + '/train_mat', 'rb'))
[ INFO : 2026-08-10 11:27:08,592 ] - Missing rate = 0.400000, complete strategy: zero
[ INFO : 2026-08-10 11:29:26,618 ] - Epoch 1: train==[374.08239 = 2.01906 + 1.10726 + 66.42198 + 0.00056 + 0.00000 + 194.28533 + 1224.97991]
[ INFO : 2026-08-10 11:29:35,816 ] - Test_@[5, 10, 20, 50]: Recall=[0.01763, 0.02762, 0.04751, 0.09262],  precision=[0.00368, 0.00290, 0.00252, 0.00196], hit=[0.01841, 0.02890, 0.05009, 0.09704], ndcg=[0.01122, 0.01444, 0.01950, 0.02844], Train Rec Loss=[0.03312], Eval Rec Loss=[0.03301], c=[0.50000], F=[0.81059, 0.82251, 0.92701, 0.94710], F_fuse=[0.00733, 0.00578, 0.00502, 0.00391]
[ INFO : 2026-08-10 11:32:11,524 ] - Epoch 2: train==[225.59131 = 1.61667 + 1.09898 + 64.01716 + 0.00081 + 0.00000 + 48.52696 + 1225.89705]
[ INFO : 2026-08-10 11:32:20,644 ] - Test_@[5, 10, 20, 50]: Recall=[0.01786, 0.02885, 0.04671, 0.09249],  precision=[0.00372, 0.00303, 0.00248, 0.00196], hit=[0.01862, 0.03029, 0.04927, 0.09689], ndcg=[0.01132, 0.01484, 0.01939, 0.02848], Train Rec Loss=[0.03305], Eval Rec Loss=[0.03294], c=[0.50000], F=[0.75878, 0.75796, 0.94225, 0.95365], F_fuse=[0.00741, 0.00604, 0.00494, 0.00390]
[ INFO : 2026-08-10 11:35:09,755 ] - Epoch 3: train==[186.04219 = 1.60419 + 1.09894 + 61.18293 + 0.00126 + 0.00000 + 11.82414 + 1225.89705]
[ INFO : 2026-08-10 11:35:19,075 ] - Test_@[5, 10, 20, 50]: Recall=[0.01786, 0.02894, 0.04698, 0.09189],  precision=[0.00372, 0.00304, 0.00249, 0.00194], hit=[0.01862, 0.03034, 0.04947, 0.09632], ndcg=[0.01130, 0.01484, 0.01943, 0.02837], Train Rec Loss=[0.03299], Eval Rec Loss=[0.03293], c=[0.50000], F=[0.75855, 0.75887, 0.94225, 0.95643], F_fuse=[0.00741, 0.00605, 0.00497, 0.00388]
[ INFO : 2026-08-10 11:38:06,275 ] - Epoch 4: train==[172.75232 = 1.59140 + 1.09894 + 57.70583 + 0.00206 + 0.00000 + 2.02335 + 1225.89705]
[ INFO : 2026-08-10 11:38:15,344 ] - Test_@[5, 10, 20, 50]: Recall=[0.01786, 0.02897, 0.04671, 0.09182],  precision=[0.00372, 0.00304, 0.00247, 0.00194], hit=[0.01862, 0.03039, 0.04922, 0.09622], ndcg=[0.01130, 0.01487, 0.01939, 0.02836], Train Rec Loss=[0.03300], Eval Rec Loss=[0.03290], c=[0.50000], F=[0.75908, 0.75854, 0.94225, 0.95736], F_fuse=[0.00741, 0.00606, 0.00493, 0.00387]
[ INFO : 2026-08-10 11:41:04,106 ] - Epoch 5: train==[168.84330 = 1.57898 + 1.09894 + 55.57104 + 0.00291 + 0.00000 + 0.26069 + 1225.89705]
[ INFO : 2026-08-10 11:41:13,208 ] - Test_@[5, 10, 20, 50]: Recall=[0.01781, 0.02897, 0.04681, 0.09191],  precision=[0.00371, 0.00304, 0.00248, 0.00194], hit=[0.01857, 0.03039, 0.04932, 0.09627], ndcg=[0.01128, 0.01487, 0.01941, 0.02837], Train Rec Loss=[0.03298], Eval Rec Loss=[0.03286], c=[0.50000], F=[0.76040, 0.75854, 0.94225, 0.96453], F_fuse=[0.00739, 0.00606, 0.00494, 0.00387]
[ INFO : 2026-08-10 11:43:39,225 ] - Epoch 6: train==[167.89933 = 1.56354 + 1.09895 + 54.77817 + 0.00342 + 0.00000 + 0.12450 + 1225.89705]
[ INFO : 2026-08-10 11:43:48,325 ] - Test_@[5, 10, 20, 50]: Recall=[0.01781, 0.02894, 0.04726, 0.09210],  precision=[0.00371, 0.00304, 0.00250, 0.00195], hit=[0.01857, 0.03034, 0.04983, 0.09648], ndcg=[0.01129, 0.01487, 0.01953, 0.02843], Train Rec Loss=[0.03299], Eval Rec Loss=[0.03289], c=[0.50000], F=[0.76035, 0.75868, 0.94225, 0.97180], F_fuse=[0.00739, 0.00605, 0.00500, 0.00388]
[ INFO : 2026-08-10 11:46:17,771 ] - Epoch 7: train==[167.01497 = 1.54950 + 1.09895 + 53.96367 + 0.00379 + 0.00000 + 0.06832 + 1225.89705]
[ INFO : 2026-08-10 11:46:26,788 ] - Test_@[5, 10, 20, 50]: Recall=[0.01776, 0.02903, 0.04744, 0.09306],  precision=[0.00370, 0.00305, 0.00252, 0.00197], hit=[0.01851, 0.03044, 0.05004, 0.09766], ndcg=[0.01111, 0.01472, 0.01942, 0.02847], Train Rec Loss=[0.03297], Eval Rec Loss=[0.03286], c=[0.50000], F=[0.76372, 0.76099, 0.94226, 0.97524], F_fuse=[0.00737, 0.00609, 0.00502, 0.00393]
[ INFO : 2026-08-10 11:49:31,351 ] - Epoch 8: train==[166.32338 = 1.53781 + 1.09895 + 53.32195 + 0.00401 + 0.00000 + 0.02993 + 1225.89705]
[ INFO : 2026-08-10 11:49:55,270 ] - Test_@[5, 10, 20, 50]: Recall=[0.01824, 0.02962, 0.04801, 0.09545],  precision=[0.00381, 0.00312, 0.00255, 0.00202], hit=[0.01903, 0.03116, 0.05076, 0.10013], ndcg=[0.01124, 0.01489, 0.01960, 0.02900], Train Rec Loss=[0.03295], Eval Rec Loss=[0.03287], c=[0.50000], F=[0.79211, 0.76469, 0.94240, 0.97813], F_fuse=[0.00757, 0.00622, 0.00509, 0.00404]
[ INFO : 2026-08-10 11:52:54,824 ] - Epoch 9: train==[165.33344 = 1.52064 + 1.09896 + 52.37060 + 0.00417 + 0.00000 + 0.00834 + 1225.89705]
[ INFO : 2026-08-10 11:53:03,932 ] - Test_@[5, 10, 20, 50]: Recall=[0.01929, 0.03252, 0.05232, 0.10043],  precision=[0.00406, 0.00345, 0.00279, 0.00214], hit=[0.02026, 0.03435, 0.05528, 0.10563], ndcg=[0.01215, 0.01638, 0.02144, 0.03098], Train Rec Loss=[0.03295], Eval Rec Loss=[0.03283], c=[0.50000], F=[0.93173, 0.81447, 0.94277, 0.97615], F_fuse=[0.00809, 0.00687, 0.00557, 0.00426]
[ INFO : 2026-08-10 11:56:03,073 ] - Epoch 10: train==[163.95760 = 1.50731 + 1.09896 + 51.01371 + 0.00447 + 0.00000 + 0.00242 + 1225.89705]
[ INFO : 2026-08-10 11:56:12,210 ] - Test_@[5, 10, 20, 50]: Recall=[0.02125, 0.03630, 0.05789, 0.10925],  precision=[0.00451, 0.00386, 0.00308, 0.00233], hit=[0.02242, 0.03826, 0.06104, 0.11489], ndcg=[0.01383, 0.01868, 0.02419, 0.03442], Train Rec Loss=[0.03292], Eval Rec Loss=[0.03281], c=[0.50000], F=[0.91008, 0.83466, 0.94330, 0.97451], F_fuse=[0.00897, 0.00768, 0.00615, 0.00466]
[ INFO : 2026-08-10 11:58:53,874 ] - Epoch 11: train==[162.74995 = 1.49246 + 1.09895 + 49.82152 + 0.00490 + 0.00000 + 0.00138 + 1225.89705]
[ INFO : 2026-08-10 11:59:03,014 ] - Test_@[5, 10, 20, 50]: Recall=[0.02199, 0.03838, 0.05999, 0.11331],  precision=[0.00466, 0.00407, 0.00319, 0.00242], hit=[0.02314, 0.04037, 0.06320, 0.11931], ndcg=[0.01435, 0.01964, 0.02515, 0.03576], Train Rec Loss=[0.03292], Eval Rec Loss=[0.03282], c=[0.50000], F=[0.89655, 0.83702, 0.94329, 0.97364], F_fuse=[0.00927, 0.00810, 0.00636, 0.00483]
[ INFO : 2026-08-10 12:01:32,569 ] - Epoch 12: train==[161.98141 = 1.47794 + 1.09896 + 49.06729 + 0.00526 + 0.00000 + 0.00122 + 1225.89705]
[ INFO : 2026-08-10 12:01:41,711 ] - Test_@[5, 10, 20, 50]: Recall=[0.02286, 0.03865, 0.06116, 0.11569],  precision=[0.00482, 0.00409, 0.00326, 0.00247], hit=[0.02397, 0.04063, 0.06444, 0.12157], ndcg=[0.01497, 0.02009, 0.02585, 0.03671], Train Rec Loss=[0.03290], Eval Rec Loss=[0.03281], c=[0.50000], F=[0.86659, 0.80241, 0.94254, 0.97546], F_fuse=[0.00959, 0.00815, 0.00649, 0.00493]
[ INFO : 2026-08-10 12:04:37,665 ] - Epoch 13: train==[161.19716 = 1.46337 + 1.09895 + 48.29735 + 0.00559 + 0.00000 + 0.00116 + 1225.89705]
[ INFO : 2026-08-10 12:04:47,016 ] - Test_@[5, 10, 20, 50]: Recall=[0.02342, 0.03916, 0.06103, 0.11653],  precision=[0.00494, 0.00415, 0.00325, 0.00249], hit=[0.02453, 0.04119, 0.06434, 0.12245], ndcg=[0.01512, 0.02021, 0.02579, 0.03684], Train Rec Loss=[0.03286], Eval Rec Loss=[0.03282], c=[0.50000], F=[0.82576, 0.78037, 0.94245, 0.97581], F_fuse=[0.00982, 0.00825, 0.00648, 0.00496]
[ INFO : 2026-08-10 12:07:34,276 ] - Epoch 14: train==[160.51256 = 1.44617 + 1.09895 + 47.62968 + 0.00590 + 0.00000 + 0.00112 + 1225.89705]
[ INFO : 2026-08-10 12:07:43,369 ] - Test_@[5, 10, 20, 50]: Recall=[0.02346, 0.04042, 0.06271, 0.11936],  precision=[0.00495, 0.00429, 0.00334, 0.00255], hit=[0.02458, 0.04253, 0.06603, 0.12533], ndcg=[0.01536, 0.02085, 0.02653, 0.03782], Train Rec Loss=[0.03285], Eval Rec Loss=[0.03278], c=[0.50000], F=[0.90910, 0.83372, 0.94325, 0.97350], F_fuse=[0.00984, 0.00853, 0.00665, 0.00509]
[ INFO : 2026-08-10 12:10:39,117 ] - Epoch 15: train==[159.80333 = 1.43120 + 1.09895 + 46.93517 + 0.00620 + 0.00000 + 0.00108 + 1225.89705]
[ INFO : 2026-08-10 12:10:48,232 ] - Test_@[5, 10, 20, 50]: Recall=[0.02355, 0.04089, 0.06300, 0.11979],  precision=[0.00496, 0.00434, 0.00335, 0.00256], hit=[0.02463, 0.04299, 0.06639, 0.12579], ndcg=[0.01555, 0.02117, 0.02680, 0.03811], Train Rec Loss=[0.03286], Eval Rec Loss=[0.03276], c=[0.50000], F=[0.87395, 0.80405, 0.94199, 0.97226], F_fuse=[0.00986, 0.00862, 0.00668, 0.00510]
[ INFO : 2026-08-10 12:13:40,251 ] - Epoch 16: train==[159.22580 = 1.41935 + 1.09895 + 46.36928 + 0.00644 + 0.00000 + 0.00105 + 1225.89705]
[ INFO : 2026-08-10 12:13:49,408 ] - Test_@[5, 10, 20, 50]: Recall=[0.02395, 0.04073, 0.06421, 0.12057],  precision=[0.00504, 0.00433, 0.00342, 0.00257], hit=[0.02504, 0.04294, 0.06768, 0.12666], ndcg=[0.01584, 0.02133, 0.02732, 0.03854], Train Rec Loss=[0.03290], Eval Rec Loss=[0.03273], c=[0.50000], F=[0.89540, 0.84263, 0.94259, 0.97129], F_fuse=[0.01002, 0.00861, 0.00681, 0.00513]
[ INFO : 2026-08-10 12:16:19,256 ] - Epoch 17: train==[158.78609 = 1.40332 + 1.09895 + 45.94541 + 0.00666 + 0.00000 + 0.00102 + 1225.89705]
[ INFO : 2026-08-10 12:16:28,379 ] - Test_@[5, 10, 20, 50]: Recall=[0.02397, 0.04109, 0.06440, 0.12103],  precision=[0.00505, 0.00436, 0.00343, 0.00258], hit=[0.02510, 0.04330, 0.06778, 0.12718], ndcg=[0.01588, 0.02145, 0.02737, 0.03865], Train Rec Loss=[0.03284], Eval Rec Loss=[0.03275], c=[0.50000], F=[0.89175, 0.82836, 0.94246, 0.97343], F_fuse=[0.01004, 0.00868, 0.00683, 0.00515]
[ INFO : 2026-08-10 12:18:57,366 ] - Epoch 18: train==[158.12048 = 1.39349 + 1.09895 + 45.28939 + 0.00690 + 0.00000 + 0.00102 + 1225.89705]
[ INFO : 2026-08-10 12:19:06,485 ] - Test_@[5, 10, 20, 50]: Recall=[0.02457, 0.04115, 0.06503, 0.12253],  precision=[0.00518, 0.00438, 0.00346, 0.00262], hit=[0.02576, 0.04351, 0.06850, 0.12872], ndcg=[0.01615, 0.02159, 0.02767, 0.03912], Train Rec Loss=[0.03283], Eval Rec Loss=[0.03276], c=[0.50000], F=[0.88329, 0.82598, 0.94210, 0.97271], F_fuse=[0.01031, 0.00872, 0.00690, 0.00522]
[ INFO : 2026-08-10 12:21:36,108 ] - Epoch 19: train==[157.69289 = 1.37485 + 1.09896 + 44.88032 + 0.00703 + 0.00000 + 0.00099 + 1225.89705]
[ INFO : 2026-08-10 12:21:45,250 ] - Test_@[5, 10, 20, 50]: Recall=[0.02476, 0.04129, 0.06528, 0.12336],  precision=[0.00525, 0.00439, 0.00347, 0.00263], hit=[0.02607, 0.04356, 0.06876, 0.12960], ndcg=[0.01616, 0.02154, 0.02766, 0.03923], Train Rec Loss=[0.03283], Eval Rec Loss=[0.03273], c=[0.50000], F=[0.89151, 0.85924, 0.94309, 0.97107], F_fuse=[0.01043, 0.00873, 0.00692, 0.00525]
[ INFO : 2026-08-10 12:24:15,326 ] - Epoch 20: train==[157.04997 = 1.36164 + 1.09895 + 44.25043 + 0.00723 + 0.00000 + 0.00097 + 1225.89705]
[ INFO : 2026-08-10 12:24:24,508 ] - Test_@[5, 10, 20, 50]: Recall=[0.02514, 0.04193, 0.06654, 0.12479],  precision=[0.00533, 0.00445, 0.00353, 0.00266], hit=[0.02648, 0.04423, 0.06994, 0.13104], ndcg=[0.01678, 0.02225, 0.02851, 0.04012], Train Rec Loss=[0.03278], Eval Rec Loss=[0.03272], c=[0.50000], F=[0.87807, 0.83530, 0.94157, 0.96895], F_fuse=[0.01059, 0.00886, 0.00704, 0.00531]
