Job 74398 on gpu01; lambda_cf=1.0; group_k=10; seed=5; started Sun Jul 26 10:22:07 PM UTC 2026
Sun Jul 26 22:22:07 2026       
+-----------------------------------------------------------------------------+
| NVIDIA-SMI 525.147.05   Driver Version: 525.147.05   CUDA Version: 12.0     |
|-------------------------------+----------------------+----------------------+
| GPU  Name        Persistence-M| Bus-Id        Disp.A | Volatile Uncorr. ECC |
| Fan  Temp  Perf  Pwr:Usage/Cap|         Memory-Usage | GPU-Util  Compute M. |
|                               |                      |               MIG M. |
|===============================+======================+======================|
|   0  NVIDIA A100-SXM...  On   | 00000000:4E:00.0 Off |                    0 |
| N/A   32C    P0    54W / 400W |      0MiB / 40960MiB |      0%      Default |
|                               |                      |             Disabled |
+-------------------------------+----------------------+----------------------+
                                                                               
+-----------------------------------------------------------------------------+
| Processes:                                                                  |
|  GPU   GI   CI        PID   Type   Process name                  GPU Memory |
|        ID   ID                                                   Usage      |
|=============================================================================|
|  No running processes found                                                 |
+-----------------------------------------------------------------------------+
[ INFO : 2026-07-26 22:22:13,884 ] - Preprocess missing values with zero
[ INFO : 2026-07-26 22:22:16,337 ] - Pretrained diffusion model is loaded from: ./checkpoint/allrecipes/best_model.pth
[ INFO : 2026-07-26 22:22:16,909 ] - Completed data loaded from: ./checkpoint/allrecipes/completed_data.pkl
/media/lhbac29/raid-cf/main.py:106: DeprecationWarning: Please import `csr_matrix` from the `scipy.sparse` namespace; the `scipy.sparse.csr` namespace is deprecated and will be removed in SciPy 2.0.0.
  self.ui_graph = self.ui_graph_raw = pickle.load(open('./data/' + self.dataset + '/train_mat', 'rb'))
[ INFO : 2026-07-26 22:22:17,094 ] - Missing rate = 0.400000, complete strategy: zero
[ INFO : 2026-07-26 22:23:50,641 ] - Epoch 1: train==[126.81470 = 1.23569 + 0.85091 + 29.37119 + 0.00020 + 0.00000 + 3.68355 + 613.42344]
[ INFO : 2026-07-26 22:23:57,483 ] - Test_@[5, 10, 20, 50]: Recall=[0.01573, 0.02570, 0.03580, 0.07480],  precision=[0.00315, 0.00257, 0.00179, 0.00150], hit=[0.01573, 0.02570, 0.03580, 0.07480], ndcg=[0.00885, 0.01213, 0.01465, 0.02225], Train Rec Loss=[0.05056], Eval Rec Loss=[0.05037], c=[0.50000], F=[0.75521, 0.74347, 0.88885, 0.92012], F_fuse=[0.00626, 0.00512, 0.00357, 0.00299]
[ INFO : 2026-07-26 22:25:26,479 ] - Epoch 2: train==[124.62315 = 0.81587 + 0.84300 + 29.07904 + 0.00022 + 0.00000 + 2.12040 + 614.01206]
[ INFO : 2026-07-26 22:25:33,308 ] - Test_@[5, 10, 20, 50]: Recall=[0.01458, 0.02583, 0.03823, 0.06841],  precision=[0.00292, 0.00258, 0.00191, 0.00137], hit=[0.01458, 0.02583, 0.03823, 0.06841], ndcg=[0.00963, 0.01326, 0.01633, 0.02214], Train Rec Loss=[0.05023], Eval Rec Loss=[0.05017], c=[0.50000], F=[0.73987, 0.83504, 0.87957, 0.95380], F_fuse=[0.00581, 0.00515, 0.00381, 0.00273]
[ INFO : 2026-07-26 22:27:01,758 ] - Epoch 3: train==[123.42121 = 0.78397 + 0.84229 + 28.68433 + 0.00025 + 0.00000 + 1.34863 + 613.99103]
[ INFO : 2026-07-26 22:27:08,653 ] - Test_@[5, 10, 20, 50]: Recall=[0.01470, 0.02583, 0.03491, 0.06559],  precision=[0.00294, 0.00258, 0.00175, 0.00131], hit=[0.01470, 0.02583, 0.03491, 0.06559], ndcg=[0.01007, 0.01370, 0.01592, 0.02195], Train Rec Loss=[0.05004], Eval Rec Loss=[0.05012], c=[0.50000], F=[0.73965, 0.86446, 0.91233, 0.95691], F_fuse=[0.00586, 0.00515, 0.00348, 0.00262]
[ INFO : 2026-07-26 22:28:36,428 ] - Epoch 4: train==[122.50787 = 0.77722 + 0.84230 + 28.14713 + 0.00030 + 0.00000 + 0.98126 + 613.97716]
[ INFO : 2026-07-26 22:28:43,434 ] - Test_@[5, 10, 20, 50]: Recall=[0.01458, 0.02583, 0.03312, 0.06483],  precision=[0.00292, 0.00258, 0.00166, 0.00130], hit=[0.01458, 0.02583, 0.03312, 0.06483], ndcg=[0.00987, 0.01353, 0.01535, 0.02158], Train Rec Loss=[0.05010], Eval Rec Loss=[0.04983], c=[0.50000], F=[0.73341, 0.88065, 0.94123, 0.95044], F_fuse=[0.00581, 0.00515, 0.00331, 0.00259]
[ INFO : 2026-07-26 22:30:12,075 ] - Epoch 5: train==[121.67819 = 0.77548 + 0.84231 + 27.50853 + 0.00035 + 0.00000 + 0.79423 + 613.96136]
[ INFO : 2026-07-26 22:30:18,958 ] - Test_@[5, 10, 20, 50]: Recall=[0.01432, 0.02608, 0.03427, 0.06419],  precision=[0.00286, 0.00261, 0.00171, 0.00128], hit=[0.01432, 0.02608, 0.03427, 0.06419], ndcg=[0.01006, 0.01383, 0.01590, 0.02174], Train Rec Loss=[0.05007], Eval Rec Loss=[0.05000], c=[0.50000], F=[0.73837, 0.88065, 0.94135, 0.94575], F_fuse=[0.00571, 0.00520, 0.00342, 0.00256]
[ INFO : 2026-07-26 22:31:47,011 ] - Epoch 6: train==[120.85984 = 0.77321 + 0.84231 + 26.81098 + 0.00040 + 0.00000 + 0.67832 + 613.94365]
[ INFO : 2026-07-26 22:31:53,856 ] - Test_@[5, 10, 20, 50]: Recall=[0.01432, 0.02544, 0.03427, 0.06546],  precision=[0.00286, 0.00254, 0.00171, 0.00131], hit=[0.01432, 0.02544, 0.03427, 0.06546], ndcg=[0.01018, 0.01375, 0.01600, 0.02205], Train Rec Loss=[0.04999], Eval Rec Loss=[0.04984], c=[0.50000], F=[0.73872, 0.88084, 0.94145, 0.95109], F_fuse=[0.00571, 0.00507, 0.00342, 0.00261]
[ INFO : 2026-07-26 22:33:25,968 ] - Epoch 7: train==[119.97130 = 0.76843 + 0.84233 + 26.00748 + 0.00044 + 0.00000 + 0.59819 + 613.94240]
[ INFO : 2026-07-26 22:33:33,104 ] - Test_@[5, 10, 20, 50]: Recall=[0.01432, 0.02608, 0.03401, 0.06662],  precision=[0.00286, 0.00261, 0.00170, 0.00133], hit=[0.01432, 0.02608, 0.03401, 0.06662], ndcg=[0.01056, 0.01436, 0.01636, 0.02265], Train Rec Loss=[0.05003], Eval Rec Loss=[0.04988], c=[0.50000], F=[0.73140, 0.88087, 0.94292, 0.93024], F_fuse=[0.00571, 0.00520, 0.00339, 0.00266]
[ INFO : 2026-07-26 22:35:02,731 ] - Epoch 8: train==[119.17000 = 0.76504 + 0.84233 + 25.25304 + 0.00048 + 0.00000 + 0.55548 + 613.93710]
[ INFO : 2026-07-26 22:35:10,379 ] - Test_@[5, 10, 20, 50]: Recall=[0.01458, 0.02634, 0.03439, 0.06930],  precision=[0.00292, 0.00263, 0.00172, 0.00139], hit=[0.01458, 0.02634, 0.03439, 0.06930], ndcg=[0.01055, 0.01437, 0.01641, 0.02310], Train Rec Loss=[0.04997], Eval Rec Loss=[0.04980], c=[0.50000], F=[0.67389, 0.88084, 0.94355, 0.92416], F_fuse=[0.00581, 0.00525, 0.00343, 0.00277]
[ INFO : 2026-07-26 22:36:40,023 ] - Epoch 9: train==[118.47720 = 0.76222 + 0.84238 + 24.59239 + 0.00052 + 0.00000 + 0.52643 + 613.93475]
[ INFO : 2026-07-26 22:36:46,951 ] - Test_@[5, 10, 20, 50]: Recall=[0.01470, 0.02596, 0.03439, 0.06930],  precision=[0.00294, 0.00260, 0.00172, 0.00139], hit=[0.01470, 0.02596, 0.03439, 0.06930], ndcg=[0.01049, 0.01413, 0.01627, 0.02294], Train Rec Loss=[0.05000], Eval Rec Loss=[0.04986], c=[0.50000], F=[0.67037, 0.88086, 0.94400, 0.92343], F_fuse=[0.00586, 0.00518, 0.00343, 0.00277]
[ INFO : 2026-07-26 22:38:19,485 ] - Epoch 10: train==[117.84604 = 0.75993 + 0.84234 + 23.99856 + 0.00057 + 0.00000 + 0.49202 + 613.93036]
[ INFO : 2026-07-26 22:38:26,870 ] - Test_@[5, 10, 20, 50]: Recall=[0.01445, 0.02596, 0.03439, 0.06815],  precision=[0.00289, 0.00260, 0.00172, 0.00136], hit=[0.01445, 0.02596, 0.03439, 0.06815], ndcg=[0.01050, 0.01418, 0.01631, 0.02275], Train Rec Loss=[0.05006], Eval Rec Loss=[0.04989], c=[0.50000], F=[0.71120, 0.88057, 0.94520, 0.92319], F_fuse=[0.00576, 0.00518, 0.00343, 0.00272]
[ INFO : 2026-07-26 22:39:55,311 ] - Epoch 11: train==[117.36077 = 0.75258 + 0.84235 + 23.54890 + 0.00062 + 0.00000 + 0.46423 + 613.92678]
[ INFO : 2026-07-26 22:40:02,061 ] - Test_@[5, 10, 20, 50]: Recall=[0.01406, 0.02596, 0.03439, 0.06841],  precision=[0.00281, 0.00260, 0.00172, 0.00137], hit=[0.01406, 0.02596, 0.03439, 0.06841], ndcg=[0.01044, 0.01422, 0.01635, 0.02285], Train Rec Loss=[0.04989], Eval Rec Loss=[0.04974], c=[0.50000], F=[0.71423, 0.88074, 0.94451, 0.92373], F_fuse=[0.00560, 0.00518, 0.00343, 0.00273]
[ INFO : 2026-07-26 22:41:30,482 ] - Epoch 12: train==[116.92517 = 0.75150 + 0.84235 + 23.15382 + 0.00068 + 0.00000 + 0.42498 + 613.92515]
[ INFO : 2026-07-26 22:41:37,371 ] - Test_@[5, 10, 20, 50]: Recall=[0.01432, 0.02608, 0.03414, 0.06764],  precision=[0.00286, 0.00261, 0.00171, 0.00135], hit=[0.01432, 0.02608, 0.03414, 0.06764], ndcg=[0.01063, 0.01435, 0.01638, 0.02278], Train Rec Loss=[0.04996], Eval Rec Loss=[0.04978], c=[0.50000], F=[0.71995, 0.88066, 0.94618, 0.92393], F_fuse=[0.00571, 0.00520, 0.00341, 0.00270]
[ INFO : 2026-07-26 22:43:05,674 ] - Epoch 13: train==[116.54599 = 0.74836 + 0.84235 + 22.81648 + 0.00074 + 0.00000 + 0.38653 + 613.92314]
[ INFO : 2026-07-26 22:43:12,874 ] - Test_@[5, 10, 20, 50]: Recall=[0.01458, 0.02596, 0.03414, 0.06764],  precision=[0.00292, 0.00260, 0.00171, 0.00135], hit=[0.01458, 0.02596, 0.03414, 0.06764], ndcg=[0.01080, 0.01438, 0.01645, 0.02283], Train Rec Loss=[0.04988], Eval Rec Loss=[0.04974], c=[0.50000], F=[0.72127, 0.88052, 0.94859, 0.92439], F_fuse=[0.00581, 0.00518, 0.00341, 0.00270]
[ INFO : 2026-07-26 22:44:41,712 ] - Epoch 14: train==[116.13870 = 0.74641 + 0.84236 + 22.45096 + 0.00080 + 0.00000 + 0.34689 + 613.92148]
[ INFO : 2026-07-26 22:44:48,492 ] - Test_@[5, 10, 20, 50]: Recall=[0.01458, 0.02583, 0.03388, 0.06764],  precision=[0.00292, 0.00258, 0.00169, 0.00135], hit=[0.01458, 0.02583, 0.03388, 0.06764], ndcg=[0.01084, 0.01438, 0.01642, 0.02286], Train Rec Loss=[0.04990], Eval Rec Loss=[0.04984], c=[0.50000], F=[0.71174, 0.88049, 0.95302, 0.92496], F_fuse=[0.00581, 0.00515, 0.00338, 0.00270]
[ INFO : 2026-07-26 22:46:16,598 ] - Epoch 15: train==[115.67126 = 0.73866 + 0.84234 + 22.02610 + 0.00086 + 0.00000 + 0.31218 + 613.92040]
[ INFO : 2026-07-26 22:46:23,455 ] - Test_@[5, 10, 20, 50]: Recall=[0.01445, 0.02583, 0.03401, 0.06904],  precision=[0.00289, 0.00258, 0.00170, 0.00138], hit=[0.01445, 0.02583, 0.03401, 0.06904], ndcg=[0.01082, 0.01442, 0.01649, 0.02316], Train Rec Loss=[0.04991], Eval Rec Loss=[0.04984], c=[0.50000], F=[0.72494, 0.88057, 0.95503, 0.92472], F_fuse=[0.00576, 0.00515, 0.00340, 0.00276]
[ INFO : 2026-07-26 22:47:52,342 ] - Epoch 16: train==[115.42187 = 0.73669 + 0.84236 + 21.81249 + 0.00092 + 0.00000 + 0.27839 + 613.91978]
[ INFO : 2026-07-26 22:47:59,435 ] - Test_@[5, 10, 20, 50]: Recall=[0.01445, 0.02570, 0.03401, 0.06815],  precision=[0.00289, 0.00257, 0.00170, 0.00136], hit=[0.01445, 0.02570, 0.03401, 0.06815], ndcg=[0.01081, 0.01438, 0.01648, 0.02300], Train Rec Loss=[0.04996], Eval Rec Loss=[0.04972], c=[0.50000], F=[0.72724, 0.88066, 0.96114, 0.92432], F_fuse=[0.00576, 0.00513, 0.00340, 0.00272]
[ INFO : 2026-07-26 22:49:29,203 ] - Epoch 17: train==[115.09350 = 0.73630 + 0.84234 + 21.52162 + 0.00098 + 0.00000 + 0.24128 + 613.91935]
[ INFO : 2026-07-26 22:49:36,293 ] - Test_@[5, 10, 20, 50]: Recall=[0.01445, 0.02570, 0.03414, 0.06866],  precision=[0.00289, 0.00257, 0.00171, 0.00137], hit=[0.01445, 0.02570, 0.03414, 0.06866], ndcg=[0.01084, 0.01440, 0.01655, 0.02313], Train Rec Loss=[0.04974], Eval Rec Loss=[0.04977], c=[0.50000], F=[0.71116, 0.88062, 0.96316, 0.92434], F_fuse=[0.00576, 0.00513, 0.00341, 0.00274]
[ INFO : 2026-07-26 22:51:05,394 ] - Epoch 18: train==[114.83132 = 0.72990 + 0.84233 + 21.30024 + 0.00103 + 0.00000 + 0.20690 + 613.91894]
[ INFO : 2026-07-26 22:51:12,354 ] - Test_@[5, 10, 20, 50]: Recall=[0.01470, 0.02583, 0.03414, 0.06828],  precision=[0.00294, 0.00258, 0.00171, 0.00137], hit=[0.01470, 0.02583, 0.03414, 0.06828], ndcg=[0.01092, 0.01442, 0.01653, 0.02305], Train Rec Loss=[0.04986], Eval Rec Loss=[0.04964], c=[0.50000], F=[0.70694, 0.88020, 0.96450, 0.92414], F_fuse=[0.00586, 0.00515, 0.00341, 0.00273]
[ INFO : 2026-07-26 22:52:43,334 ] - Epoch 19: train==[114.65942 = 0.72725 + 0.84231 + 21.16280 + 0.00108 + 0.00000 + 0.17519 + 613.91806]
[ INFO : 2026-07-26 22:52:50,221 ] - Test_@[5, 10, 20, 50]: Recall=[0.01419, 0.02570, 0.03427, 0.06802],  precision=[0.00284, 0.00257, 0.00171, 0.00136], hit=[0.01419, 0.02570, 0.03427, 0.06802], ndcg=[0.01074, 0.01439, 0.01655, 0.02299], Train Rec Loss=[0.04980], Eval Rec Loss=[0.04971], c=[0.50000], F=[0.71954, 0.88039, 0.96967, 0.92433], F_fuse=[0.00565, 0.00513, 0.00342, 0.00272]
[ INFO : 2026-07-26 22:54:19,115 ] - Epoch 20: train==[114.46247 = 0.72250 + 0.84234 + 20.99973 + 0.00113 + 0.00000 + 0.14607 + 613.91761]
[ INFO : 2026-07-26 22:54:26,011 ] - Test_@[5, 10, 20, 50]: Recall=[0.01432, 0.02570, 0.03439, 0.06828],  precision=[0.00286, 0.00257, 0.00172, 0.00137], hit=[0.01432, 0.02570, 0.03439, 0.06828], ndcg=[0.01081, 0.01441, 0.01660, 0.02306], Train Rec Loss=[0.04988], Eval Rec Loss=[0.04975], c=[0.50000], F=[0.71292, 0.88036, 0.97417, 0.92440], F_fuse=[0.00571, 0.00513, 0.00343, 0.00273]
[ INFO : 2026-07-26 22:55:54,651 ] - Epoch 21: train==[114.22329 = 0.72123 + 0.84232 + 20.78792 + 0.00118 + 0.00000 + 0.11995 + 613.91739]
[ INFO : 2026-07-26 22:56:01,511 ] - Test_@[5, 10, 20, 50]: Recall=[0.01419, 0.02608, 0.03439, 0.06802],  precision=[0.00284, 0.00261, 0.00172, 0.00136], hit=[0.01419, 0.02608, 0.03439, 0.06802], ndcg=[0.01074, 0.01449, 0.01658, 0.02299], Train Rec Loss=[0.04978], Eval Rec Loss=[0.04964], c=[0.50000], F=[0.72334, 0.88031, 0.97872, 0.92476], F_fuse=[0.00565, 0.00520, 0.00343, 0.00272]
[ INFO : 2026-07-26 22:57:30,594 ] - Epoch 22: train==[113.95103 = 0.71468 + 0.84231 + 20.54568 + 0.00124 + 0.00000 + 0.09656 + 613.91651]
[ INFO : 2026-07-26 22:57:37,548 ] - Test_@[5, 10, 20, 50]: Recall=[0.01419, 0.02608, 0.03452, 0.06802],  precision=[0.00284, 0.00261, 0.00173, 0.00136], hit=[0.01419, 0.02608, 0.03452, 0.06802], ndcg=[0.01072, 0.01447, 0.01658, 0.02295], Train Rec Loss=[0.04979], Eval Rec Loss=[0.04964], c=[0.50000], F=[0.69531, 0.88036, 0.98138, 0.92481], F_fuse=[0.00565, 0.00520, 0.00345, 0.00272]
[ INFO : 2026-07-26 22:59:05,786 ] - Epoch 23: train==[113.78718 = 0.71145 + 0.84230 + 20.40769 + 0.00128 + 0.00000 + 0.07384 + 613.91690]
[ INFO : 2026-07-26 22:59:12,716 ] - Test_@[5, 10, 20, 50]: Recall=[0.01406, 0.02583, 0.03452, 0.06764],  precision=[0.00281, 0.00258, 0.00173, 0.00135], hit=[0.01406, 0.02583, 0.03452, 0.06764], ndcg=[0.01066, 0.01438, 0.01656, 0.02287], Train Rec Loss=[0.04972], Eval Rec Loss=[0.04976], c=[0.50000], F=[0.70829, 0.88047, 0.97864, 0.92504], F_fuse=[0.00560, 0.00515, 0.00345, 0.00270]
[ INFO : 2026-07-26 23:00:40,975 ] - Epoch 24: train==[113.64370 = 0.71266 + 0.84226 + 20.28461 + 0.00132 + 0.00000 + 0.05251 + 613.91492]
[ INFO : 2026-07-26 23:00:48,066 ] - Test_@[5, 10, 20, 50]: Recall=[0.01394, 0.02596, 0.03452, 0.06789],  precision=[0.00279, 0.00260, 0.00173, 0.00136], hit=[0.01394, 0.02596, 0.03452, 0.06789], ndcg=[0.01058, 0.01438, 0.01652, 0.02288], Train Rec Loss=[0.04970], Eval Rec Loss=[0.04953], c=[0.50000], F=[0.68399, 0.88039, 0.97801, 0.92492], F_fuse=[0.00555, 0.00518, 0.00345, 0.00271]
[ INFO : 2026-07-26 23:02:16,947 ] - Epoch 25: train==[113.39394 = 0.70431 + 0.84228 + 20.06107 + 0.00137 + 0.00000 + 0.03407 + 613.91824]
[ INFO : 2026-07-26 23:02:23,877 ] - Test_@[5, 10, 20, 50]: Recall=[0.01394, 0.02570, 0.03452, 0.06764],  precision=[0.00279, 0.00257, 0.00173, 0.00135], hit=[0.01394, 0.02570, 0.03452, 0.06764], ndcg=[0.01060, 0.01433, 0.01655, 0.02287], Train Rec Loss=[0.04970], Eval Rec Loss=[0.04968], c=[0.50000], F=[0.70857, 0.88020, 0.97956, 0.92521], F_fuse=[0.00555, 0.00513, 0.00345, 0.00270]
[ INFO : 2026-07-26 23:03:52,328 ] - Epoch 26: train==[113.29408 = 0.70207 + 0.84227 + 19.97857 + 0.00140 + 0.00000 + 0.01892 + 613.91831]
[ INFO : 2026-07-26 23:03:59,255 ] - Test_@[5, 10, 20, 50]: Recall=[0.01432, 0.02608, 0.03478, 0.06789],  precision=[0.00286, 0.00261, 0.00174, 0.00136], hit=[0.01432, 0.02608, 0.03478, 0.06789], ndcg=[0.01074, 0.01446, 0.01663, 0.02295], Train Rec Loss=[0.04966], Eval Rec Loss=[0.04955], c=[0.50000], F=[0.69448, 0.88010, 0.98121, 0.92594], F_fuse=[0.00570, 0.00520, 0.00347, 0.00271]
[ INFO : 2026-07-26 23:05:28,107 ] - Epoch 27: train==[113.09499 = 0.69856 + 0.84225 + 19.79300 + 0.00144 + 0.00000 + 0.00895 + 613.91789]
[ INFO : 2026-07-26 23:05:34,985 ] - Test_@[5, 10, 20, 50]: Recall=[0.01432, 0.02570, 0.03491, 0.06777],  precision=[0.00286, 0.00257, 0.00175, 0.00136], hit=[0.01432, 0.02570, 0.03491, 0.06777], ndcg=[0.01075, 0.01435, 0.01666, 0.02293], Train Rec Loss=[0.04972], Eval Rec Loss=[0.04960], c=[0.50000], F=[0.69553, 0.88017, 0.98205, 0.92530], F_fuse=[0.00570, 0.00513, 0.00348, 0.00271]
[ INFO : 2026-07-26 23:07:03,706 ] - Epoch 28: train==[112.95991 = 0.69480 + 0.84224 + 19.66594 + 0.00147 + 0.00000 + 0.00452 + 613.91883]
[ INFO : 2026-07-26 23:07:10,698 ] - Test_@[5, 10, 20, 50]: Recall=[0.01458, 0.02570, 0.03452, 0.06725],  precision=[0.00292, 0.00257, 0.00173, 0.00135], hit=[0.01458, 0.02570, 0.03452, 0.06725], ndcg=[0.01089, 0.01440, 0.01660, 0.02287], Train Rec Loss=[0.04975], Eval Rec Loss=[0.04961], c=[0.50000], F=[0.68233, 0.87978, 0.98211, 0.92384], F_fuse=[0.00581, 0.00513, 0.00345, 0.00269]
[ INFO : 2026-07-26 23:08:40,578 ] - Epoch 29: train==[112.82516 = 0.68999 + 0.84225 + 19.53761 + 0.00152 + 0.00000 + 0.00288 + 613.91877]
[ INFO : 2026-07-26 23:08:47,468 ] - Test_@[5, 10, 20, 50]: Recall=[0.01419, 0.02532, 0.03439, 0.06687],  precision=[0.00284, 0.00253, 0.00172, 0.00134], hit=[0.01419, 0.02532, 0.03439, 0.06687], ndcg=[0.01073, 0.01426, 0.01653, 0.02274], Train Rec Loss=[0.04967], Eval Rec Loss=[0.04955], c=[0.50000], F=[0.71055, 0.87911, 0.98135, 0.92383], F_fuse=[0.00565, 0.00505, 0.00343, 0.00267]
[ INFO : 2026-07-26 23:10:15,905 ] - Epoch 30: train==[112.63575 = 0.68921 + 0.84221 + 19.34967 + 0.00154 + 0.00000 + 0.00219 + 613.91871]
[ INFO : 2026-07-26 23:10:22,710 ] - Test_@[5, 10, 20, 50]: Recall=[0.01381, 0.02544, 0.03414, 0.06636],  precision=[0.00276, 0.00254, 0.00171, 0.00133], hit=[0.01381, 0.02544, 0.03414, 0.06636], ndcg=[0.01051, 0.01419, 0.01636, 0.02253], Train Rec Loss=[0.04968], Eval Rec Loss=[0.04947], c=[0.50000], F=[0.71679, 0.87878, 0.98193, 0.92364], F_fuse=[0.00550, 0.00507, 0.00341, 0.00265]
[ INFO : 2026-07-26 23:11:50,873 ] - Epoch 31: train==[112.45908 = 0.68337 + 0.84218 + 19.17881 + 0.00158 + 0.00000 + 0.00176 + 613.92168]
[ INFO : 2026-07-26 23:11:57,755 ] - Test_@[5, 10, 20, 50]: Recall=[0.01445, 0.02519, 0.03401, 0.06687],  precision=[0.00289, 0.00252, 0.00170, 0.00134], hit=[0.01445, 0.02519, 0.03401, 0.06687], ndcg=[0.01074, 0.01412, 0.01633, 0.02262], Train Rec Loss=[0.04963], Eval Rec Loss=[0.04957], c=[0.50000], F=[0.63262, 0.87854, 0.98166, 0.92359], F_fuse=[0.00575, 0.00502, 0.00340, 0.00267]
[ INFO : 2026-07-26 23:13:26,647 ] - Epoch 32: train==[112.37985 = 0.67872 + 0.84217 + 19.10483 + 0.00162 + 0.00000 + 0.00148 + 613.91934]
[ INFO : 2026-07-26 23:13:33,594 ] - Test_@[5, 10, 20, 50]: Recall=[0.01432, 0.02532, 0.03388, 0.06636],  precision=[0.00286, 0.00253, 0.00169, 0.00133], hit=[0.01432, 0.02532, 0.03388, 0.06636], ndcg=[0.01076, 0.01420, 0.01635, 0.02258], Train Rec Loss=[0.04966], Eval Rec Loss=[0.04948], c=[0.50000], F=[0.66107, 0.87822, 0.98168, 0.92371], F_fuse=[0.00570, 0.00505, 0.00338, 0.00265]
[ INFO : 2026-07-26 23:15:02,272 ] - Epoch 33: train==[112.20817 = 0.67812 + 0.84216 + 18.93378 + 0.00165 + 0.00000 + 0.00132 + 613.92001]
[ INFO : 2026-07-26 23:15:09,682 ] - Test_@[5, 10, 20, 50]: Recall=[0.01445, 0.02506, 0.03388, 0.06649],  precision=[0.00289, 0.00251, 0.00169, 0.00133], hit=[0.01445, 0.02506, 0.03388, 0.06649], ndcg=[0.01074, 0.01405, 0.01627, 0.02252], Train Rec Loss=[0.04960], Eval Rec Loss=[0.04957], c=[0.50000], F=[0.62085, 0.87844, 0.98184, 0.92364], F_fuse=[0.00575, 0.00500, 0.00338, 0.00266]
[ INFO : 2026-07-26 23:16:38,324 ] - Epoch 34: train==[112.09027 = 0.67730 + 0.84213 + 18.81669 + 0.00169 + 0.00000 + 0.00119 + 613.92077]
[ INFO : 2026-07-26 23:16:45,324 ] - Test_@[5, 10, 20, 50]: Recall=[0.01445, 0.02468, 0.03363, 0.06598],  precision=[0.00289, 0.00247, 0.00168, 0.00132], hit=[0.01445, 0.02468, 0.03363, 0.06598], ndcg=[0.01072, 0.01392, 0.01617, 0.02237], Train Rec Loss=[0.04960], Eval Rec Loss=[0.04951], c=[0.50000], F=[0.65448, 0.87809, 0.98116, 0.92391], F_fuse=[0.00575, 0.00492, 0.00336, 0.00264]
[ INFO : 2026-07-26 23:18:14,320 ] - Epoch 35: train==[112.05774 = 0.67012 + 0.84213 + 18.79148 + 0.00171 + 0.00000 + 0.00106 + 613.92059]
[ INFO : 2026-07-26 23:18:21,208 ] - Test_@[5, 10, 20, 50]: Recall=[0.01406, 0.02442, 0.03337, 0.06610],  precision=[0.00281, 0.00244, 0.00167, 0.00132], hit=[0.01406, 0.02442, 0.03337, 0.06610], ndcg=[0.01053, 0.01377, 0.01603, 0.02231], Train Rec Loss=[0.04961], Eval Rec Loss=[0.04961], c=[0.50000], F=[0.63402, 0.87777, 0.98004, 0.92370], F_fuse=[0.00560, 0.00487, 0.00333, 0.00264]
[ INFO : 2026-07-26 23:19:49,924 ] - Epoch 36: train==[111.89837 = 0.66450 + 0.84210 + 18.63763 + 0.00174 + 0.00000 + 0.00096 + 613.92179]
[ INFO : 2026-07-26 23:19:56,800 ] - Test_@[5, 10, 20, 50]: Recall=[0.01394, 0.02429, 0.03324, 0.06623],  precision=[0.00279, 0.00243, 0.00166, 0.00132], hit=[0.01394, 0.02429, 0.03324, 0.06623], ndcg=[0.01045, 0.01372, 0.01598, 0.02231], Train Rec Loss=[0.04953], Eval Rec Loss=[0.04945], c=[0.50000], F=[0.60976, 0.87764, 0.97908, 0.92290], F_fuse=[0.00555, 0.00485, 0.00332, 0.00265]
[ INFO : 2026-07-26 23:21:25,466 ] - Epoch 37: train==[111.79204 = 0.66517 + 0.84213 + 18.53099 + 0.00177 + 0.00000 + 0.00090 + 613.91949]
[ INFO : 2026-07-26 23:21:32,383 ] - Test_@[5, 10, 20, 50]: Recall=[0.01368, 0.02442, 0.03324, 0.06585],  precision=[0.00274, 0.00244, 0.00166, 0.00132], hit=[0.01368, 0.02442, 0.03324, 0.06585], ndcg=[0.01031, 0.01370, 0.01592, 0.02217], Train Rec Loss=[0.04957], Eval Rec Loss=[0.04948], c=[0.50000], F=[0.70796, 0.87754, 0.97846, 0.92168], F_fuse=[0.00545, 0.00487, 0.00332, 0.00263]
[ INFO : 2026-07-26 23:22:59,942 ] - Epoch 38: train==[111.76279 = 0.66225 + 0.84210 + 18.50502 + 0.00180 + 0.00000 + 0.00083 + 613.91757]
[ INFO : 2026-07-26 23:23:06,860 ] - Test_@[5, 10, 20, 50]: Recall=[0.01394, 0.02442, 0.03324, 0.06585],  precision=[0.00279, 0.00244, 0.00166, 0.00132], hit=[0.01394, 0.02442, 0.03324, 0.06585], ndcg=[0.01037, 0.01368, 0.01591, 0.02215], Train Rec Loss=[0.04964], Eval Rec Loss=[0.04945], c=[0.50000], F=[0.67258, 0.87751, 0.97854, 0.92255], F_fuse=[0.00555, 0.00487, 0.00332, 0.00263]
[ INFO : 2026-07-26 23:24:35,118 ] - Epoch 39: train==[111.57964 = 0.66203 + 0.84209 + 18.32187 + 0.00184 + 0.00000 + 0.00077 + 613.91926]
[ INFO : 2026-07-26 23:24:41,955 ] - Test_@[5, 10, 20, 50]: Recall=[0.01381, 0.02442, 0.03324, 0.06534],  precision=[0.00276, 0.00244, 0.00166, 0.00131], hit=[0.01381, 0.02442, 0.03324, 0.06534], ndcg=[0.01031, 0.01365, 0.01587, 0.02202], Train Rec Loss=[0.04951], Eval Rec Loss=[0.04945], c=[0.50000], F=[0.67964, 0.87761, 0.97723, 0.92357], F_fuse=[0.00550, 0.00487, 0.00332, 0.00261]
[ INFO : 2026-07-26 23:26:10,167 ] - Epoch 40: train==[111.51631 = 0.64943 + 0.84204 + 18.27149 + 0.00186 + 0.00000 + 0.00074 + 613.91712]
[ INFO : 2026-07-26 23:26:17,058 ] - Test_@[5, 10, 20, 50]: Recall=[0.01381, 0.02429, 0.03324, 0.06546],  precision=[0.00276, 0.00243, 0.00166, 0.00131], hit=[0.01381, 0.02429, 0.03324, 0.06546], ndcg=[0.01030, 0.01359, 0.01585, 0.02202], Train Rec Loss=[0.04949], Eval Rec Loss=[0.04938], c=[0.50000], F=[0.63415, 0.87742, 0.97728, 0.92435], F_fuse=[0.00550, 0.00485, 0.00332, 0.00261]
[ INFO : 2026-07-26 23:27:45,376 ] - Epoch 41: train==[111.37382 = 0.65013 + 0.84203 + 18.12842 + 0.00189 + 0.00000 + 0.00069 + 613.91648]
[ INFO : 2026-07-26 23:27:52,355 ] - Test_@[5, 10, 20, 50]: Recall=[0.01381, 0.02429, 0.03286, 0.06483],  precision=[0.00276, 0.00243, 0.00164, 0.00130], hit=[0.01381, 0.02429, 0.03286, 0.06483], ndcg=[0.01030, 0.01360, 0.01577, 0.02188], Train Rec Loss=[0.04947], Eval Rec Loss=[0.04925], c=[0.50000], F=[0.66167, 0.87759, 0.97585, 0.92402], F_fuse=[0.00550, 0.00485, 0.00328, 0.00259]
[ INFO : 2026-07-26 23:29:20,680 ] - Epoch 42: train==[111.34728 = 0.64691 + 0.84198 + 18.10499 + 0.00192 + 0.00000 + 0.00066 + 613.91742]
[ INFO : 2026-07-26 23:29:27,521 ] - Test_@[5, 10, 20, 50]: Recall=[0.01381, 0.02404, 0.03286, 0.06495],  precision=[0.00276, 0.00240, 0.00164, 0.00130], hit=[0.01381, 0.02404, 0.03286, 0.06495], ndcg=[0.01028, 0.01350, 0.01574, 0.02185], Train Rec Loss=[0.04951], Eval Rec Loss=[0.04936], c=[0.50000], F=[0.67161, 0.87727, 0.97600, 0.92230], F_fuse=[0.00550, 0.00479, 0.00328, 0.00259]
[ INFO : 2026-07-26 23:30:55,528 ] - Epoch 43: train==[111.20707 = 0.64114 + 0.84198 + 17.97029 + 0.00195 + 0.00000 + 0.00062 + 613.91924]
[ INFO : 2026-07-26 23:31:02,419 ] - Test_@[5, 10, 20, 50]: Recall=[0.01381, 0.02429, 0.03286, 0.06470],  precision=[0.00276, 0.00243, 0.00164, 0.00129], hit=[0.01381, 0.02429, 0.03286, 0.06470], ndcg=[0.01014, 0.01345, 0.01561, 0.02168], Train Rec Loss=[0.04947], Eval Rec Loss=[0.04939], c=[0.50000], F=[0.62939, 0.87759, 0.97638, 0.92556], F_fuse=[0.00550, 0.00485, 0.00328, 0.00258]
[ INFO : 2026-07-26 23:32:31,168 ] - Epoch 44: train==[111.15482 = 0.64107 + 0.84195 + 17.91814 + 0.00198 + 0.00000 + 0.00059 + 613.91911]
[ INFO : 2026-07-26 23:32:38,085 ] - Test_@[5, 10, 20, 50]: Recall=[0.01343, 0.02404, 0.03273, 0.06406],  precision=[0.00269, 0.00240, 0.00164, 0.00128], hit=[0.01343, 0.02404, 0.03273, 0.06406], ndcg=[0.00985, 0.01323, 0.01542, 0.02141], Train Rec Loss=[0.04950], Eval Rec Loss=[0.04934], c=[0.50000], F=[0.59883, 0.87743, 0.97473, 0.92425], F_fuse=[0.00535, 0.00479, 0.00327, 0.00256]
[ INFO : 2026-07-26 23:34:06,991 ] - Epoch 45: train==[111.04010 = 0.63700 + 0.84194 + 17.80746 + 0.00199 + 0.00000 + 0.00057 + 613.91938]
[ INFO : 2026-07-26 23:34:13,992 ] - Test_@[5, 10, 20, 50]: Recall=[0.01355, 0.02404, 0.03273, 0.06431],  precision=[0.00271, 0.00240, 0.00164, 0.00129], hit=[0.01355, 0.02404, 0.03273, 0.06431], ndcg=[0.00972, 0.01307, 0.01526, 0.02128], Train Rec Loss=[0.04948], Eval Rec Loss=[0.04939], c=[0.50000], F=[0.60349, 0.87808, 0.97410, 0.92519], F_fuse=[0.00540, 0.00479, 0.00327, 0.00257]
[ INFO : 2026-07-26 23:35:43,118 ] - Epoch 46: train==[110.94642 = 0.63242 + 0.84191 + 17.71835 + 0.00202 + 0.00000 + 0.00055 + 613.91950]
[ INFO : 2026-07-26 23:35:50,122 ] - Test_@[5, 10, 20, 50]: Recall=[0.01330, 0.02404, 0.03273, 0.06419],  precision=[0.00266, 0.00240, 0.00164, 0.00128], hit=[0.01330, 0.02404, 0.03273, 0.06419], ndcg=[0.00956, 0.01298, 0.01517, 0.02115], Train Rec Loss=[0.04942], Eval Rec Loss=[0.04931], c=[0.50000], F=[0.60711, 0.87818, 0.97357, 0.92705], F_fuse=[0.00530, 0.00479, 0.00327, 0.00256]
[ INFO : 2026-07-26 23:37:19,944 ] - Epoch 47: train==[110.81486 = 0.63113 + 0.84188 + 17.58873 + 0.00204 + 0.00000 + 0.00053 + 613.91537]
[ INFO : 2026-07-26 23:37:28,045 ] - Test_@[5, 10, 20, 50]: Recall=[0.01343, 0.02404, 0.03286, 0.06342],  precision=[0.00269, 0.00240, 0.00164, 0.00127], hit=[0.01343, 0.02404, 0.03286, 0.06342], ndcg=[0.00965, 0.01306, 0.01527, 0.02109], Train Rec Loss=[0.04938], Eval Rec Loss=[0.04927], c=[0.50000], F=[0.59064, 0.87800, 0.97305, 0.92894], F_fuse=[0.00535, 0.00479, 0.00328, 0.00253]
[ INFO : 2026-07-26 23:38:57,253 ] - Epoch 48: train==[110.71178 = 0.63004 + 0.84188 + 17.48611 + 0.00208 + 0.00000 + 0.00051 + 613.91938]
[ INFO : 2026-07-26 23:39:04,170 ] - Test_@[5, 10, 20, 50]: Recall=[0.01381, 0.02404, 0.03222, 0.06367],  precision=[0.00276, 0.00240, 0.00161, 0.00127], hit=[0.01381, 0.02404, 0.03222, 0.06367], ndcg=[0.00976, 0.01303, 0.01509, 0.02109], Train Rec Loss=[0.04940], Eval Rec Loss=[0.04934], c=[0.50000], F=[0.60579, 0.87805, 0.97154, 0.92822], F_fuse=[0.00550, 0.00479, 0.00322, 0.00254]
[ INFO : 2026-07-26 23:40:33,873 ] - Epoch 49: train==[110.63877 = 0.62640 + 0.84185 + 17.41688 + 0.00210 + 0.00000 + 0.00050 + 613.91857]
[ INFO : 2026-07-26 23:40:40,935 ] - Test_@[5, 10, 20, 50]: Recall=[0.01368, 0.02404, 0.03209, 0.06304],  precision=[0.00274, 0.00240, 0.00160, 0.00126], hit=[0.01368, 0.02404, 0.03209, 0.06304], ndcg=[0.00979, 0.01309, 0.01512, 0.02102], Train Rec Loss=[0.04951], Eval Rec Loss=[0.04931], c=[0.50000], F=[0.61976, 0.87783, 0.97164, 0.92926], F_fuse=[0.00545, 0.00479, 0.00320, 0.00252]
[ INFO : 2026-07-26 23:42:10,346 ] - Epoch 50: train==[110.57818 = 0.62090 + 0.84180 + 17.36171 + 0.00212 + 0.00000 + 0.00049 + 613.91919]
[ INFO : 2026-07-26 23:42:17,503 ] - Test_@[5, 10, 20, 50]: Recall=[0.01343, 0.02417, 0.03197, 0.06316],  precision=[0.00269, 0.00242, 0.00160, 0.00126], hit=[0.01343, 0.02417, 0.03197, 0.06316], ndcg=[0.00981, 0.01323, 0.01520, 0.02115], Train Rec Loss=[0.04941], Eval Rec Loss=[0.04929], c=[0.50000], F=[0.59368, 0.87748, 0.97067, 0.92970], F_fuse=[0.00535, 0.00482, 0.00319, 0.00252]
[ INFO : 2026-07-26 23:43:46,392 ] - Epoch 51: train==[110.52052 = 0.62074 + 0.84178 + 17.30448 + 0.00213 + 0.00000 + 0.00049 + 613.91738]
[ INFO : 2026-07-26 23:43:53,294 ] - Test_@[5, 10, 20, 50]: Recall=[0.01368, 0.02378, 0.03158, 0.06291],  precision=[0.00274, 0.00238, 0.00158, 0.00126], hit=[0.01368, 0.02378, 0.03158, 0.06291], ndcg=[0.00952, 0.01277, 0.01474, 0.02074], Train Rec Loss=[0.04946], Eval Rec Loss=[0.04931], c=[0.50000], F=[0.63981, 0.87815, 0.97044, 0.93021], F_fuse=[0.00545, 0.00474, 0.00315, 0.00251]
[ INFO : 2026-07-26 23:45:22,902 ] - Epoch 52: train==[110.49132 = 0.62076 + 0.84175 + 17.27528 + 0.00215 + 0.00000 + 0.00046 + 613.91750]
[ INFO : 2026-07-26 23:45:29,828 ] - Test_@[5, 10, 20, 50]: Recall=[0.01381, 0.02353, 0.03158, 0.06214],  precision=[0.00276, 0.00235, 0.00158, 0.00124], hit=[0.01381, 0.02353, 0.03158, 0.06214], ndcg=[0.00961, 0.01275, 0.01479, 0.02063], Train Rec Loss=[0.04932], Eval Rec Loss=[0.04919], c=[0.50000], F=[0.65454, 0.87826, 0.97021, 0.93024], F_fuse=[0.00550, 0.00469, 0.00315, 0.00248]
[ INFO : 2026-07-26 23:46:58,911 ] - Epoch 53: train==[110.40337 = 0.61402 + 0.84176 + 17.19373 + 0.00217 + 0.00000 + 0.00045 + 613.91956]
[ INFO : 2026-07-26 23:47:05,949 ] - Test_@[5, 10, 20, 50]: Recall=[0.01355, 0.02353, 0.03171, 0.06265],  precision=[0.00271, 0.00235, 0.00159, 0.00125], hit=[0.01355, 0.02353, 0.03171, 0.06265], ndcg=[0.00967, 0.01287, 0.01494, 0.02086], Train Rec Loss=[0.04938], Eval Rec Loss=[0.04920], c=[0.50000], F=[0.63443, 0.87789, 0.97034, 0.93012], F_fuse=[0.00540, 0.00469, 0.00317, 0.00250]
[ INFO : 2026-07-26 23:48:34,040 ] - Epoch 54: train==[110.25244 = 0.60860 + 0.84170 + 17.04840 + 0.00221 + 0.00000 + 0.00045 + 613.91845]
[ INFO : 2026-07-26 23:48:41,206 ] - Test_@[5, 10, 20, 50]: Recall=[0.01266, 0.02340, 0.03145, 0.06252],  precision=[0.00253, 0.00234, 0.00157, 0.00125], hit=[0.01266, 0.02340, 0.03145, 0.06252], ndcg=[0.00902, 0.01253, 0.01457, 0.02050], Train Rec Loss=[0.04927], Eval Rec Loss=[0.04922], c=[0.50000], F=[0.65438, 0.87847, 0.97040, 0.93035], F_fuse=[0.00504, 0.00467, 0.00314, 0.00250]
[ INFO : 2026-07-26 23:50:09,329 ] - Epoch 55: train==[110.19193 = 0.60845 + 0.84166 + 16.98796 + 0.00223 + 0.00000 + 0.00044 + 613.91904]
[ INFO : 2026-07-26 23:50:16,238 ] - Test_@[5, 10, 20, 50]: Recall=[0.01343, 0.02365, 0.03145, 0.06201],  precision=[0.00269, 0.00237, 0.00157, 0.00124], hit=[0.01343, 0.02365, 0.03145, 0.06201], ndcg=[0.00962, 0.01289, 0.01485, 0.02071], Train Rec Loss=[0.04930], Eval Rec Loss=[0.04915], c=[0.50000], F=[0.63363, 0.87765, 0.96954, 0.93104], F_fuse=[0.00535, 0.00472, 0.00314, 0.00248]
[ INFO : 2026-07-26 23:51:45,286 ] - Epoch 56: train==[110.25742 = 0.60376 + 0.84163 + 17.05783 + 0.00224 + 0.00000 + 0.00042 + 613.92126]
[ INFO : 2026-07-26 23:51:52,156 ] - Test_@[5, 10, 20, 50]: Recall=[0.01368, 0.02327, 0.03133, 0.06176],  precision=[0.00274, 0.00233, 0.00157, 0.00124], hit=[0.01368, 0.02327, 0.03133, 0.06176], ndcg=[0.00958, 0.01270, 0.01474, 0.02057], Train Rec Loss=[0.04934], Eval Rec Loss=[0.04923], c=[0.50000], F=[0.68005, 0.87933, 0.96803, 0.93105], F_fuse=[0.00545, 0.00464, 0.00313, 0.00247]
[ INFO : 2026-07-26 23:53:20,748 ] - Epoch 57: train==[110.02724 = 0.60367 + 0.84161 + 16.82805 + 0.00226 + 0.00000 + 0.00042 + 613.91914]
[ INFO : 2026-07-26 23:53:27,618 ] - Test_@[5, 10, 20, 50]: Recall=[0.01343, 0.02353, 0.03145, 0.06176],  precision=[0.00269, 0.00235, 0.00157, 0.00124], hit=[0.01343, 0.02353, 0.03145, 0.06176], ndcg=[0.00955, 0.01279, 0.01480, 0.02060], Train Rec Loss=[0.04927], Eval Rec Loss=[0.04916], c=[0.50000], F=[0.64588, 0.87795, 0.96878, 0.93225], F_fuse=[0.00535, 0.00469, 0.00314, 0.00247]
[ INFO : 2026-07-26 23:54:55,398 ] - Epoch 58: train==[109.91892 = 0.60375 + 0.84160 + 16.71895 + 0.00230 + 0.00000 + 0.00042 + 613.92361]
[ INFO : 2026-07-26 23:55:02,220 ] - Test_@[5, 10, 20, 50]: Recall=[0.01394, 0.02340, 0.03133, 0.06176],  precision=[0.00279, 0.00234, 0.00157, 0.00124], hit=[0.01394, 0.02340, 0.03133, 0.06176], ndcg=[0.00983, 0.01290, 0.01491, 0.02074], Train Rec Loss=[0.04925], Eval Rec Loss=[0.04915], c=[0.50000], F=[0.67090, 0.87839, 0.96827, 0.93220], F_fuse=[0.00555, 0.00467, 0.00313, 0.00247]
[ INFO : 2026-07-26 23:56:30,013 ] - Epoch 59: train==[109.87065 = 0.59589 + 0.84155 + 16.67923 + 0.00231 + 0.00000 + 0.00041 + 613.91918]
[ INFO : 2026-07-26 23:56:36,888 ] - Test_@[5, 10, 20, 50]: Recall=[0.01406, 0.02327, 0.03107, 0.06137],  precision=[0.00281, 0.00233, 0.00155, 0.00123], hit=[0.01406, 0.02327, 0.03107, 0.06137], ndcg=[0.00979, 0.01276, 0.01474, 0.02055], Train Rec Loss=[0.04930], Eval Rec Loss=[0.04933], c=[0.50000], F=[0.71313, 0.87883, 0.96688, 0.93270], F_fuse=[0.00560, 0.00464, 0.00310, 0.00245]
[ INFO : 2026-07-26 23:58:05,293 ] - Epoch 60: train==[109.83878 = 0.59564 + 0.84148 + 16.64674 + 0.00233 + 0.00000 + 0.00040 + 613.92522]
[ INFO : 2026-07-26 23:58:12,281 ] - Test_@[5, 10, 20, 50]: Recall=[0.01317, 0.02327, 0.03120, 0.06137],  precision=[0.00263, 0.00233, 0.00156, 0.00123], hit=[0.01317, 0.02327, 0.03120, 0.06137], ndcg=[0.00925, 0.01255, 0.01455, 0.02033], Train Rec Loss=[0.04929], Eval Rec Loss=[0.04919], c=[0.50000], F=[0.70728, 0.87880, 0.96715, 0.93219], F_fuse=[0.00525, 0.00464, 0.00311, 0.00245]
[ INFO : 2026-07-26 23:59:40,731 ] - Epoch 61: train==[109.69885 = 0.59472 + 0.84148 + 16.50790 + 0.00235 + 0.00000 + 0.00040 + 613.92388]
[ INFO : 2026-07-26 23:59:47,820 ] - Test_@[5, 10, 20, 50]: Recall=[0.01343, 0.02353, 0.03094, 0.06163],  precision=[0.00269, 0.00235, 0.00155, 0.00123], hit=[0.01343, 0.02353, 0.03094, 0.06163], ndcg=[0.00945, 0.01274, 0.01461, 0.02051], Train Rec Loss=[0.04930], Eval Rec Loss=[0.04908], c=[0.50000], F=[0.67592, 0.87853, 0.96701, 0.93268], F_fuse=[0.00535, 0.00469, 0.00309, 0.00246]
[ INFO : 2026-07-27 00:01:16,286 ] - Epoch 62: train==[109.63859 = 0.58956 + 0.84142 + 16.45341 + 0.00237 + 0.00000 + 0.00039 + 613.91996]
[ INFO : 2026-07-27 00:01:23,171 ] - Test_@[5, 10, 20, 50]: Recall=[0.01394, 0.02314, 0.03094, 0.06099],  precision=[0.00279, 0.00231, 0.00155, 0.00122], hit=[0.01394, 0.02314, 0.03094, 0.06099], ndcg=[0.00959, 0.01261, 0.01458, 0.02036], Train Rec Loss=[0.04924], Eval Rec Loss=[0.04915], c=[0.50000], F=[0.76011, 0.88209, 0.96607, 0.93237], F_fuse=[0.00555, 0.00462, 0.00309, 0.00244]
[ INFO : 2026-07-27 00:02:51,417 ] - Epoch 63: train==[109.56212 = 0.58535 + 0.84136 + 16.38148 + 0.00240 + 0.00000 + 0.00038 + 613.91795]
[ INFO : 2026-07-27 00:02:58,300 ] - Test_@[5, 10, 20, 50]: Recall=[0.01406, 0.02301, 0.03069, 0.06086],  precision=[0.00281, 0.00230, 0.00153, 0.00122], hit=[0.01406, 0.02301, 0.03069, 0.06086], ndcg=[0.00956, 0.01249, 0.01442, 0.02025], Train Rec Loss=[0.04932], Eval Rec Loss=[0.04914], c=[0.50000], F=[0.81383, 0.88583, 0.96510, 0.93299], F_fuse=[0.00561, 0.00459, 0.00306, 0.00243]
[ INFO : 2026-07-27 00:04:26,306 ] - Epoch 64: train==[109.49444 = 0.58537 + 0.84134 + 16.31335 + 0.00241 + 0.00000 + 0.00039 + 613.92068]
[ INFO : 2026-07-27 00:04:33,030 ] - Test_@[5, 10, 20, 50]: Recall=[0.01406, 0.02314, 0.03069, 0.06048],  precision=[0.00281, 0.00231, 0.00153, 0.00121], hit=[0.01406, 0.02314, 0.03069, 0.06048], ndcg=[0.00943, 0.01236, 0.01428, 0.02003], Train Rec Loss=[0.04928], Eval Rec Loss=[0.04898], c=[0.50000], F=[0.75758, 0.88252, 0.96584, 0.93342], F_fuse=[0.00561, 0.00462, 0.00306, 0.00242]
[ INFO : 2026-07-27 00:06:01,879 ] - Epoch 65: train==[109.49756 = 0.58007 + 0.84128 + 16.32167 + 0.00242 + 0.00000 + 0.00038 + 613.92162]
[ INFO : 2026-07-27 00:06:08,804 ] - Test_@[5, 10, 20, 50]: Recall=[0.01432, 0.02301, 0.03094, 0.06061],  precision=[0.00286, 0.00230, 0.00155, 0.00121], hit=[0.01432, 0.02301, 0.03094, 0.06061], ndcg=[0.00964, 0.01247, 0.01447, 0.02017], Train Rec Loss=[0.04929], Eval Rec Loss=[0.04908], c=[0.50000], F=[0.77082, 0.88721, 0.96409, 0.93379], F_fuse=[0.00571, 0.00459, 0.00309, 0.00242]
[ INFO : 2026-07-27 00:07:36,793 ] - Epoch 66: train==[109.40317 = 0.57891 + 0.84123 + 16.22903 + 0.00246 + 0.00000 + 0.00037 + 613.91779]
[ INFO : 2026-07-27 00:07:43,624 ] - Test_@[5, 10, 20, 50]: Recall=[0.01470, 0.02289, 0.03081, 0.06022],  precision=[0.00294, 0.00229, 0.00154, 0.00120], hit=[0.01470, 0.02289, 0.03081, 0.06022], ndcg=[0.00983, 0.01249, 0.01449, 0.02016], Train Rec Loss=[0.04926], Eval Rec Loss=[0.04915], c=[0.50000], F=[0.78386, 0.88806, 0.96405, 0.93259], F_fuse=[0.00586, 0.00457, 0.00308, 0.00241]
[ INFO : 2026-07-27 00:09:11,531 ] - Epoch 67: train==[109.31584 = 0.57765 + 0.84118 + 16.14293 + 0.00247 + 0.00000 + 0.00037 + 613.91793]
[ INFO : 2026-07-27 00:09:18,365 ] - Test_@[5, 10, 20, 50]: Recall=[0.01445, 0.02340, 0.03081, 0.06073],  precision=[0.00289, 0.00234, 0.00154, 0.00121], hit=[0.01445, 0.02340, 0.03081, 0.06073], ndcg=[0.00982, 0.01273, 0.01461, 0.02037], Train Rec Loss=[0.04918], Eval Rec Loss=[0.04910], c=[0.50000], F=[0.70255, 0.88131, 0.96479, 0.93425], F_fuse=[0.00576, 0.00467, 0.00308, 0.00243]
[ INFO : 2026-07-27 00:10:46,096 ] - Epoch 68: train==[109.15903 = 0.57595 + 0.84113 + 15.98771 + 0.00250 + 0.00000 + 0.00037 + 613.91882]
[ INFO : 2026-07-27 00:10:53,048 ] - Test_@[5, 10, 20, 50]: Recall=[0.01343, 0.02353, 0.03069, 0.06035],  precision=[0.00269, 0.00235, 0.00153, 0.00121], hit=[0.01343, 0.02353, 0.03069, 0.06035], ndcg=[0.00935, 0.01262, 0.01442, 0.02014], Train Rec Loss=[0.04925], Eval Rec Loss=[0.04919], c=[0.50000], F=[0.78539, 0.88252, 0.96446, 0.93412], F_fuse=[0.00535, 0.00469, 0.00306, 0.00241]
[ INFO : 2026-07-27 00:12:21,718 ] - Epoch 69: train==[109.08964 = 0.57444 + 0.84112 + 15.92008 + 0.00254 + 0.00000 + 0.00037 + 613.91691]
[ INFO : 2026-07-27 00:12:28,665 ] - Test_@[5, 10, 20, 50]: Recall=[0.01445, 0.02301, 0.03069, 0.06073],  precision=[0.00289, 0.00230, 0.00153, 0.00121], hit=[0.01445, 0.02301, 0.03069, 0.06073], ndcg=[0.00971, 0.01250, 0.01446, 0.02025], Train Rec Loss=[0.04919], Eval Rec Loss=[0.04901], c=[0.50000], F=[0.81390, 0.88669, 0.96351, 0.93534], F_fuse=[0.00576, 0.00459, 0.00306, 0.00243]
[ INFO : 2026-07-27 00:13:57,200 ] - Epoch 70: train==[109.11203 = 0.57187 + 0.84103 + 15.94457 + 0.00251 + 0.00000 + 0.00036 + 613.92062]
[ INFO : 2026-07-27 00:14:04,130 ] - Test_@[5, 10, 20, 50]: Recall=[0.01509, 0.02327, 0.03107, 0.06086],  precision=[0.00302, 0.00233, 0.00155, 0.00122], hit=[0.01509, 0.02327, 0.03107, 0.06086], ndcg=[0.01009, 0.01274, 0.01470, 0.02042], Train Rec Loss=[0.04923], Eval Rec Loss=[0.04917], c=[0.50000], F=[0.84276, 0.89084, 0.96248, 0.93481], F_fuse=[0.00601, 0.00464, 0.00310, 0.00243]
[ INFO : 2026-07-27 00:15:31,749 ] - Epoch 71: train==[109.00304 = 0.56443 + 0.84104 + 15.84335 + 0.00252 + 0.00000 + 0.00036 + 613.91845]
[ INFO : 2026-07-27 00:15:38,638 ] - Test_@[5, 10, 20, 50]: Recall=[0.01483, 0.02314, 0.03043, 0.06073],  precision=[0.00297, 0.00231, 0.00152, 0.00121], hit=[0.01483, 0.02314, 0.03043, 0.06073], ndcg=[0.00985, 0.01256, 0.01441, 0.02026], Train Rec Loss=[0.04920], Eval Rec Loss=[0.04905], c=[0.50000], F=[0.83975, 0.89057, 0.96250, 0.93636], F_fuse=[0.00591, 0.00462, 0.00304, 0.00243]
[ INFO : 2026-07-27 00:17:06,724 ] - Epoch 72: train==[108.88556 = 0.56363 + 0.84091 + 15.72643 + 0.00259 + 0.00000 + 0.00035 + 613.92001]
[ INFO : 2026-07-27 00:17:13,549 ] - Test_@[5, 10, 20, 50]: Recall=[0.01406, 0.02289, 0.03081, 0.06112],  precision=[0.00281, 0.00229, 0.00154, 0.00122], hit=[0.01406, 0.02289, 0.03081, 0.06112], ndcg=[0.00954, 0.01241, 0.01442, 0.02026], Train Rec Loss=[0.04914], Eval Rec Loss=[0.04918], c=[0.50000], F=[0.77452, 0.88474, 0.96301, 0.93588], F_fuse=[0.00561, 0.00457, 0.00308, 0.00244]
[ INFO : 2026-07-27 00:18:41,432 ] - Epoch 73: train==[108.87257 = 0.56203 + 0.84083 + 15.71563 + 0.00259 + 0.00000 + 0.00035 + 613.91644]
[ INFO : 2026-07-27 00:18:48,469 ] - Test_@[5, 10, 20, 50]: Recall=[0.01406, 0.02340, 0.03043, 0.06112],  precision=[0.00281, 0.00234, 0.00152, 0.00122], hit=[0.01406, 0.02340, 0.03043, 0.06112], ndcg=[0.00932, 0.01236, 0.01415, 0.02008], Train Rec Loss=[0.04918], Eval Rec Loss=[0.04905], c=[0.50000], F=[0.81821, 0.88782, 0.96224, 0.93654], F_fuse=[0.00561, 0.00467, 0.00304, 0.00244]
[ INFO : 2026-07-27 00:20:17,258 ] - Epoch 74: train==[108.82612 = 0.56428 + 0.84077 + 15.66642 + 0.00258 + 0.00000 + 0.00035 + 613.92010]
[ INFO : 2026-07-27 00:20:24,119 ] - Test_@[5, 10, 20, 50]: Recall=[0.01522, 0.02314, 0.03069, 0.06099],  precision=[0.00304, 0.00231, 0.00153, 0.00122], hit=[0.01522, 0.02314, 0.03069, 0.06099], ndcg=[0.01001, 0.01258, 0.01449, 0.02033], Train Rec Loss=[0.04918], Eval Rec Loss=[0.04905], c=[0.50000], F=[0.85950, 0.89157, 0.96176, 0.93586], F_fuse=[0.00606, 0.00462, 0.00306, 0.00244]
[ INFO : 2026-07-27 00:21:52,413 ] - Epoch 75: train==[108.73913 = 0.55732 + 0.84070 + 15.58711 + 0.00259 + 0.00000 + 0.00034 + 613.91557]
[ INFO : 2026-07-27 00:21:59,363 ] - Test_@[5, 10, 20, 50]: Recall=[0.01458, 0.02327, 0.03056, 0.06112],  precision=[0.00292, 0.00233, 0.00153, 0.00122], hit=[0.01458, 0.02327, 0.03056, 0.06112], ndcg=[0.00971, 0.01251, 0.01436, 0.02026], Train Rec Loss=[0.04921], Eval Rec Loss=[0.04907], c=[0.50000], F=[0.86049, 0.89424, 0.96051, 0.93682], F_fuse=[0.00581, 0.00464, 0.00305, 0.00244]
[ INFO : 2026-07-27 00:23:27,901 ] - Epoch 76: train==[108.70587 = 0.55447 + 0.84064 + 15.55652 + 0.00263 + 0.00000 + 0.00034 + 613.91684]
[ INFO : 2026-07-27 00:23:34,762 ] - Test_@[5, 10, 20, 50]: Recall=[0.01394, 0.02276, 0.03056, 0.06035],  precision=[0.00279, 0.00228, 0.00153, 0.00121], hit=[0.01394, 0.02276, 0.03056, 0.06035], ndcg=[0.00932, 0.01218, 0.01416, 0.01991], Train Rec Loss=[0.04918], Eval Rec Loss=[0.04906], c=[0.50000], F=[0.85950, 0.89333, 0.96041, 0.93792], F_fuse=[0.00556, 0.00454, 0.00305, 0.00241]
[ INFO : 2026-07-27 00:25:03,436 ] - Epoch 77: train==[108.65356 = 0.55918 + 0.84059 + 15.49970 + 0.00264 + 0.00000 + 0.00033 + 613.91565]
[ INFO : 2026-07-27 00:25:10,357 ] - Test_@[5, 10, 20, 50]: Recall=[0.01522, 0.02314, 0.03056, 0.06048],  precision=[0.00304, 0.00231, 0.00153, 0.00121], hit=[0.01522, 0.02314, 0.03056, 0.06048], ndcg=[0.00994, 0.01251, 0.01437, 0.02015], Train Rec Loss=[0.04916], Eval Rec Loss=[0.04900], c=[0.50000], F=[0.81920, 0.89588, 0.96020, 0.93836], F_fuse=[0.00606, 0.00462, 0.00305, 0.00242]
[ INFO : 2026-07-27 00:26:39,219 ] - Epoch 78: train==[108.55875 = 0.55305 + 0.84054 + 15.41064 + 0.00265 + 0.00000 + 0.00034 + 613.91826]
[ INFO : 2026-07-27 00:26:46,337 ] - Test_@[5, 10, 20, 50]: Recall=[0.01406, 0.02276, 0.03030, 0.06150],  precision=[0.00281, 0.00228, 0.00152, 0.00123], hit=[0.01406, 0.02276, 0.03030, 0.06150], ndcg=[0.00934, 0.01218, 0.01410, 0.02013], Train Rec Loss=[0.04912], Eval Rec Loss=[0.04903], c=[0.50000], F=[0.85554, 0.89633, 0.95946, 0.94033], F_fuse=[0.00561, 0.00454, 0.00303, 0.00246]
[ INFO : 2026-07-27 00:28:14,316 ] - Epoch 79: train==[108.49680 = 0.54728 + 0.84046 + 15.35464 + 0.00265 + 0.00000 + 0.00033 + 613.91743]
[ INFO : 2026-07-27 00:28:21,188 ] - Test_@[5, 10, 20, 50]: Recall=[0.01573, 0.02289, 0.03043, 0.06061],  precision=[0.00315, 0.00229, 0.00152, 0.00121], hit=[0.01573, 0.02289, 0.03043, 0.06061], ndcg=[0.01022, 0.01254, 0.01444, 0.02028], Train Rec Loss=[0.04918], Eval Rec Loss=[0.04908], c=[0.50000], F=[0.86263, 0.90299, 0.95621, 0.93999], F_fuse=[0.00627, 0.00457, 0.00304, 0.00242]
[ INFO : 2026-07-27 00:29:49,468 ] - Epoch 80: train==[108.50517 = 0.54658 + 0.84034 + 15.36369 + 0.00269 + 0.00000 + 0.00032 + 613.91789]
[ INFO : 2026-07-27 00:29:56,251 ] - Test_@[5, 10, 20, 50]: Recall=[0.01445, 0.02250, 0.03081, 0.06048],  precision=[0.00289, 0.00225, 0.00154, 0.00121], hit=[0.01445, 0.02250, 0.03081, 0.06048], ndcg=[0.00961, 0.01221, 0.01432, 0.02006], Train Rec Loss=[0.04912], Eval Rec Loss=[0.04900], c=[0.50000], F=[0.84739, 0.89785, 0.95904, 0.94018], F_fuse=[0.00576, 0.00449, 0.00308, 0.00242]
[ INFO : 2026-07-27 00:31:25,466 ] - Epoch 81: train==[108.41572 = 0.54620 + 0.84028 + 15.27470 + 0.00269 + 0.00000 + 0.00033 + 613.91753]
[ INFO : 2026-07-27 00:31:32,523 ] - Test_@[5, 10, 20, 50]: Recall=[0.01483, 0.02289, 0.03056, 0.06086],  precision=[0.00297, 0.00229, 0.00153, 0.00122], hit=[0.01483, 0.02289, 0.03056, 0.06086], ndcg=[0.00976, 0.01237, 0.01430, 0.02016], Train Rec Loss=[0.04918], Eval Rec Loss=[0.04906], c=[0.50000], F=[0.88024, 0.90307, 0.95656, 0.93973], F_fuse=[0.00591, 0.00457, 0.00305, 0.00243]
[ INFO : 2026-07-27 00:33:00,823 ] - Epoch 82: train==[108.31762 = 0.54390 + 0.84019 + 15.17911 + 0.00271 + 0.00000 + 0.00032 + 613.91642]
[ INFO : 2026-07-27 00:33:07,731 ] - Test_@[5, 10, 20, 50]: Recall=[0.01509, 0.02174, 0.03018, 0.06086],  precision=[0.00302, 0.00217, 0.00151, 0.00122], hit=[0.01509, 0.02174, 0.03018, 0.06086], ndcg=[0.00984, 0.01199, 0.01412, 0.02005], Train Rec Loss=[0.04914], Eval Rec Loss=[0.04907], c=[0.50000], F=[0.89206, 0.90955, 0.95242, 0.93878], F_fuse=[0.00601, 0.00434, 0.00301, 0.00243]
[ INFO : 2026-07-27 00:34:37,101 ] - Epoch 83: train==[108.24872 = 0.53855 + 0.84007 + 15.11572 + 0.00272 + 0.00000 + 0.00032 + 613.91570]
[ INFO : 2026-07-27 00:34:45,162 ] - Test_@[5, 10, 20, 50]: Recall=[0.01534, 0.02186, 0.03018, 0.06099],  precision=[0.00307, 0.00219, 0.00151, 0.00122], hit=[0.01534, 0.02186, 0.03018, 0.06099], ndcg=[0.01001, 0.01213, 0.01426, 0.02022], Train Rec Loss=[0.04906], Eval Rec Loss=[0.04912], c=[0.50000], F=[0.81323, 0.89981, 0.95928, 0.93902], F_fuse=[0.00611, 0.00436, 0.00301, 0.00244]
[ INFO : 2026-07-27 00:36:14,613 ] - Epoch 84: train==[108.30251 = 0.53677 + 0.84002 + 15.17122 + 0.00274 + 0.00000 + 0.00032 + 613.91628]
[ INFO : 2026-07-27 00:36:21,617 ] - Test_@[5, 10, 20, 50]: Recall=[0.01470, 0.02199, 0.02992, 0.06073],  precision=[0.00294, 0.00220, 0.00150, 0.00121], hit=[0.01470, 0.02199, 0.02992, 0.06073], ndcg=[0.00972, 0.01207, 0.01407, 0.02004], Train Rec Loss=[0.04907], Eval Rec Loss=[0.04900], c=[0.50000], F=[0.86880, 0.90292, 0.95569, 0.93892], F_fuse=[0.00586, 0.00439, 0.00299, 0.00243]
[ INFO : 2026-07-27 00:37:50,876 ] - Epoch 85: train==[108.18350 = 0.53711 + 0.83992 + 15.05207 + 0.00274 + 0.00000 + 0.00032 + 613.91539]
[ INFO : 2026-07-27 00:37:57,737 ] - Test_@[5, 10, 20, 50]: Recall=[0.01496, 0.02250, 0.02992, 0.06061],  precision=[0.00299, 0.00225, 0.00150, 0.00121], hit=[0.01496, 0.02250, 0.02992, 0.06061], ndcg=[0.00977, 0.01216, 0.01403, 0.01999], Train Rec Loss=[0.04908], Eval Rec Loss=[0.04899], c=[0.50000], F=[0.83844, 0.89887, 0.95712, 0.94029], F_fuse=[0.00596, 0.00449, 0.00299, 0.00242]
[ INFO : 2026-07-27 00:39:28,001 ] - Epoch 86: train==[108.11513 = 0.53300 + 0.83982 + 14.98789 + 0.00278 + 0.00000 + 0.00031 + 613.91503]
[ INFO : 2026-07-27 00:39:34,975 ] - Test_@[5, 10, 20, 50]: Recall=[0.01598, 0.02212, 0.03056, 0.06125],  precision=[0.00320, 0.00221, 0.00153, 0.00122], hit=[0.01598, 0.02212, 0.03056, 0.06125], ndcg=[0.01027, 0.01224, 0.01435, 0.02027], Train Rec Loss=[0.04912], Eval Rec Loss=[0.04898], c=[0.50000], F=[0.86621, 0.90386, 0.95446, 0.93858], F_fuse=[0.00637, 0.00441, 0.00305, 0.00245]
[ INFO : 2026-07-27 00:41:04,145 ] - Epoch 87: train==[108.06936 = 0.53579 + 0.83973 + 14.93914 + 0.00279 + 0.00000 + 0.00031 + 613.91654]
[ INFO : 2026-07-27 00:41:11,458 ] - Test_@[5, 10, 20, 50]: Recall=[0.01470, 0.02212, 0.03030, 0.06125],  precision=[0.00294, 0.00221, 0.00152, 0.00122], hit=[0.01470, 0.02212, 0.03030, 0.06125], ndcg=[0.00974, 0.01214, 0.01422, 0.02019], Train Rec Loss=[0.04916], Eval Rec Loss=[0.04905], c=[0.50000], F=[0.82316, 0.89578, 0.95761, 0.93922], F_fuse=[0.00586, 0.00441, 0.00303, 0.00245]
[ INFO : 2026-07-27 00:42:40,431 ] - Epoch 88: train==[107.97664 = 0.53034 + 0.83960 + 14.85228 + 0.00279 + 0.00000 + 0.00031 + 613.91440]
[ INFO : 2026-07-27 00:42:47,280 ] - Test_@[5, 10, 20, 50]: Recall=[0.01496, 0.02174, 0.03005, 0.06073],  precision=[0.00299, 0.00217, 0.00150, 0.00121], hit=[0.01496, 0.02174, 0.03005, 0.06073], ndcg=[0.00982, 0.01197, 0.01407, 0.02000], Train Rec Loss=[0.04909], Eval Rec Loss=[0.04898], c=[0.50000], F=[0.85876, 0.90627, 0.95379, 0.93940], F_fuse=[0.00596, 0.00434, 0.00300, 0.00243]
[ INFO : 2026-07-27 00:44:16,022 ] - Epoch 89: train==[107.93940 = 0.52832 + 0.83951 + 14.81727 + 0.00282 + 0.00000 + 0.00031 + 613.91312]
[ INFO : 2026-07-27 00:44:22,948 ] - Test_@[5, 10, 20, 50]: Recall=[0.01483, 0.02225, 0.02979, 0.06086],  precision=[0.00297, 0.00222, 0.00149, 0.00122], hit=[0.01483, 0.02225, 0.02979, 0.06086], ndcg=[0.00977, 0.01214, 0.01404, 0.02005], Train Rec Loss=[0.04910], Eval Rec Loss=[0.04901], c=[0.50000], F=[0.85138, 0.90118, 0.95596, 0.93887], F_fuse=[0.00591, 0.00444, 0.00297, 0.00243]
[ INFO : 2026-07-27 00:45:50,862 ] - Epoch 90: train==[107.85346 = 0.52690 + 0.83935 + 14.73280 + 0.00283 + 0.00000 + 0.00031 + 613.91341]
[ INFO : 2026-07-27 00:45:57,700 ] - Test_@[5, 10, 20, 50]: Recall=[0.01458, 0.02148, 0.03030, 0.06112],  precision=[0.00292, 0.00215, 0.00152, 0.00122], hit=[0.01458, 0.02148, 0.03030, 0.06112], ndcg=[0.00966, 0.01189, 0.01411, 0.02005], Train Rec Loss=[0.04912], Eval Rec Loss=[0.04896], c=[0.50000], F=[0.85467, 0.90706, 0.95285, 0.94040], F_fuse=[0.00581, 0.00429, 0.00303, 0.00244]
[ INFO : 2026-07-27 00:47:25,967 ] - Epoch 91: train==[107.75351 = 0.52440 + 0.83923 + 14.63531 + 0.00285 + 0.00000 + 0.00031 + 613.91400]
[ INFO : 2026-07-27 00:47:32,829 ] - Test_@[5, 10, 20, 50]: Recall=[0.01547, 0.02135, 0.03018, 0.06061],  precision=[0.00309, 0.00214, 0.00151, 0.00121], hit=[0.01547, 0.02135, 0.03018, 0.06061], ndcg=[0.01007, 0.01196, 0.01418, 0.02005], Train Rec Loss=[0.04913], Eval Rec Loss=[0.04890], c=[0.50000], F=[0.87762, 0.90884, 0.95158, 0.93993], F_fuse=[0.00617, 0.00426, 0.00301, 0.00242]
[ INFO : 2026-07-27 00:49:01,074 ] - Epoch 92: train==[107.67066 = 0.52312 + 0.83903 + 14.55385 + 0.00286 + 0.00000 + 0.00031 + 613.91398]
[ INFO : 2026-07-27 00:49:08,011 ] - Test_@[5, 10, 20, 50]: Recall=[0.01534, 0.02122, 0.03030, 0.06125],  precision=[0.00307, 0.00212, 0.00152, 0.00122], hit=[0.01534, 0.02122, 0.03030, 0.06125], ndcg=[0.00997, 0.01190, 0.01421, 0.02018], Train Rec Loss=[0.04903], Eval Rec Loss=[0.04903], c=[0.50000], F=[0.83729, 0.90299, 0.95442, 0.94137], F_fuse=[0.00611, 0.00424, 0.00303, 0.00245]
[ INFO : 2026-07-27 00:50:36,927 ] - Epoch 93: train==[107.74995 = 0.52408 + 0.83887 + 14.63284 + 0.00286 + 0.00000 + 0.00030 + 613.91032]
[ INFO : 2026-07-27 00:50:43,764 ] - Test_@[5, 10, 20, 50]: Recall=[0.01483, 0.02148, 0.03030, 0.06099],  precision=[0.00297, 0.00215, 0.00152, 0.00122], hit=[0.01483, 0.02148, 0.03030, 0.06099], ndcg=[0.00963, 0.01179, 0.01404, 0.01997], Train Rec Loss=[0.04906], Eval Rec Loss=[0.04892], c=[0.50000], F=[0.88439, 0.90859, 0.95039, 0.94139], F_fuse=[0.00591, 0.00429, 0.00303, 0.00244]
[ INFO : 2026-07-27 00:52:11,785 ] - Epoch 94: train==[107.62723 = 0.51729 + 0.83866 + 14.51671 + 0.00287 + 0.00000 + 0.00030 + 613.91237]
[ INFO : 2026-07-27 00:52:18,659 ] - Test_@[5, 10, 20, 50]: Recall=[0.01522, 0.02122, 0.03069, 0.06163],  precision=[0.00304, 0.00212, 0.00153, 0.00123], hit=[0.01522, 0.02122, 0.03069, 0.06163], ndcg=[0.00987, 0.01182, 0.01420, 0.02016], Train Rec Loss=[0.04908], Eval Rec Loss=[0.04893], c=[0.50000], F=[0.87164, 0.90993, 0.95074, 0.94206], F_fuse=[0.00607, 0.00424, 0.00306, 0.00246]
[ INFO : 2026-07-27 00:53:46,976 ] - Epoch 95: train==[107.55087 = 0.52048 + 0.83853 + 14.43653 + 0.00288 + 0.00000 + 0.00030 + 613.91700]
[ INFO : 2026-07-27 00:53:53,856 ] - Test_@[5, 10, 20, 50]: Recall=[0.01534, 0.02122, 0.02992, 0.06137],  precision=[0.00307, 0.00212, 0.00150, 0.00123], hit=[0.01534, 0.02122, 0.02992, 0.06137], ndcg=[0.00984, 0.01172, 0.01392, 0.02001], Train Rec Loss=[0.04909], Eval Rec Loss=[0.04898], c=[0.50000], F=[0.88580, 0.90726, 0.94829, 0.94143], F_fuse=[0.00612, 0.00424, 0.00299, 0.00245]
[ INFO : 2026-07-27 00:55:22,138 ] - Epoch 96: train==[107.55953 = 0.51393 + 0.83844 + 14.45274 + 0.00289 + 0.00000 + 0.00030 + 613.91072]
[ INFO : 2026-07-27 00:55:28,919 ] - Test_@[5, 10, 20, 50]: Recall=[0.01419, 0.02046, 0.02928, 0.06188],  precision=[0.00284, 0.00205, 0.00146, 0.00124], hit=[0.01419, 0.02046, 0.02928, 0.06188], ndcg=[0.00934, 0.01137, 0.01360, 0.01991], Train Rec Loss=[0.04903], Eval Rec Loss=[0.04908], c=[0.50000], F=[0.88283, 0.90930, 0.94671, 0.94191], F_fuse=[0.00566, 0.00408, 0.00292, 0.00247]
[ INFO : 2026-07-27 00:56:57,399 ] - Epoch 97: train==[107.38318 = 0.51069 + 0.83826 + 14.27909 + 0.00291 + 0.00000 + 0.00030 + 613.91485]
[ INFO : 2026-07-27 00:57:04,122 ] - Test_@[5, 10, 20, 50]: Recall=[0.01458, 0.02033, 0.02966, 0.06137],  precision=[0.00292, 0.00203, 0.00148, 0.00123], hit=[0.01458, 0.02033, 0.02966, 0.06137], ndcg=[0.00940, 0.01127, 0.01364, 0.01978], Train Rec Loss=[0.04902], Eval Rec Loss=[0.04912], c=[0.50000], F=[0.85474, 0.90646, 0.94981, 0.94127], F_fuse=[0.00581, 0.00406, 0.00296, 0.00245]
[ INFO : 2026-07-27 00:58:32,581 ] - Epoch 98: train==[107.41273 = 0.51238 + 0.83800 + 14.30749 + 0.00293 + 0.00000 + 0.00030 + 613.91214]
[ INFO : 2026-07-27 00:58:39,790 ] - Test_@[5, 10, 20, 50]: Recall=[0.01445, 0.01982, 0.02915, 0.06176],  precision=[0.00289, 0.00198, 0.00146, 0.00124], hit=[0.01445, 0.01982, 0.02915, 0.06176], ndcg=[0.00949, 0.01121, 0.01358, 0.01990], Train Rec Loss=[0.04907], Eval Rec Loss=[0.04892], c=[0.50000], F=[0.89363, 0.91045, 0.94496, 0.94065], F_fuse=[0.00576, 0.00396, 0.00291, 0.00247]
[ INFO : 2026-07-27 01:00:08,857 ] - Epoch 99: train==[107.30364 = 0.51173 + 0.83781 + 14.19919 + 0.00294 + 0.00000 + 0.00029 + 613.91204]
[ INFO : 2026-07-27 01:00:15,713 ] - Test_@[5, 10, 20, 50]: Recall=[0.01445, 0.02033, 0.02954, 0.06150],  precision=[0.00289, 0.00203, 0.00148, 0.00123], hit=[0.01445, 0.02033, 0.02954, 0.06150], ndcg=[0.00942, 0.01132, 0.01364, 0.01983], Train Rec Loss=[0.04909], Eval Rec Loss=[0.04891], c=[0.50000], F=[0.86937, 0.90711, 0.94844, 0.94179], F_fuse=[0.00576, 0.00406, 0.00295, 0.00246]
[ INFO : 2026-07-27 01:01:43,611 ] - Epoch 100: train==[107.26848 = 0.51452 + 0.83754 + 14.16152 + 0.00295 + 0.00000 + 0.00029 + 613.91117]
[ INFO : 2026-07-27 01:01:50,504 ] - Test_@[5, 10, 20, 50]: Recall=[0.01534, 0.02084, 0.02928, 0.06125],  precision=[0.00307, 0.00208, 0.00146, 0.00122], hit=[0.01534, 0.02084, 0.02928, 0.06125], ndcg=[0.00985, 0.01160, 0.01373, 0.01991], Train Rec Loss=[0.04910], Eval Rec Loss=[0.04899], c=[0.50000], F=[0.88180, 0.90700, 0.94586, 0.94159], F_fuse=[0.00612, 0.00416, 0.00292, 0.00245]
[ INFO : 2026-07-27 01:03:18,514 ] - Epoch 101: train==[107.07662 = 0.50557 + 0.83731 + 13.97844 + 0.00298 + 0.00000 + 0.00029 + 613.91297]
[ INFO : 2026-07-27 01:03:25,337 ] - Test_@[5, 10, 20, 50]: Recall=[0.01368, 0.02033, 0.02890, 0.06163],  precision=[0.00274, 0.00203, 0.00144, 0.00123], hit=[0.01368, 0.02033, 0.02890, 0.06163], ndcg=[0.00913, 0.01129, 0.01349, 0.01983], Train Rec Loss=[0.04907], Eval Rec Loss=[0.04891], c=[0.50000], F=[0.87250, 0.90719, 0.94755, 0.94201], F_fuse=[0.00546, 0.00406, 0.00289, 0.00246]
[ INFO : 2026-07-27 01:04:53,187 ] - Epoch 102: train==[107.15629 = 0.50579 + 0.83716 + 14.05807 + 0.00299 + 0.00000 + 0.00029 + 613.91233]
[ INFO : 2026-07-27 01:05:00,018 ] - Test_@[5, 10, 20, 50]: Recall=[0.01445, 0.02020, 0.02902, 0.06201],  precision=[0.00289, 0.00202, 0.00145, 0.00124], hit=[0.01445, 0.02020, 0.02902, 0.06201], ndcg=[0.00949, 0.01134, 0.01359, 0.01997], Train Rec Loss=[0.04904], Eval Rec Loss=[0.04897], c=[0.50000], F=[0.87976, 0.90991, 0.94635, 0.94222], F_fuse=[0.00576, 0.00403, 0.00290, 0.00248]
[ INFO : 2026-07-27 01:06:28,757 ] - Epoch 103: train==[107.11479 = 0.50896 + 0.83690 + 14.01364 + 0.00298 + 0.00000 + 0.00028 + 613.91178]
[ INFO : 2026-07-27 01:06:35,586 ] - Test_@[5, 10, 20, 50]: Recall=[0.01419, 0.02059, 0.02915, 0.06137],  precision=[0.00284, 0.00206, 0.00146, 0.00123], hit=[0.01419, 0.02059, 0.02915, 0.06137], ndcg=[0.00938, 0.01146, 0.01365, 0.01988], Train Rec Loss=[0.04907], Eval Rec Loss=[0.04896], c=[0.50000], F=[0.84777, 0.90261, 0.95097, 0.94294], F_fuse=[0.00566, 0.00411, 0.00291, 0.00245]
[ INFO : 2026-07-27 01:08:03,728 ] - Epoch 104: train==[107.07205 = 0.50299 + 0.83652 + 13.97604 + 0.00301 + 0.00000 + 0.00029 + 613.91875]
[ INFO : 2026-07-27 01:08:10,574 ] - Test_@[5, 10, 20, 50]: Recall=[0.01406, 0.01956, 0.02813, 0.06214],  precision=[0.00281, 0.00196, 0.00141, 0.00124], hit=[0.01406, 0.01956, 0.02813, 0.06214], ndcg=[0.00925, 0.01103, 0.01321, 0.01981], Train Rec Loss=[0.04909], Eval Rec Loss=[0.04898], c=[0.50000], F=[0.87455, 0.90900, 0.94546, 0.94154], F_fuse=[0.00561, 0.00390, 0.00281, 0.00248]
[ INFO : 2026-07-27 01:09:39,101 ] - Epoch 105: train==[107.03621 = 0.50133 + 0.83631 + 13.94303 + 0.00302 + 0.00000 + 0.00028 + 613.91173]
[ INFO : 2026-07-27 01:09:45,920 ] - Test_@[5, 10, 20, 50]: Recall=[0.01483, 0.02084, 0.02877, 0.06227],  precision=[0.00297, 0.00208, 0.00144, 0.00125], hit=[0.01483, 0.02084, 0.02877, 0.06227], ndcg=[0.00970, 0.01163, 0.01363, 0.02011], Train Rec Loss=[0.04914], Eval Rec Loss=[0.04904], c=[0.50000], F=[0.88567, 0.91042, 0.94331, 0.94146], F_fuse=[0.00591, 0.00416, 0.00287, 0.00249]
[ INFO : 2026-07-27 01:11:14,553 ] - Epoch 106: train==[106.93840 = 0.49974 + 0.83614 + 13.84681 + 0.00302 + 0.00000 + 0.00028 + 613.91245]
[ INFO : 2026-07-27 01:11:21,370 ] - Test_@[5, 10, 20, 50]: Recall=[0.01394, 0.01956, 0.02813, 0.06188],  precision=[0.00279, 0.00196, 0.00141, 0.00124], hit=[0.01394, 0.01956, 0.02813, 0.06188], ndcg=[0.00928, 0.01111, 0.01329, 0.01984], Train Rec Loss=[0.04907], Eval Rec Loss=[0.04891], c=[0.50000], F=[0.87771, 0.90919, 0.94460, 0.94230], F_fuse=[0.00556, 0.00390, 0.00281, 0.00247]
[ INFO : 2026-07-27 01:12:50,229 ] - Epoch 107: train==[106.85479 = 0.49931 + 0.83582 + 13.76431 + 0.00304 + 0.00000 + 0.00028 + 613.90903]
[ INFO : 2026-07-27 01:12:57,093 ] - Test_@[5, 10, 20, 50]: Recall=[0.01355, 0.01969, 0.02762, 0.06137],  precision=[0.00271, 0.00197, 0.00138, 0.00123], hit=[0.01355, 0.01969, 0.02762, 0.06137], ndcg=[0.00905, 0.01103, 0.01306, 0.01964], Train Rec Loss=[0.04913], Eval Rec Loss=[0.04894], c=[0.50000], F=[0.88685, 0.90985, 0.93954, 0.94261], F_fuse=[0.00540, 0.00393, 0.00276, 0.00245]
[ INFO : 2026-07-27 01:14:25,348 ] - Epoch 108: train==[106.78287 = 0.49507 + 0.83536 + 13.69649 + 0.00308 + 0.00000 + 0.00028 + 613.91154]
[ INFO : 2026-07-27 01:14:32,177 ] - Test_@[5, 10, 20, 50]: Recall=[0.01483, 0.01956, 0.02813, 0.06125],  precision=[0.00297, 0.00196, 0.00141, 0.00122], hit=[0.01483, 0.01956, 0.02813, 0.06125], ndcg=[0.00973, 0.01125, 0.01343, 0.01986], Train Rec Loss=[0.04903], Eval Rec Loss=[0.04903], c=[0.50000], F=[0.87068, 0.90893, 0.94543, 0.94213], F_fuse=[0.00591, 0.00390, 0.00281, 0.00245]
[ INFO : 2026-07-27 01:16:01,753 ] - Epoch 109: train==[106.79564 = 0.49258 + 0.83496 + 13.71236 + 0.00307 + 0.00000 + 0.00028 + 613.90912]
[ INFO : 2026-07-27 01:16:08,600 ] - Test_@[5, 10, 20, 50]: Recall=[0.01394, 0.01931, 0.02723, 0.06125],  precision=[0.00279, 0.00193, 0.00136, 0.00122], hit=[0.01394, 0.01931, 0.02723, 0.06125], ndcg=[0.00915, 0.01087, 0.01288, 0.01951], Train Rec Loss=[0.04923], Eval Rec Loss=[0.04904], c=[0.50000], F=[0.89152, 0.91171, 0.93948, 0.94119], F_fuse=[0.00556, 0.00385, 0.00272, 0.00245]
[ INFO : 2026-07-27 01:17:36,217 ] - Epoch 110: train==[106.77044 = 0.49509 + 0.83463 + 13.68496 + 0.00307 + 0.00000 + 0.00028 + 613.90835]
[ INFO : 2026-07-27 01:17:43,037 ] - Test_@[5, 10, 20, 50]: Recall=[0.01458, 0.01969, 0.02787, 0.06125],  precision=[0.00292, 0.00197, 0.00139, 0.00122], hit=[0.01458, 0.01969, 0.02787, 0.06125], ndcg=[0.00952, 0.01116, 0.01322, 0.01970], Train Rec Loss=[0.04911], Eval Rec Loss=[0.04902], c=[0.50000], F=[0.87279, 0.90963, 0.94245, 0.94112], F_fuse=[0.00581, 0.00393, 0.00278, 0.00245]
[ INFO : 2026-07-27 01:19:10,932 ] - Epoch 111: train==[106.66777 = 0.49314 + 0.83417 + 13.58429 + 0.00309 + 0.00000 + 0.00028 + 613.90973]
[ INFO : 2026-07-27 01:19:17,767 ] - Test_@[5, 10, 20, 50]: Recall=[0.01445, 0.01943, 0.02723, 0.06125],  precision=[0.00289, 0.00194, 0.00136, 0.00122], hit=[0.01445, 0.01943, 0.02723, 0.06125], ndcg=[0.00953, 0.01115, 0.01313, 0.01975], Train Rec Loss=[0.04917], Eval Rec Loss=[0.04911], c=[0.50000], F=[0.86438, 0.90751, 0.94240, 0.94168], F_fuse=[0.00576, 0.00388, 0.00272, 0.00245]
[ INFO : 2026-07-27 01:20:46,595 ] - Epoch 112: train==[106.55880 = 0.48871 + 0.83379 + 13.48000 + 0.00312 + 0.00000 + 0.00028 + 613.90945]
[ INFO : 2026-07-27 01:20:53,643 ] - Test_@[5, 10, 20, 50]: Recall=[0.01522, 0.01969, 0.02800, 0.06112],  precision=[0.00304, 0.00197, 0.00140, 0.00122], hit=[0.01522, 0.01969, 0.02800, 0.06112], ndcg=[0.00978, 0.01122, 0.01330, 0.01974], Train Rec Loss=[0.04917], Eval Rec Loss=[0.04898], c=[0.50000], F=[0.88100, 0.91073, 0.93994, 0.94073], F_fuse=[0.00607, 0.00393, 0.00280, 0.00244]
[ INFO : 2026-07-27 01:22:22,991 ] - Epoch 113: train==[106.55014 = 0.48779 + 0.83317 + 13.47279 + 0.00312 + 0.00000 + 0.00028 + 613.90839]
[ INFO : 2026-07-27 01:22:29,982 ] - Test_@[5, 10, 20, 50]: Recall=[0.01419, 0.02020, 0.02877, 0.06150],  precision=[0.00284, 0.00202, 0.00144, 0.00123], hit=[0.01419, 0.02020, 0.02877, 0.06150], ndcg=[0.00936, 0.01132, 0.01347, 0.01984], Train Rec Loss=[0.04922], Eval Rec Loss=[0.04902], c=[0.50000], F=[0.86793, 0.90840, 0.94207, 0.94025], F_fuse=[0.00566, 0.00403, 0.00287, 0.00246]
[ INFO : 2026-07-27 01:23:59,542 ] - Epoch 114: train==[106.52192 = 0.48760 + 0.83284 + 13.44481 + 0.00311 + 0.00000 + 0.00028 + 613.90941]
[ INFO : 2026-07-27 01:24:06,502 ] - Test_@[5, 10, 20, 50]: Recall=[0.01458, 0.01956, 0.02813, 0.06099],  precision=[0.00292, 0.00196, 0.00141, 0.00122], hit=[0.01458, 0.01956, 0.02813, 0.06099], ndcg=[0.00949, 0.01109, 0.01324, 0.01963], Train Rec Loss=[0.04916], Eval Rec Loss=[0.04899], c=[0.50000], F=[0.85342, 0.90805, 0.94277, 0.93946], F_fuse=[0.00581, 0.00390, 0.00281, 0.00244]
[ INFO : 2026-07-27 01:25:34,847 ] - Epoch 115: train==[106.43482 = 0.48492 + 0.83240 + 13.36026 + 0.00314 + 0.00000 + 0.00028 + 613.91187]
[ INFO : 2026-07-27 01:25:41,889 ] - Test_@[5, 10, 20, 50]: Recall=[0.01419, 0.01931, 0.02685, 0.06125],  precision=[0.00284, 0.00193, 0.00134, 0.00122], hit=[0.01419, 0.01931, 0.02685, 0.06125], ndcg=[0.00942, 0.01106, 0.01296, 0.01966], Train Rec Loss=[0.04917], Eval Rec Loss=[0.04908], c=[0.50000], F=[0.87240, 0.90958, 0.93845, 0.93867], F_fuse=[0.00566, 0.00385, 0.00268, 0.00245]
[ INFO : 2026-07-27 01:27:10,015 ] - Epoch 116: train==[106.49979 = 0.48509 + 0.83181 + 13.42619 + 0.00315 + 0.00000 + 0.00027 + 613.90664]
[ INFO : 2026-07-27 01:27:16,819 ] - Test_@[5, 10, 20, 50]: Recall=[0.01419, 0.01905, 0.02851, 0.06099],  precision=[0.00284, 0.00191, 0.00143, 0.00122], hit=[0.01419, 0.01905, 0.02851, 0.06099], ndcg=[0.00931, 0.01086, 0.01322, 0.01952], Train Rec Loss=[0.04908], Eval Rec Loss=[0.04927], c=[0.50000], F=[0.86342, 0.90836, 0.94273, 0.94019], F_fuse=[0.00566, 0.00380, 0.00285, 0.00244]
[ INFO : 2026-07-27 01:28:44,767 ] - Epoch 117: train==[106.34075 = 0.48017 + 0.83120 + 13.27210 + 0.00316 + 0.00000 + 0.00027 + 613.90891]
[ INFO : 2026-07-27 01:28:51,587 ] - Test_@[5, 10, 20, 50]: Recall=[0.01419, 0.01880, 0.02762, 0.06112],  precision=[0.00284, 0.00188, 0.00138, 0.00122], hit=[0.01419, 0.01880, 0.02762, 0.06112], ndcg=[0.00937, 0.01084, 0.01308, 0.01959], Train Rec Loss=[0.04926], Eval Rec Loss=[0.04913], c=[0.50000], F=[0.86000, 0.90786, 0.93996, 0.93949], F_fuse=[0.00566, 0.00375, 0.00276, 0.00244]
[ INFO : 2026-07-27 01:30:19,817 ] - Epoch 118: train==[106.30300 = 0.47990 + 0.83054 + 13.23518 + 0.00318 + 0.00000 + 0.00027 + 613.90763]
[ INFO : 2026-07-27 01:30:26,533 ] - Test_@[5, 10, 20, 50]: Recall=[0.01406, 0.01943, 0.02749, 0.06112],  precision=[0.00281, 0.00194, 0.00137, 0.00122], hit=[0.01406, 0.01943, 0.02749, 0.06112], ndcg=[0.00926, 0.01097, 0.01302, 0.01958], Train Rec Loss=[0.04929], Eval Rec Loss=[0.04925], c=[0.50000], F=[0.87128, 0.90674, 0.93900, 0.94012], F_fuse=[0.00561, 0.00388, 0.00274, 0.00244]
[ INFO : 2026-07-27 01:31:55,711 ] - Epoch 119: train==[106.22043 = 0.48336 + 0.83003 + 13.14958 + 0.00319 + 0.00000 + 0.00027 + 613.90666]
[ INFO : 2026-07-27 01:32:02,503 ] - Test_@[5, 10, 20, 50]: Recall=[0.01394, 0.01892, 0.02711, 0.06150],  precision=[0.00279, 0.00189, 0.00136, 0.00123], hit=[0.01394, 0.01892, 0.02711, 0.06150], ndcg=[0.00908, 0.01066, 0.01271, 0.01939], Train Rec Loss=[0.04930], Eval Rec Loss=[0.04914], c=[0.50000], F=[0.86505, 0.90882, 0.93831, 0.94043], F_fuse=[0.00556, 0.00378, 0.00271, 0.00246]
[ INFO : 2026-07-27 01:33:31,162 ] - Epoch 120: train==[106.19532 = 0.47787 + 0.82945 + 13.13036 + 0.00318 + 0.00000 + 0.00027 + 613.90643]
[ INFO : 2026-07-27 01:33:37,956 ] - Test_@[5, 10, 20, 50]: Recall=[0.01406, 0.01918, 0.02800, 0.06086],  precision=[0.00281, 0.00192, 0.00140, 0.00122], hit=[0.01406, 0.01918, 0.02800, 0.06086], ndcg=[0.00924, 0.01088, 0.01310, 0.01947], Train Rec Loss=[0.04924], Eval Rec Loss=[0.04914], c=[0.50000], F=[0.85716, 0.90784, 0.94144, 0.93901], F_fuse=[0.00561, 0.00383, 0.00280, 0.00243]
[ INFO : 2026-07-27 01:35:06,264 ] - Epoch 121: train==[106.22077 = 0.47599 + 0.82879 + 13.15754 + 0.00318 + 0.00000 + 0.00027 + 613.91009]
[ INFO : 2026-07-27 01:35:13,146 ] - Test_@[5, 10, 20, 50]: Recall=[0.01406, 0.01905, 0.02775, 0.06112],  precision=[0.00281, 0.00191, 0.00139, 0.00122], hit=[0.01406, 0.01905, 0.02775, 0.06112], ndcg=[0.00928, 0.01087, 0.01305, 0.01951], Train Rec Loss=[0.04938], Eval Rec Loss=[0.04923], c=[0.50000], F=[0.86272, 0.90851, 0.93865, 0.93924], F_fuse=[0.00561, 0.00380, 0.00277, 0.00244]
[ INFO : 2026-07-27 01:36:41,388 ] - Epoch 122: train==[106.15352 = 0.47382 + 0.82807 + 13.09284 + 0.00319 + 0.00000 + 0.00027 + 613.91037]
[ INFO : 2026-07-27 01:36:48,107 ] - Test_@[5, 10, 20, 50]: Recall=[0.01394, 0.01880, 0.02762, 0.06086],  precision=[0.00279, 0.00188, 0.00138, 0.00122], hit=[0.01394, 0.01880, 0.02762, 0.06086], ndcg=[0.00916, 0.01071, 0.01292, 0.01938], Train Rec Loss=[0.04930], Eval Rec Loss=[0.04929], c=[0.50000], F=[0.85818, 0.90680, 0.93984, 0.94034], F_fuse=[0.00556, 0.00375, 0.00276, 0.00243]
[ INFO : 2026-07-27 01:38:16,774 ] - Epoch 123: train==[106.09639 = 0.47385 + 0.82730 + 13.03653 + 0.00322 + 0.00000 + 0.00026 + 613.90764]
[ INFO : 2026-07-27 01:38:23,623 ] - Test_@[5, 10, 20, 50]: Recall=[0.01406, 0.02007, 0.02787, 0.06176],  precision=[0.00281, 0.00201, 0.00139, 0.00124], hit=[0.01406, 0.02007, 0.02787, 0.06176], ndcg=[0.00926, 0.01120, 0.01317, 0.01972], Train Rec Loss=[0.04945], Eval Rec Loss=[0.04925], c=[0.50000], F=[0.85134, 0.90661, 0.93945, 0.94067], F_fuse=[0.00561, 0.00401, 0.00278, 0.00247]
[ INFO : 2026-07-27 01:39:52,141 ] - Epoch 124: train==[105.97295 = 0.47710 + 0.82657 + 12.91022 + 0.00323 + 0.00000 + 0.00027 + 613.90782]
[ INFO : 2026-07-27 01:39:59,013 ] - Test_@[5, 10, 20, 50]: Recall=[0.01419, 0.01892, 0.02775, 0.06086],  precision=[0.00284, 0.00189, 0.00139, 0.00122], hit=[0.01419, 0.01892, 0.02775, 0.06086], ndcg=[0.00932, 0.01084, 0.01306, 0.01949], Train Rec Loss=[0.04943], Eval Rec Loss=[0.04931], c=[0.50000], F=[0.86256, 0.90779, 0.93813, 0.93949], F_fuse=[0.00566, 0.00378, 0.00277, 0.00243]
[ INFO : 2026-07-27 01:41:27,290 ] - Epoch 125: train==[105.96107 = 0.47171 + 0.82595 + 12.90425 + 0.00325 + 0.00000 + 0.00027 + 613.90680]
[ INFO : 2026-07-27 01:41:34,177 ] - Test_@[5, 10, 20, 50]: Recall=[0.01406, 0.01854, 0.02698, 0.06061],  precision=[0.00281, 0.00185, 0.00135, 0.00121], hit=[0.01406, 0.01854, 0.02698, 0.06061], ndcg=[0.00915, 0.01058, 0.01272, 0.01927], Train Rec Loss=[0.04944], Eval Rec Loss=[0.04934], c=[0.50000], F=[0.86399, 0.90798, 0.93618, 0.93927], F_fuse=[0.00561, 0.00370, 0.00269, 0.00242]
[ INFO : 2026-07-27 01:43:02,538 ] - Epoch 126: train==[105.85710 = 0.46983 + 0.82490 + 12.80305 + 0.00327 + 0.00000 + 0.00026 + 613.90501]
[ INFO : 2026-07-27 01:43:09,514 ] - Test_@[5, 10, 20, 50]: Recall=[0.01432, 0.01931, 0.02749, 0.06125],  precision=[0.00286, 0.00193, 0.00137, 0.00122], hit=[0.01432, 0.01931, 0.02749, 0.06125], ndcg=[0.00941, 0.01099, 0.01303, 0.01960], Train Rec Loss=[0.04956], Eval Rec Loss=[0.04941], c=[0.50000], F=[0.85035, 0.90610, 0.93996, 0.93989], F_fuse=[0.00571, 0.00385, 0.00274, 0.00245]
[ INFO : 2026-07-27 01:44:38,082 ] - Epoch 127: train==[105.83756 = 0.46820 + 0.82390 + 12.78560 + 0.00326 + 0.00000 + 0.00027 + 613.90591]
[ INFO : 2026-07-27 01:44:45,122 ] - Test_@[5, 10, 20, 50]: Recall=[0.01355, 0.01892, 0.02685, 0.06125],  precision=[0.00271, 0.00189, 0.00134, 0.00122], hit=[0.01355, 0.01892, 0.02685, 0.06125], ndcg=[0.00899, 0.01072, 0.01270, 0.01941], Train Rec Loss=[0.04951], Eval Rec Loss=[0.04935], c=[0.50000], F=[0.85562, 0.90708, 0.93818, 0.94071], F_fuse=[0.00540, 0.00378, 0.00268, 0.00245]
[ INFO : 2026-07-27 01:46:14,204 ] - Epoch 128: train==[105.85336 = 0.46949 + 0.82281 + 12.80045 + 0.00327 + 0.00000 + 0.00026 + 613.90800]
[ INFO : 2026-07-27 01:46:21,004 ] - Test_@[5, 10, 20, 50]: Recall=[0.01368, 0.01854, 0.02672, 0.06086],  precision=[0.00274, 0.00185, 0.00134, 0.00122], hit=[0.01368, 0.01854, 0.02672, 0.06086], ndcg=[0.00885, 0.01037, 0.01243, 0.01907], Train Rec Loss=[0.04955], Eval Rec Loss=[0.04952], c=[0.50000], F=[0.85716, 0.90685, 0.93492, 0.93998], F_fuse=[0.00546, 0.00370, 0.00267, 0.00243]
[ INFO : 2026-07-27 01:47:49,775 ] - Epoch 129: train==[105.75762 = 0.46629 + 0.82193 + 12.70848 + 0.00329 + 0.00000 + 0.00026 + 613.90747]
[ INFO : 2026-07-27 01:47:56,626 ] - Test_@[5, 10, 20, 50]: Recall=[0.01355, 0.01854, 0.02762, 0.06125],  precision=[0.00271, 0.00185, 0.00138, 0.00122], hit=[0.01355, 0.01854, 0.02762, 0.06125], ndcg=[0.00881, 0.01040, 0.01269, 0.01922], Train Rec Loss=[0.04961], Eval Rec Loss=[0.04946], c=[0.50000], F=[0.84687, 0.90583, 0.93854, 0.94024], F_fuse=[0.00540, 0.00370, 0.00276, 0.00245]
[ INFO : 2026-07-27 01:49:25,285 ] - Epoch 130: train==[105.79912 = 0.46689 + 0.82075 + 12.75020 + 0.00329 + 0.00000 + 0.00026 + 613.90691]
[ INFO : 2026-07-27 01:49:32,232 ] - Test_@[5, 10, 20, 50]: Recall=[0.01381, 0.01867, 0.02723, 0.06099],  precision=[0.00276, 0.00187, 0.00136, 0.00122], hit=[0.01381, 0.01867, 0.02723, 0.06099], ndcg=[0.00906, 0.01060, 0.01276, 0.01934], Train Rec Loss=[0.04955], Eval Rec Loss=[0.04944], c=[0.50000], F=[0.85767, 0.90731, 0.93577, 0.93917], F_fuse=[0.00551, 0.00373, 0.00272, 0.00244]
[ INFO : 2026-07-27 01:51:00,977 ] - Epoch 131: train==[105.71768 = 0.46096 + 0.81962 + 12.67528 + 0.00331 + 0.00000 + 0.00026 + 613.90732]
[ INFO : 2026-07-27 01:51:08,107 ] - Test_@[5, 10, 20, 50]: Recall=[0.01381, 0.01854, 0.02698, 0.06099],  precision=[0.00276, 0.00185, 0.00135, 0.00122], hit=[0.01381, 0.01854, 0.02698, 0.06099], ndcg=[0.00907, 0.01059, 0.01271, 0.01935], Train Rec Loss=[0.04974], Eval Rec Loss=[0.04961], c=[0.50000], F=[0.85767, 0.90760, 0.93541, 0.93897], F_fuse=[0.00551, 0.00370, 0.00269, 0.00244]
[ INFO : 2026-07-27 01:52:36,198 ] - Epoch 132: train==[105.63120 = 0.46597 + 0.81844 + 12.58470 + 0.00331 + 0.00000 + 0.00026 + 613.90597]
[ INFO : 2026-07-27 01:52:43,137 ] - Test_@[5, 10, 20, 50]: Recall=[0.01355, 0.01828, 0.02685, 0.06035],  precision=[0.00271, 0.00183, 0.00134, 0.00121], hit=[0.01355, 0.01828, 0.02685, 0.06035], ndcg=[0.00888, 0.01040, 0.01256, 0.01910], Train Rec Loss=[0.04975], Eval Rec Loss=[0.04964], c=[0.50000], F=[0.85936, 0.90739, 0.93354, 0.93817], F_fuse=[0.00540, 0.00365, 0.00268, 0.00241]
[ INFO : 2026-07-27 01:54:11,305 ] - Epoch 133: train==[105.65118 = 0.45886 + 0.81743 + 12.61257 + 0.00333 + 0.00000 + 0.00026 + 613.90472]
[ INFO : 2026-07-27 01:54:18,235 ] - Test_@[5, 10, 20, 50]: Recall=[0.01330, 0.01841, 0.02723, 0.06009],  precision=[0.00266, 0.00184, 0.00136, 0.00120], hit=[0.01330, 0.01841, 0.02723, 0.06009], ndcg=[0.00864, 0.01027, 0.01249, 0.01891], Train Rec Loss=[0.04982], Eval Rec Loss=[0.04981], c=[0.50000], F=[0.83849, 0.90248, 0.93934, 0.94079], F_fuse=[0.00530, 0.00367, 0.00272, 0.00240]
[ INFO : 2026-07-27 01:55:46,447 ] - Epoch 134: train==[105.56548 = 0.45919 + 0.81645 + 12.52658 + 0.00334 + 0.00000 + 0.00026 + 613.90828]
[ INFO : 2026-07-27 01:55:53,365 ] - Test_@[5, 10, 20, 50]: Recall=[0.01343, 0.01854, 0.02723, 0.06099],  precision=[0.00269, 0.00185, 0.00136, 0.00122], hit=[0.01343, 0.01854, 0.02723, 0.06099], ndcg=[0.00869, 0.01032, 0.01251, 0.01908], Train Rec Loss=[0.04991], Eval Rec Loss=[0.04973], c=[0.50000], F=[0.84971, 0.90591, 0.93591, 0.93967], F_fuse=[0.00535, 0.00370, 0.00272, 0.00244]
[ INFO : 2026-07-27 01:57:21,932 ] - Epoch 135: train==[105.50965 = 0.45737 + 0.81513 + 12.47325 + 0.00333 + 0.00000 + 0.00026 + 613.90910]
[ INFO : 2026-07-27 01:57:29,136 ] - Test_@[5, 10, 20, 50]: Recall=[0.01355, 0.01841, 0.02660, 0.06022],  precision=[0.00271, 0.00184, 0.00133, 0.00120], hit=[0.01355, 0.01841, 0.02660, 0.06022], ndcg=[0.00878, 0.01029, 0.01234, 0.01889], Train Rec Loss=[0.04997], Eval Rec Loss=[0.04983], c=[0.50000], F=[0.85588, 0.90491, 0.93385, 0.93803], F_fuse=[0.00540, 0.00367, 0.00266, 0.00241]
[ INFO : 2026-07-27 01:58:57,727 ] - Epoch 136: train==[105.47517 = 0.45773 + 0.81378 + 12.43935 + 0.00337 + 0.00000 + 0.00026 + 613.90794]
[ INFO : 2026-07-27 01:59:04,671 ] - Test_@[5, 10, 20, 50]: Recall=[0.01355, 0.01816, 0.02698, 0.06009],  precision=[0.00271, 0.00182, 0.00135, 0.00120], hit=[0.01355, 0.01816, 0.02698, 0.06009], ndcg=[0.00882, 0.01030, 0.01251, 0.01898], Train Rec Loss=[0.04987], Eval Rec Loss=[0.05000], c=[0.50000], F=[0.84881, 0.90525, 0.93575, 0.93889], F_fuse=[0.00540, 0.00362, 0.00269, 0.00240]
[ INFO : 2026-07-27 02:00:33,133 ] - Epoch 137: train==[105.41536 = 0.45935 + 0.81246 + 12.37917 + 0.00334 + 0.00000 + 0.00026 + 613.90506]
[ INFO : 2026-07-27 02:00:40,138 ] - Test_@[5, 10, 20, 50]: Recall=[0.01317, 0.01726, 0.02698, 0.05958],  precision=[0.00263, 0.00173, 0.00135, 0.00119], hit=[0.01317, 0.01726, 0.02698, 0.05958], ndcg=[0.00848, 0.00981, 0.01224, 0.01858], Train Rec Loss=[0.05013], Eval Rec Loss=[0.04986], c=[0.50000], F=[0.86390, 0.90486, 0.93125, 0.93889], F_fuse=[0.00525, 0.00345, 0.00269, 0.00238]
[ INFO : 2026-07-27 02:02:08,765 ] - Epoch 138: train==[105.39934 = 0.45670 + 0.81158 + 12.36609 + 0.00338 + 0.00000 + 0.00025 + 613.90650]
[ INFO : 2026-07-27 02:02:15,881 ] - Test_@[5, 10, 20, 50]: Recall=[0.01330, 0.01816, 0.02685, 0.06022],  precision=[0.00266, 0.00182, 0.00134, 0.00120], hit=[0.01330, 0.01816, 0.02685, 0.06022], ndcg=[0.00865, 0.01021, 0.01239, 0.01890], Train Rec Loss=[0.05016], Eval Rec Loss=[0.04989], c=[0.50000], F=[0.85172, 0.90332, 0.93314, 0.93936], F_fuse=[0.00530, 0.00362, 0.00268, 0.00241]
[ INFO : 2026-07-27 02:03:44,489 ] - Epoch 139: train==[105.39852 = 0.45648 + 0.81011 + 12.36640 + 0.00337 + 0.00000 + 0.00025 + 613.90632]
[ INFO : 2026-07-27 02:03:51,351 ] - Test_@[5, 10, 20, 50]: Recall=[0.01343, 0.01764, 0.02698, 0.06073],  precision=[0.00269, 0.00176, 0.00135, 0.00121], hit=[0.01343, 0.01764, 0.02698, 0.06073], ndcg=[0.00876, 0.01013, 0.01246, 0.01904], Train Rec Loss=[0.05016], Eval Rec Loss=[0.05010], c=[0.50000], F=[0.85182, 0.90321, 0.93442, 0.93857], F_fuse=[0.00535, 0.00352, 0.00269, 0.00243]
[ INFO : 2026-07-27 02:05:19,472 ] - Epoch 140: train==[105.30259 = 0.45686 + 0.80881 + 12.27095 + 0.00340 + 0.00000 + 0.00025 + 613.90564]
[ INFO : 2026-07-27 02:05:26,589 ] - Test_@[5, 10, 20, 50]: Recall=[0.01266, 0.01803, 0.02672, 0.06112],  precision=[0.00253, 0.00180, 0.00134, 0.00122], hit=[0.01266, 0.01803, 0.02672, 0.06112], ndcg=[0.00843, 0.01017, 0.01234, 0.01906], Train Rec Loss=[0.05030], Eval Rec Loss=[0.05006], c=[0.50000], F=[0.84795, 0.90468, 0.93415, 0.93877], F_fuse=[0.00505, 0.00360, 0.00267, 0.00244]
[ INFO : 2026-07-27 02:06:54,230 ] - Epoch 141: train==[105.32940 = 0.45388 + 0.80783 + 12.30148 + 0.00339 + 0.00000 + 0.00025 + 613.90463]
[ INFO : 2026-07-27 02:07:01,091 ] - Test_@[5, 10, 20, 50]: Recall=[0.01266, 0.01752, 0.02672, 0.06009],  precision=[0.00253, 0.00175, 0.00134, 0.00120], hit=[0.01266, 0.01752, 0.02672, 0.06009], ndcg=[0.00841, 0.01000, 0.01228, 0.01877], Train Rec Loss=[0.05018], Eval Rec Loss=[0.05014], c=[0.50000], F=[0.85482, 0.90277, 0.93047, 0.93857], F_fuse=[0.00505, 0.00350, 0.00267, 0.00240]
[ INFO : 2026-07-27 02:08:29,171 ] - Epoch 142: train==[105.25919 = 0.45144 + 0.80590 + 12.23465 + 0.00341 + 0.00000 + 0.00025 + 613.90597]
[ INFO : 2026-07-27 02:08:36,001 ] - Test_@[5, 10, 20, 50]: Recall=[0.01291, 0.01688, 0.02672, 0.05920],  precision=[0.00258, 0.00169, 0.00134, 0.00118], hit=[0.01291, 0.01688, 0.02672, 0.05920], ndcg=[0.00830, 0.00960, 0.01207, 0.01842], Train Rec Loss=[0.05042], Eval Rec Loss=[0.05036], c=[0.50000], F=[0.85284, 0.90245, 0.93382, 0.93829], F_fuse=[0.00515, 0.00337, 0.00267, 0.00236]
[ INFO : 2026-07-27 02:10:04,297 ] - Epoch 143: train==[105.21789 = 0.45497 + 0.80493 + 12.19068 + 0.00342 + 0.00000 + 0.00025 + 613.90400]
[ INFO : 2026-07-27 02:10:11,128 ] - Test_@[5, 10, 20, 50]: Recall=[0.01240, 0.01688, 0.02596, 0.05882],  precision=[0.00248, 0.00169, 0.00130, 0.00118], hit=[0.01240, 0.01688, 0.02596, 0.05882], ndcg=[0.00792, 0.00940, 0.01167, 0.01810], Train Rec Loss=[0.05046], Eval Rec Loss=[0.05045], c=[0.50000], F=[0.85453, 0.90058, 0.93178, 0.93898], F_fuse=[0.00495, 0.00337, 0.00259, 0.00235]
[ INFO : 2026-07-27 02:11:39,897 ] - Epoch 144: train==[105.18173 = 0.45075 + 0.80337 + 12.15934 + 0.00343 + 0.00000 + 0.00025 + 613.90618]
[ INFO : 2026-07-27 02:11:46,853 ] - Test_@[5, 10, 20, 50]: Recall=[0.01227, 0.01726, 0.02672, 0.05907],  precision=[0.00245, 0.00173, 0.00134, 0.00118], hit=[0.01227, 0.01726, 0.02672, 0.05907], ndcg=[0.00789, 0.00952, 0.01188, 0.01822], Train Rec Loss=[0.05060], Eval Rec Loss=[0.05037], c=[0.50000], F=[0.85329, 0.90042, 0.93207, 0.93904], F_fuse=[0.00490, 0.00345, 0.00267, 0.00236]
[ INFO : 2026-07-27 02:13:15,767 ] - Epoch 145: train==[105.13981 = 0.44876 + 0.80175 + 12.12020 + 0.00344 + 0.00000 + 0.00025 + 613.90734]
[ INFO : 2026-07-27 02:13:22,664 ] - Test_@[5, 10, 20, 50]: Recall=[0.01189, 0.01764, 0.02711, 0.06009],  precision=[0.00238, 0.00176, 0.00136, 0.00120], hit=[0.01189, 0.01764, 0.02711, 0.06009], ndcg=[0.00799, 0.00988, 0.01222, 0.01866], Train Rec Loss=[0.05050], Eval Rec Loss=[0.05058], c=[0.50000], F=[0.84587, 0.90196, 0.93215, 0.93887], F_fuse=[0.00474, 0.00352, 0.00271, 0.00240]
[ INFO : 2026-07-27 02:14:51,521 ] - Epoch 146: train==[105.10327 = 0.44920 + 0.80045 + 12.08442 + 0.00346 + 0.00000 + 0.00025 + 613.90454]
[ INFO : 2026-07-27 02:14:58,573 ] - Test_@[5, 10, 20, 50]: Recall=[0.01189, 0.01752, 0.02711, 0.06022],  precision=[0.00238, 0.00175, 0.00136, 0.00120], hit=[0.01189, 0.01752, 0.02711, 0.06022], ndcg=[0.00806, 0.00990, 0.01228, 0.01874], Train Rec Loss=[0.05082], Eval Rec Loss=[0.05054], c=[0.50000], F=[0.84488, 0.90078, 0.93239, 0.93994], F_fuse=[0.00474, 0.00350, 0.00271, 0.00241]
[ INFO : 2026-07-27 02:16:27,816 ] - Epoch 147: train==[105.01090 = 0.44830 + 0.79926 + 11.99327 + 0.00347 + 0.00000 + 0.00025 + 613.90703]
[ INFO : 2026-07-27 02:16:34,863 ] - Test_@[5, 10, 20, 50]: Recall=[0.01176, 0.01752, 0.02723, 0.05971],  precision=[0.00235, 0.00175, 0.00136, 0.00119], hit=[0.01176, 0.01752, 0.02723, 0.05971], ndcg=[0.00791, 0.00979, 0.01219, 0.01853], Train Rec Loss=[0.05076], Eval Rec Loss=[0.05065], c=[0.50000], F=[0.85098, 0.90205, 0.93084, 0.93824], F_fuse=[0.00469, 0.00350, 0.00272, 0.00239]
[ INFO : 2026-07-27 02:18:04,133 ] - Epoch 148: train==[104.94234 = 0.44547 + 0.79772 + 11.92863 + 0.00348 + 0.00000 + 0.00025 + 613.90590]
[ INFO : 2026-07-27 02:18:11,338 ] - Test_@[5, 10, 20, 50]: Recall=[0.01253, 0.01790, 0.02685, 0.06009],  precision=[0.00251, 0.00179, 0.00134, 0.00120], hit=[0.01253, 0.01790, 0.02685, 0.06009], ndcg=[0.00829, 0.01004, 0.01226, 0.01877], Train Rec Loss=[0.05097], Eval Rec Loss=[0.05080], c=[0.50000], F=[0.85076, 0.90157, 0.93177, 0.93818], F_fuse=[0.00500, 0.00357, 0.00268, 0.00240]
[ INFO : 2026-07-27 02:19:40,303 ] - Epoch 149: train==[104.93430 = 0.44609 + 0.79638 + 11.92050 + 0.00348 + 0.00000 + 0.00025 + 613.90768]
[ INFO : 2026-07-27 02:19:47,203 ] - Test_@[5, 10, 20, 50]: Recall=[0.01215, 0.01713, 0.02608, 0.05971],  precision=[0.00243, 0.00171, 0.00130, 0.00119], hit=[0.01215, 0.01713, 0.02608, 0.05971], ndcg=[0.00812, 0.00975, 0.01198, 0.01857], Train Rec Loss=[0.05097], Eval Rec Loss=[0.05091], c=[0.50000], F=[0.84520, 0.90110, 0.93168, 0.93876], F_fuse=[0.00484, 0.00342, 0.00260, 0.00239]
[ INFO : 2026-07-27 02:21:16,418 ] - Epoch 150: train==[104.97182 = 0.44922 + 0.79487 + 11.95615 + 0.00347 + 0.00000 + 0.00024 + 613.90540]
[ INFO : 2026-07-27 02:21:23,287 ] - Test_@[5, 10, 20, 50]: Recall=[0.01138, 0.01688, 0.02647, 0.05856],  precision=[0.00228, 0.00169, 0.00132, 0.00117], hit=[0.01138, 0.01688, 0.02647, 0.05856], ndcg=[0.00765, 0.00944, 0.01182, 0.01809], Train Rec Loss=[0.05106], Eval Rec Loss=[0.05112], c=[0.50000], F=[0.84919, 0.89845, 0.92746, 0.93731], F_fuse=[0.00454, 0.00337, 0.00264, 0.00234]
[ INFO : 2026-07-27 02:22:51,908 ] - Epoch 151: train==[104.91085 = 0.44839 + 0.79356 + 11.89730 + 0.00347 + 0.00000 + 0.00025 + 613.90199]
[ INFO : 2026-07-27 02:22:58,736 ] - Test_@[5, 10, 20, 50]: Recall=[0.01138, 0.01739, 0.02711, 0.05946],  precision=[0.00228, 0.00174, 0.00136, 0.00119], hit=[0.01138, 0.01739, 0.02711, 0.05946], ndcg=[0.00770, 0.00965, 0.01205, 0.01839], Train Rec Loss=[0.05121], Eval Rec Loss=[0.05110], c=[0.50000], F=[0.84277, 0.90169, 0.93241, 0.93873], F_fuse=[0.00454, 0.00347, 0.00271, 0.00238]
[ INFO : 2026-07-27 02:24:27,026 ] - Epoch 152: train==[104.86425 = 0.44070 + 0.79226 + 11.85886 + 0.00350 + 0.00000 + 0.00024 + 613.90390]
[ INFO : 2026-07-27 02:24:33,872 ] - Test_@[5, 10, 20, 50]: Recall=[0.01164, 0.01726, 0.02723, 0.05971],  precision=[0.00233, 0.00173, 0.00136, 0.00119], hit=[0.01164, 0.01726, 0.02723, 0.05971], ndcg=[0.00780, 0.00966, 0.01211, 0.01847], Train Rec Loss=[0.05143], Eval Rec Loss=[0.05110], c=[0.50000], F=[0.84756, 0.89972, 0.93079, 0.93808], F_fuse=[0.00464, 0.00345, 0.00272, 0.00239]
[ INFO : 2026-07-27 02:26:01,969 ] - Epoch 153: train==[104.88653 = 0.44044 + 0.79104 + 11.88204 + 0.00351 + 0.00000 + 0.00024 + 613.90445]
[ INFO : 2026-07-27 02:26:08,847 ] - Test_@[5, 10, 20, 50]: Recall=[0.01125, 0.01675, 0.02685, 0.05958],  precision=[0.00225, 0.00167, 0.00134, 0.00119], hit=[0.01125, 0.01675, 0.02685, 0.05958], ndcg=[0.00756, 0.00937, 0.01187, 0.01828], Train Rec Loss=[0.05138], Eval Rec Loss=[0.05119], c=[0.50000], F=[0.84677, 0.89753, 0.93022, 0.93905], F_fuse=[0.00449, 0.00334, 0.00268, 0.00238]
[ INFO : 2026-07-27 02:27:36,961 ] - Epoch 154: train==[104.76560 = 0.44157 + 0.79001 + 11.76065 + 0.00352 + 0.00000 + 0.00024 + 613.90404]
[ INFO : 2026-07-27 02:27:43,800 ] - Test_@[5, 10, 20, 50]: Recall=[0.01087, 0.01777, 0.02736, 0.05933],  precision=[0.00217, 0.00178, 0.00137, 0.00119], hit=[0.01087, 0.01777, 0.02736, 0.05933], ndcg=[0.00756, 0.00979, 0.01216, 0.01840], Train Rec Loss=[0.05148], Eval Rec Loss=[0.05132], c=[0.50000], F=[0.84900, 0.89922, 0.93036, 0.93888], F_fuse=[0.00434, 0.00355, 0.00273, 0.00237]
[ INFO : 2026-07-27 02:29:11,882 ] - Epoch 155: train==[104.66981 = 0.43859 + 0.78841 + 11.66874 + 0.00354 + 0.00000 + 0.00024 + 613.90432]
[ INFO : 2026-07-27 02:29:18,735 ] - Test_@[5, 10, 20, 50]: Recall=[0.01074, 0.01675, 0.02711, 0.05958],  precision=[0.00215, 0.00167, 0.00136, 0.00119], hit=[0.01074, 0.01675, 0.02711, 0.05958], ndcg=[0.00739, 0.00938, 0.01194, 0.01827], Train Rec Loss=[0.05158], Eval Rec Loss=[0.05149], c=[0.50000], F=[0.84753, 0.89870, 0.92905, 0.93745], F_fuse=[0.00429, 0.00334, 0.00271, 0.00238]
[ INFO : 2026-07-27 02:30:46,759 ] - Epoch 156: train==[104.68142 = 0.44219 + 0.78711 + 11.67736 + 0.00356 + 0.00000 + 0.00024 + 613.90537]
[ INFO : 2026-07-27 02:30:53,586 ] - Test_@[5, 10, 20, 50]: Recall=[0.01112, 0.01701, 0.02685, 0.06035],  precision=[0.00222, 0.00170, 0.00134, 0.00121], hit=[0.01112, 0.01701, 0.02685, 0.06035], ndcg=[0.00765, 0.00957, 0.01201, 0.01856], Train Rec Loss=[0.05172], Eval Rec Loss=[0.05152], c=[0.50000], F=[0.84654, 0.90007, 0.92965, 0.93816], F_fuse=[0.00444, 0.00339, 0.00268, 0.00241]
[ INFO : 2026-07-27 02:32:21,792 ] - Epoch 157: train==[104.64870 = 0.43791 + 0.78552 + 11.64997 + 0.00355 + 0.00000 + 0.00024 + 613.90470]
[ INFO : 2026-07-27 02:32:28,649 ] - Test_@[5, 10, 20, 50]: Recall=[0.01061, 0.01649, 0.02647, 0.05920],  precision=[0.00212, 0.00165, 0.00132, 0.00118], hit=[0.01061, 0.01649, 0.02647, 0.05920], ndcg=[0.00724, 0.00916, 0.01162, 0.01801], Train Rec Loss=[0.05181], Eval Rec Loss=[0.05155], c=[0.50000], F=[0.85012, 0.89889, 0.92729, 0.93767], F_fuse=[0.00423, 0.00329, 0.00264, 0.00236]
[ INFO : 2026-07-27 02:33:56,767 ] - Epoch 158: train==[104.64812 = 0.43576 + 0.78440 + 11.65229 + 0.00354 + 0.00000 + 0.00024 + 613.90429]
[ INFO : 2026-07-27 02:34:03,716 ] - Test_@[5, 10, 20, 50]: Recall=[0.01048, 0.01649, 0.02711, 0.06009],  precision=[0.00210, 0.00165, 0.00136, 0.00120], hit=[0.01048, 0.01649, 0.02711, 0.06009], ndcg=[0.00751, 0.00949, 0.01211, 0.01856], Train Rec Loss=[0.05180], Eval Rec Loss=[0.05189], c=[0.50000], F=[0.84680, 0.89959, 0.92901, 0.93765], F_fuse=[0.00418, 0.00329, 0.00271, 0.00240]
[ INFO : 2026-07-27 02:35:32,176 ] - Epoch 159: train==[104.58395 = 0.43734 + 0.78362 + 11.58693 + 0.00358 + 0.00000 + 0.00024 + 613.90455]
[ INFO : 2026-07-27 02:35:39,031 ] - Test_@[5, 10, 20, 50]: Recall=[0.01125, 0.01701, 0.02762, 0.05971],  precision=[0.00225, 0.00170, 0.00138, 0.00119], hit=[0.01125, 0.01701, 0.02762, 0.05971], ndcg=[0.00757, 0.00945, 0.01206, 0.01833], Train Rec Loss=[0.05177], Eval Rec Loss=[0.05179], c=[0.50000], F=[0.84472, 0.89980, 0.93079, 0.93847], F_fuse=[0.00449, 0.00339, 0.00276, 0.00239]
[ INFO : 2026-07-27 02:37:07,153 ] - Epoch 160: train==[104.54893 = 0.43373 + 0.78242 + 11.55644 + 0.00358 + 0.00000 + 0.00024 + 613.90319]
[ INFO : 2026-07-27 02:37:14,135 ] - Test_@[5, 10, 20, 50]: Recall=[0.01087, 0.01649, 0.02711, 0.05920],  precision=[0.00217, 0.00165, 0.00136, 0.00118], hit=[0.01087, 0.01649, 0.02711, 0.05920], ndcg=[0.00748, 0.00932, 0.01193, 0.01820], Train Rec Loss=[0.05211], Eval Rec Loss=[0.05212], c=[0.50000], F=[0.84718, 0.89849, 0.92683, 0.93642], F_fuse=[0.00434, 0.00329, 0.00271, 0.00236]
[ INFO : 2026-07-27 02:38:42,330 ] - Epoch 161: train==[104.53486 = 0.43556 + 0.78138 + 11.54111 + 0.00359 + 0.00000 + 0.00024 + 613.90340]
[ INFO : 2026-07-27 02:38:49,239 ] - Test_@[5, 10, 20, 50]: Recall=[0.01087, 0.01713, 0.02608, 0.05946],  precision=[0.00217, 0.00171, 0.00130, 0.00119], hit=[0.01087, 0.01713, 0.02608, 0.05946], ndcg=[0.00748, 0.00951, 0.01174, 0.01826], Train Rec Loss=[0.05202], Eval Rec Loss=[0.05199], c=[0.50000], F=[0.84475, 0.89860, 0.92895, 0.93886], F_fuse=[0.00434, 0.00342, 0.00260, 0.00238]
[ INFO : 2026-07-27 02:40:17,346 ] - Epoch 162: train==[104.52536 = 0.43202 + 0.78000 + 11.53598 + 0.00362 + 0.00000 + 0.00024 + 613.90327]
[ INFO : 2026-07-27 02:40:24,193 ] - Test_@[5, 10, 20, 50]: Recall=[0.01074, 0.01624, 0.02660, 0.05754],  precision=[0.00215, 0.00162, 0.00133, 0.00115], hit=[0.01074, 0.01624, 0.02660, 0.05754], ndcg=[0.00725, 0.00906, 0.01162, 0.01768], Train Rec Loss=[0.05239], Eval Rec Loss=[0.05232], c=[0.50000], F=[0.84977, 0.89858, 0.92668, 0.93812], F_fuse=[0.00429, 0.00324, 0.00266, 0.00230]
[ INFO : 2026-07-27 02:41:52,757 ] - Epoch 163: train==[104.45824 = 0.43078 + 0.77902 + 11.47052 + 0.00361 + 0.00000 + 0.00024 + 613.90445]
[ INFO : 2026-07-27 02:41:59,719 ] - Test_@[5, 10, 20, 50]: Recall=[0.01074, 0.01688, 0.02660, 0.05869],  precision=[0.00215, 0.00169, 0.00133, 0.00117], hit=[0.01074, 0.01688, 0.02660, 0.05869], ndcg=[0.00748, 0.00950, 0.01191, 0.01820], Train Rec Loss=[0.05236], Eval Rec Loss=[0.05216], c=[0.50000], F=[0.84709, 0.89897, 0.92811, 0.93800], F_fuse=[0.00429, 0.00337, 0.00266, 0.00234]
[ INFO : 2026-07-27 02:43:28,602 ] - Epoch 164: train==[104.35853 = 0.42910 + 0.77775 + 11.37362 + 0.00363 + 0.00000 + 0.00024 + 613.90191]
[ INFO : 2026-07-27 02:43:35,524 ] - Test_@[5, 10, 20, 50]: Recall=[0.01036, 0.01611, 0.02660, 0.05843],  precision=[0.00207, 0.00161, 0.00133, 0.00117], hit=[0.01036, 0.01611, 0.02660, 0.05843], ndcg=[0.00708, 0.00894, 0.01155, 0.01778], Train Rec Loss=[0.05250], Eval Rec Loss=[0.05215], c=[0.50000], F=[0.84264, 0.89748, 0.92787, 0.93792], F_fuse=[0.00413, 0.00322, 0.00266, 0.00233]
[ INFO : 2026-07-27 02:45:04,142 ] - Epoch 165: train==[104.38311 = 0.42973 + 0.77655 + 11.39809 + 0.00364 + 0.00000 + 0.00024 + 613.90318]
[ INFO : 2026-07-27 02:45:11,156 ] - Test_@[5, 10, 20, 50]: Recall=[0.01048, 0.01598, 0.02647, 0.05869],  precision=[0.00210, 0.00160, 0.00132, 0.00117], hit=[0.01048, 0.01598, 0.02647, 0.05869], ndcg=[0.00719, 0.00898, 0.01156, 0.01784], Train Rec Loss=[0.05248], Eval Rec Loss=[0.05238], c=[0.50000], F=[0.84277, 0.89718, 0.92702, 0.93819], F_fuse=[0.00418, 0.00319, 0.00264, 0.00234]
[ INFO : 2026-07-27 02:46:39,921 ] - Epoch 166: train==[104.32147 = 0.43382 + 0.77568 + 11.33270 + 0.00363 + 0.00000 + 0.00024 + 613.90446]
[ INFO : 2026-07-27 02:46:46,779 ] - Test_@[5, 10, 20, 50]: Recall=[0.01061, 0.01637, 0.02672, 0.05779],  precision=[0.00212, 0.00164, 0.00134, 0.00116], hit=[0.01061, 0.01637, 0.02672, 0.05779], ndcg=[0.00753, 0.00943, 0.01202, 0.01810], Train Rec Loss=[0.05248], Eval Rec Loss=[0.05240], c=[0.50000], F=[0.84545, 0.89799, 0.92727, 0.93754], F_fuse=[0.00423, 0.00327, 0.00267, 0.00231]
[ INFO : 2026-07-27 02:48:15,206 ] - Epoch 167: train==[104.25393 = 0.42561 + 0.77436 + 11.27425 + 0.00366 + 0.00000 + 0.00024 + 613.90370]
[ INFO : 2026-07-27 02:48:22,076 ] - Test_@[5, 10, 20, 50]: Recall=[0.01023, 0.01649, 0.02660, 0.05779],  precision=[0.00205, 0.00165, 0.00133, 0.00116], hit=[0.01023, 0.01649, 0.02660, 0.05779], ndcg=[0.00694, 0.00899, 0.01148, 0.01757], Train Rec Loss=[0.05284], Eval Rec Loss=[0.05257], c=[0.50000], F=[0.84469, 0.89668, 0.92658, 0.93744], F_fuse=[0.00408, 0.00329, 0.00266, 0.00231]
[ INFO : 2026-07-27 02:49:50,310 ] - Epoch 168: train==[104.28485 = 0.42803 + 0.77359 + 11.30366 + 0.00365 + 0.00000 + 0.00024 + 613.90079]
[ INFO : 2026-07-27 02:49:57,156 ] - Test_@[5, 10, 20, 50]: Recall=[0.01048, 0.01624, 0.02698, 0.05856],  precision=[0.00210, 0.00162, 0.00135, 0.00117], hit=[0.01048, 0.01624, 0.02698, 0.05856], ndcg=[0.00735, 0.00921, 0.01188, 0.01805], Train Rec Loss=[0.05289], Eval Rec Loss=[0.05243], c=[0.50000], F=[0.84213, 0.89918, 0.92793, 0.93767], F_fuse=[0.00418, 0.00324, 0.00269, 0.00234]
[ INFO : 2026-07-27 02:51:25,647 ] - Epoch 169: train==[104.24740 = 0.42656 + 0.77241 + 11.26852 + 0.00367 + 0.00000 + 0.00024 + 613.89974]
[ INFO : 2026-07-27 02:51:32,500 ] - Test_@[5, 10, 20, 50]: Recall=[0.00985, 0.01585, 0.02621, 0.05907],  precision=[0.00197, 0.00159, 0.00131, 0.00118], hit=[0.00985, 0.01585, 0.02621, 0.05907], ndcg=[0.00699, 0.00892, 0.01150, 0.01792], Train Rec Loss=[0.05322], Eval Rec Loss=[0.05286], c=[0.50000], F=[0.84207, 0.89567, 0.92607, 0.93811], F_fuse=[0.00393, 0.00317, 0.00262, 0.00236]
[ INFO : 2026-07-27 02:53:00,570 ] - Epoch 170: train==[104.19667 = 0.42420 + 0.77127 + 11.22026 + 0.00368 + 0.00000 + 0.00024 + 613.90345]
[ INFO : 2026-07-27 02:53:07,454 ] - Test_@[5, 10, 20, 50]: Recall=[0.01048, 0.01598, 0.02672, 0.05933],  precision=[0.00210, 0.00160, 0.00134, 0.00119], hit=[0.01048, 0.01598, 0.02672, 0.05933], ndcg=[0.00736, 0.00915, 0.01183, 0.01821], Train Rec Loss=[0.05277], Eval Rec Loss=[0.05296], c=[0.50000], F=[0.84188, 0.89945, 0.92778, 0.93830], F_fuse=[0.00418, 0.00319, 0.00267, 0.00237]
[ INFO : 2026-07-27 02:54:35,421 ] - Epoch 171: train==[104.17263 = 0.42459 + 0.77008 + 11.19667 + 0.00369 + 0.00000 + 0.00024 + 613.90259]
[ INFO : 2026-07-27 02:54:42,255 ] - Test_@[5, 10, 20, 50]: Recall=[0.01048, 0.01598, 0.02685, 0.05920],  precision=[0.00210, 0.00160, 0.00134, 0.00118], hit=[0.01048, 0.01598, 0.02685, 0.05920], ndcg=[0.00705, 0.00883, 0.01152, 0.01783], Train Rec Loss=[0.05303], Eval Rec Loss=[0.05293], c=[0.50000], F=[0.84462, 0.89735, 0.92644, 0.93668], F_fuse=[0.00418, 0.00319, 0.00268, 0.00236]
[ INFO : 2026-07-27 02:56:09,945 ] - Epoch 172: train==[104.15489 = 0.42465 + 0.76912 + 11.17936 + 0.00371 + 0.00000 + 0.00024 + 613.90302]
[ INFO : 2026-07-27 02:56:16,766 ] - Test_@[5, 10, 20, 50]: Recall=[0.01010, 0.01573, 0.02660, 0.05830],  precision=[0.00202, 0.00157, 0.00133, 0.00117], hit=[0.01010, 0.01573, 0.02660, 0.05830], ndcg=[0.00699, 0.00878, 0.01147, 0.01767], Train Rec Loss=[0.05319], Eval Rec Loss=[0.05313], c=[0.50000], F=[0.84197, 0.89542, 0.92612, 0.93749], F_fuse=[0.00403, 0.00314, 0.00266, 0.00233]
[ INFO : 2026-07-27 02:57:44,576 ] - Epoch 173: train==[104.15952 = 0.42181 + 0.76810 + 11.18737 + 0.00370 + 0.00000 + 0.00024 + 613.90370]
[ INFO : 2026-07-27 02:57:51,439 ] - Test_@[5, 10, 20, 50]: Recall=[0.00997, 0.01585, 0.02698, 0.05856],  precision=[0.00199, 0.00159, 0.00135, 0.00117], hit=[0.00997, 0.01585, 0.02698, 0.05856], ndcg=[0.00683, 0.00869, 0.01143, 0.01760], Train Rec Loss=[0.05332], Eval Rec Loss=[0.05309], c=[0.50000], F=[0.84252, 0.89777, 0.92682, 0.93833], F_fuse=[0.00398, 0.00317, 0.00269, 0.00234]
[ INFO : 2026-07-27 02:59:19,313 ] - Epoch 174: train==[104.04047 = 0.42086 + 0.76711 + 11.06970 + 0.00374 + 0.00000 + 0.00023 + 613.90445]
[ INFO : 2026-07-27 02:59:26,212 ] - Test_@[5, 10, 20, 50]: Recall=[0.01074, 0.01662, 0.02711, 0.05818],  precision=[0.00215, 0.00166, 0.00136, 0.00116], hit=[0.01074, 0.01662, 0.02711, 0.05818], ndcg=[0.00738, 0.00926, 0.01185, 0.01792], Train Rec Loss=[0.05349], Eval Rec Loss=[0.05305], c=[0.50000], F=[0.84651, 0.89740, 0.92463, 0.93620], F_fuse=[0.00429, 0.00332, 0.00271, 0.00232]
[ INFO : 2026-07-27 03:00:54,367 ] - Epoch 175: train==[103.98276 = 0.41744 + 0.76588 + 11.01667 + 0.00375 + 0.00000 + 0.00024 + 613.90084]
[ INFO : 2026-07-27 03:01:01,185 ] - Test_@[5, 10, 20, 50]: Recall=[0.00959, 0.01534, 0.02660, 0.05792],  precision=[0.00192, 0.00153, 0.00133, 0.00116], hit=[0.00959, 0.01534, 0.02660, 0.05792], ndcg=[0.00669, 0.00851, 0.01127, 0.01738], Train Rec Loss=[0.05351], Eval Rec Loss=[0.05335], c=[0.50000], F=[0.83964, 0.89494, 0.92524, 0.93771], F_fuse=[0.00383, 0.00306, 0.00266, 0.00231]
[ INFO : 2026-07-27 03:02:29,678 ] - Epoch 176: train==[104.09028 = 0.41995 + 0.76462 + 11.12204 + 0.00372 + 0.00000 + 0.00023 + 613.90371]
[ INFO : 2026-07-27 03:02:36,513 ] - Test_@[5, 10, 20, 50]: Recall=[0.00997, 0.01585, 0.02596, 0.05664],  precision=[0.00199, 0.00159, 0.00130, 0.00113], hit=[0.00997, 0.01585, 0.02596, 0.05664], ndcg=[0.00691, 0.00877, 0.01128, 0.01729], Train Rec Loss=[0.05378], Eval Rec Loss=[0.05370], c=[0.50000], F=[0.84443, 0.89745, 0.92516, 0.93674], F_fuse=[0.00398, 0.00317, 0.00259, 0.00226]
[ INFO : 2026-07-27 03:04:06,215 ] - Epoch 177: train==[103.96153 = 0.42164 + 0.76412 + 10.99202 + 0.00374 + 0.00000 + 0.00024 + 613.90284]
[ INFO : 2026-07-27 03:04:13,160 ] - Test_@[5, 10, 20, 50]: Recall=[0.00997, 0.01585, 0.02634, 0.05728],  precision=[0.00199, 0.00159, 0.00132, 0.00115], hit=[0.00997, 0.01585, 0.02634, 0.05728], ndcg=[0.00712, 0.00898, 0.01159, 0.01765], Train Rec Loss=[0.05378], Eval Rec Loss=[0.05346], c=[0.50000], F=[0.84175, 0.89740, 0.92599, 0.93671], F_fuse=[0.00398, 0.00317, 0.00263, 0.00229]
[ INFO : 2026-07-27 03:05:42,328 ] - Epoch 178: train==[103.98100 = 0.41947 + 0.76302 + 11.01432 + 0.00376 + 0.00000 + 0.00023 + 613.90265]
[ INFO : 2026-07-27 03:05:49,182 ] - Test_@[5, 10, 20, 50]: Recall=[0.00972, 0.01585, 0.02672, 0.05703],  precision=[0.00194, 0.00159, 0.00134, 0.00114], hit=[0.00972, 0.01585, 0.02672, 0.05703], ndcg=[0.00678, 0.00874, 0.01143, 0.01735], Train Rec Loss=[0.05367], Eval Rec Loss=[0.05368], c=[0.50000], F=[0.84421, 0.89681, 0.92530, 0.93738], F_fuse=[0.00388, 0.00317, 0.00267, 0.00228]
