Job 74400 on gpu01; lambda_cf=1.0; group_k=10; seed=7; started Sun Jul 26 11:52:49 PM UTC 2026
Sun Jul 26 23:52:49 2026       
+-----------------------------------------------------------------------------+
| NVIDIA-SMI 525.147.05   Driver Version: 525.147.05   CUDA Version: 12.0     |
|-------------------------------+----------------------+----------------------+
| GPU  Name        Persistence-M| Bus-Id        Disp.A | Volatile Uncorr. ECC |
| Fan  Temp  Perf  Pwr:Usage/Cap|         Memory-Usage | GPU-Util  Compute M. |
|                               |                      |               MIG M. |
|===============================+======================+======================|
|   0  NVIDIA A100-SXM...  On   | 00000000:BD:00.0 Off |                    0 |
| N/A   38C    P0    57W / 400W |      0MiB / 40960MiB |      0%      Default |
|                               |                      |             Disabled |
+-------------------------------+----------------------+----------------------+
                                                                               
+-----------------------------------------------------------------------------+
| Processes:                                                                  |
|  GPU   GI   CI        PID   Type   Process name                  GPU Memory |
|        ID   ID                                                   Usage      |
|=============================================================================|
|  No running processes found                                                 |
+-----------------------------------------------------------------------------+
[ INFO : 2026-07-26 23:52:54,828 ] - Preprocess missing values with zero
[ INFO : 2026-07-26 23:52:57,108 ] - Pretrained diffusion model is loaded from: ./checkpoint/allrecipes/best_model.pth
[ INFO : 2026-07-26 23:52:57,665 ] - Completed data loaded from: ./checkpoint/allrecipes/completed_data.pkl
/media/lhbac29/raid-cf/main.py:106: DeprecationWarning: Please import `csr_matrix` from the `scipy.sparse` namespace; the `scipy.sparse.csr` namespace is deprecated and will be removed in SciPy 2.0.0.
  self.ui_graph = self.ui_graph_raw = pickle.load(open('./data/' + self.dataset + '/train_mat', 'rb'))
[ INFO : 2026-07-26 23:52:57,732 ] - Missing rate = 0.400000, complete strategy: zero
[ INFO : 2026-07-26 23:54:30,282 ] - Epoch 1: train==[128.84990 = 1.24187 + 0.85588 + 29.34935 + 0.00022 + 0.00000 + 5.70810 + 613.57888]
[ INFO : 2026-07-26 23:54:37,393 ] - Test_@[5, 10, 20, 50]: Recall=[0.01573, 0.02148, 0.03197, 0.05677],  precision=[0.00315, 0.00215, 0.00160, 0.00114], hit=[0.01573, 0.02148, 0.03197, 0.05677], ndcg=[0.01130, 0.01322, 0.01582, 0.02084], Train Rec Loss=[0.05075], Eval Rec Loss=[0.05083], c=[0.50000], F=[0.86734, 0.90794, 0.97280, 0.95262], F_fuse=[0.00627, 0.00429, 0.00319, 0.00227]
[ INFO : 2026-07-26 23:56:05,220 ] - Epoch 2: train==[125.83815 = 0.81841 + 0.84782 + 29.08408 + 0.00023 + 0.00000 + 3.31278 + 614.09301]
[ INFO : 2026-07-26 23:56:12,138 ] - Test_@[5, 10, 20, 50]: Recall=[0.01854, 0.02263, 0.02992, 0.05626],  precision=[0.00371, 0.00226, 0.00150, 0.00113], hit=[0.01854, 0.02263, 0.02992, 0.05626], ndcg=[0.01244, 0.01378, 0.01560, 0.02082], Train Rec Loss=[0.05057], Eval Rec Loss=[0.05055], c=[0.50000], F=[0.96831, 0.85487, 0.93900, 0.96754], F_fuse=[0.00739, 0.00451, 0.00299, 0.00225]
[ INFO : 2026-07-26 23:57:39,541 ] - Epoch 3: train==[124.31869 = 0.78573 + 0.84715 + 28.70201 + 0.00025 + 0.00000 + 2.21162 + 614.07191]
[ INFO : 2026-07-26 23:57:46,429 ] - Test_@[5, 10, 20, 50]: Recall=[0.01534, 0.02493, 0.03248, 0.06009],  precision=[0.00307, 0.00249, 0.00162, 0.00120], hit=[0.01534, 0.02493, 0.03248, 0.06009], ndcg=[0.01135, 0.01443, 0.01631, 0.02164], Train Rec Loss=[0.05038], Eval Rec Loss=[0.05047], c=[0.50000], F=[0.85766, 0.74812, 0.88064, 0.97413], F_fuse=[0.00612, 0.00497, 0.00324, 0.00240]
[ INFO : 2026-07-26 23:59:13,985 ] - Epoch 4: train==[123.32722 = 0.77785 + 0.84712 + 28.25867 + 0.00028 + 0.00000 + 1.67548 + 614.04441]
[ INFO : 2026-07-26 23:59:20,950 ] - Test_@[5, 10, 20, 50]: Recall=[0.01432, 0.02468, 0.03363, 0.05613],  precision=[0.00286, 0.00247, 0.00168, 0.00112], hit=[0.01432, 0.02468, 0.03363, 0.05613], ndcg=[0.01099, 0.01435, 0.01660, 0.02099], Train Rec Loss=[0.05041], Eval Rec Loss=[0.05035], c=[0.50000], F=[0.76435, 0.72373, 0.87984, 0.99303], F_fuse=[0.00571, 0.00492, 0.00336, 0.00224]
[ INFO : 2026-07-27 00:00:48,804 ] - Epoch 5: train==[122.43728 = 0.77342 + 0.84720 + 27.67177 + 0.00033 + 0.00000 + 1.38038 + 614.02037]
[ INFO : 2026-07-27 00:00:55,715 ] - Test_@[5, 10, 20, 50]: Recall=[0.01432, 0.02557, 0.03388, 0.05472],  precision=[0.00286, 0.00256, 0.00169, 0.00109], hit=[0.01432, 0.02557, 0.03388, 0.05472], ndcg=[0.01080, 0.01445, 0.01652, 0.02062], Train Rec Loss=[0.05037], Eval Rec Loss=[0.05046], c=[0.50000], F=[0.76250, 0.69713, 0.87985, 0.98579], F_fuse=[0.00571, 0.00510, 0.00338, 0.00219]
[ INFO : 2026-07-27 00:02:23,331 ] - Epoch 6: train==[121.57069 = 0.77304 + 0.84716 + 27.01343 + 0.00038 + 0.00000 + 1.17597 + 613.99712]
[ INFO : 2026-07-27 00:02:30,269 ] - Test_@[5, 10, 20, 50]: Recall=[0.01432, 0.02544, 0.03439, 0.05677],  precision=[0.00286, 0.00254, 0.00172, 0.00114], hit=[0.01432, 0.02544, 0.03439, 0.05677], ndcg=[0.01095, 0.01456, 0.01678, 0.02113], Train Rec Loss=[0.05036], Eval Rec Loss=[0.05047], c=[0.50000], F=[0.77480, 0.70493, 0.87985, 0.97716], F_fuse=[0.00571, 0.00507, 0.00343, 0.00227]
[ INFO : 2026-07-27 00:03:58,019 ] - Epoch 7: train==[120.75054 = 0.76786 + 0.84719 + 26.36226 + 0.00044 + 0.00000 + 1.01527 + 613.97597]
[ INFO : 2026-07-27 00:04:04,928 ] - Test_@[5, 10, 20, 50]: Recall=[0.01406, 0.02596, 0.03478, 0.06329],  precision=[0.00281, 0.00260, 0.00174, 0.00127], hit=[0.01406, 0.02596, 0.03478, 0.06329], ndcg=[0.01084, 0.01469, 0.01687, 0.02230], Train Rec Loss=[0.05037], Eval Rec Loss=[0.05044], c=[0.50000], F=[0.82618, 0.67249, 0.87985, 0.97757], F_fuse=[0.00561, 0.00517, 0.00347, 0.00253]
[ INFO : 2026-07-27 00:05:32,320 ] - Epoch 8: train==[119.93156 = 0.76309 + 0.84718 + 25.66667 + 0.00049 + 0.00000 + 0.89900 + 613.95996]
[ INFO : 2026-07-27 00:05:39,297 ] - Test_@[5, 10, 20, 50]: Recall=[0.01419, 0.02660, 0.03465, 0.06662],  precision=[0.00284, 0.00266, 0.00173, 0.00133], hit=[0.01419, 0.02660, 0.03465, 0.06662], ndcg=[0.01092, 0.01486, 0.01683, 0.02294], Train Rec Loss=[0.05034], Eval Rec Loss=[0.05043], c=[0.50000], F=[0.96030, 0.63246, 0.87985, 0.97809], F_fuse=[0.00566, 0.00530, 0.00346, 0.00266]
[ INFO : 2026-07-27 00:07:07,141 ] - Epoch 9: train==[119.09971 = 0.76407 + 0.84719 + 24.91330 + 0.00054 + 0.00000 + 0.82124 + 613.94830]
[ INFO : 2026-07-27 00:07:14,051 ] - Test_@[5, 10, 20, 50]: Recall=[0.01419, 0.02647, 0.03503, 0.06751],  precision=[0.00284, 0.00265, 0.00175, 0.00135], hit=[0.01419, 0.02647, 0.03503, 0.06751], ndcg=[0.01083, 0.01471, 0.01681, 0.02298], Train Rec Loss=[0.05042], Eval Rec Loss=[0.05038], c=[0.50000], F=[0.97435, 0.63283, 0.87966, 0.97832], F_fuse=[0.00566, 0.00527, 0.00350, 0.00270]
[ INFO : 2026-07-27 00:08:41,797 ] - Epoch 10: train==[118.35387 = 0.76072 + 0.84719 + 24.22182 + 0.00059 + 0.00000 + 0.77040 + 613.94689]
[ INFO : 2026-07-27 00:08:48,795 ] - Test_@[5, 10, 20, 50]: Recall=[0.01419, 0.02621, 0.03491, 0.06725],  precision=[0.00284, 0.00262, 0.00175, 0.00135], hit=[0.01419, 0.02621, 0.03491, 0.06725], ndcg=[0.01097, 0.01478, 0.01693, 0.02307], Train Rec Loss=[0.05030], Eval Rec Loss=[0.05042], c=[0.50000], F=[0.98116, 0.63462, 0.88027, 0.98099], F_fuse=[0.00566, 0.00522, 0.00348, 0.00269]
[ INFO : 2026-07-27 00:10:16,158 ] - Epoch 11: train==[117.77504 = 0.75683 + 0.84722 + 23.69029 + 0.00063 + 0.00000 + 0.72799 + 613.93974]
[ INFO : 2026-07-27 00:10:23,060 ] - Test_@[5, 10, 20, 50]: Recall=[0.01406, 0.02608, 0.03478, 0.06636],  precision=[0.00281, 0.00261, 0.00174, 0.00133], hit=[0.01406, 0.02608, 0.03478, 0.06636], ndcg=[0.01086, 0.01467, 0.01683, 0.02283], Train Rec Loss=[0.05033], Eval Rec Loss=[0.05035], c=[0.50000], F=[0.97931, 0.64479, 0.88036, 0.98391], F_fuse=[0.00561, 0.00520, 0.00347, 0.00265]
[ INFO : 2026-07-27 00:11:50,427 ] - Epoch 12: train==[117.29578 = 0.75103 + 0.84720 + 23.25787 + 0.00068 + 0.00000 + 0.68765 + 613.93484]
[ INFO : 2026-07-27 00:11:57,346 ] - Test_@[5, 10, 20, 50]: Recall=[0.01406, 0.02634, 0.03478, 0.06687],  precision=[0.00281, 0.00263, 0.00174, 0.00134], hit=[0.01406, 0.02634, 0.03478, 0.06687], ndcg=[0.01108, 0.01496, 0.01706, 0.02316], Train Rec Loss=[0.05036], Eval Rec Loss=[0.05040], c=[0.50000], F=[0.97944, 0.64023, 0.88030, 0.98684], F_fuse=[0.00561, 0.00525, 0.00347, 0.00267]
[ INFO : 2026-07-27 00:13:24,700 ] - Epoch 13: train==[116.79474 = 0.74815 + 0.84722 + 22.80474 + 0.00074 + 0.00000 + 0.64314 + 613.93092]
[ INFO : 2026-07-27 00:13:31,629 ] - Test_@[5, 10, 20, 50]: Recall=[0.01406, 0.02647, 0.03465, 0.06674],  precision=[0.00281, 0.00265, 0.00173, 0.00133], hit=[0.01406, 0.02647, 0.03465, 0.06674], ndcg=[0.01102, 0.01494, 0.01696, 0.02307], Train Rec Loss=[0.05032], Eval Rec Loss=[0.05029], c=[0.50000], F=[0.98020, 0.63887, 0.88024, 0.98589], F_fuse=[0.00561, 0.00527, 0.00346, 0.00267]
[ INFO : 2026-07-27 00:14:58,744 ] - Epoch 14: train==[116.47183 = 0.74393 + 0.84722 + 22.52661 + 0.00080 + 0.00000 + 0.60296 + 613.92800]
[ INFO : 2026-07-27 00:15:05,755 ] - Test_@[5, 10, 20, 50]: Recall=[0.01394, 0.02634, 0.03465, 0.06662],  precision=[0.00279, 0.00263, 0.00173, 0.00133], hit=[0.01394, 0.02634, 0.03465, 0.06662], ndcg=[0.01083, 0.01476, 0.01682, 0.02290], Train Rec Loss=[0.05025], Eval Rec Loss=[0.05032], c=[0.50000], F=[0.97720, 0.63353, 0.88033, 0.98655], F_fuse=[0.00556, 0.00525, 0.00346, 0.00266]
[ INFO : 2026-07-27 00:16:33,304 ] - Epoch 15: train==[116.14954 = 0.74028 + 0.84718 + 22.25170 + 0.00086 + 0.00000 + 0.55945 + 613.92626]
[ INFO : 2026-07-27 00:16:40,236 ] - Test_@[5, 10, 20, 50]: Recall=[0.01394, 0.02634, 0.03465, 0.06662],  precision=[0.00279, 0.00263, 0.00173, 0.00133], hit=[0.01394, 0.02634, 0.03465, 0.06662], ndcg=[0.01103, 0.01495, 0.01701, 0.02310], Train Rec Loss=[0.05021], Eval Rec Loss=[0.05031], c=[0.50000], F=[0.97787, 0.63213, 0.88029, 0.98664], F_fuse=[0.00556, 0.00525, 0.00346, 0.00266]
[ INFO : 2026-07-27 00:18:07,313 ] - Epoch 16: train==[115.82395 = 0.73628 + 0.84718 + 21.96987 + 0.00091 + 0.00000 + 0.51971 + 613.92576]
[ INFO : 2026-07-27 00:18:14,251 ] - Test_@[5, 10, 20, 50]: Recall=[0.01406, 0.02621, 0.03452, 0.06674],  precision=[0.00281, 0.00262, 0.00173, 0.00133], hit=[0.01406, 0.02621, 0.03452, 0.06674], ndcg=[0.01075, 0.01459, 0.01666, 0.02279], Train Rec Loss=[0.05030], Eval Rec Loss=[0.05024], c=[0.50000], F=[0.97445, 0.63553, 0.88013, 0.98661], F_fuse=[0.00561, 0.00522, 0.00345, 0.00267]
[ INFO : 2026-07-27 00:19:41,551 ] - Epoch 17: train==[115.54960 = 0.73480 + 0.84718 + 21.73645 + 0.00097 + 0.00000 + 0.48042 + 613.92430]
[ INFO : 2026-07-27 00:19:48,618 ] - Test_@[5, 10, 20, 50]: Recall=[0.01432, 0.02647, 0.03439, 0.06674],  precision=[0.00286, 0.00265, 0.00172, 0.00133], hit=[0.01432, 0.02647, 0.03439, 0.06674], ndcg=[0.01075, 0.01458, 0.01654, 0.02270], Train Rec Loss=[0.05015], Eval Rec Loss=[0.05018], c=[0.50000], F=[0.96953, 0.63318, 0.88021, 0.98753], F_fuse=[0.00571, 0.00527, 0.00343, 0.00267]
[ INFO : 2026-07-27 00:21:15,511 ] - Epoch 18: train==[115.29715 = 0.73011 + 0.84718 + 21.52817 + 0.00102 + 0.00000 + 0.44107 + 613.92306]
[ INFO : 2026-07-27 00:21:22,385 ] - Test_@[5, 10, 20, 50]: Recall=[0.01432, 0.02647, 0.03427, 0.06674],  precision=[0.00286, 0.00265, 0.00171, 0.00133], hit=[0.01432, 0.02647, 0.03427, 0.06674], ndcg=[0.01088, 0.01470, 0.01664, 0.02282], Train Rec Loss=[0.05009], Eval Rec Loss=[0.05027], c=[0.50000], F=[0.96573, 0.63374, 0.88003, 0.98820], F_fuse=[0.00571, 0.00527, 0.00342, 0.00267]
[ INFO : 2026-07-27 00:22:49,672 ] - Epoch 19: train==[115.04837 = 0.72482 + 0.84717 + 21.31992 + 0.00107 + 0.00000 + 0.40606 + 613.92138]
[ INFO : 2026-07-27 00:22:56,667 ] - Test_@[5, 10, 20, 50]: Recall=[0.01419, 0.02647, 0.03427, 0.06725],  precision=[0.00284, 0.00265, 0.00171, 0.00135], hit=[0.01419, 0.02647, 0.03427, 0.06725], ndcg=[0.01078, 0.01465, 0.01659, 0.02287], Train Rec Loss=[0.05013], Eval Rec Loss=[0.05013], c=[0.50000], F=[0.97221, 0.63507, 0.88000, 0.98823], F_fuse=[0.00566, 0.00527, 0.00342, 0.00269]
[ INFO : 2026-07-27 00:24:23,723 ] - Epoch 20: train==[114.72941 = 0.72113 + 0.84716 + 21.03851 + 0.00113 + 0.00000 + 0.37236 + 613.91992]
[ INFO : 2026-07-27 00:24:30,686 ] - Test_@[5, 10, 20, 50]: Recall=[0.01432, 0.02647, 0.03427, 0.06725],  precision=[0.00286, 0.00265, 0.00171, 0.00135], hit=[0.01432, 0.02647, 0.03427, 0.06725], ndcg=[0.01073, 0.01456, 0.01650, 0.02280], Train Rec Loss=[0.05025], Eval Rec Loss=[0.05030], c=[0.50000], F=[0.96883, 0.63430, 0.88001, 0.98945], F_fuse=[0.00571, 0.00527, 0.00342, 0.00269]
[ INFO : 2026-07-27 00:25:58,140 ] - Epoch 21: train==[114.56363 = 0.71831 + 0.84716 + 20.90782 + 0.00117 + 0.00000 + 0.34011 + 613.91949]
[ INFO : 2026-07-27 00:26:05,181 ] - Test_@[5, 10, 20, 50]: Recall=[0.01432, 0.02634, 0.03427, 0.06764],  precision=[0.00286, 0.00263, 0.00171, 0.00135], hit=[0.01432, 0.02634, 0.03427, 0.06764], ndcg=[0.01078, 0.01457, 0.01655, 0.02292], Train Rec Loss=[0.05010], Eval Rec Loss=[0.05007], c=[0.50000], F=[0.97100, 0.63715, 0.88017, 0.98918], F_fuse=[0.00571, 0.00525, 0.00342, 0.00270]
[ INFO : 2026-07-27 00:27:33,096 ] - Epoch 22: train==[114.34499 = 0.71586 + 0.84715 + 20.72350 + 0.00123 + 0.00000 + 0.30828 + 613.91889]
[ INFO : 2026-07-27 00:27:40,118 ] - Test_@[5, 10, 20, 50]: Recall=[0.01432, 0.02647, 0.03427, 0.06725],  precision=[0.00286, 0.00265, 0.00171, 0.00135], hit=[0.01432, 0.02647, 0.03427, 0.06725], ndcg=[0.01073, 0.01456, 0.01651, 0.02280], Train Rec Loss=[0.05013], Eval Rec Loss=[0.05013], c=[0.50000], F=[0.96892, 0.63970, 0.88001, 0.98808], F_fuse=[0.00571, 0.00527, 0.00342, 0.00269]
[ INFO : 2026-07-27 00:29:07,690 ] - Epoch 23: train==[114.06502 = 0.71123 + 0.84715 + 20.47927 + 0.00128 + 0.00000 + 0.27704 + 613.91931]
[ INFO : 2026-07-27 00:29:14,557 ] - Test_@[5, 10, 20, 50]: Recall=[0.01406, 0.02647, 0.03439, 0.06713],  precision=[0.00281, 0.00265, 0.00172, 0.00134], hit=[0.01406, 0.02647, 0.03439, 0.06713], ndcg=[0.01063, 0.01455, 0.01653, 0.02277], Train Rec Loss=[0.05012], Eval Rec Loss=[0.05014], c=[0.50000], F=[0.97084, 0.63761, 0.87989, 0.98737], F_fuse=[0.00561, 0.00527, 0.00343, 0.00268]
[ INFO : 2026-07-27 00:30:41,519 ] - Epoch 24: train==[113.97243 = 0.71087 + 0.84713 + 20.41498 + 0.00132 + 0.00000 + 0.24925 + 613.91816]
[ INFO : 2026-07-27 00:30:48,533 ] - Test_@[5, 10, 20, 50]: Recall=[0.01419, 0.02621, 0.03427, 0.06713],  precision=[0.00284, 0.00262, 0.00171, 0.00134], hit=[0.01419, 0.02621, 0.03427, 0.06713], ndcg=[0.01069, 0.01449, 0.01651, 0.02277], Train Rec Loss=[0.05005], Eval Rec Loss=[0.05002], c=[0.50000], F=[0.97464, 0.63700, 0.87972, 0.98597], F_fuse=[0.00566, 0.00522, 0.00342, 0.00268]
[ INFO : 2026-07-27 00:32:16,091 ] - Epoch 25: train==[113.79348 = 0.70401 + 0.84709 + 20.26990 + 0.00137 + 0.00000 + 0.22221 + 613.91817]
[ INFO : 2026-07-27 00:32:23,075 ] - Test_@[5, 10, 20, 50]: Recall=[0.01419, 0.02621, 0.03427, 0.06700],  precision=[0.00284, 0.00262, 0.00171, 0.00134], hit=[0.01419, 0.02621, 0.03427, 0.06700], ndcg=[0.01068, 0.01448, 0.01650, 0.02274], Train Rec Loss=[0.05002], Eval Rec Loss=[0.05007], c=[0.50000], F=[0.97435, 0.63504, 0.87984, 0.98507], F_fuse=[0.00566, 0.00522, 0.00342, 0.00268]
[ INFO : 2026-07-27 00:33:50,297 ] - Epoch 26: train==[113.68515 = 0.70102 + 0.84709 + 20.19003 + 0.00141 + 0.00000 + 0.19674 + 613.91792]
[ INFO : 2026-07-27 00:33:57,314 ] - Test_@[5, 10, 20, 50]: Recall=[0.01406, 0.02608, 0.03427, 0.06674],  precision=[0.00281, 0.00261, 0.00171, 0.00133], hit=[0.01406, 0.02608, 0.03427, 0.06674], ndcg=[0.01055, 0.01435, 0.01641, 0.02260], Train Rec Loss=[0.05001], Eval Rec Loss=[0.05007], c=[0.50000], F=[0.97525, 0.63930, 0.87967, 0.98464], F_fuse=[0.00561, 0.00520, 0.00342, 0.00267]
[ INFO : 2026-07-27 00:35:25,052 ] - Epoch 27: train==[113.51063 = 0.69554 + 0.84707 + 20.04454 + 0.00145 + 0.00000 + 0.17325 + 613.91739]
[ INFO : 2026-07-27 00:35:31,921 ] - Test_@[5, 10, 20, 50]: Recall=[0.01419, 0.02596, 0.03427, 0.06687],  precision=[0.00284, 0.00260, 0.00171, 0.00134], hit=[0.01419, 0.02596, 0.03427, 0.06687], ndcg=[0.01064, 0.01436, 0.01645, 0.02267], Train Rec Loss=[0.04999], Eval Rec Loss=[0.05004], c=[0.50000], F=[0.97285, 0.63959, 0.87965, 0.98459], F_fuse=[0.00566, 0.00517, 0.00342, 0.00267]
[ INFO : 2026-07-27 00:36:59,204 ] - Epoch 28: train==[113.35410 = 0.69238 + 0.84704 + 19.91408 + 0.00150 + 0.00000 + 0.15039 + 613.91679]
[ INFO : 2026-07-27 00:37:06,102 ] - Test_@[5, 10, 20, 50]: Recall=[0.01406, 0.02621, 0.03427, 0.06713],  precision=[0.00281, 0.00262, 0.00171, 0.00134], hit=[0.01406, 0.02621, 0.03427, 0.06713], ndcg=[0.01055, 0.01439, 0.01640, 0.02266], Train Rec Loss=[0.04998], Eval Rec Loss=[0.04991], c=[0.50000], F=[0.97451, 0.64944, 0.87937, 0.98610], F_fuse=[0.00561, 0.00522, 0.00342, 0.00268]
[ INFO : 2026-07-27 00:38:33,828 ] - Epoch 29: train==[113.11457 = 0.68778 + 0.84704 + 19.69919 + 0.00154 + 0.00000 + 0.13006 + 613.91853]
[ INFO : 2026-07-27 00:38:40,679 ] - Test_@[5, 10, 20, 50]: Recall=[0.01406, 0.02608, 0.03427, 0.06674],  precision=[0.00281, 0.00261, 0.00171, 0.00133], hit=[0.01406, 0.02608, 0.03427, 0.06674], ndcg=[0.01059, 0.01440, 0.01645, 0.02264], Train Rec Loss=[0.05005], Eval Rec Loss=[0.05005], c=[0.50000], F=[0.97231, 0.65845, 0.87935, 0.98478], F_fuse=[0.00561, 0.00520, 0.00342, 0.00267]
[ INFO : 2026-07-27 00:40:07,989 ] - Epoch 30: train==[113.18862 = 0.68778 + 0.84703 + 19.79449 + 0.00157 + 0.00000 + 0.10894 + 613.91740]
[ INFO : 2026-07-27 00:40:14,888 ] - Test_@[5, 10, 20, 50]: Recall=[0.01406, 0.02608, 0.03427, 0.06713],  precision=[0.00281, 0.00261, 0.00171, 0.00134], hit=[0.01406, 0.02608, 0.03427, 0.06713], ndcg=[0.01054, 0.01435, 0.01640, 0.02266], Train Rec Loss=[0.05001], Eval Rec Loss=[0.05009], c=[0.50000], F=[0.97317, 0.65121, 0.87961, 0.98521], F_fuse=[0.00561, 0.00520, 0.00342, 0.00268]
[ INFO : 2026-07-27 00:41:42,423 ] - Epoch 31: train==[112.90821 = 0.68501 + 0.84703 + 19.53517 + 0.00161 + 0.00000 + 0.09071 + 613.91660]
[ INFO : 2026-07-27 00:41:49,455 ] - Test_@[5, 10, 20, 50]: Recall=[0.01419, 0.02621, 0.03427, 0.06700],  precision=[0.00284, 0.00262, 0.00171, 0.00134], hit=[0.01419, 0.02621, 0.03427, 0.06700], ndcg=[0.01060, 0.01440, 0.01642, 0.02266], Train Rec Loss=[0.05000], Eval Rec Loss=[0.05003], c=[0.50000], F=[0.97448, 0.64634, 0.87964, 0.98452], F_fuse=[0.00566, 0.00522, 0.00342, 0.00268]
[ INFO : 2026-07-27 00:43:17,366 ] - Epoch 32: train==[112.89182 = 0.67855 + 0.84702 + 19.54284 + 0.00164 + 0.00000 + 0.07320 + 613.91591]
[ INFO : 2026-07-27 00:43:24,308 ] - Test_@[5, 10, 20, 50]: Recall=[0.01419, 0.02608, 0.03427, 0.06662],  precision=[0.00284, 0.00261, 0.00171, 0.00133], hit=[0.01419, 0.02608, 0.03427, 0.06662], ndcg=[0.01061, 0.01436, 0.01642, 0.02259], Train Rec Loss=[0.04997], Eval Rec Loss=[0.05004], c=[0.50000], F=[0.97276, 0.64033, 0.87924, 0.98457], F_fuse=[0.00566, 0.00520, 0.00342, 0.00266]
[ INFO : 2026-07-27 00:44:51,779 ] - Epoch 33: train==[112.72428 = 0.67176 + 0.84697 + 19.39911 + 0.00168 + 0.00000 + 0.05605 + 613.91663]
[ INFO : 2026-07-27 00:44:58,701 ] - Test_@[5, 10, 20, 50]: Recall=[0.01458, 0.02621, 0.03414, 0.06700],  precision=[0.00292, 0.00262, 0.00171, 0.00134], hit=[0.01458, 0.02621, 0.03414, 0.06700], ndcg=[0.01071, 0.01438, 0.01637, 0.02263], Train Rec Loss=[0.04994], Eval Rec Loss=[0.04991], c=[0.50000], F=[0.95927, 0.65311, 0.87900, 0.98368], F_fuse=[0.00581, 0.00522, 0.00341, 0.00268]
[ INFO : 2026-07-27 00:46:25,984 ] - Epoch 34: train==[112.58009 = 0.67309 + 0.84698 + 19.26973 + 0.00172 + 0.00000 + 0.03988 + 613.91654]
[ INFO : 2026-07-27 00:46:32,862 ] - Test_@[5, 10, 20, 50]: Recall=[0.01432, 0.02608, 0.03439, 0.06674],  precision=[0.00286, 0.00261, 0.00172, 0.00133], hit=[0.01432, 0.02608, 0.03439, 0.06674], ndcg=[0.01068, 0.01440, 0.01649, 0.02264], Train Rec Loss=[0.04988], Eval Rec Loss=[0.04997], c=[0.50000], F=[0.96432, 0.65687, 0.87877, 0.98258], F_fuse=[0.00571, 0.00520, 0.00343, 0.00267]
[ INFO : 2026-07-27 00:48:00,880 ] - Epoch 35: train==[112.41481 = 0.67086 + 0.84697 + 19.12146 + 0.00176 + 0.00000 + 0.02496 + 613.91728]
[ INFO : 2026-07-27 00:48:07,763 ] - Test_@[5, 10, 20, 50]: Recall=[0.01445, 0.02621, 0.03452, 0.06610],  precision=[0.00289, 0.00262, 0.00173, 0.00132], hit=[0.01445, 0.02621, 0.03452, 0.06610], ndcg=[0.01074, 0.01445, 0.01653, 0.02255], Train Rec Loss=[0.04990], Eval Rec Loss=[0.04994], c=[0.50000], F=[0.95783, 0.66646, 0.87818, 0.98290], F_fuse=[0.00576, 0.00522, 0.00345, 0.00264]
[ INFO : 2026-07-27 00:49:35,568 ] - Epoch 36: train==[112.29924 = 0.66567 + 0.84693 + 19.02417 + 0.00178 + 0.00000 + 0.01198 + 613.91649]
[ INFO : 2026-07-27 00:49:42,457 ] - Test_@[5, 10, 20, 50]: Recall=[0.01470, 0.02583, 0.03427, 0.06610],  precision=[0.00294, 0.00258, 0.00171, 0.00132], hit=[0.01470, 0.02583, 0.03427, 0.06610], ndcg=[0.01086, 0.01436, 0.01649, 0.02254], Train Rec Loss=[0.04990], Eval Rec Loss=[0.04992], c=[0.50000], F=[0.94684, 0.67841, 0.87720, 0.98263], F_fuse=[0.00586, 0.00515, 0.00342, 0.00264]
[ INFO : 2026-07-27 00:51:09,789 ] - Epoch 37: train==[112.22238 = 0.66173 + 0.84692 + 18.95881 + 0.00180 + 0.00000 + 0.00441 + 613.91646]
[ INFO : 2026-07-27 00:51:16,707 ] - Test_@[5, 10, 20, 50]: Recall=[0.01458, 0.02532, 0.03363, 0.06610],  precision=[0.00292, 0.00253, 0.00168, 0.00132], hit=[0.01458, 0.02532, 0.03363, 0.06610], ndcg=[0.01085, 0.01424, 0.01635, 0.02256], Train Rec Loss=[0.04994], Eval Rec Loss=[0.04990], c=[0.50000], F=[0.95253, 0.71842, 0.87392, 0.98128], F_fuse=[0.00581, 0.00505, 0.00336, 0.00264]
[ INFO : 2026-07-27 00:52:44,303 ] - Epoch 38: train==[112.10164 = 0.66115 + 0.84691 + 18.84051 + 0.00183 + 0.00000 + 0.00211 + 613.91927]
[ INFO : 2026-07-27 00:52:51,125 ] - Test_@[5, 10, 20, 50]: Recall=[0.01445, 0.02532, 0.03324, 0.06572],  precision=[0.00289, 0.00253, 0.00166, 0.00131], hit=[0.01445, 0.02532, 0.03324, 0.06572], ndcg=[0.01072, 0.01415, 0.01616, 0.02237], Train Rec Loss=[0.04989], Eval Rec Loss=[0.04990], c=[0.50000], F=[0.93268, 0.71442, 0.87159, 0.98060], F_fuse=[0.00576, 0.00505, 0.00332, 0.00263]
[ INFO : 2026-07-27 00:54:18,521 ] - Epoch 39: train==[111.93684 = 0.65913 + 0.84690 + 18.67858 + 0.00186 + 0.00000 + 0.00155 + 613.91722]
[ INFO : 2026-07-27 00:54:25,490 ] - Test_@[5, 10, 20, 50]: Recall=[0.01445, 0.02506, 0.03299, 0.06572],  precision=[0.00289, 0.00251, 0.00165, 0.00131], hit=[0.01445, 0.02506, 0.03299, 0.06572], ndcg=[0.01072, 0.01408, 0.01610, 0.02237], Train Rec Loss=[0.04985], Eval Rec Loss=[0.04982], c=[0.50000], F=[0.90696, 0.71949, 0.87217, 0.97956], F_fuse=[0.00576, 0.00499, 0.00329, 0.00263]
[ INFO : 2026-07-27 00:55:53,082 ] - Epoch 40: train==[111.90000 = 0.65017 + 0.84685 + 18.65077 + 0.00188 + 0.00000 + 0.00127 + 613.91870]
[ INFO : 2026-07-27 00:56:00,000 ] - Test_@[5, 10, 20, 50]: Recall=[0.01458, 0.02404, 0.03312, 0.06534],  precision=[0.00292, 0.00240, 0.00166, 0.00131], hit=[0.01458, 0.02404, 0.03312, 0.06534], ndcg=[0.01071, 0.01373, 0.01604, 0.02220], Train Rec Loss=[0.04980], Eval Rec Loss=[0.04990], c=[0.50000], F=[0.88555, 0.72484, 0.87279, 0.97945], F_fuse=[0.00581, 0.00479, 0.00331, 0.00261]
[ INFO : 2026-07-27 00:57:27,250 ] - Epoch 41: train==[111.76345 = 0.64976 + 0.84687 + 18.51502 + 0.00191 + 0.00000 + 0.00110 + 613.91686]
[ INFO : 2026-07-27 00:57:34,230 ] - Test_@[5, 10, 20, 50]: Recall=[0.01445, 0.02455, 0.03324, 0.06598],  precision=[0.00289, 0.00245, 0.00166, 0.00132], hit=[0.01445, 0.02455, 0.03324, 0.06598], ndcg=[0.01069, 0.01391, 0.01612, 0.02237], Train Rec Loss=[0.04978], Eval Rec Loss=[0.04990], c=[0.50000], F=[0.86929, 0.72074, 0.87214, 0.97974], F_fuse=[0.00576, 0.00489, 0.00332, 0.00264]
[ INFO : 2026-07-27 00:59:01,219 ] - Epoch 42: train==[111.56567 = 0.64450 + 0.84681 + 18.32187 + 0.00194 + 0.00000 + 0.00099 + 613.92197]
[ INFO : 2026-07-27 00:59:08,237 ] - Test_@[5, 10, 20, 50]: Recall=[0.01445, 0.02442, 0.03299, 0.06546],  precision=[0.00289, 0.00244, 0.00165, 0.00131], hit=[0.01445, 0.02442, 0.03299, 0.06546], ndcg=[0.01064, 0.01382, 0.01600, 0.02221], Train Rec Loss=[0.04981], Eval Rec Loss=[0.04984], c=[0.50000], F=[0.81973, 0.72492, 0.87283, 0.97932], F_fuse=[0.00576, 0.00487, 0.00329, 0.00262]
[ INFO : 2026-07-27 01:00:35,521 ] - Epoch 43: train==[111.56388 = 0.64395 + 0.84679 + 18.32118 + 0.00196 + 0.00000 + 0.00090 + 613.91882]
[ INFO : 2026-07-27 01:00:42,514 ] - Test_@[5, 10, 20, 50]: Recall=[0.01406, 0.02429, 0.03299, 0.06572],  precision=[0.00281, 0.00243, 0.00165, 0.00131], hit=[0.01406, 0.02429, 0.03299, 0.06572], ndcg=[0.01047, 0.01373, 0.01594, 0.02219], Train Rec Loss=[0.04985], Eval Rec Loss=[0.04981], c=[0.50000], F=[0.81282, 0.72830, 0.87509, 0.97815], F_fuse=[0.00561, 0.00484, 0.00329, 0.00263]
[ INFO : 2026-07-27 01:02:10,568 ] - Epoch 44: train==[111.49970 = 0.64039 + 0.84674 + 18.26044 + 0.00198 + 0.00000 + 0.00080 + 613.92031]
[ INFO : 2026-07-27 01:02:17,530 ] - Test_@[5, 10, 20, 50]: Recall=[0.01406, 0.02442, 0.03286, 0.06572],  precision=[0.00281, 0.00244, 0.00164, 0.00131], hit=[0.01406, 0.02442, 0.03286, 0.06572], ndcg=[0.01052, 0.01383, 0.01596, 0.02225], Train Rec Loss=[0.04985], Eval Rec Loss=[0.04979], c=[0.50000], F=[0.83864, 0.71831, 0.87369, 0.97711], F_fuse=[0.00561, 0.00487, 0.00328, 0.00263]
[ INFO : 2026-07-27 01:03:45,054 ] - Epoch 45: train==[111.35450 = 0.63547 + 0.84676 + 18.12028 + 0.00202 + 0.00000 + 0.00072 + 613.91969]
[ INFO : 2026-07-27 01:03:52,172 ] - Test_@[5, 10, 20, 50]: Recall=[0.01445, 0.02429, 0.03337, 0.06572],  precision=[0.00289, 0.00243, 0.00167, 0.00131], hit=[0.01445, 0.02429, 0.03337, 0.06572], ndcg=[0.01052, 0.01369, 0.01595, 0.02213], Train Rec Loss=[0.04977], Eval Rec Loss=[0.04975], c=[0.50000], F=[0.77010, 0.73379, 0.87535, 0.97716], F_fuse=[0.00576, 0.00484, 0.00333, 0.00263]
[ INFO : 2026-07-27 01:05:19,766 ] - Epoch 46: train==[111.22176 = 0.63374 + 0.84669 + 17.98913 + 0.00204 + 0.00000 + 0.00065 + 613.92123]
[ INFO : 2026-07-27 01:05:26,704 ] - Test_@[5, 10, 20, 50]: Recall=[0.01419, 0.02404, 0.03324, 0.06534],  precision=[0.00284, 0.00240, 0.00166, 0.00131], hit=[0.01419, 0.02404, 0.03324, 0.06534], ndcg=[0.01043, 0.01364, 0.01595, 0.02208], Train Rec Loss=[0.04985], Eval Rec Loss=[0.04984], c=[0.50000], F=[0.78505, 0.73618, 0.87728, 0.97675], F_fuse=[0.00566, 0.00479, 0.00332, 0.00261]
[ INFO : 2026-07-27 01:06:53,923 ] - Epoch 47: train==[111.21716 = 0.62792 + 0.84670 + 17.99035 + 0.00204 + 0.00000 + 0.00059 + 613.92160]
[ INFO : 2026-07-27 01:07:00,852 ] - Test_@[5, 10, 20, 50]: Recall=[0.01432, 0.02365, 0.03350, 0.06521],  precision=[0.00286, 0.00237, 0.00167, 0.00130], hit=[0.01432, 0.02365, 0.03350, 0.06521], ndcg=[0.01053, 0.01360, 0.01607, 0.02212], Train Rec Loss=[0.04972], Eval Rec Loss=[0.04981], c=[0.50000], F=[0.76441, 0.73910, 0.87897, 0.97649], F_fuse=[0.00571, 0.00472, 0.00334, 0.00260]
[ INFO : 2026-07-27 01:08:28,490 ] - Epoch 48: train==[111.06114 = 0.62698 + 0.84668 + 17.83504 + 0.00208 + 0.00000 + 0.00054 + 613.92331]
[ INFO : 2026-07-27 01:08:35,406 ] - Test_@[5, 10, 20, 50]: Recall=[0.01419, 0.02391, 0.03337, 0.06495],  precision=[0.00284, 0.00239, 0.00167, 0.00130], hit=[0.01419, 0.02391, 0.03337, 0.06495], ndcg=[0.01046, 0.01360, 0.01598, 0.02200], Train Rec Loss=[0.04980], Eval Rec Loss=[0.04984], c=[0.50000], F=[0.75812, 0.73836, 0.87717, 0.97615], F_fuse=[0.00566, 0.00477, 0.00333, 0.00259]
[ INFO : 2026-07-27 01:10:03,233 ] - Epoch 49: train==[111.04346 = 0.62467 + 0.84664 + 17.81990 + 0.00212 + 0.00000 + 0.00049 + 613.92200]
[ INFO : 2026-07-27 01:10:10,228 ] - Test_@[5, 10, 20, 50]: Recall=[0.01394, 0.02404, 0.03350, 0.06508],  precision=[0.00279, 0.00240, 0.00167, 0.00130], hit=[0.01394, 0.02404, 0.03350, 0.06508], ndcg=[0.01027, 0.01356, 0.01592, 0.02192], Train Rec Loss=[0.04975], Eval Rec Loss=[0.04981], c=[0.50000], F=[0.76751, 0.73859, 0.87627, 0.97628], F_fuse=[0.00555, 0.00479, 0.00334, 0.00260]
[ INFO : 2026-07-27 01:11:37,589 ] - Epoch 50: train==[110.95986 = 0.62181 + 0.84661 + 17.73875 + 0.00212 + 0.00000 + 0.00044 + 613.92507]
[ INFO : 2026-07-27 01:11:44,556 ] - Test_@[5, 10, 20, 50]: Recall=[0.01381, 0.02417, 0.03337, 0.06495],  precision=[0.00276, 0.00242, 0.00167, 0.00130], hit=[0.01381, 0.02417, 0.03337, 0.06495], ndcg=[0.01028, 0.01361, 0.01591, 0.02190], Train Rec Loss=[0.04974], Eval Rec Loss=[0.04977], c=[0.50000], F=[0.76051, 0.73985, 0.87582, 0.97655], F_fuse=[0.00550, 0.00482, 0.00333, 0.00259]
[ INFO : 2026-07-27 01:13:12,003 ] - Epoch 51: train==[110.84166 = 0.61977 + 0.84658 + 17.62296 + 0.00215 + 0.00000 + 0.00043 + 613.92271]
[ INFO : 2026-07-27 01:13:18,979 ] - Test_@[5, 10, 20, 50]: Recall=[0.01419, 0.02378, 0.03324, 0.06495],  precision=[0.00284, 0.00238, 0.00166, 0.00130], hit=[0.01419, 0.02378, 0.03324, 0.06495], ndcg=[0.01035, 0.01343, 0.01579, 0.02183], Train Rec Loss=[0.04979], Eval Rec Loss=[0.04974], c=[0.50000], F=[0.76975, 0.75129, 0.87813, 0.97638], F_fuse=[0.00566, 0.00474, 0.00332, 0.00259]
[ INFO : 2026-07-27 01:14:46,247 ] - Epoch 52: train==[110.71116 = 0.61488 + 0.84655 + 17.49728 + 0.00216 + 0.00000 + 0.00040 + 613.92334]
[ INFO : 2026-07-27 01:14:53,214 ] - Test_@[5, 10, 20, 50]: Recall=[0.01432, 0.02378, 0.03312, 0.06483],  precision=[0.00286, 0.00238, 0.00166, 0.00130], hit=[0.01432, 0.02378, 0.03312, 0.06483], ndcg=[0.01050, 0.01357, 0.01589, 0.02194], Train Rec Loss=[0.04967], Eval Rec Loss=[0.04977], c=[0.50000], F=[0.76147, 0.74912, 0.87925, 0.97525], F_fuse=[0.00571, 0.00474, 0.00331, 0.00259]
[ INFO : 2026-07-27 01:16:20,861 ] - Epoch 53: train==[110.58830 = 0.61042 + 0.84650 + 17.37879 + 0.00219 + 0.00000 + 0.00038 + 613.92404]
[ INFO : 2026-07-27 01:16:27,747 ] - Test_@[5, 10, 20, 50]: Recall=[0.01470, 0.02353, 0.03273, 0.06483],  precision=[0.00294, 0.00235, 0.00164, 0.00130], hit=[0.01470, 0.02353, 0.03273, 0.06483], ndcg=[0.01056, 0.01341, 0.01570, 0.02182], Train Rec Loss=[0.04967], Eval Rec Loss=[0.04968], c=[0.50000], F=[0.77413, 0.75941, 0.88032, 0.97414], F_fuse=[0.00586, 0.00469, 0.00327, 0.00259]
[ INFO : 2026-07-27 01:17:55,163 ] - Epoch 54: train==[110.54664 = 0.61040 + 0.84647 + 17.33706 + 0.00220 + 0.00000 + 0.00035 + 613.92497]
[ INFO : 2026-07-27 01:18:02,061 ] - Test_@[5, 10, 20, 50]: Recall=[0.01483, 0.02314, 0.03209, 0.06419],  precision=[0.00297, 0.00231, 0.00160, 0.00128], hit=[0.01483, 0.02314, 0.03209, 0.06419], ndcg=[0.01046, 0.01314, 0.01538, 0.02152], Train Rec Loss=[0.04964], Eval Rec Loss=[0.04973], c=[0.50000], F=[0.78020, 0.77223, 0.88560, 0.97328], F_fuse=[0.00591, 0.00461, 0.00320, 0.00256]
[ INFO : 2026-07-27 01:19:29,432 ] - Epoch 55: train==[110.46369 = 0.60784 + 0.84647 + 17.25659 + 0.00224 + 0.00000 + 0.00033 + 613.92541]
[ INFO : 2026-07-27 01:19:36,389 ] - Test_@[5, 10, 20, 50]: Recall=[0.01394, 0.02212, 0.03197, 0.06431],  precision=[0.00279, 0.00221, 0.00160, 0.00129], hit=[0.01394, 0.02212, 0.03197, 0.06431], ndcg=[0.01023, 0.01289, 0.01537, 0.02155], Train Rec Loss=[0.04971], Eval Rec Loss=[0.04976], c=[0.50000], F=[0.77633, 0.77530, 0.88793, 0.97269], F_fuse=[0.00555, 0.00441, 0.00319, 0.00257]
[ INFO : 2026-07-27 01:21:03,677 ] - Epoch 56: train==[110.37033 = 0.60503 + 0.84643 + 17.16666 + 0.00224 + 0.00000 + 0.00032 + 613.92139]
[ INFO : 2026-07-27 01:21:10,564 ] - Test_@[5, 10, 20, 50]: Recall=[0.01432, 0.02250, 0.03145, 0.06431],  precision=[0.00286, 0.00225, 0.00157, 0.00129], hit=[0.01432, 0.02250, 0.03145, 0.06431], ndcg=[0.01018, 0.01285, 0.01509, 0.02138], Train Rec Loss=[0.04968], Eval Rec Loss=[0.04958], c=[0.50000], F=[0.76281, 0.76378, 0.88311, 0.97253], F_fuse=[0.00571, 0.00449, 0.00314, 0.00257]
[ INFO : 2026-07-27 01:22:37,866 ] - Epoch 57: train==[110.30384 = 0.60226 + 0.84638 + 17.10254 + 0.00228 + 0.00000 + 0.00031 + 613.92419]
[ INFO : 2026-07-27 01:22:44,804 ] - Test_@[5, 10, 20, 50]: Recall=[0.01445, 0.02225, 0.03145, 0.06431],  precision=[0.00289, 0.00222, 0.00157, 0.00129], hit=[0.01445, 0.02225, 0.03145, 0.06431], ndcg=[0.01038, 0.01294, 0.01523, 0.02150], Train Rec Loss=[0.04972], Eval Rec Loss=[0.04970], c=[0.50000], F=[0.77783, 0.78225, 0.88707, 0.97233], F_fuse=[0.00576, 0.00444, 0.00314, 0.00257]
[ INFO : 2026-07-27 01:24:12,314 ] - Epoch 58: train==[110.23623 = 0.60633 + 0.84633 + 17.03107 + 0.00228 + 0.00000 + 0.00029 + 613.92306]
[ INFO : 2026-07-27 01:24:19,251 ] - Test_@[5, 10, 20, 50]: Recall=[0.01419, 0.02314, 0.03171, 0.06406],  precision=[0.00284, 0.00231, 0.00159, 0.00128], hit=[0.01419, 0.02314, 0.03171, 0.06406], ndcg=[0.01026, 0.01314, 0.01529, 0.02147], Train Rec Loss=[0.04964], Eval Rec Loss=[0.04969], c=[0.50000], F=[0.78965, 0.78204, 0.88664, 0.97194], F_fuse=[0.00566, 0.00461, 0.00317, 0.00256]
[ INFO : 2026-07-27 01:25:46,635 ] - Epoch 59: train==[110.14273 = 0.59574 + 0.84631 + 16.94847 + 0.00232 + 0.00000 + 0.00029 + 613.92078]
[ INFO : 2026-07-27 01:25:53,678 ] - Test_@[5, 10, 20, 50]: Recall=[0.01445, 0.02263, 0.03120, 0.06393],  precision=[0.00289, 0.00226, 0.00156, 0.00128], hit=[0.01445, 0.02263, 0.03120, 0.06393], ndcg=[0.01025, 0.01290, 0.01506, 0.02132], Train Rec Loss=[0.04969], Eval Rec Loss=[0.04972], c=[0.50000], F=[0.79499, 0.79773, 0.89261, 0.97174], F_fuse=[0.00576, 0.00451, 0.00311, 0.00255]
[ INFO : 2026-07-27 01:27:21,193 ] - Epoch 60: train==[110.00448 = 0.59452 + 0.84626 + 16.81111 + 0.00233 + 0.00000 + 0.00029 + 613.92321]
[ INFO : 2026-07-27 01:27:28,173 ] - Test_@[5, 10, 20, 50]: Recall=[0.01445, 0.02276, 0.03094, 0.06316],  precision=[0.00289, 0.00228, 0.00155, 0.00126], hit=[0.01445, 0.02276, 0.03094, 0.06316], ndcg=[0.01033, 0.01300, 0.01506, 0.02124], Train Rec Loss=[0.04966], Eval Rec Loss=[0.04955], c=[0.50000], F=[0.78298, 0.78354, 0.89000, 0.97127], F_fuse=[0.00576, 0.00454, 0.00309, 0.00252]
[ INFO : 2026-07-27 01:28:55,606 ] - Epoch 61: train==[110.03233 = 0.58907 + 0.84621 + 16.84500 + 0.00235 + 0.00000 + 0.00028 + 613.91935]
[ INFO : 2026-07-27 01:29:02,654 ] - Test_@[5, 10, 20, 50]: Recall=[0.01432, 0.02225, 0.03107, 0.06316],  precision=[0.00286, 0.00222, 0.00155, 0.00126], hit=[0.01432, 0.02225, 0.03107, 0.06316], ndcg=[0.01012, 0.01267, 0.01490, 0.02105], Train Rec Loss=[0.04958], Eval Rec Loss=[0.04969], c=[0.50000], F=[0.79735, 0.78754, 0.89602, 0.97171], F_fuse=[0.00571, 0.00444, 0.00310, 0.00252]
[ INFO : 2026-07-27 01:30:30,125 ] - Epoch 62: train==[109.92643 = 0.58902 + 0.84614 + 16.73845 + 0.00235 + 0.00000 + 0.00027 + 613.92430]
[ INFO : 2026-07-27 01:30:37,017 ] - Test_@[5, 10, 20, 50]: Recall=[0.01381, 0.02135, 0.03094, 0.06355],  precision=[0.00276, 0.00214, 0.00155, 0.00127], hit=[0.01381, 0.02135, 0.03094, 0.06355], ndcg=[0.00996, 0.01241, 0.01484, 0.02109], Train Rec Loss=[0.04966], Eval Rec Loss=[0.04970], c=[0.50000], F=[0.79764, 0.79251, 0.89425, 0.97127], F_fuse=[0.00550, 0.00426, 0.00309, 0.00254]
[ INFO : 2026-07-27 01:32:04,489 ] - Epoch 63: train==[109.75137 = 0.58725 + 0.84610 + 16.56499 + 0.00241 + 0.00000 + 0.00026 + 613.92524]
[ INFO : 2026-07-27 01:32:11,582 ] - Test_@[5, 10, 20, 50]: Recall=[0.01381, 0.02174, 0.03081, 0.06304],  precision=[0.00276, 0.00217, 0.00154, 0.00126], hit=[0.01381, 0.02174, 0.03081, 0.06304], ndcg=[0.01002, 0.01260, 0.01490, 0.02109], Train Rec Loss=[0.04965], Eval Rec Loss=[0.04963], c=[0.50000], F=[0.83580, 0.81269, 0.89758, 0.97156], F_fuse=[0.00551, 0.00434, 0.00308, 0.00252]
[ INFO : 2026-07-27 01:33:39,056 ] - Epoch 64: train==[109.78425 = 0.58537 + 0.84616 + 16.60025 + 0.00241 + 0.00000 + 0.00026 + 613.92174]
[ INFO : 2026-07-27 01:33:46,187 ] - Test_@[5, 10, 20, 50]: Recall=[0.01483, 0.02174, 0.02979, 0.06201],  precision=[0.00297, 0.00217, 0.00149, 0.00124], hit=[0.01483, 0.02174, 0.02979, 0.06201], ndcg=[0.01026, 0.01253, 0.01457, 0.02079], Train Rec Loss=[0.04963], Eval Rec Loss=[0.04964], c=[0.50000], F=[0.80355, 0.81066, 0.89712, 0.97179], F_fuse=[0.00591, 0.00434, 0.00297, 0.00248]
[ INFO : 2026-07-27 01:35:13,351 ] - Epoch 65: train==[109.71121 = 0.57850 + 0.84606 + 16.53365 + 0.00243 + 0.00000 + 0.00025 + 613.92490]
[ INFO : 2026-07-27 01:35:20,285 ] - Test_@[5, 10, 20, 50]: Recall=[0.01394, 0.02046, 0.03005, 0.06176],  precision=[0.00279, 0.00205, 0.00150, 0.00124], hit=[0.01394, 0.02046, 0.03005, 0.06176], ndcg=[0.01002, 0.01206, 0.01449, 0.02060], Train Rec Loss=[0.04956], Eval Rec Loss=[0.04967], c=[0.50000], F=[0.83340, 0.81355, 0.89905, 0.97215], F_fuse=[0.00556, 0.00408, 0.00300, 0.00247]
[ INFO : 2026-07-27 01:36:47,603 ] - Epoch 66: train==[109.59369 = 0.57850 + 0.84600 + 16.41657 + 0.00245 + 0.00000 + 0.00025 + 613.92206]
[ INFO : 2026-07-27 01:36:54,598 ] - Test_@[5, 10, 20, 50]: Recall=[0.01355, 0.02161, 0.03056, 0.06227],  precision=[0.00271, 0.00216, 0.00153, 0.00125], hit=[0.01355, 0.02161, 0.03056, 0.06227], ndcg=[0.00993, 0.01254, 0.01482, 0.02090], Train Rec Loss=[0.04962], Eval Rec Loss=[0.04959], c=[0.50000], F=[0.81448, 0.80624, 0.89480, 0.97195], F_fuse=[0.00540, 0.00431, 0.00305, 0.00249]
[ INFO : 2026-07-27 01:38:21,923 ] - Epoch 67: train==[109.53056 = 0.57656 + 0.84590 + 16.35567 + 0.00247 + 0.00000 + 0.00025 + 613.92043]
[ INFO : 2026-07-27 01:38:28,879 ] - Test_@[5, 10, 20, 50]: Recall=[0.01368, 0.02046, 0.02992, 0.06150],  precision=[0.00274, 0.00205, 0.00150, 0.00123], hit=[0.01368, 0.02046, 0.02992, 0.06150], ndcg=[0.00986, 0.01200, 0.01440, 0.02047], Train Rec Loss=[0.04964], Eval Rec Loss=[0.04963], c=[0.50000], F=[0.83356, 0.82487, 0.90503, 0.97210], F_fuse=[0.00545, 0.00408, 0.00299, 0.00246]
[ INFO : 2026-07-27 01:39:56,208 ] - Epoch 68: train==[109.43685 = 0.57204 + 0.84587 + 16.26589 + 0.00247 + 0.00000 + 0.00025 + 613.92453]
[ INFO : 2026-07-27 01:40:03,223 ] - Test_@[5, 10, 20, 50]: Recall=[0.01355, 0.02097, 0.03018, 0.06150],  precision=[0.00271, 0.00210, 0.00151, 0.00123], hit=[0.01355, 0.02097, 0.03018, 0.06150], ndcg=[0.00973, 0.01205, 0.01437, 0.02040], Train Rec Loss=[0.04949], Eval Rec Loss=[0.04962], c=[0.50000], F=[0.82947, 0.81892, 0.90410, 0.97225], F_fuse=[0.00540, 0.00418, 0.00301, 0.00246]
[ INFO : 2026-07-27 01:41:30,372 ] - Epoch 69: train==[109.32971 = 0.57152 + 0.84577 + 16.15960 + 0.00250 + 0.00000 + 0.00024 + 613.92253]
[ INFO : 2026-07-27 01:41:37,255 ] - Test_@[5, 10, 20, 50]: Recall=[0.01343, 0.02135, 0.03043, 0.06137],  precision=[0.00269, 0.00214, 0.00152, 0.00123], hit=[0.01343, 0.02135, 0.03043, 0.06137], ndcg=[0.00971, 0.01225, 0.01456, 0.02052], Train Rec Loss=[0.04954], Eval Rec Loss=[0.04960], c=[0.50000], F=[0.82014, 0.81908, 0.90127, 0.97228], F_fuse=[0.00535, 0.00426, 0.00304, 0.00245]
[ INFO : 2026-07-27 01:43:04,237 ] - Epoch 70: train==[109.34381 = 0.56872 + 0.84577 + 16.17671 + 0.00252 + 0.00000 + 0.00024 + 613.92103]
[ INFO : 2026-07-27 01:43:11,228 ] - Test_@[5, 10, 20, 50]: Recall=[0.01368, 0.02059, 0.02992, 0.06125],  precision=[0.00274, 0.00206, 0.00150, 0.00122], hit=[0.01368, 0.02059, 0.02992, 0.06125], ndcg=[0.00994, 0.01211, 0.01445, 0.02047], Train Rec Loss=[0.04956], Eval Rec Loss=[0.04954], c=[0.50000], F=[0.85187, 0.82522, 0.90414, 0.97233], F_fuse=[0.00545, 0.00411, 0.00299, 0.00245]
[ INFO : 2026-07-27 01:44:38,784 ] - Epoch 71: train==[109.24838 = 0.56819 + 0.84568 + 16.08146 + 0.00255 + 0.00000 + 0.00023 + 613.92359]
[ INFO : 2026-07-27 01:44:45,765 ] - Test_@[5, 10, 20, 50]: Recall=[0.01343, 0.02097, 0.03005, 0.06176],  precision=[0.00269, 0.00210, 0.00150, 0.00124], hit=[0.01343, 0.02097, 0.03005, 0.06176], ndcg=[0.00982, 0.01221, 0.01451, 0.02061], Train Rec Loss=[0.04955], Eval Rec Loss=[0.04961], c=[0.50000], F=[0.83969, 0.81793, 0.90178, 0.97219], F_fuse=[0.00535, 0.00418, 0.00300, 0.00247]
[ INFO : 2026-07-27 01:46:13,419 ] - Epoch 72: train==[109.18838 = 0.56393 + 0.84566 + 16.02554 + 0.00257 + 0.00000 + 0.00023 + 613.92466]
[ INFO : 2026-07-27 01:46:20,398 ] - Test_@[5, 10, 20, 50]: Recall=[0.01355, 0.02033, 0.02979, 0.06048],  precision=[0.00271, 0.00203, 0.00149, 0.00121], hit=[0.01355, 0.02033, 0.02979, 0.06048], ndcg=[0.00965, 0.01175, 0.01414, 0.02006], Train Rec Loss=[0.04952], Eval Rec Loss=[0.04947], c=[0.50000], F=[0.86107, 0.83539, 0.90754, 0.97190], F_fuse=[0.00540, 0.00406, 0.00297, 0.00242]
[ INFO : 2026-07-27 01:47:47,803 ] - Epoch 73: train==[109.12361 = 0.55970 + 0.84558 + 15.96523 + 0.00258 + 0.00000 + 0.00023 + 613.92348]
[ INFO : 2026-07-27 01:47:54,803 ] - Test_@[5, 10, 20, 50]: Recall=[0.01355, 0.02046, 0.03005, 0.06099],  precision=[0.00271, 0.00205, 0.00150, 0.00122], hit=[0.01355, 0.02046, 0.03005, 0.06099], ndcg=[0.00965, 0.01181, 0.01423, 0.02020], Train Rec Loss=[0.04953], Eval Rec Loss=[0.04948], c=[0.50000], F=[0.84838, 0.82800, 0.90398, 0.97193], F_fuse=[0.00540, 0.00408, 0.00300, 0.00244]
[ INFO : 2026-07-27 01:49:22,072 ] - Epoch 74: train==[108.99441 = 0.55768 + 0.84545 + 15.83878 + 0.00260 + 0.00000 + 0.00023 + 613.91898]
[ INFO : 2026-07-27 01:49:29,031 ] - Test_@[5, 10, 20, 50]: Recall=[0.01343, 0.02059, 0.02966, 0.06035],  precision=[0.00269, 0.00206, 0.00148, 0.00121], hit=[0.01343, 0.02059, 0.02966, 0.06035], ndcg=[0.00973, 0.01197, 0.01428, 0.02021], Train Rec Loss=[0.04957], Eval Rec Loss=[0.04951], c=[0.50000], F=[0.85548, 0.82685, 0.90576, 0.97136], F_fuse=[0.00535, 0.00411, 0.00296, 0.00241]
[ INFO : 2026-07-27 01:50:56,193 ] - Epoch 75: train==[108.99723 = 0.56067 + 0.84541 + 15.83807 + 0.00260 + 0.00000 + 0.00023 + 613.92271]
[ INFO : 2026-07-27 01:51:03,220 ] - Test_@[5, 10, 20, 50]: Recall=[0.01343, 0.01956, 0.02928, 0.06073],  precision=[0.00269, 0.00196, 0.00146, 0.00121], hit=[0.01343, 0.01956, 0.02928, 0.06073], ndcg=[0.00944, 0.01138, 0.01385, 0.01992], Train Rec Loss=[0.04952], Eval Rec Loss=[0.04959], c=[0.50000], F=[0.86101, 0.83584, 0.90883, 0.97128], F_fuse=[0.00535, 0.00390, 0.00292, 0.00243]
[ INFO : 2026-07-27 01:52:30,890 ] - Epoch 76: train==[108.90349 = 0.55949 + 0.84535 + 15.74568 + 0.00262 + 0.00000 + 0.00023 + 613.92181]
[ INFO : 2026-07-27 01:52:37,825 ] - Test_@[5, 10, 20, 50]: Recall=[0.01381, 0.02007, 0.02915, 0.06061],  precision=[0.00276, 0.00201, 0.00146, 0.00121], hit=[0.01381, 0.02007, 0.02915, 0.06061], ndcg=[0.00971, 0.01169, 0.01400, 0.02007], Train Rec Loss=[0.04962], Eval Rec Loss=[0.04953], c=[0.50000], F=[0.86043, 0.84119, 0.90988, 0.97075], F_fuse=[0.00551, 0.00401, 0.00291, 0.00242]
[ INFO : 2026-07-27 01:54:05,857 ] - Epoch 77: train==[108.87885 = 0.55274 + 0.84529 + 15.72767 + 0.00264 + 0.00000 + 0.00022 + 613.92268]
[ INFO : 2026-07-27 01:54:12,938 ] - Test_@[5, 10, 20, 50]: Recall=[0.01381, 0.02046, 0.02928, 0.06073],  precision=[0.00276, 0.00205, 0.00146, 0.00121], hit=[0.01381, 0.02046, 0.02928, 0.06073], ndcg=[0.00976, 0.01188, 0.01411, 0.02016], Train Rec Loss=[0.04952], Eval Rec Loss=[0.04959], c=[0.50000], F=[0.86452, 0.84340, 0.90726, 0.97078], F_fuse=[0.00551, 0.00408, 0.00292, 0.00243]
[ INFO : 2026-07-27 01:55:39,725 ] - Epoch 78: train==[108.81983 = 0.55497 + 0.84521 + 15.66681 + 0.00264 + 0.00000 + 0.00022 + 613.92041]
[ INFO : 2026-07-27 01:55:46,647 ] - Test_@[5, 10, 20, 50]: Recall=[0.01330, 0.01982, 0.02890, 0.06035],  precision=[0.00266, 0.00198, 0.00144, 0.00121], hit=[0.01330, 0.01982, 0.02890, 0.06035], ndcg=[0.00943, 0.01148, 0.01380, 0.01985], Train Rec Loss=[0.04947], Eval Rec Loss=[0.04958], c=[0.50000], F=[0.85730, 0.83258, 0.90734, 0.97062], F_fuse=[0.00530, 0.00395, 0.00289, 0.00241]
[ INFO : 2026-07-27 01:57:14,137 ] - Epoch 79: train==[108.65374 = 0.55319 + 0.84512 + 15.50266 + 0.00266 + 0.00000 + 0.00022 + 613.91958]
[ INFO : 2026-07-27 01:57:21,091 ] - Test_@[5, 10, 20, 50]: Recall=[0.01343, 0.01969, 0.02890, 0.06022],  precision=[0.00269, 0.00197, 0.00144, 0.00120], hit=[0.01343, 0.01969, 0.02890, 0.06022], ndcg=[0.00947, 0.01145, 0.01380, 0.01983], Train Rec Loss=[0.04952], Eval Rec Loss=[0.04959], c=[0.50000], F=[0.85059, 0.82659, 0.90566, 0.97107], F_fuse=[0.00535, 0.00393, 0.00289, 0.00241]
[ INFO : 2026-07-27 01:58:48,547 ] - Epoch 80: train==[108.60346 = 0.54481 + 0.84509 + 15.46038 + 0.00269 + 0.00000 + 0.00022 + 613.92203]
[ INFO : 2026-07-27 01:58:55,549 ] - Test_@[5, 10, 20, 50]: Recall=[0.01330, 0.01943, 0.02839, 0.05946],  precision=[0.00266, 0.00194, 0.00142, 0.00119], hit=[0.01330, 0.01943, 0.02839, 0.05946], ndcg=[0.00955, 0.01150, 0.01379, 0.01977], Train Rec Loss=[0.04955], Eval Rec Loss=[0.04961], c=[0.50000], F=[0.85011, 0.83503, 0.90905, 0.97029], F_fuse=[0.00530, 0.00388, 0.00283, 0.00238]
[ INFO : 2026-07-27 02:00:22,846 ] - Epoch 81: train==[108.66438 = 0.54254 + 0.84499 + 15.52397 + 0.00269 + 0.00000 + 0.00021 + 613.91981]
[ INFO : 2026-07-27 02:00:29,842 ] - Test_@[5, 10, 20, 50]: Recall=[0.01317, 0.01918, 0.02864, 0.05984],  precision=[0.00263, 0.00192, 0.00143, 0.00120], hit=[0.01317, 0.01918, 0.02864, 0.05984], ndcg=[0.00950, 0.01143, 0.01385, 0.01985], Train Rec Loss=[0.04951], Eval Rec Loss=[0.04947], c=[0.50000], F=[0.86152, 0.84352, 0.90958, 0.96967], F_fuse=[0.00525, 0.00383, 0.00286, 0.00239]
[ INFO : 2026-07-27 02:01:57,437 ] - Epoch 82: train==[108.48332 = 0.54168 + 0.84485 + 15.34408 + 0.00272 + 0.00000 + 0.00021 + 613.91811]
[ INFO : 2026-07-27 02:02:04,469 ] - Test_@[5, 10, 20, 50]: Recall=[0.01304, 0.02033, 0.02890, 0.06009],  precision=[0.00261, 0.00203, 0.00144, 0.00120], hit=[0.01304, 0.02033, 0.02890, 0.06009], ndcg=[0.00931, 0.01164, 0.01382, 0.01982], Train Rec Loss=[0.04954], Eval Rec Loss=[0.04956], c=[0.50000], F=[0.85797, 0.83215, 0.90373, 0.97013], F_fuse=[0.00520, 0.00406, 0.00289, 0.00240]
[ INFO : 2026-07-27 02:03:32,070 ] - Epoch 83: train==[108.40106 = 0.54066 + 0.84479 + 15.26320 + 0.00274 + 0.00000 + 0.00022 + 613.91585]
[ INFO : 2026-07-27 02:03:39,036 ] - Test_@[5, 10, 20, 50]: Recall=[0.01317, 0.01931, 0.02839, 0.05984],  precision=[0.00263, 0.00193, 0.00142, 0.00120], hit=[0.01317, 0.01931, 0.02839, 0.05984], ndcg=[0.00946, 0.01141, 0.01371, 0.01976], Train Rec Loss=[0.04953], Eval Rec Loss=[0.04944], c=[0.50000], F=[0.86359, 0.84883, 0.91104, 0.96989], F_fuse=[0.00525, 0.00385, 0.00283, 0.00239]
[ INFO : 2026-07-27 02:05:06,597 ] - Epoch 84: train==[108.38277 = 0.53881 + 0.84465 + 15.24603 + 0.00276 + 0.00000 + 0.00021 + 613.92112]
[ INFO : 2026-07-27 02:05:13,599 ] - Test_@[5, 10, 20, 50]: Recall=[0.01279, 0.01943, 0.02800, 0.06009],  precision=[0.00256, 0.00194, 0.00140, 0.00120], hit=[0.01279, 0.01943, 0.02800, 0.06009], ndcg=[0.00919, 0.01131, 0.01349, 0.01967], Train Rec Loss=[0.04947], Eval Rec Loss=[0.04952], c=[0.50000], F=[0.86653, 0.84939, 0.91175, 0.96954], F_fuse=[0.00510, 0.00388, 0.00280, 0.00240]
[ INFO : 2026-07-27 02:06:41,108 ] - Epoch 85: train==[108.29082 = 0.53758 + 0.84457 + 15.15541 + 0.00278 + 0.00000 + 0.00021 + 613.92061]
[ INFO : 2026-07-27 02:06:48,029 ] - Test_@[5, 10, 20, 50]: Recall=[0.01304, 0.01956, 0.02800, 0.06009],  precision=[0.00261, 0.00196, 0.00140, 0.00120], hit=[0.01304, 0.01956, 0.02800, 0.06009], ndcg=[0.00920, 0.01128, 0.01343, 0.01961], Train Rec Loss=[0.04945], Eval Rec Loss=[0.04956], c=[0.50000], F=[0.86331, 0.85001, 0.91149, 0.96876], F_fuse=[0.00520, 0.00390, 0.00280, 0.00240]
[ INFO : 2026-07-27 02:08:15,920 ] - Epoch 86: train==[108.31334 = 0.53332 + 0.84441 + 15.18180 + 0.00277 + 0.00000 + 0.00021 + 613.92395]
[ INFO : 2026-07-27 02:08:22,931 ] - Test_@[5, 10, 20, 50]: Recall=[0.01317, 0.01892, 0.02800, 0.05984],  precision=[0.00263, 0.00189, 0.00140, 0.00120], hit=[0.01317, 0.01892, 0.02800, 0.05984], ndcg=[0.00921, 0.01105, 0.01337, 0.01949], Train Rec Loss=[0.04951], Eval Rec Loss=[0.04952], c=[0.50000], F=[0.85733, 0.84811, 0.91096, 0.96888], F_fuse=[0.00525, 0.00378, 0.00280, 0.00239]
[ INFO : 2026-07-27 02:09:50,583 ] - Epoch 87: train==[108.20369 = 0.53105 + 0.84430 + 15.07546 + 0.00278 + 0.00000 + 0.00020 + 613.91741]
[ INFO : 2026-07-27 02:09:57,600 ] - Test_@[5, 10, 20, 50]: Recall=[0.01304, 0.01943, 0.02813, 0.05984],  precision=[0.00261, 0.00194, 0.00141, 0.00120], hit=[0.01304, 0.01943, 0.02813, 0.05984], ndcg=[0.00923, 0.01125, 0.01347, 0.01957], Train Rec Loss=[0.04946], Eval Rec Loss=[0.04955], c=[0.50000], F=[0.86612, 0.85311, 0.91208, 0.96813], F_fuse=[0.00520, 0.00388, 0.00281, 0.00239]
[ INFO : 2026-07-27 02:11:24,822 ] - Epoch 88: train==[108.14473 = 0.52939 + 0.84412 + 15.01871 + 0.00281 + 0.00000 + 0.00021 + 613.91428]
[ INFO : 2026-07-27 02:11:31,752 ] - Test_@[5, 10, 20, 50]: Recall=[0.01304, 0.01969, 0.02839, 0.05997],  precision=[0.00261, 0.00197, 0.00142, 0.00120], hit=[0.01304, 0.01969, 0.02839, 0.05997], ndcg=[0.00916, 0.01124, 0.01344, 0.01950], Train Rec Loss=[0.04948], Eval Rec Loss=[0.04956], c=[0.50000], F=[0.85778, 0.84367, 0.90982, 0.96807], F_fuse=[0.00520, 0.00393, 0.00283, 0.00240]
[ INFO : 2026-07-27 02:12:59,351 ] - Epoch 89: train==[108.07080 = 0.53492 + 0.84405 + 14.93838 + 0.00283 + 0.00000 + 0.00020 + 613.92020]
[ INFO : 2026-07-27 02:13:06,384 ] - Test_@[5, 10, 20, 50]: Recall=[0.01317, 0.01880, 0.02787, 0.05997],  precision=[0.00263, 0.00188, 0.00139, 0.00120], hit=[0.01317, 0.01880, 0.02787, 0.05997], ndcg=[0.00921, 0.01101, 0.01333, 0.01950], Train Rec Loss=[0.04954], Eval Rec Loss=[0.04954], c=[0.50000], F=[0.86321, 0.85405, 0.91246, 0.96744], F_fuse=[0.00525, 0.00375, 0.00278, 0.00240]
[ INFO : 2026-07-27 02:14:34,211 ] - Epoch 90: train==[108.03942 = 0.52642 + 0.84394 + 14.91613 + 0.00283 + 0.00000 + 0.00020 + 613.91644]
[ INFO : 2026-07-27 02:14:41,394 ] - Test_@[5, 10, 20, 50]: Recall=[0.01304, 0.01828, 0.02775, 0.05882],  precision=[0.00261, 0.00183, 0.00139, 0.00118], hit=[0.01304, 0.01828, 0.02775, 0.05882], ndcg=[0.00908, 0.01075, 0.01316, 0.01915], Train Rec Loss=[0.04952], Eval Rec Loss=[0.04958], c=[0.50000], F=[0.86605, 0.85399, 0.91266, 0.96729], F_fuse=[0.00520, 0.00365, 0.00277, 0.00235]
[ INFO : 2026-07-27 02:16:09,020 ] - Epoch 91: train==[107.93339 = 0.52310 + 0.84376 + 14.81329 + 0.00284 + 0.00000 + 0.00020 + 613.91790]
[ INFO : 2026-07-27 02:16:15,929 ] - Test_@[5, 10, 20, 50]: Recall=[0.01317, 0.01880, 0.02826, 0.05958],  precision=[0.00263, 0.00188, 0.00141, 0.00119], hit=[0.01317, 0.01880, 0.02826, 0.05958], ndcg=[0.00911, 0.01090, 0.01333, 0.01934], Train Rec Loss=[0.04946], Eval Rec Loss=[0.04950], c=[0.50000], F=[0.85263, 0.84439, 0.90888, 0.96747], F_fuse=[0.00525, 0.00375, 0.00282, 0.00238]
[ INFO : 2026-07-27 02:17:43,661 ] - Epoch 92: train==[107.89736 = 0.51952 + 0.84370 + 14.78118 + 0.00285 + 0.00000 + 0.00020 + 613.91595]
[ INFO : 2026-07-27 02:17:50,599 ] - Test_@[5, 10, 20, 50]: Recall=[0.01291, 0.01841, 0.02762, 0.05933],  precision=[0.00258, 0.00184, 0.00138, 0.00119], hit=[0.01291, 0.01841, 0.02762, 0.05933], ndcg=[0.00896, 0.01072, 0.01307, 0.01916], Train Rec Loss=[0.04952], Eval Rec Loss=[0.04956], c=[0.50000], F=[0.86778, 0.85885, 0.91370, 0.96729], F_fuse=[0.00515, 0.00367, 0.00276, 0.00237]
[ INFO : 2026-07-27 02:19:18,418 ] - Epoch 93: train==[107.83386 = 0.51849 + 0.84348 + 14.71913 + 0.00286 + 0.00000 + 0.00020 + 613.91392]
[ INFO : 2026-07-27 02:19:25,307 ] - Test_@[5, 10, 20, 50]: Recall=[0.01330, 0.01880, 0.02813, 0.05958],  precision=[0.00266, 0.00188, 0.00141, 0.00119], hit=[0.01330, 0.01880, 0.02813, 0.05958], ndcg=[0.00905, 0.01078, 0.01318, 0.01922], Train Rec Loss=[0.04943], Eval Rec Loss=[0.04956], c=[0.50000], F=[0.86161, 0.84760, 0.90845, 0.96726], F_fuse=[0.00530, 0.00375, 0.00281, 0.00238]
[ INFO : 2026-07-27 02:20:52,686 ] - Epoch 94: train==[107.78119 = 0.52139 + 0.84338 + 14.66297 + 0.00289 + 0.00000 + 0.00020 + 613.91807]
[ INFO : 2026-07-27 02:20:59,631 ] - Test_@[5, 10, 20, 50]: Recall=[0.01279, 0.01841, 0.02749, 0.05946],  precision=[0.00256, 0.00184, 0.00137, 0.00119], hit=[0.01279, 0.01841, 0.02749, 0.05946], ndcg=[0.00888, 0.01067, 0.01299, 0.01914], Train Rec Loss=[0.04947], Eval Rec Loss=[0.04949], c=[0.50000], F=[0.86382, 0.85447, 0.91122, 0.96729], F_fuse=[0.00510, 0.00367, 0.00274, 0.00238]
[ INFO : 2026-07-27 02:22:27,715 ] - Epoch 95: train==[107.77134 = 0.51994 + 0.84321 + 14.65484 + 0.00291 + 0.00000 + 0.00020 + 613.91679]
[ INFO : 2026-07-27 02:22:34,656 ] - Test_@[5, 10, 20, 50]: Recall=[0.01317, 0.01854, 0.02762, 0.05894],  precision=[0.00263, 0.00185, 0.00138, 0.00118], hit=[0.01317, 0.01854, 0.02762, 0.05894], ndcg=[0.00904, 0.01074, 0.01307, 0.01909], Train Rec Loss=[0.04951], Eval Rec Loss=[0.04950], c=[0.50000], F=[0.86909, 0.85704, 0.91121, 0.96703], F_fuse=[0.00525, 0.00370, 0.00276, 0.00235]
[ INFO : 2026-07-27 02:24:02,564 ] - Epoch 96: train==[107.71264 = 0.51685 + 0.84300 + 14.59955 + 0.00290 + 0.00000 + 0.00019 + 613.91564]
[ INFO : 2026-07-27 02:24:09,455 ] - Test_@[5, 10, 20, 50]: Recall=[0.01304, 0.01816, 0.02787, 0.05907],  precision=[0.00261, 0.00182, 0.00139, 0.00118], hit=[0.01304, 0.01816, 0.02787, 0.05907], ndcg=[0.00917, 0.01079, 0.01325, 0.01924], Train Rec Loss=[0.04937], Eval Rec Loss=[0.04953], c=[0.50000], F=[0.85992, 0.85378, 0.91160, 0.96635], F_fuse=[0.00520, 0.00362, 0.00278, 0.00236]
[ INFO : 2026-07-27 02:25:36,531 ] - Epoch 97: train==[107.58521 = 0.51034 + 0.84289 + 14.47830 + 0.00293 + 0.00000 + 0.00020 + 613.91803]
[ INFO : 2026-07-27 02:25:43,399 ] - Test_@[5, 10, 20, 50]: Recall=[0.01279, 0.01880, 0.02749, 0.05792],  precision=[0.00256, 0.00188, 0.00137, 0.00116], hit=[0.01279, 0.01880, 0.02749, 0.05792], ndcg=[0.00901, 0.01092, 0.01313, 0.01900], Train Rec Loss=[0.04947], Eval Rec Loss=[0.04959], c=[0.50000], F=[0.86378, 0.85944, 0.91087, 0.96600], F_fuse=[0.00510, 0.00375, 0.00274, 0.00231]
[ INFO : 2026-07-27 02:27:11,248 ] - Epoch 98: train==[107.60592 = 0.51471 + 0.84262 + 14.49528 + 0.00293 + 0.00000 + 0.00019 + 613.91486]
[ INFO : 2026-07-27 02:27:18,149 ] - Test_@[5, 10, 20, 50]: Recall=[0.01253, 0.01777, 0.02723, 0.05843],  precision=[0.00251, 0.00178, 0.00136, 0.00117], hit=[0.01253, 0.01777, 0.02723, 0.05843], ndcg=[0.00890, 0.01058, 0.01300, 0.01900], Train Rec Loss=[0.04954], Eval Rec Loss=[0.04952], c=[0.50000], F=[0.86430, 0.85268, 0.91030, 0.96603], F_fuse=[0.00500, 0.00355, 0.00272, 0.00233]
[ INFO : 2026-07-27 02:28:45,823 ] - Epoch 99: train==[107.44380 = 0.51461 + 0.84234 + 14.33344 + 0.00296 + 0.00000 + 0.00019 + 613.91456]
[ INFO : 2026-07-27 02:28:52,802 ] - Test_@[5, 10, 20, 50]: Recall=[0.01253, 0.01841, 0.02736, 0.05818],  precision=[0.00251, 0.00184, 0.00137, 0.00116], hit=[0.01253, 0.01841, 0.02736, 0.05818], ndcg=[0.00884, 0.01072, 0.01302, 0.01897], Train Rec Loss=[0.04945], Eval Rec Loss=[0.04956], c=[0.50000], F=[0.86091, 0.85709, 0.91195, 0.96574], F_fuse=[0.00500, 0.00367, 0.00273, 0.00232]
[ INFO : 2026-07-27 02:30:20,248 ] - Epoch 100: train==[107.48187 = 0.50786 + 0.84217 + 14.37813 + 0.00294 + 0.00000 + 0.00019 + 613.91619]
[ INFO : 2026-07-27 02:30:27,200 ] - Test_@[5, 10, 20, 50]: Recall=[0.01253, 0.01803, 0.02736, 0.05779],  precision=[0.00251, 0.00180, 0.00137, 0.00116], hit=[0.01253, 0.01803, 0.02736, 0.05779], ndcg=[0.00882, 0.01058, 0.01294, 0.01882], Train Rec Loss=[0.04955], Eval Rec Loss=[0.04948], c=[0.50000], F=[0.86203, 0.85741, 0.91231, 0.96529], F_fuse=[0.00500, 0.00360, 0.00273, 0.00231]
[ INFO : 2026-07-27 02:31:54,707 ] - Epoch 101: train==[107.35923 = 0.50345 + 0.84199 + 14.26018 + 0.00298 + 0.00000 + 0.00019 + 613.91490]
[ INFO : 2026-07-27 02:32:01,664 ] - Test_@[5, 10, 20, 50]: Recall=[0.01253, 0.01816, 0.02762, 0.05805],  precision=[0.00251, 0.00182, 0.00138, 0.00116], hit=[0.01253, 0.01816, 0.02762, 0.05805], ndcg=[0.00879, 0.01058, 0.01298, 0.01886], Train Rec Loss=[0.04946], Eval Rec Loss=[0.04955], c=[0.50000], F=[0.85714, 0.85474, 0.91250, 0.96476], F_fuse=[0.00500, 0.00362, 0.00276, 0.00232]
[ INFO : 2026-07-27 02:33:29,837 ] - Epoch 102: train==[107.36938 = 0.50257 + 0.84166 + 14.27172 + 0.00298 + 0.00000 + 0.00019 + 613.91286]
[ INFO : 2026-07-27 02:33:36,776 ] - Test_@[5, 10, 20, 50]: Recall=[0.01227, 0.01777, 0.02660, 0.05767],  precision=[0.00245, 0.00178, 0.00133, 0.00115], hit=[0.01227, 0.01777, 0.02660, 0.05767], ndcg=[0.00843, 0.01019, 0.01243, 0.01845], Train Rec Loss=[0.04949], Eval Rec Loss=[0.04951], c=[0.50000], F=[0.85563, 0.85698, 0.91316, 0.96499], F_fuse=[0.00490, 0.00355, 0.00266, 0.00230]
[ INFO : 2026-07-27 02:35:04,025 ] - Epoch 103: train==[107.29690 = 0.50293 + 0.84143 + 14.19901 + 0.00301 + 0.00000 + 0.00019 + 613.91262]
[ INFO : 2026-07-27 02:35:10,937 ] - Test_@[5, 10, 20, 50]: Recall=[0.01240, 0.01854, 0.02736, 0.05869],  precision=[0.00248, 0.00185, 0.00137, 0.00117], hit=[0.01240, 0.01854, 0.02736, 0.05869], ndcg=[0.00865, 0.01060, 0.01282, 0.01886], Train Rec Loss=[0.04949], Eval Rec Loss=[0.04960], c=[0.50000], F=[0.85519, 0.85682, 0.91344, 0.96477], F_fuse=[0.00495, 0.00370, 0.00273, 0.00234]
[ INFO : 2026-07-27 02:36:38,390 ] - Epoch 104: train==[107.22980 = 0.49909 + 0.84109 + 14.13552 + 0.00301 + 0.00000 + 0.00019 + 613.91565]
[ INFO : 2026-07-27 02:36:45,321 ] - Test_@[5, 10, 20, 50]: Recall=[0.01253, 0.01816, 0.02711, 0.05754],  precision=[0.00251, 0.00182, 0.00136, 0.00115], hit=[0.01253, 0.01816, 0.02711, 0.05754], ndcg=[0.00859, 0.01037, 0.01263, 0.01851], Train Rec Loss=[0.04956], Eval Rec Loss=[0.04957], c=[0.50000], F=[0.86206, 0.86495, 0.91632, 0.96409], F_fuse=[0.00500, 0.00362, 0.00271, 0.00230]
[ INFO : 2026-07-27 02:38:12,893 ] - Epoch 105: train==[107.15967 = 0.49851 + 0.84078 + 14.06675 + 0.00302 + 0.00000 + 0.00019 + 613.91157]
[ INFO : 2026-07-27 02:38:19,714 ] - Test_@[5, 10, 20, 50]: Recall=[0.01202, 0.01777, 0.02723, 0.05741],  precision=[0.00240, 0.00178, 0.00136, 0.00115], hit=[0.01202, 0.01777, 0.02723, 0.05741], ndcg=[0.00828, 0.01013, 0.01251, 0.01835], Train Rec Loss=[0.04949], Eval Rec Loss=[0.04955], c=[0.50000], F=[0.85630, 0.85937, 0.91372, 0.96453], F_fuse=[0.00479, 0.00355, 0.00272, 0.00229]
[ INFO : 2026-07-27 02:39:47,453 ] - Epoch 106: train==[107.09321 = 0.49717 + 0.84048 + 14.00141 + 0.00304 + 0.00000 + 0.00019 + 613.91405]
[ INFO : 2026-07-27 02:39:54,613 ] - Test_@[5, 10, 20, 50]: Recall=[0.01240, 0.01841, 0.02711, 0.05715],  precision=[0.00248, 0.00184, 0.00136, 0.00114], hit=[0.01240, 0.01841, 0.02711, 0.05715], ndcg=[0.00866, 0.01056, 0.01276, 0.01856], Train Rec Loss=[0.04953], Eval Rec Loss=[0.04942], c=[0.50000], F=[0.85825, 0.85918, 0.91313, 0.96442], F_fuse=[0.00495, 0.00367, 0.00271, 0.00228]
[ INFO : 2026-07-27 02:41:21,615 ] - Epoch 107: train==[107.04337 = 0.49859 + 0.84014 + 13.95062 + 0.00305 + 0.00000 + 0.00018 + 613.91216]
[ INFO : 2026-07-27 02:41:28,560 ] - Test_@[5, 10, 20, 50]: Recall=[0.01151, 0.01803, 0.02711, 0.05703],  precision=[0.00230, 0.00180, 0.00136, 0.00114], hit=[0.01151, 0.01803, 0.02711, 0.05703], ndcg=[0.00792, 0.01001, 0.01231, 0.01809], Train Rec Loss=[0.04954], Eval Rec Loss=[0.04959], c=[0.50000], F=[0.85394, 0.85359, 0.91171, 0.96479], F_fuse=[0.00459, 0.00360, 0.00271, 0.00228]
[ INFO : 2026-07-27 02:42:56,286 ] - Epoch 108: train==[106.96901 = 0.49657 + 0.83989 + 13.87860 + 0.00306 + 0.00000 + 0.00018 + 613.91107]
[ INFO : 2026-07-27 02:43:03,217 ] - Test_@[5, 10, 20, 50]: Recall=[0.01215, 0.01828, 0.02698, 0.05792],  precision=[0.00243, 0.00183, 0.00135, 0.00116], hit=[0.01215, 0.01828, 0.02698, 0.05792], ndcg=[0.00846, 0.01040, 0.01259, 0.01857], Train Rec Loss=[0.04949], Eval Rec Loss=[0.04954], c=[0.50000], F=[0.85317, 0.86108, 0.91571, 0.96441], F_fuse=[0.00484, 0.00365, 0.00269, 0.00231]
[ INFO : 2026-07-27 02:44:30,518 ] - Epoch 109: train==[106.92122 = 0.49146 + 0.83947 + 13.83606 + 0.00308 + 0.00000 + 0.00018 + 613.91171]
[ INFO : 2026-07-27 02:44:37,482 ] - Test_@[5, 10, 20, 50]: Recall=[0.01227, 0.01867, 0.02736, 0.05805],  precision=[0.00245, 0.00187, 0.00137, 0.00116], hit=[0.01227, 0.01867, 0.02736, 0.05805], ndcg=[0.00815, 0.01019, 0.01237, 0.01829], Train Rec Loss=[0.04961], Eval Rec Loss=[0.04966], c=[0.50000], F=[0.85407, 0.86332, 0.91587, 0.96429], F_fuse=[0.00490, 0.00373, 0.00273, 0.00232]
[ INFO : 2026-07-27 02:46:04,890 ] - Epoch 110: train==[106.90275 = 0.49218 + 0.83913 + 13.81688 + 0.00308 + 0.00000 + 0.00018 + 613.91298]
[ INFO : 2026-07-27 02:46:11,776 ] - Test_@[5, 10, 20, 50]: Recall=[0.01240, 0.01777, 0.02711, 0.05767],  precision=[0.00248, 0.00178, 0.00136, 0.00115], hit=[0.01240, 0.01777, 0.02711, 0.05767], ndcg=[0.00858, 0.01027, 0.01264, 0.01854], Train Rec Loss=[0.04958], Eval Rec Loss=[0.04958], c=[0.50000], F=[0.85586, 0.86345, 0.91453, 0.96403], F_fuse=[0.00495, 0.00355, 0.00271, 0.00230]
[ INFO : 2026-07-27 02:47:39,369 ] - Epoch 111: train==[106.91110 = 0.49145 + 0.83868 + 13.82649 + 0.00308 + 0.00000 + 0.00018 + 613.91124]
[ INFO : 2026-07-27 02:47:46,280 ] - Test_@[5, 10, 20, 50]: Recall=[0.01202, 0.01726, 0.02634, 0.05792],  precision=[0.00240, 0.00173, 0.00132, 0.00116], hit=[0.01202, 0.01726, 0.02634, 0.05792], ndcg=[0.00809, 0.00976, 0.01207, 0.01818], Train Rec Loss=[0.04956], Eval Rec Loss=[0.04957], c=[0.50000], F=[0.85336, 0.86524, 0.91778, 0.96305], F_fuse=[0.00479, 0.00345, 0.00263, 0.00231]
[ INFO : 2026-07-27 02:49:13,823 ] - Epoch 112: train==[106.76998 = 0.49125 + 0.83819 + 13.68596 + 0.00309 + 0.00000 + 0.00018 + 613.91052]
[ INFO : 2026-07-27 02:49:20,761 ] - Test_@[5, 10, 20, 50]: Recall=[0.01202, 0.01816, 0.02711, 0.05715],  precision=[0.00240, 0.00182, 0.00136, 0.00114], hit=[0.01202, 0.01816, 0.02711, 0.05715], ndcg=[0.00831, 0.01025, 0.01251, 0.01832], Train Rec Loss=[0.04965], Eval Rec Loss=[0.04958], c=[0.50000], F=[0.85327, 0.85897, 0.91435, 0.96452], F_fuse=[0.00479, 0.00362, 0.00271, 0.00228]
[ INFO : 2026-07-27 02:50:48,110 ] - Epoch 113: train==[106.71845 = 0.48686 + 0.83783 + 13.63882 + 0.00311 + 0.00000 + 0.00018 + 613.91182]
[ INFO : 2026-07-27 02:50:55,003 ] - Test_@[5, 10, 20, 50]: Recall=[0.01253, 0.01803, 0.02647, 0.05741],  precision=[0.00251, 0.00180, 0.00132, 0.00115], hit=[0.01253, 0.01803, 0.02647, 0.05741], ndcg=[0.00880, 0.01052, 0.01263, 0.01861], Train Rec Loss=[0.04959], Eval Rec Loss=[0.04964], c=[0.50000], F=[0.86174, 0.87166, 0.92035, 0.96372], F_fuse=[0.00500, 0.00360, 0.00264, 0.00229]
[ INFO : 2026-07-27 02:52:22,359 ] - Epoch 114: train==[106.73043 = 0.48279 + 0.83736 + 13.65504 + 0.00312 + 0.00000 + 0.00018 + 613.91256]
[ INFO : 2026-07-27 02:52:29,292 ] - Test_@[5, 10, 20, 50]: Recall=[0.01151, 0.01739, 0.02596, 0.05792],  precision=[0.00230, 0.00174, 0.00130, 0.00116], hit=[0.01151, 0.01739, 0.02596, 0.05792], ndcg=[0.00794, 0.00981, 0.01198, 0.01816], Train Rec Loss=[0.04957], Eval Rec Loss=[0.04972], c=[0.50000], F=[0.85515, 0.86742, 0.91708, 0.96327], F_fuse=[0.00459, 0.00347, 0.00259, 0.00231]
[ INFO : 2026-07-27 02:53:56,460 ] - Epoch 115: train==[106.57819 = 0.48395 + 0.83683 + 13.50245 + 0.00316 + 0.00000 + 0.00018 + 613.90896]
[ INFO : 2026-07-27 02:54:03,411 ] - Test_@[5, 10, 20, 50]: Recall=[0.01176, 0.01739, 0.02660, 0.05703],  precision=[0.00235, 0.00174, 0.00133, 0.00114], hit=[0.01176, 0.01739, 0.02660, 0.05703], ndcg=[0.00792, 0.00970, 0.01204, 0.01792], Train Rec Loss=[0.04963], Eval Rec Loss=[0.04963], c=[0.50000], F=[0.85304, 0.86615, 0.91747, 0.96291], F_fuse=[0.00469, 0.00347, 0.00266, 0.00228]
[ INFO : 2026-07-27 02:55:30,926 ] - Epoch 116: train==[106.55254 = 0.48649 + 0.83633 + 13.47482 + 0.00316 + 0.00000 + 0.00018 + 613.90728]
[ INFO : 2026-07-27 02:55:37,908 ] - Test_@[5, 10, 20, 50]: Recall=[0.01164, 0.01701, 0.02634, 0.05741],  precision=[0.00233, 0.00170, 0.00132, 0.00115], hit=[0.01164, 0.01701, 0.02634, 0.05741], ndcg=[0.00795, 0.00967, 0.01205, 0.01806], Train Rec Loss=[0.04966], Eval Rec Loss=[0.04962], c=[0.50000], F=[0.85017, 0.86233, 0.91574, 0.96307], F_fuse=[0.00464, 0.00339, 0.00263, 0.00229]
[ INFO : 2026-07-27 02:57:05,322 ] - Epoch 117: train==[106.57800 = 0.47753 + 0.83582 + 13.50904 + 0.00315 + 0.00000 + 0.00018 + 613.91073]
[ INFO : 2026-07-27 02:57:12,364 ] - Test_@[5, 10, 20, 50]: Recall=[0.01125, 0.01713, 0.02672, 0.05767],  precision=[0.00225, 0.00171, 0.00134, 0.00115], hit=[0.01125, 0.01713, 0.02672, 0.05767], ndcg=[0.00766, 0.00954, 0.01197, 0.01794], Train Rec Loss=[0.04962], Eval Rec Loss=[0.04964], c=[0.50000], F=[0.84882, 0.86426, 0.91678, 0.96286], F_fuse=[0.00449, 0.00342, 0.00267, 0.00230]
[ INFO : 2026-07-27 02:58:40,242 ] - Epoch 118: train==[106.46958 = 0.48187 + 0.83532 + 13.39660 + 0.00317 + 0.00000 + 0.00018 + 613.91042]
[ INFO : 2026-07-27 02:58:47,201 ] - Test_@[5, 10, 20, 50]: Recall=[0.01061, 0.01662, 0.02544, 0.05703],  precision=[0.00212, 0.00166, 0.00127, 0.00114], hit=[0.01061, 0.01662, 0.02544, 0.05703], ndcg=[0.00710, 0.00903, 0.01124, 0.01735], Train Rec Loss=[0.04970], Eval Rec Loss=[0.04979], c=[0.50000], F=[0.85125, 0.87146, 0.92055, 0.96157], F_fuse=[0.00423, 0.00332, 0.00254, 0.00228]
[ INFO : 2026-07-27 03:00:14,415 ] - Epoch 119: train==[106.39474 = 0.47518 + 0.83479 + 13.32864 + 0.00319 + 0.00000 + 0.00018 + 613.91113]
[ INFO : 2026-07-27 03:00:21,425 ] - Test_@[5, 10, 20, 50]: Recall=[0.01202, 0.01777, 0.02660, 0.05767],  precision=[0.00240, 0.00178, 0.00133, 0.00115], hit=[0.01202, 0.01777, 0.02660, 0.05767], ndcg=[0.00811, 0.00993, 0.01215, 0.01815], Train Rec Loss=[0.04969], Eval Rec Loss=[0.04972], c=[0.50000], F=[0.84889, 0.86225, 0.91615, 0.96239], F_fuse=[0.00479, 0.00355, 0.00266, 0.00230]
[ INFO : 2026-07-27 03:01:48,791 ] - Epoch 120: train==[106.31623 = 0.47353 + 0.83405 + 13.25200 + 0.00318 + 0.00000 + 0.00018 + 613.91261]
[ INFO : 2026-07-27 03:01:55,649 ] - Test_@[5, 10, 20, 50]: Recall=[0.01151, 0.01726, 0.02647, 0.05703],  precision=[0.00230, 0.00173, 0.00132, 0.00114], hit=[0.01151, 0.01726, 0.02647, 0.05703], ndcg=[0.00772, 0.00955, 0.01189, 0.01779], Train Rec Loss=[0.04978], Eval Rec Loss=[0.04993], c=[0.50000], F=[0.84866, 0.86369, 0.91630, 0.96161], F_fuse=[0.00459, 0.00345, 0.00264, 0.00228]
[ INFO : 2026-07-27 03:03:23,447 ] - Epoch 121: train==[106.32839 = 0.47466 + 0.83334 + 13.26384 + 0.00320 + 0.00000 + 0.00017 + 613.91002]
[ INFO : 2026-07-27 03:03:30,402 ] - Test_@[5, 10, 20, 50]: Recall=[0.01215, 0.01841, 0.02647, 0.05779],  precision=[0.00243, 0.00184, 0.00132, 0.00116], hit=[0.01215, 0.01841, 0.02647, 0.05779], ndcg=[0.00823, 0.01020, 0.01224, 0.01829], Train Rec Loss=[0.04975], Eval Rec Loss=[0.04987], c=[0.50000], F=[0.85736, 0.87239, 0.91966, 0.96241], F_fuse=[0.00484, 0.00367, 0.00264, 0.00231]
[ INFO : 2026-07-27 03:04:58,195 ] - Epoch 122: train==[106.28285 = 0.47667 + 0.83261 + 13.21685 + 0.00322 + 0.00000 + 0.00017 + 613.90904]
[ INFO : 2026-07-27 03:05:05,120 ] - Test_@[5, 10, 20, 50]: Recall=[0.01112, 0.01701, 0.02608, 0.05677],  precision=[0.00222, 0.00170, 0.00130, 0.00114], hit=[0.01112, 0.01701, 0.02608, 0.05677], ndcg=[0.00737, 0.00925, 0.01153, 0.01744], Train Rec Loss=[0.04971], Eval Rec Loss=[0.04985], c=[0.50000], F=[0.84828, 0.87103, 0.91956, 0.96077], F_fuse=[0.00444, 0.00339, 0.00260, 0.00227]
[ INFO : 2026-07-27 03:06:32,440 ] - Epoch 123: train==[106.17879 = 0.47293 + 0.83185 + 13.11660 + 0.00322 + 0.00000 + 0.00017 + 613.91164]
[ INFO : 2026-07-27 03:06:39,422 ] - Test_@[5, 10, 20, 50]: Recall=[0.01138, 0.01726, 0.02634, 0.05779],  precision=[0.00228, 0.00173, 0.00132, 0.00116], hit=[0.01138, 0.01726, 0.02634, 0.05779], ndcg=[0.00763, 0.00952, 0.01182, 0.01788], Train Rec Loss=[0.04989], Eval Rec Loss=[0.04977], c=[0.50000], F=[0.84812, 0.86742, 0.91967, 0.96145], F_fuse=[0.00454, 0.00345, 0.00263, 0.00231]
