Job 74404 on gpu03; lambda_cf=1.0; group_k=10; seed=0; started Mon Jul 27 02:33:22 AM UTC 2026
Mon Jul 27 02:33:22 2026       
+-----------------------------------------------------------------------------------------+
| NVIDIA-SMI 580.82.07              Driver Version: 580.82.07      CUDA Version: 13.0     |
+-----------------------------------------+------------------------+----------------------+
| GPU  Name                 Persistence-M | Bus-Id          Disp.A | Volatile Uncorr. ECC |
| Fan  Temp   Perf          Pwr:Usage/Cap |           Memory-Usage | GPU-Util  Compute M. |
|                                         |                        |               MIG M. |
|=========================================+========================+======================|
|   0  NVIDIA A100-PCIE-40GB          On  |   00000000:63:00.0 Off |                    0 |
| N/A   36C    P0             31W /  250W |       0MiB /  40960MiB |      0%      Default |
|                                         |                        |             Disabled |
+-----------------------------------------+------------------------+----------------------+

+-----------------------------------------------------------------------------------------+
| Processes:                                                                              |
|  GPU   GI   CI              PID   Type   Process name                        GPU Memory |
|        ID   ID                                                               Usage      |
|=========================================================================================|
|  No running processes found                                                             |
+-----------------------------------------------------------------------------------------+
[ INFO : 2026-07-27 02:33:58,937 ] - Preprocess missing values with zero
[ INFO : 2026-07-27 02:34:01,014 ] - Pretrained diffusion model is loaded from: ./checkpoint/baby/best_model.pth
[ INFO : 2026-07-27 02:34:03,621 ] - Completed data loaded from: ./checkpoint/baby/completed_data.pkl
/media/lhbac29/raid-cf/main.py:106: DeprecationWarning: Please import `csr_matrix` from the `scipy.sparse` namespace; the `scipy.sparse.csr` namespace is deprecated and will be removed in SciPy 2.0.0.
  self.ui_graph = self.ui_graph_raw = pickle.load(open('./data/' + self.dataset + '/train_mat', 'rb'))
[ INFO : 2026-07-27 02:34:03,989 ] - Missing rate = 0.400000, complete strategy: zero
[ INFO : 2026-07-27 02:36:51,817 ] - Epoch 1: train==[357.06597 = 2.00508 + 1.76336 + 66.38756 + 0.00055 + 0.00000 + 176.66253 + 1224.96542]
[ INFO : 2026-07-27 02:37:02,844 ] - Test_@[5, 10, 20, 50]: Recall=[0.01781, 0.02853, 0.04620, 0.08856],  precision=[0.00371, 0.00300, 0.00246, 0.00187], hit=[0.01857, 0.02993, 0.04880, 0.09293], ndcg=[0.01126, 0.01469, 0.01916, 0.02758], Train Rec Loss=[0.03147], Eval Rec Loss=[0.03153], c=[0.50000], F=[0.75021, 0.91981, 0.87355, 0.99102], F_fuse=[0.00739, 0.00598, 0.00490, 0.00374]
[ INFO : 2026-07-27 02:40:02,446 ] - Epoch 2: train==[217.43188 = 1.61707 + 1.72656 + 63.79864 + 0.00082 + 0.00000 + 39.95805 + 1225.89705]
[ INFO : 2026-07-27 02:40:13,399 ] - Test_@[5, 10, 20, 50]: Recall=[0.01781, 0.02874, 0.04689, 0.08902],  precision=[0.00371, 0.00303, 0.00249, 0.00189], hit=[0.01857, 0.03024, 0.04952, 0.09355], ndcg=[0.01128, 0.01481, 0.01943, 0.02782], Train Rec Loss=[0.03128], Eval Rec Loss=[0.03136], c=[0.50000], F=[0.75005, 0.87375, 0.87354, 0.99373], F_fuse=[0.00739, 0.00604, 0.00497, 0.00377]
[ INFO : 2026-07-27 02:43:14,376 ] - Epoch 3: train==[186.31130 = 1.60264 + 1.72592 + 60.73474 + 0.00132 + 0.00000 + 11.91594 + 1225.89705]
[ INFO : 2026-07-27 02:43:25,304 ] - Test_@[5, 10, 20, 50]: Recall=[0.01781, 0.02865, 0.04700, 0.09093],  precision=[0.00371, 0.00302, 0.00250, 0.00192], hit=[0.01857, 0.03014, 0.04958, 0.09540], ndcg=[0.01128, 0.01479, 0.01947, 0.02818], Train Rec Loss=[0.03128], Eval Rec Loss=[0.03129], c=[0.50000], F=[0.75004, 0.87337, 0.87354, 0.99132], F_fuse=[0.00739, 0.00602, 0.00498, 0.00384]
[ INFO : 2026-07-27 02:46:26,301 ] - Epoch 4: train==[174.34356 = 1.59210 + 1.72590 + 57.54076 + 0.00211 + 0.00000 + 3.15195 + 1225.89705]
[ INFO : 2026-07-27 02:46:37,234 ] - Test_@[5, 10, 20, 50]: Recall=[0.01781, 0.02907, 0.04674, 0.09176],  precision=[0.00371, 0.00305, 0.00248, 0.00194], hit=[0.01857, 0.03050, 0.04932, 0.09627], ndcg=[0.01128, 0.01491, 0.01942, 0.02834], Train Rec Loss=[0.03121], Eval Rec Loss=[0.03124], c=[0.50000], F=[0.75004, 0.87337, 0.87354, 0.96732], F_fuse=[0.00739, 0.00609, 0.00495, 0.00387]
[ INFO : 2026-07-27 02:49:33,016 ] - Epoch 5: train==[169.80945 = 1.57854 + 1.72588 + 55.48566 + 0.00296 + 0.00000 + 0.68567 + 1225.89705]
[ INFO : 2026-07-27 02:49:44,012 ] - Test_@[5, 10, 20, 50]: Recall=[0.01786, 0.02899, 0.04664, 0.09187],  precision=[0.00372, 0.00304, 0.00248, 0.00194], hit=[0.01862, 0.03039, 0.04922, 0.09632], ndcg=[0.01130, 0.01490, 0.01941, 0.02837], Train Rec Loss=[0.03117], Eval Rec Loss=[0.03123], c=[0.50000], F=[0.75004, 0.87337, 0.87354, 0.95308], F_fuse=[0.00741, 0.00607, 0.00494, 0.00388]
[ INFO : 2026-07-27 02:52:41,263 ] - Epoch 6: train==[168.36940 = 1.56373 + 1.72587 + 54.49102 + 0.00350 + 0.00000 + 0.25454 + 1225.89705]
[ INFO : 2026-07-27 02:52:52,354 ] - Test_@[5, 10, 20, 50]: Recall=[0.01786, 0.02894, 0.04703, 0.09188],  precision=[0.00372, 0.00304, 0.00250, 0.00194], hit=[0.01862, 0.03034, 0.04963, 0.09637], ndcg=[0.01130, 0.01489, 0.01950, 0.02840], Train Rec Loss=[0.03115], Eval Rec Loss=[0.03122], c=[0.50000], F=[0.75004, 0.87339, 0.87357, 0.95270], F_fuse=[0.00741, 0.00606, 0.00498, 0.00388]
[ INFO : 2026-07-27 02:55:53,307 ] - Epoch 7: train==[167.55893 = 1.54915 + 1.72587 + 53.81245 + 0.00385 + 0.00000 + 0.13688 + 1225.89705]
[ INFO : 2026-07-27 02:56:04,267 ] - Test_@[5, 10, 20, 50]: Recall=[0.01790, 0.02894, 0.04749, 0.09214],  precision=[0.00372, 0.00305, 0.00252, 0.00195], hit=[0.01862, 0.03044, 0.05009, 0.09653], ndcg=[0.01133, 0.01493, 0.01964, 0.02849], Train Rec Loss=[0.03115], Eval Rec Loss=[0.03118], c=[0.50000], F=[0.75004, 0.87341, 0.87381, 0.95364], F_fuse=[0.00741, 0.00608, 0.00503, 0.00389]
[ INFO : 2026-07-27 02:59:05,508 ] - Epoch 8: train==[166.97266 = 1.53272 + 1.72586 + 53.30577 + 0.00406 + 0.00000 + 0.07352 + 1225.89705]
[ INFO : 2026-07-27 02:59:16,206 ] - Test_@[5, 10, 20, 50]: Recall=[0.01795, 0.02949, 0.04806, 0.09408],  precision=[0.00373, 0.00310, 0.00255, 0.00199], hit=[0.01867, 0.03091, 0.05066, 0.09869], ndcg=[0.01136, 0.01511, 0.01981, 0.02890], Train Rec Loss=[0.03110], Eval Rec Loss=[0.03119], c=[0.50000], F=[0.75041, 0.87369, 0.87469, 0.96246], F_fuse=[0.00743, 0.00618, 0.00508, 0.00397]
[ INFO : 2026-07-27 03:02:16,508 ] - Epoch 9: train==[165.88020 = 1.52418 + 1.72586 + 52.25367 + 0.00423 + 0.00000 + 0.04152 + 1225.89705]
[ INFO : 2026-07-27 03:02:27,530 ] - Test_@[5, 10, 20, 50]: Recall=[0.01819, 0.03063, 0.04937, 0.09684],  precision=[0.00379, 0.00323, 0.00263, 0.00206], hit=[0.01893, 0.03230, 0.05215, 0.10172], ndcg=[0.01150, 0.01556, 0.02033, 0.02973], Train Rec Loss=[0.03109], Eval Rec Loss=[0.03118], c=[0.50000], F=[0.75154, 0.87052, 0.87502, 0.97723], F_fuse=[0.00753, 0.00645, 0.00525, 0.00410]
[ INFO : 2026-07-27 03:05:28,383 ] - Epoch 10: train==[165.17591 = 1.50745 + 1.72586 + 51.58426 + 0.00440 + 0.00000 + 0.02321 + 1225.89705]
[ INFO : 2026-07-27 03:05:39,283 ] - Test_@[5, 10, 20, 50]: Recall=[0.01994, 0.03281, 0.05256, 0.10212],  precision=[0.00418, 0.00347, 0.00281, 0.00217], hit=[0.02083, 0.03456, 0.05570, 0.10743], ndcg=[0.01266, 0.01686, 0.02190, 0.03173], Train Rec Loss=[0.03112], Eval Rec Loss=[0.03117], c=[0.50000], F=[0.76165, 0.87154, 0.87519, 0.98198], F_fuse=[0.00831, 0.00692, 0.00560, 0.00434]
