Job 74837 on gpu02; lambda_cf=1.0; group_k=10; seed=5; started Fri Aug  7 04:56:03 PM +07 2026
Fri Aug  7 16:56:03 2026       
+-----------------------------------------------------------------------------------------+
| NVIDIA-SMI 555.42.02              Driver Version: 555.42.02      CUDA Version: 12.5     |
|-----------------------------------------+------------------------+----------------------+
| GPU  Name                 Persistence-M | Bus-Id          Disp.A | Volatile Uncorr. ECC |
| Fan  Temp   Perf          Pwr:Usage/Cap |           Memory-Usage | GPU-Util  Compute M. |
|                                         |                        |               MIG M. |
|=========================================+========================+======================|
|   0  NVIDIA A100-PCIE-40GB          Off |   00000000:14:00.0 Off |                    0 |
| N/A   30C    P0             32W /  250W |       1MiB /  40960MiB |      0%      Default |
|                                         |                        |             Disabled |
+-----------------------------------------+------------------------+----------------------+
                                                                                         
+-----------------------------------------------------------------------------------------+
| Processes:                                                                              |
|  GPU   GI   CI        PID   Type   Process name                              GPU Memory |
|        ID   ID                                                               Usage      |
|=========================================================================================|
|  No running processes found                                                             |
+-----------------------------------------------------------------------------------------+
[ INFO : 2026-08-07 16:57:14,134 ] - Preprocess missing values with zero
[ INFO : 2026-08-07 16:57:15,735 ] - Pretrained diffusion model is loaded from: ./checkpoint/baby/best_model.pth
[ INFO : 2026-08-07 16:57:18,021 ] - Completed data loaded from: ./checkpoint/baby/completed_data.pkl
/media/lhbac29/raid-cf/main.py:106: DeprecationWarning: Please import `csr_matrix` from the `scipy.sparse` namespace; the `scipy.sparse.csr` namespace is deprecated and will be removed in SciPy 2.0.0.
  self.ui_graph = self.ui_graph_raw = pickle.load(open('./data/' + self.dataset + '/train_mat', 'rb'))
[ INFO : 2026-08-07 16:57:18,340 ] - Missing rate = 0.400000, complete strategy: zero
[ INFO : 2026-08-07 16:59:29,418 ] - Epoch 1: train==[348.25849 = 2.01612 + 1.11065 + 66.33589 + 0.00059 + 0.00000 + 168.54610 + 1224.99037]
[ INFO : 2026-08-07 16:59:38,392 ] - Test_@[5, 10, 20, 50]: Recall=[0.01777, 0.02840, 0.04643, 0.08911],  precision=[0.00371, 0.00300, 0.00246, 0.00189], hit=[0.01857, 0.02993, 0.04880, 0.09370], ndcg=[0.01119, 0.01465, 0.01924, 0.02774], Train Rec Loss=[0.03242], Eval Rec Loss=[0.03249], c=[0.50000], F=[0.97799, 0.99565, 0.96229, 0.89920], F_fuse=[0.00740, 0.00599, 0.00490, 0.00378]
[ INFO : 2026-08-07 17:02:13,958 ] - Epoch 2: train==[214.46152 = 1.61781 + 1.10215 + 63.98511 + 0.00083 + 0.00000 + 37.42489 + 1225.89705]
[ INFO : 2026-08-07 17:02:22,924 ] - Test_@[5, 10, 20, 50]: Recall=[0.01781, 0.02936, 0.04694, 0.09009],  precision=[0.00371, 0.00310, 0.00248, 0.00191], hit=[0.01857, 0.03086, 0.04932, 0.09478], ndcg=[0.01128, 0.01501, 0.01946, 0.02805], Train Rec Loss=[0.03233], Eval Rec Loss=[0.03242], c=[0.50000], F=[0.97957, 0.99565, 0.95011, 0.94205], F_fuse=[0.00740, 0.00617, 0.00495, 0.00382]
[ INFO : 2026-08-07 17:05:00,763 ] - Epoch 3: train==[182.42632 = 1.60246 + 1.10209 + 60.98975 + 0.00133 + 0.00000 + 8.39996 + 1225.89705]
[ INFO : 2026-08-07 17:05:09,757 ] - Test_@[5, 10, 20, 50]: Recall=[0.01781, 0.02892, 0.04668, 0.09057],  precision=[0.00371, 0.00304, 0.00247, 0.00192], hit=[0.01857, 0.03034, 0.04916, 0.09519], ndcg=[0.01128, 0.01487, 0.01940, 0.02814], Train Rec Loss=[0.03229], Eval Rec Loss=[0.03234], c=[0.50000], F=[0.97949, 0.99566, 0.93583, 0.96103], F_fuse=[0.00740, 0.00607, 0.00493, 0.00383]
[ INFO : 2026-08-07 17:07:40,252 ] - Epoch 4: train==[171.98482 = 1.58722 + 1.10209 + 57.64192 + 0.00219 + 0.00000 + 1.32067 + 1225.89705]
[ INFO : 2026-08-07 17:07:49,289 ] - Test_@[5, 10, 20, 50]: Recall=[0.01781, 0.02903, 0.04678, 0.09150],  precision=[0.00371, 0.00305, 0.00248, 0.00194], hit=[0.01857, 0.03044, 0.04932, 0.09596], ndcg=[0.01128, 0.01491, 0.01942, 0.02830], Train Rec Loss=[0.03225], Eval Rec Loss=[0.03228], c=[0.50000], F=[0.97969, 0.99565, 0.93464, 0.96908], F_fuse=[0.00740, 0.00609, 0.00495, 0.00387]
[ INFO : 2026-08-07 17:10:14,365 ] - Epoch 5: train==[168.98529 = 1.57960 + 1.10207 + 55.70705 + 0.00295 + 0.00000 + 0.26289 + 1225.89705]
[ INFO : 2026-08-07 17:10:23,042 ] - Test_@[5, 10, 20, 50]: Recall=[0.01797, 0.02899, 0.04687, 0.09180],  precision=[0.00374, 0.00305, 0.00249, 0.00194], hit=[0.01872, 0.03039, 0.04942, 0.09627], ndcg=[0.01134, 0.01491, 0.01947, 0.02838], Train Rec Loss=[0.03221], Eval Rec Loss=[0.03228], c=[0.50000], F=[0.98839, 0.99565, 0.93464, 0.97563], F_fuse=[0.00746, 0.00608, 0.00496, 0.00388]
[ INFO : 2026-08-07 17:12:45,996 ] - Epoch 6: train==[168.00911 = 1.56409 + 1.10207 + 54.85920 + 0.00343 + 0.00000 + 0.14958 + 1225.89705]
[ INFO : 2026-08-07 17:12:54,910 ] - Test_@[5, 10, 20, 50]: Recall=[0.01790, 0.02873, 0.04674, 0.09167],  precision=[0.00372, 0.00303, 0.00248, 0.00194], hit=[0.01862, 0.03024, 0.04927, 0.09612], ndcg=[0.01131, 0.01486, 0.01945, 0.02837], Train Rec Loss=[0.03219], Eval Rec Loss=[0.03228], c=[0.50000], F=[0.99371, 0.99565, 0.93464, 0.97699], F_fuse=[0.00742, 0.00605, 0.00495, 0.00387]
[ INFO : 2026-08-07 17:15:17,400 ] - Epoch 7: train==[167.40804 = 1.54902 + 1.10207 + 54.33214 + 0.00379 + 0.00000 + 0.09028 + 1225.89705]
[ INFO : 2026-08-07 17:15:26,357 ] - Test_@[5, 10, 20, 50]: Recall=[0.01790, 0.02907, 0.04726, 0.09177],  precision=[0.00372, 0.00307, 0.00250, 0.00194], hit=[0.01862, 0.03055, 0.04983, 0.09622], ndcg=[0.01126, 0.01490, 0.01952, 0.02835], Train Rec Loss=[0.03220], Eval Rec Loss=[0.03226], c=[0.50000], F=[0.99364, 0.99565, 0.93468, 0.97674], F_fuse=[0.00742, 0.00611, 0.00500, 0.00387]
[ INFO : 2026-08-07 17:17:54,471 ] - Epoch 8: train==[166.72067 = 1.53852 + 1.10209 + 53.69729 + 0.00401 + 0.00000 + 0.04802 + 1225.89705]
[ INFO : 2026-08-07 17:18:03,410 ] - Test_@[5, 10, 20, 50]: Recall=[0.01790, 0.02895, 0.04743, 0.09265],  precision=[0.00372, 0.00305, 0.00252, 0.00196], hit=[0.01862, 0.03050, 0.05004, 0.09730], ndcg=[0.01121, 0.01484, 0.01955, 0.02853], Train Rec Loss=[0.03217], Eval Rec Loss=[0.03224], c=[0.50000], F=[0.99324, 0.99529, 0.93501, 0.97594], F_fuse=[0.00742, 0.00609, 0.00502, 0.00392]
[ INFO : 2026-08-07 17:20:32,730 ] - Epoch 9: train==[166.04561 = 1.52251 + 1.10209 + 53.06481 + 0.00418 + 0.00000 + 0.02128 + 1225.89705]
[ INFO : 2026-08-07 17:20:41,599 ] - Test_@[5, 10, 20, 50]: Recall=[0.01816, 0.02960, 0.04925, 0.09674],  precision=[0.00377, 0.00311, 0.00262, 0.00205], hit=[0.01887, 0.03106, 0.05210, 0.10147], ndcg=[0.01136, 0.01513, 0.02014, 0.02955], Train Rec Loss=[0.03218], Eval Rec Loss=[0.03224], c=[0.50000], F=[0.98690, 0.99098, 0.93624, 0.97332], F_fuse=[0.00752, 0.00620, 0.00523, 0.00409]
[ INFO : 2026-08-07 17:23:09,645 ] - Epoch 10: train==[165.35477 = 1.50956 + 1.10209 + 52.39929 + 0.00433 + 0.00000 + 0.00876 + 1225.89705]
[ INFO : 2026-08-07 17:23:18,585 ] - Test_@[5, 10, 20, 50]: Recall=[0.02047, 0.03346, 0.05493, 0.10246],  precision=[0.00428, 0.00353, 0.00293, 0.00218], hit=[0.02134, 0.03512, 0.05801, 0.10779], ndcg=[0.01269, 0.01694, 0.02242, 0.03185], Train Rec Loss=[0.03216], Eval Rec Loss=[0.03221], c=[0.50000], F=[0.88902, 0.93746, 0.94630, 0.97160], F_fuse=[0.00852, 0.00703, 0.00584, 0.00435]
[ INFO : 2026-08-07 17:25:47,106 ] - Epoch 11: train==[163.95004 = 1.49334 + 1.10208 + 51.01449 + 0.00465 + 0.00000 + 0.00474 + 1225.89705]
[ INFO : 2026-08-07 17:25:56,006 ] - Test_@[5, 10, 20, 50]: Recall=[0.02126, 0.03573, 0.05698, 0.10664],  precision=[0.00445, 0.00379, 0.00304, 0.00227], hit=[0.02222, 0.03759, 0.06017, 0.11196], ndcg=[0.01336, 0.01810, 0.02349, 0.03335], Train Rec Loss=[0.03215], Eval Rec Loss=[0.03220], c=[0.50000], F=[0.96252, 0.93874, 0.94383, 0.96330], F_fuse=[0.00887, 0.00754, 0.00606, 0.00452]
[ INFO : 2026-08-07 17:28:24,849 ] - Epoch 12: train==[162.79886 = 1.47993 + 1.10209 + 49.87900 + 0.00499 + 0.00000 + 0.00211 + 1225.89705]
[ INFO : 2026-08-07 17:28:33,709 ] - Test_@[5, 10, 20, 50]: Recall=[0.02316, 0.03835, 0.06037, 0.11358],  precision=[0.00488, 0.00406, 0.00321, 0.00242], hit=[0.02427, 0.04032, 0.06356, 0.11905], ndcg=[0.01471, 0.01963, 0.02523, 0.03580], Train Rec Loss=[0.03216], Eval Rec Loss=[0.03217], c=[0.50000], F=[0.92611, 0.95360, 0.93713, 0.97200], F_fuse=[0.00970, 0.00809, 0.00639, 0.00482]
[ INFO : 2026-08-07 17:31:02,135 ] - Epoch 13: train==[161.92288 = 1.46296 + 1.10208 + 49.02042 + 0.00536 + 0.00000 + 0.00132 + 1225.89705]
[ INFO : 2026-08-07 17:31:11,063 ] - Test_@[5, 10, 20, 50]: Recall=[0.02353, 0.03936, 0.06215, 0.11669],  precision=[0.00495, 0.00417, 0.00330, 0.00248], hit=[0.02458, 0.04140, 0.06536, 0.12224], ndcg=[0.01491, 0.02007, 0.02586, 0.03670], Train Rec Loss=[0.03213], Eval Rec Loss=[0.03216], c=[0.50000], F=[0.95433, 0.94826, 0.93993, 0.96945], F_fuse=[0.00984, 0.00830, 0.00658, 0.00495]
[ INFO : 2026-08-07 17:33:39,807 ] - Epoch 14: train==[161.15779 = 1.45199 + 1.10209 + 48.26602 + 0.00570 + 0.00000 + 0.00125 + 1225.89705]
[ INFO : 2026-08-07 17:33:48,766 ] - Test_@[5, 10, 20, 50]: Recall=[0.02391, 0.03952, 0.06299, 0.11816],  precision=[0.00501, 0.00419, 0.00334, 0.00251], hit=[0.02489, 0.04160, 0.06624, 0.12373], ndcg=[0.01520, 0.02030, 0.02628, 0.03725], Train Rec Loss=[0.03210], Eval Rec Loss=[0.03217], c=[0.50000], F=[0.96824, 0.94979, 0.93906, 0.97013], F_fuse=[0.00997, 0.00835, 0.00666, 0.00501]
[ INFO : 2026-08-07 17:36:18,555 ] - Epoch 15: train==[160.55960 = 1.43610 + 1.10211 + 47.68345 + 0.00601 + 0.00000 + 0.00119 + 1225.89705]
[ INFO : 2026-08-07 17:36:27,556 ] - Test_@[5, 10, 20, 50]: Recall=[0.02417, 0.04060, 0.06375, 0.11976],  precision=[0.00506, 0.00430, 0.00338, 0.00255], hit=[0.02515, 0.04268, 0.06706, 0.12543], ndcg=[0.01540, 0.02076, 0.02665, 0.03778], Train Rec Loss=[0.03209], Eval Rec Loss=[0.03213], c=[0.50000], F=[0.94666, 0.94131, 0.93894, 0.96967], F_fuse=[0.01007, 0.00856, 0.00674, 0.00508]
[ INFO : 2026-08-07 17:38:57,279 ] - Epoch 16: train==[159.86346 = 1.41963 + 1.10209 + 47.00355 + 0.00630 + 0.00000 + 0.00115 + 1225.89705]
[ INFO : 2026-08-07 17:39:06,264 ] - Test_@[5, 10, 20, 50]: Recall=[0.02476, 0.04153, 0.06473, 0.12254],  precision=[0.00518, 0.00440, 0.00344, 0.00261], hit=[0.02576, 0.04371, 0.06804, 0.12841], ndcg=[0.01573, 0.02118, 0.02709, 0.03861], Train Rec Loss=[0.03205], Eval Rec Loss=[0.03216], c=[0.50000], F=[0.93870, 0.93808, 0.94023, 0.96807], F_fuse=[0.01031, 0.00875, 0.00685, 0.00520]
[ INFO : 2026-08-07 17:41:34,738 ] - Epoch 17: train==[159.25837 = 1.40544 + 1.10210 + 46.41243 + 0.00654 + 0.00000 + 0.00112 + 1225.89705]
[ INFO : 2026-08-07 17:41:43,639 ] - Test_@[5, 10, 20, 50]: Recall=[0.02522, 0.04132, 0.06567, 0.12427],  precision=[0.00528, 0.00439, 0.00348, 0.00265], hit=[0.02623, 0.04366, 0.06907, 0.13011], ndcg=[0.01603, 0.02131, 0.02750, 0.03919], Train Rec Loss=[0.03207], Eval Rec Loss=[0.03214], c=[0.50000], F=[0.94352, 0.92620, 0.94391, 0.96530], F_fuse=[0.01049, 0.00874, 0.00694, 0.00528]
[ INFO : 2026-08-07 17:44:13,839 ] - Epoch 18: train==[158.67923 = 1.39195 + 1.10209 + 45.84662 + 0.00676 + 0.00000 + 0.00108 + 1225.89705]
[ INFO : 2026-08-07 17:44:22,797 ] - Test_@[5, 10, 20, 50]: Recall=[0.02568, 0.04183, 0.06643, 0.12425],  precision=[0.00537, 0.00443, 0.00352, 0.00264], hit=[0.02669, 0.04407, 0.06979, 0.13001], ndcg=[0.01619, 0.02146, 0.02770, 0.03923], Train Rec Loss=[0.03206], Eval Rec Loss=[0.03210], c=[0.50000], F=[0.91723, 0.92320, 0.94257, 0.96798], F_fuse=[0.01068, 0.00882, 0.00701, 0.00527]
[ INFO : 2026-08-07 17:46:52,454 ] - Epoch 19: train==[158.33682 = 1.38079 + 1.10209 + 45.51519 + 0.00695 + 0.00000 + 0.00106 + 1225.89705]
[ INFO : 2026-08-07 17:47:01,362 ] - Test_@[5, 10, 20, 50]: Recall=[0.02563, 0.04230, 0.06689, 0.12487],  precision=[0.00536, 0.00448, 0.00354, 0.00266], hit=[0.02664, 0.04459, 0.07025, 0.13068], ndcg=[0.01628, 0.02174, 0.02797, 0.03955], Train Rec Loss=[0.03204], Eval Rec Loss=[0.03211], c=[0.50000], F=[0.93138, 0.92902, 0.94286, 0.96594], F_fuse=[0.01066, 0.00893, 0.00706, 0.00530]
[ INFO : 2026-08-07 17:49:29,950 ] - Epoch 20: train==[157.62499 = 1.36338 + 1.10210 + 44.82058 + 0.00713 + 0.00000 + 0.00106 + 1225.89705]
[ INFO : 2026-08-07 17:49:38,816 ] - Test_@[5, 10, 20, 50]: Recall=[0.02509, 0.04207, 0.06780, 0.12643],  precision=[0.00525, 0.00447, 0.00359, 0.00269], hit=[0.02607, 0.04443, 0.07123, 0.13217], ndcg=[0.01620, 0.02171, 0.02824, 0.03993], Train Rec Loss=[0.03201], Eval Rec Loss=[0.03211], c=[0.50000], F=[0.83053, 0.89030, 0.93877, 0.96770], F_fuse=[0.01043, 0.00889, 0.00716, 0.00536]
[ INFO : 2026-08-07 17:52:06,950 ] - Epoch 21: train==[157.21075 = 1.35818 + 1.10209 + 44.41141 + 0.00730 + 0.00000 + 0.00103 + 1225.89705]
[ INFO : 2026-08-07 17:52:15,875 ] - Test_@[5, 10, 20, 50]: Recall=[0.02606, 0.04271, 0.06845, 0.12718],  precision=[0.00545, 0.00453, 0.00363, 0.00271], hit=[0.02710, 0.04505, 0.07184, 0.13304], ndcg=[0.01654, 0.02196, 0.02847, 0.04016], Train Rec Loss=[0.03202], Eval Rec Loss=[0.03211], c=[0.50000], F=[0.91268, 0.91844, 0.94021, 0.96867], F_fuse=[0.01084, 0.00902, 0.00722, 0.00540]
[ INFO : 2026-08-07 17:54:45,007 ] - Epoch 22: train==[156.64848 = 1.33466 + 1.10209 + 43.87255 + 0.00743 + 0.00000 + 0.00102 + 1225.89705]
[ INFO : 2026-08-07 17:54:54,020 ] - Test_@[5, 10, 20, 50]: Recall=[0.02594, 0.04349, 0.06926, 0.12716],  precision=[0.00543, 0.00461, 0.00366, 0.00271], hit=[0.02700, 0.04587, 0.07262, 0.13309], ndcg=[0.01661, 0.02228, 0.02881, 0.04037], Train Rec Loss=[0.03201], Eval Rec Loss=[0.03205], c=[0.50000], F=[0.88258, 0.91083, 0.93935, 0.96652], F_fuse=[0.01079, 0.00918, 0.00730, 0.00540]
[ INFO : 2026-08-07 17:57:22,759 ] - Epoch 23: train==[156.06292 = 1.32698 + 1.10210 + 43.29452 + 0.00757 + 0.00000 + 0.00101 + 1225.89705]
[ INFO : 2026-08-07 17:57:31,677 ] - Test_@[5, 10, 20, 50]: Recall=[0.02593, 0.04351, 0.06969, 0.12865],  precision=[0.00544, 0.00461, 0.00369, 0.00274], hit=[0.02705, 0.04587, 0.07303, 0.13458], ndcg=[0.01661, 0.02229, 0.02892, 0.04068], Train Rec Loss=[0.03199], Eval Rec Loss=[0.03208], c=[0.50000], F=[0.85958, 0.89855, 0.93521, 0.96720], F_fuse=[0.01081, 0.00918, 0.00735, 0.00546]
[ INFO : 2026-08-07 17:59:59,838 ] - Epoch 24: train==[155.53664 = 1.31304 + 1.10208 + 42.78201 + 0.00776 + 0.00000 + 0.00101 + 1225.89705]
[ INFO : 2026-08-07 18:00:08,846 ] - Test_@[5, 10, 20, 50]: Recall=[0.02538, 0.04360, 0.07025, 0.12972],  precision=[0.00533, 0.00463, 0.00372, 0.00276], hit=[0.02648, 0.04598, 0.07359, 0.13566], ndcg=[0.01661, 0.02251, 0.02925, 0.04111], Train Rec Loss=[0.03197], Eval Rec Loss=[0.03205], c=[0.50000], F=[0.83167, 0.87872, 0.93067, 0.96639], F_fuse=[0.01059, 0.00921, 0.00740, 0.00550]
[ INFO : 2026-08-07 18:02:36,368 ] - Epoch 25: train==[154.87899 = 1.29776 + 1.10210 + 42.13948 + 0.00791 + 0.00000 + 0.00100 + 1225.89705]
[ INFO : 2026-08-07 18:02:45,328 ] - Test_@[5, 10, 20, 50]: Recall=[0.02579, 0.04379, 0.07080, 0.13133],  precision=[0.00542, 0.00464, 0.00374, 0.00279], hit=[0.02695, 0.04613, 0.07421, 0.13731], ndcg=[0.01677, 0.02261, 0.02946, 0.04153], Train Rec Loss=[0.03199], Eval Rec Loss=[0.03205], c=[0.50000], F=[0.83309, 0.87969, 0.92860, 0.96467], F_fuse=[0.01077, 0.00924, 0.00746, 0.00557]
[ INFO : 2026-08-07 18:05:13,623 ] - Epoch 26: train==[154.65999 = 1.28938 + 1.10209 + 41.92882 + 0.00797 + 0.00000 + 0.00099 + 1225.89705]
[ INFO : 2026-08-07 18:05:22,499 ] - Test_@[5, 10, 20, 50]: Recall=[0.02723, 0.04426, 0.07252, 0.13232],  precision=[0.00573, 0.00470, 0.00383, 0.00281], hit=[0.02849, 0.04659, 0.07591, 0.13829], ndcg=[0.01771, 0.02325, 0.03040, 0.04236], Train Rec Loss=[0.03197], Eval Rec Loss=[0.03203], c=[0.50000], F=[0.87030, 0.89641, 0.93546, 0.96124], F_fuse=[0.01138, 0.00934, 0.00763, 0.00561]
[ INFO : 2026-08-07 18:07:49,041 ] - Epoch 27: train==[154.03662 = 1.27958 + 1.10209 + 41.31511 + 0.00812 + 0.00000 + 0.00098 + 1225.89705]
[ INFO : 2026-08-07 18:07:57,925 ] - Test_@[5, 10, 20, 50]: Recall=[0.02698, 0.04484, 0.07334, 0.13311],  precision=[0.00568, 0.00476, 0.00388, 0.00283], hit=[0.02823, 0.04721, 0.07678, 0.13911], ndcg=[0.01753, 0.02336, 0.03055, 0.04250], Train Rec Loss=[0.03195], Eval Rec Loss=[0.03200], c=[0.50000], F=[0.85674, 0.88839, 0.93168, 0.96095], F_fuse=[0.01128, 0.00946, 0.00772, 0.00564]
[ INFO : 2026-08-07 18:10:22,992 ] - Epoch 28: train==[153.71415 = 1.26337 + 1.10209 + 41.00883 + 0.00815 + 0.00000 + 0.00097 + 1225.89705]
[ INFO : 2026-08-07 18:10:31,913 ] - Test_@[5, 10, 20, 50]: Recall=[0.02662, 0.04477, 0.07221, 0.13295],  precision=[0.00561, 0.00474, 0.00382, 0.00282], hit=[0.02787, 0.04711, 0.07565, 0.13896], ndcg=[0.01727, 0.02316, 0.03011, 0.04227], Train Rec Loss=[0.03196], Eval Rec Loss=[0.03202], c=[0.50000], F=[0.85258, 0.88392, 0.92957, 0.96495], F_fuse=[0.01114, 0.00943, 0.00761, 0.00563]
[ INFO : 2026-08-07 18:12:53,393 ] - Epoch 29: train==[153.20572 = 1.25135 + 1.10209 + 40.51231 + 0.00827 + 0.00000 + 0.00097 + 1225.89705]
[ INFO : 2026-08-07 18:13:02,313 ] - Test_@[5, 10, 20, 50]: Recall=[0.02682, 0.04499, 0.07426, 0.13425],  precision=[0.00565, 0.00478, 0.00393, 0.00285], hit=[0.02808, 0.04742, 0.07781, 0.14019], ndcg=[0.01754, 0.02347, 0.03086, 0.04283], Train Rec Loss=[0.03194], Eval Rec Loss=[0.03201], c=[0.50000], F=[0.83649, 0.87280, 0.92477, 0.96316], F_fuse=[0.01122, 0.00950, 0.00782, 0.00568]
[ INFO : 2026-08-07 18:15:28,737 ] - Epoch 30: train==[152.78618 = 1.23896 + 1.10209 + 40.10503 + 0.00840 + 0.00000 + 0.00096 + 1225.89705]
[ INFO : 2026-08-07 18:15:37,619 ] - Test_@[5, 10, 20, 50]: Recall=[0.02748, 0.04521, 0.07496, 0.13472],  precision=[0.00579, 0.00480, 0.00396, 0.00286], hit=[0.02880, 0.04757, 0.07843, 0.14065], ndcg=[0.01786, 0.02364, 0.03117, 0.04312], Train Rec Loss=[0.03194], Eval Rec Loss=[0.03200], c=[0.50000], F=[0.85093, 0.88077, 0.92747, 0.96184], F_fuse=[0.01150, 0.00954, 0.00789, 0.00570]
[ INFO : 2026-08-07 18:18:03,376 ] - Epoch 31: train==[152.35322 = 1.22994 + 1.10210 + 39.68104 + 0.00845 + 0.00000 + 0.00095 + 1225.89705]
[ INFO : 2026-08-07 18:18:12,272 ] - Test_@[5, 10, 20, 50]: Recall=[0.02660, 0.04480, 0.07458, 0.13607],  precision=[0.00562, 0.00474, 0.00394, 0.00289], hit=[0.02792, 0.04706, 0.07812, 0.14209], ndcg=[0.01757, 0.02350, 0.03104, 0.04332], Train Rec Loss=[0.03192], Eval Rec Loss=[0.03197], c=[0.50000], F=[0.83381, 0.86642, 0.91918, 0.96382], F_fuse=[0.01116, 0.00943, 0.00785, 0.00576]
[ INFO : 2026-08-07 18:20:35,937 ] - Epoch 32: train==[152.02064 = 1.21912 + 1.10210 + 39.35920 + 0.00853 + 0.00000 + 0.00096 + 1225.89705]
[ INFO : 2026-08-07 18:20:44,836 ] - Test_@[5, 10, 20, 50]: Recall=[0.02702, 0.04520, 0.07622, 0.13660],  precision=[0.00569, 0.00479, 0.00403, 0.00290], hit=[0.02828, 0.04752, 0.07987, 0.14256], ndcg=[0.01779, 0.02371, 0.03159, 0.04365], Train Rec Loss=[0.03191], Eval Rec Loss=[0.03198], c=[0.50000], F=[0.81637, 0.85283, 0.91457, 0.96048], F_fuse=[0.01130, 0.00952, 0.00803, 0.00578]
[ INFO : 2026-08-07 18:23:09,713 ] - Epoch 33: train==[151.40935 = 1.20858 + 1.10211 + 38.75837 + 0.00860 + 0.00000 + 0.00095 + 1225.89705]
[ INFO : 2026-08-07 18:23:18,720 ] - Test_@[5, 10, 20, 50]: Recall=[0.02757, 0.04635, 0.07644, 0.13735],  precision=[0.00583, 0.00491, 0.00404, 0.00291], hit=[0.02900, 0.04870, 0.08007, 0.14322], ndcg=[0.01800, 0.02413, 0.03176, 0.04393], Train Rec Loss=[0.03193], Eval Rec Loss=[0.03198], c=[0.50000], F=[0.84637, 0.87426, 0.91777, 0.95848], F_fuse=[0.01158, 0.00976, 0.00805, 0.00581]
[ INFO : 2026-08-07 18:25:45,761 ] - Epoch 34: train==[151.11536 = 1.19660 + 1.10208 + 38.47627 + 0.00872 + 0.00000 + 0.00094 + 1225.89705]
[ INFO : 2026-08-07 18:25:54,735 ] - Test_@[5, 10, 20, 50]: Recall=[0.02749, 0.04601, 0.07770, 0.13953],  precision=[0.00580, 0.00488, 0.00411, 0.00296], hit=[0.02885, 0.04834, 0.08131, 0.14538], ndcg=[0.01797, 0.02400, 0.03204, 0.04436], Train Rec Loss=[0.03188], Eval Rec Loss=[0.03194], c=[0.50000], F=[0.83856, 0.86837, 0.91682, 0.95792], F_fuse=[0.01152, 0.00970, 0.00818, 0.00590]
[ INFO : 2026-08-07 18:28:22,045 ] - Epoch 35: train==[150.59506 = 1.18468 + 1.10209 + 37.96783 + 0.00879 + 0.00000 + 0.00094 + 1225.89705]
[ INFO : 2026-08-07 18:28:31,005 ] - Test_@[5, 10, 20, 50]: Recall=[0.02741, 0.04633, 0.07798, 0.13946],  precision=[0.00579, 0.00491, 0.00413, 0.00296], hit=[0.02880, 0.04870, 0.08177, 0.14533], ndcg=[0.01792, 0.02407, 0.03212, 0.04438], Train Rec Loss=[0.03190], Eval Rec Loss=[0.03193], c=[0.50000], F=[0.83349, 0.86571, 0.91535, 0.95619], F_fuse=[0.01150, 0.00976, 0.00822, 0.00590]
[ INFO : 2026-08-07 18:30:58,502 ] - Epoch 36: train==[150.27479 = 1.17510 + 1.10208 + 37.65710 + 0.00884 + 0.00000 + 0.00093 + 1225.89705]
[ INFO : 2026-08-07 18:31:07,365 ] - Test_@[5, 10, 20, 50]: Recall=[0.02769, 0.04661, 0.07841, 0.13997],  precision=[0.00585, 0.00494, 0.00415, 0.00297], hit=[0.02911, 0.04901, 0.08213, 0.14585], ndcg=[0.01805, 0.02422, 0.03229, 0.04457], Train Rec Loss=[0.03186], Eval Rec Loss=[0.03193], c=[0.50000], F=[0.85909, 0.88027, 0.91812, 0.95714], F_fuse=[0.01163, 0.00982, 0.00827, 0.00592]
[ INFO : 2026-08-07 18:33:34,512 ] - Epoch 37: train==[149.98897 = 1.16547 + 1.10209 + 37.38084 + 0.00889 + 0.00000 + 0.00093 + 1225.89705]
[ INFO : 2026-08-07 18:33:43,487 ] - Test_@[5, 10, 20, 50]: Recall=[0.02848, 0.04671, 0.07779, 0.14145],  precision=[0.00601, 0.00494, 0.00412, 0.00300], hit=[0.02988, 0.04896, 0.08151, 0.14729], ndcg=[0.01857, 0.02449, 0.03238, 0.04510], Train Rec Loss=[0.03187], Eval Rec Loss=[0.03194], c=[0.50000], F=[0.82259, 0.85721, 0.91057, 0.95219], F_fuse=[0.01193, 0.00982, 0.00820, 0.00598]
[ INFO : 2026-08-07 18:36:05,313 ] - Epoch 38: train==[149.47945 = 1.15552 + 1.10208 + 36.88119 + 0.00900 + 0.00000 + 0.00093 + 1225.89705]
[ INFO : 2026-08-07 18:36:14,262 ] - Test_@[5, 10, 20, 50]: Recall=[0.02803, 0.04679, 0.07870, 0.14129],  precision=[0.00591, 0.00495, 0.00417, 0.00299], hit=[0.02942, 0.04901, 0.08249, 0.14708], ndcg=[0.01826, 0.02438, 0.03249, 0.04502], Train Rec Loss=[0.03183], Eval Rec Loss=[0.03192], c=[0.50000], F=[0.83959, 0.86726, 0.91256, 0.95296], F_fuse=[0.01175, 0.00984, 0.00829, 0.00597]
[ INFO : 2026-08-07 18:38:40,484 ] - Epoch 39: train==[149.11591 = 1.14559 + 1.10209 + 36.52749 + 0.00907 + 0.00000 + 0.00092 + 1225.89705]
[ INFO : 2026-08-07 18:38:49,366 ] - Test_@[5, 10, 20, 50]: Recall=[0.02806, 0.04630, 0.07905, 0.14194],  precision=[0.00590, 0.00490, 0.00419, 0.00301], hit=[0.02936, 0.04860, 0.08285, 0.14780], ndcg=[0.01843, 0.02438, 0.03271, 0.04528], Train Rec Loss=[0.03183], Eval Rec Loss=[0.03190], c=[0.50000], F=[0.83007, 0.86049, 0.90822, 0.95363], F_fuse=[0.01172, 0.00975, 0.00833, 0.00600]
[ INFO : 2026-08-07 18:41:18,384 ] - Epoch 40: train==[148.74150 = 1.14068 + 1.10208 + 36.15798 + 0.00910 + 0.00000 + 0.00092 + 1225.89705]
[ INFO : 2026-08-07 18:41:27,332 ] - Test_@[5, 10, 20, 50]: Recall=[0.02855, 0.04693, 0.07955, 0.14320],  precision=[0.00601, 0.00497, 0.00421, 0.00303], hit=[0.02988, 0.04927, 0.08331, 0.14904], ndcg=[0.01864, 0.02462, 0.03290, 0.04561], Train Rec Loss=[0.03185], Eval Rec Loss=[0.03190], c=[0.50000], F=[0.83113, 0.86154, 0.90922, 0.95229], F_fuse=[0.01193, 0.00988, 0.00838, 0.00605]
[ INFO : 2026-08-07 18:43:56,087 ] - Epoch 41: train==[148.31251 = 1.12722 + 1.10210 + 35.74234 + 0.00920 + 0.00000 + 0.00092 + 1225.89705]
[ INFO : 2026-08-07 18:44:05,047 ] - Test_@[5, 10, 20, 50]: Recall=[0.02839, 0.04691, 0.07999, 0.14405],  precision=[0.00597, 0.00496, 0.00424, 0.00305], hit=[0.02967, 0.04922, 0.08377, 0.14986], ndcg=[0.01861, 0.02460, 0.03302, 0.04579], Train Rec Loss=[0.03183], Eval Rec Loss=[0.03190], c=[0.50000], F=[0.83557, 0.86540, 0.91047, 0.95195], F_fuse=[0.01185, 0.00987, 0.00844, 0.00608]
[ INFO : 2026-08-07 18:46:34,229 ] - Epoch 42: train==[147.96773 = 1.11773 + 1.10208 + 35.40698 + 0.00930 + 0.00000 + 0.00091 + 1225.89705]
[ INFO : 2026-08-07 18:46:43,279 ] - Test_@[5, 10, 20, 50]: Recall=[0.02889, 0.04768, 0.08009, 0.14411],  precision=[0.00609, 0.00504, 0.00424, 0.00305], hit=[0.03029, 0.05004, 0.08383, 0.14996], ndcg=[0.01876, 0.02489, 0.03310, 0.04587], Train Rec Loss=[0.03182], Eval Rec Loss=[0.03189], c=[0.50000], F=[0.82933, 0.86287, 0.90891, 0.95030], F_fuse=[0.01209, 0.01003, 0.00844, 0.00609]
[ INFO : 2026-08-07 18:49:12,019 ] - Epoch 43: train==[147.82018 = 1.11074 + 1.10209 + 35.26643 + 0.00927 + 0.00000 + 0.00091 + 1225.89705]
[ INFO : 2026-08-07 18:49:20,999 ] - Test_@[5, 10, 20, 50]: Recall=[0.02884, 0.04829, 0.07990, 0.14472],  precision=[0.00608, 0.00511, 0.00423, 0.00307], hit=[0.03024, 0.05071, 0.08362, 0.15058], ndcg=[0.01876, 0.02509, 0.03312, 0.04606], Train Rec Loss=[0.03182], Eval Rec Loss=[0.03189], c=[0.50000], F=[0.83601, 0.86480, 0.90891, 0.94875], F_fuse=[0.01207, 0.01015, 0.00842, 0.00611]
[ INFO : 2026-08-07 18:51:43,919 ] - Epoch 44: train==[147.47038 = 1.10002 + 1.10207 + 34.92725 + 0.00938 + 0.00000 + 0.00091 + 1225.89705]
[ INFO : 2026-08-07 18:51:52,900 ] - Test_@[5, 10, 20, 50]: Recall=[0.02917, 0.04815, 0.08114, 0.14482],  precision=[0.00616, 0.00511, 0.00429, 0.00307], hit=[0.03065, 0.05060, 0.08491, 0.15073], ndcg=[0.01910, 0.02528, 0.03363, 0.04634], Train Rec Loss=[0.03182], Eval Rec Loss=[0.03189], c=[0.50000], F=[0.83367, 0.86479, 0.90795, 0.94961], F_fuse=[0.01223, 0.01015, 0.00854, 0.00612]
[ INFO : 2026-08-07 18:54:22,423 ] - Epoch 45: train==[146.91926 = 1.09000 + 1.10208 + 34.38609 + 0.00945 + 0.00000 + 0.00091 + 1225.89705]
[ INFO : 2026-08-07 18:54:31,442 ] - Test_@[5, 10, 20, 50]: Recall=[0.02925, 0.04909, 0.08063, 0.14570],  precision=[0.00616, 0.00518, 0.00427, 0.00309], hit=[0.03065, 0.05143, 0.08424, 0.15166], ndcg=[0.01914, 0.02559, 0.03355, 0.04655], Train Rec Loss=[0.03179], Eval Rec Loss=[0.03187], c=[0.50000], F=[0.83021, 0.86131, 0.90633, 0.94760], F_fuse=[0.01223, 0.01031, 0.00850, 0.00615]
[ INFO : 2026-08-07 18:56:53,923 ] - Epoch 46: train==[146.70381 = 1.08339 + 1.10209 + 34.17720 + 0.00950 + 0.00000 + 0.00090 + 1225.89705]
[ INFO : 2026-08-07 18:57:02,808 ] - Test_@[5, 10, 20, 50]: Recall=[0.02918, 0.04839, 0.08123, 0.14578],  precision=[0.00617, 0.00512, 0.00429, 0.00309], hit=[0.03070, 0.05081, 0.08485, 0.15186], ndcg=[0.01913, 0.02539, 0.03369, 0.04659], Train Rec Loss=[0.03179], Eval Rec Loss=[0.03184], c=[0.50000], F=[0.83465, 0.86479, 0.90696, 0.94740], F_fuse=[0.01225, 0.01018, 0.00855, 0.00616]
[ INFO : 2026-08-07 18:59:31,482 ] - Epoch 47: train==[146.33183 = 1.07361 + 1.10208 + 33.81495 + 0.00956 + 0.00000 + 0.00090 + 1225.89705]
[ INFO : 2026-08-07 18:59:40,440 ] - Test_@[5, 10, 20, 50]: Recall=[0.02972, 0.04865, 0.08102, 0.14565],  precision=[0.00627, 0.00515, 0.00428, 0.00309], hit=[0.03122, 0.05112, 0.08455, 0.15176], ndcg=[0.01942, 0.02559, 0.03378, 0.04671], Train Rec Loss=[0.03181], Eval Rec Loss=[0.03184], c=[0.50000], F=[0.83244, 0.86288, 0.90598, 0.94613], F_fuse=[0.01245, 0.01024, 0.00853, 0.00615]
[ INFO : 2026-08-07 19:02:04,164 ] - Epoch 48: train==[146.15733 = 1.06531 + 1.10207 + 33.64870 + 0.00961 + 0.00000 + 0.00089 + 1225.89705]
[ INFO : 2026-08-07 19:02:13,132 ] - Test_@[5, 10, 20, 50]: Recall=[0.02950, 0.04945, 0.08069, 0.14571],  precision=[0.00624, 0.00524, 0.00427, 0.00309], hit=[0.03106, 0.05199, 0.08434, 0.15176], ndcg=[0.01918, 0.02566, 0.03355, 0.04657], Train Rec Loss=[0.03175], Eval Rec Loss=[0.03181], c=[0.50000], F=[0.83241, 0.86338, 0.90557, 0.94656], F_fuse=[0.01239, 0.01042, 0.00849, 0.00616]
[ INFO : 2026-08-07 19:04:35,575 ] - Epoch 49: train==[145.89382 = 1.05833 + 1.10209 + 33.39213 + 0.00964 + 0.00000 + 0.00089 + 1225.89705]
[ INFO : 2026-08-07 19:04:44,537 ] - Test_@[5, 10, 20, 50]: Recall=[0.02959, 0.04889, 0.08212, 0.14615],  precision=[0.00625, 0.00517, 0.00435, 0.00310], hit=[0.03111, 0.05127, 0.08578, 0.15217], ndcg=[0.01929, 0.02557, 0.03397, 0.04677], Train Rec Loss=[0.03177], Eval Rec Loss=[0.03182], c=[0.50000], F=[0.83532, 0.86367, 0.90615, 0.94578], F_fuse=[0.01241, 0.01028, 0.00865, 0.00617]
[ INFO : 2026-08-07 19:07:12,346 ] - Epoch 50: train==[145.51612 = 1.04986 + 1.10207 + 33.02282 + 0.00974 + 0.00000 + 0.00089 + 1225.89705]
[ INFO : 2026-08-07 19:07:21,326 ] - Test_@[5, 10, 20, 50]: Recall=[0.03008, 0.04932, 0.08160, 0.14680],  precision=[0.00636, 0.00522, 0.00432, 0.00311], hit=[0.03163, 0.05179, 0.08527, 0.15300], ndcg=[0.01941, 0.02564, 0.03381, 0.04686], Train Rec Loss=[0.03176], Eval Rec Loss=[0.03186], c=[0.50000], F=[0.83098, 0.86089, 0.90410, 0.94503], F_fuse=[0.01262, 0.01038, 0.00859, 0.00620]
[ INFO : 2026-08-07 19:09:47,445 ] - Epoch 51: train==[145.29286 = 1.04030 + 1.10209 + 32.80910 + 0.00975 + 0.00000 + 0.00088 + 1225.89705]
[ INFO : 2026-08-07 19:09:56,465 ] - Test_@[5, 10, 20, 50]: Recall=[0.03023, 0.04916, 0.08143, 0.14683],  precision=[0.00641, 0.00521, 0.00431, 0.00311], hit=[0.03188, 0.05168, 0.08516, 0.15284], ndcg=[0.01966, 0.02584, 0.03401, 0.04710], Train Rec Loss=[0.03176], Eval Rec Loss=[0.03184], c=[0.50000], F=[0.82897, 0.86122, 0.90425, 0.94443], F_fuse=[0.01272, 0.01036, 0.00858, 0.00620]
[ INFO : 2026-08-07 19:12:20,221 ] - Epoch 52: train==[145.03040 = 1.03649 + 1.10207 + 32.55034 + 0.00987 + 0.00000 + 0.00088 + 1225.89705]
[ INFO : 2026-08-07 19:12:29,209 ] - Test_@[5, 10, 20, 50]: Recall=[0.02996, 0.04896, 0.08096, 0.14646],  precision=[0.00635, 0.00519, 0.00428, 0.00310], hit=[0.03158, 0.05148, 0.08455, 0.15253], ndcg=[0.01965, 0.02584, 0.03396, 0.04708], Train Rec Loss=[0.03175], Eval Rec Loss=[0.03181], c=[0.50000], F=[0.83133, 0.86212, 0.90381, 0.94360], F_fuse=[0.01260, 0.01032, 0.00853, 0.00618]
[ INFO : 2026-08-07 19:14:52,304 ] - Epoch 53: train==[144.63857 = 1.02834 + 1.10208 + 32.16660 + 0.00994 + 0.00000 + 0.00088 + 1225.89705]
[ INFO : 2026-08-07 19:15:01,288 ] - Test_@[5, 10, 20, 50]: Recall=[0.03016, 0.05015, 0.08259, 0.14713],  precision=[0.00638, 0.00530, 0.00437, 0.00312], hit=[0.03173, 0.05266, 0.08619, 0.15320], ndcg=[0.01946, 0.02597, 0.03416, 0.04707], Train Rec Loss=[0.03174], Eval Rec Loss=[0.03180], c=[0.50000], F=[0.83334, 0.86192, 0.90332, 0.94352], F_fuse=[0.01266, 0.01054, 0.00869, 0.00621]
[ INFO : 2026-08-07 19:17:29,335 ] - Epoch 54: train==[144.43704 = 1.01831 + 1.10208 + 31.97508 + 0.00996 + 0.00000 + 0.00088 + 1225.89705]
[ INFO : 2026-08-07 19:17:38,231 ] - Test_@[5, 10, 20, 50]: Recall=[0.03025, 0.04907, 0.08204, 0.14626],  precision=[0.00640, 0.00519, 0.00434, 0.00310], hit=[0.03183, 0.05158, 0.08573, 0.15243], ndcg=[0.01984, 0.02598, 0.03434, 0.04722], Train Rec Loss=[0.03174], Eval Rec Loss=[0.03180], c=[0.50000], F=[0.83107, 0.86381, 0.90357, 0.94276], F_fuse=[0.01270, 0.01033, 0.00863, 0.00618]
[ INFO : 2026-08-07 19:19:59,564 ] - Epoch 55: train==[144.22896 = 1.01160 + 1.10207 + 31.77364 + 0.01004 + 0.00000 + 0.00087 + 1225.89705]
[ INFO : 2026-08-07 19:20:08,490 ] - Test_@[5, 10, 20, 50]: Recall=[0.03058, 0.04994, 0.08234, 0.14820],  precision=[0.00646, 0.00528, 0.00436, 0.00314], hit=[0.03214, 0.05240, 0.08599, 0.15444], ndcg=[0.02003, 0.02633, 0.03455, 0.04776], Train Rec Loss=[0.03172], Eval Rec Loss=[0.03181], c=[0.50000], F=[0.83255, 0.86198, 0.90151, 0.94172], F_fuse=[0.01282, 0.01049, 0.00867, 0.00626]
[ INFO : 2026-08-07 19:22:33,325 ] - Epoch 56: train==[143.98388 = 1.00450 + 1.10207 + 31.53561 + 0.01010 + 0.00000 + 0.00087 + 1225.89705]
[ INFO : 2026-08-07 19:22:42,179 ] - Test_@[5, 10, 20, 50]: Recall=[0.03088, 0.04950, 0.08298, 0.14779],  precision=[0.00654, 0.00524, 0.00438, 0.00313], hit=[0.03255, 0.05194, 0.08671, 0.15387], ndcg=[0.02021, 0.02626, 0.03475, 0.04773], Train Rec Loss=[0.03174], Eval Rec Loss=[0.03178], c=[0.50000], F=[0.83604, 0.86571, 0.90493, 0.94219], F_fuse=[0.01298, 0.01041, 0.00873, 0.00624]
[ INFO : 2026-08-07 19:25:13,235 ] - Epoch 57: train==[143.80969 = 0.99610 + 1.10209 + 31.36974 + 0.01017 + 0.00000 + 0.00087 + 1225.89705]
[ INFO : 2026-08-07 19:25:22,133 ] - Test_@[5, 10, 20, 50]: Recall=[0.03124, 0.04979, 0.08288, 0.14703],  precision=[0.00659, 0.00526, 0.00438, 0.00312], hit=[0.03281, 0.05215, 0.08655, 0.15320], ndcg=[0.02019, 0.02619, 0.03459, 0.04746], Train Rec Loss=[0.03172], Eval Rec Loss=[0.03177], c=[0.50000], F=[0.82848, 0.86223, 0.90175, 0.94021], F_fuse=[0.01308, 0.01046, 0.00872, 0.00621]
[ INFO : 2026-08-07 19:27:43,600 ] - Epoch 58: train==[143.38970 = 0.98953 + 1.10207 + 30.95623 + 0.01026 + 0.00000 + 0.00087 + 1225.89705]
[ INFO : 2026-08-07 19:27:52,514 ] - Test_@[5, 10, 20, 50]: Recall=[0.03041, 0.05000, 0.08217, 0.14817],  precision=[0.00643, 0.00529, 0.00435, 0.00314], hit=[0.03199, 0.05240, 0.08588, 0.15449], ndcg=[0.01991, 0.02626, 0.03442, 0.04768], Train Rec Loss=[0.03172], Eval Rec Loss=[0.03179], c=[0.50000], F=[0.83271, 0.86426, 0.90271, 0.94010], F_fuse=[0.01276, 0.01051, 0.00865, 0.00626]
[ INFO : 2026-08-07 19:30:14,953 ] - Epoch 59: train==[143.25434 = 0.98184 + 1.10210 + 30.82849 + 0.01031 + 0.00000 + 0.00086 + 1225.89705]
[ INFO : 2026-08-07 19:30:23,941 ] - Test_@[5, 10, 20, 50]: Recall=[0.03112, 0.05022, 0.08364, 0.14800],  precision=[0.00656, 0.00531, 0.00442, 0.00313], hit=[0.03266, 0.05266, 0.08722, 0.15418], ndcg=[0.02023, 0.02645, 0.03491, 0.04782], Train Rec Loss=[0.03172], Eval Rec Loss=[0.03180], c=[0.50000], F=[0.83100, 0.86298, 0.90197, 0.94048], F_fuse=[0.01302, 0.01056, 0.00879, 0.00625]
[ INFO : 2026-08-07 19:32:50,708 ] - Epoch 60: train==[143.08316 = 0.97243 + 1.10207 + 30.66671 + 0.01035 + 0.00000 + 0.00086 + 1225.89705]
[ INFO : 2026-08-07 19:32:59,660 ] - Test_@[5, 10, 20, 50]: Recall=[0.03078, 0.04935, 0.08292, 0.14861],  precision=[0.00650, 0.00522, 0.00438, 0.00315], hit=[0.03235, 0.05174, 0.08665, 0.15485], ndcg=[0.01981, 0.02588, 0.03441, 0.04758], Train Rec Loss=[0.03170], Eval Rec Loss=[0.03176], c=[0.50000], F=[0.83101, 0.86259, 0.90162, 0.94009], F_fuse=[0.01290, 0.01038, 0.00873, 0.00628]
[ INFO : 2026-08-07 19:35:22,975 ] - Epoch 61: train==[142.71513 = 0.97194 + 1.10208 + 30.29906 + 0.01046 + 0.00000 + 0.00085 + 1225.89705]
[ INFO : 2026-08-07 19:35:31,897 ] - Test_@[5, 10, 20, 50]: Recall=[0.03117, 0.05045, 0.08312, 0.14912],  precision=[0.00657, 0.00533, 0.00439, 0.00316], hit=[0.03271, 0.05287, 0.08676, 0.15531], ndcg=[0.02028, 0.02653, 0.03483, 0.04808], Train Rec Loss=[0.03168], Eval Rec Loss=[0.03176], c=[0.50000], F=[0.83644, 0.86467, 0.90248, 0.94055], F_fuse=[0.01304, 0.01060, 0.00874, 0.00629]
[ INFO : 2026-08-07 19:38:00,797 ] - Epoch 62: train==[142.58170 = 0.96281 + 1.10207 + 30.17471 + 0.01052 + 0.00000 + 0.00085 + 1225.89705]
[ INFO : 2026-08-07 19:38:09,782 ] - Test_@[5, 10, 20, 50]: Recall=[0.03095, 0.04976, 0.08382, 0.15005],  precision=[0.00655, 0.00526, 0.00443, 0.00318], hit=[0.03260, 0.05215, 0.08743, 0.15634], ndcg=[0.02002, 0.02614, 0.03476, 0.04803], Train Rec Loss=[0.03168], Eval Rec Loss=[0.03175], c=[0.50000], F=[0.83802, 0.86560, 0.90322, 0.94065], F_fuse=[0.01300, 0.01046, 0.00881, 0.00634]
[ INFO : 2026-08-07 19:40:36,174 ] - Epoch 63: train==[142.30291 = 0.95762 + 1.10207 + 29.90108 + 0.01055 + 0.00000 + 0.00085 + 1225.89705]
[ INFO : 2026-08-07 19:40:45,156 ] - Test_@[5, 10, 20, 50]: Recall=[0.03130, 0.05109, 0.08318, 0.14854],  precision=[0.00659, 0.00539, 0.00439, 0.00315], hit=[0.03281, 0.05348, 0.08691, 0.15480], ndcg=[0.02038, 0.02678, 0.03492, 0.04806], Train Rec Loss=[0.03168], Eval Rec Loss=[0.03174], c=[0.50000], F=[0.82880, 0.86081, 0.89992, 0.93888], F_fuse=[0.01308, 0.01072, 0.00874, 0.00627]
[ INFO : 2026-08-07 19:43:09,191 ] - Epoch 64: train==[142.12444 = 0.94977 + 1.10207 + 29.73039 + 0.01063 + 0.00000 + 0.00085 + 1225.89705]
[ INFO : 2026-08-07 19:43:18,119 ] - Test_@[5, 10, 20, 50]: Recall=[0.03181, 0.05094, 0.08326, 0.14910],  precision=[0.00671, 0.00538, 0.00439, 0.00316], hit=[0.03338, 0.05338, 0.08686, 0.15531], ndcg=[0.02059, 0.02678, 0.03497, 0.04820], Train Rec Loss=[0.03165], Eval Rec Loss=[0.03175], c=[0.50000], F=[0.83638, 0.86526, 0.90272, 0.94031], F_fuse=[0.01331, 0.01070, 0.00874, 0.00630]
[ INFO : 2026-08-07 19:45:41,874 ] - Epoch 65: train==[141.99776 = 0.94219 + 1.10207 + 29.61129 + 0.01064 + 0.00000 + 0.00085 + 1225.89705]
[ INFO : 2026-08-07 19:45:50,836 ] - Test_@[5, 10, 20, 50]: Recall=[0.03118, 0.05046, 0.08367, 0.14869],  precision=[0.00658, 0.00534, 0.00442, 0.00315], hit=[0.03276, 0.05292, 0.08737, 0.15495], ndcg=[0.02026, 0.02650, 0.03494, 0.04800], Train Rec Loss=[0.03167], Eval Rec Loss=[0.03174], c=[0.50000], F=[0.83353, 0.86392, 0.90193, 0.93882], F_fuse=[0.01306, 0.01061, 0.00879, 0.00628]
[ INFO : 2026-08-07 19:48:16,595 ] - Epoch 66: train==[141.85103 = 0.93776 + 1.10206 + 29.46892 + 0.01071 + 0.00000 + 0.00085 + 1225.89705]
[ INFO : 2026-08-07 19:48:25,607 ] - Test_@[5, 10, 20, 50]: Recall=[0.03157, 0.05120, 0.08469, 0.14889],  precision=[0.00666, 0.00540, 0.00447, 0.00316], hit=[0.03312, 0.05359, 0.08830, 0.15510], ndcg=[0.02084, 0.02720, 0.03569, 0.04857], Train Rec Loss=[0.03167], Eval Rec Loss=[0.03175], c=[0.50000], F=[0.83296, 0.86364, 0.90274, 0.93971], F_fuse=[0.01322, 0.01073, 0.00889, 0.00629]
[ INFO : 2026-08-07 19:50:59,060 ] - Epoch 67: train==[141.61041 = 0.93031 + 1.10207 + 29.23567 + 0.01078 + 0.00000 + 0.00084 + 1225.89705]
[ INFO : 2026-08-07 19:51:08,041 ] - Test_@[5, 10, 20, 50]: Recall=[0.03144, 0.05141, 0.08421, 0.14833],  precision=[0.00664, 0.00544, 0.00444, 0.00315], hit=[0.03302, 0.05390, 0.08794, 0.15454], ndcg=[0.02039, 0.02685, 0.03515, 0.04804], Train Rec Loss=[0.03167], Eval Rec Loss=[0.03173], c=[0.50000], F=[0.83064, 0.86270, 0.90089, 0.93860], F_fuse=[0.01318, 0.01080, 0.00884, 0.00627]
[ INFO : 2026-08-07 19:53:38,657 ] - Epoch 68: train==[141.48398 = 0.92702 + 1.10206 + 29.11246 + 0.01085 + 0.00000 + 0.00084 + 1225.89705]
[ INFO : 2026-08-07 19:53:47,726 ] - Test_@[5, 10, 20, 50]: Recall=[0.03108, 0.05075, 0.08452, 0.14821],  precision=[0.00654, 0.00536, 0.00447, 0.00314], hit=[0.03250, 0.05318, 0.08840, 0.15444], ndcg=[0.02029, 0.02667, 0.03524, 0.04800], Train Rec Loss=[0.03166], Eval Rec Loss=[0.03170], c=[0.50000], F=[0.83007, 0.86322, 0.90125, 0.93812], F_fuse=[0.01298, 0.01066, 0.00889, 0.00627]
[ INFO : 2026-08-07 19:56:17,881 ] - Epoch 69: train==[141.28285 = 0.91857 + 1.10207 + 28.91970 + 0.01094 + 0.00000 + 0.00084 + 1225.89705]
[ INFO : 2026-08-07 19:56:26,885 ] - Test_@[5, 10, 20, 50]: Recall=[0.03152, 0.05138, 0.08472, 0.14829],  precision=[0.00665, 0.00544, 0.00447, 0.00314], hit=[0.03302, 0.05390, 0.08861, 0.15444], ndcg=[0.02065, 0.02708, 0.03552, 0.04826], Train Rec Loss=[0.03164], Eval Rec Loss=[0.03171], c=[0.50000], F=[0.82839, 0.86185, 0.90145, 0.93875], F_fuse=[0.01320, 0.01080, 0.00890, 0.00626]
[ INFO : 2026-08-07 19:59:02,968 ] - Epoch 70: train==[141.08772 = 0.91223 + 1.10205 + 28.73088 + 0.01098 + 0.00000 + 0.00083 + 1225.89705]
[ INFO : 2026-08-07 19:59:11,927 ] - Test_@[5, 10, 20, 50]: Recall=[0.03178, 0.05094, 0.08514, 0.14910],  precision=[0.00671, 0.00539, 0.00450, 0.00316], hit=[0.03332, 0.05343, 0.08907, 0.15521], ndcg=[0.02068, 0.02691, 0.03558, 0.04838], Train Rec Loss=[0.03164], Eval Rec Loss=[0.03169], c=[0.50000], F=[0.82728, 0.86117, 0.90076, 0.93835], F_fuse=[0.01330, 0.01071, 0.00896, 0.00630]
[ INFO : 2026-08-07 20:01:46,764 ] - Epoch 71: train==[140.93697 = 0.90881 + 1.10207 + 28.58355 + 0.01098 + 0.00000 + 0.00083 + 1225.89705]
[ INFO : 2026-08-07 20:01:55,959 ] - Test_@[5, 10, 20, 50]: Recall=[0.03168, 0.05103, 0.08521, 0.14750],  precision=[0.00668, 0.00539, 0.00450, 0.00313], hit=[0.03317, 0.05348, 0.08907, 0.15372], ndcg=[0.02066, 0.02693, 0.03559, 0.04809], Train Rec Loss=[0.03166], Eval Rec Loss=[0.03170], c=[0.50000], F=[0.82461, 0.86055, 0.90010, 0.93773], F_fuse=[0.01324, 0.01072, 0.00895, 0.00624]
[ INFO : 2026-08-07 20:04:24,409 ] - Epoch 72: train==[140.72241 = 0.90362 + 1.10205 + 28.37406 + 0.01112 + 0.00000 + 0.00083 + 1225.89705]
[ INFO : 2026-08-07 20:04:33,511 ] - Test_@[5, 10, 20, 50]: Recall=[0.03219, 0.05127, 0.08521, 0.14883],  precision=[0.00677, 0.00543, 0.00451, 0.00315], hit=[0.03363, 0.05379, 0.08917, 0.15500], ndcg=[0.02095, 0.02715, 0.03575, 0.04852], Train Rec Loss=[0.03164], Eval Rec Loss=[0.03170], c=[0.50000], F=[0.82650, 0.86218, 0.90019, 0.93675], F_fuse=[0.01343, 0.01078, 0.00897, 0.00629]
[ INFO : 2026-08-07 20:06:55,585 ] - Epoch 73: train==[140.50535 = 0.89405 + 1.10207 + 28.16655 + 0.01111 + 0.00000 + 0.00083 + 1225.89705]
[ INFO : 2026-08-07 20:07:04,698 ] - Test_@[5, 10, 20, 50]: Recall=[0.03126, 0.05074, 0.08509, 0.14746],  precision=[0.00658, 0.00537, 0.00450, 0.00312], hit=[0.03266, 0.05323, 0.08907, 0.15361], ndcg=[0.02059, 0.02692, 0.03562, 0.04812], Train Rec Loss=[0.03165], Eval Rec Loss=[0.03169], c=[0.50000], F=[0.82691, 0.86273, 0.90151, 0.93784], F_fuse=[0.01306, 0.01067, 0.00896, 0.00623]
[ INFO : 2026-08-07 20:09:27,466 ] - Epoch 74: train==[140.42315 = 0.89142 + 1.10205 + 28.08691 + 0.01120 + 0.00000 + 0.00082 + 1225.89705]
[ INFO : 2026-08-07 20:09:36,475 ] - Test_@[5, 10, 20, 50]: Recall=[0.03239, 0.05151, 0.08510, 0.14805],  precision=[0.00683, 0.00544, 0.00450, 0.00314], hit=[0.03389, 0.05390, 0.08912, 0.15423], ndcg=[0.02101, 0.02721, 0.03575, 0.04834], Train Rec Loss=[0.03163], Eval Rec Loss=[0.03170], c=[0.50000], F=[0.82821, 0.86404, 0.90291, 0.93919], F_fuse=[0.01355, 0.01080, 0.00896, 0.00626]
[ INFO : 2026-08-07 20:11:58,170 ] - Epoch 75: train==[140.33864 = 0.88393 + 1.10205 + 28.00979 + 0.01131 + 0.00000 + 0.00082 + 1225.89705]
[ INFO : 2026-08-07 20:12:07,373 ] - Test_@[5, 10, 20, 50]: Recall=[0.03170, 0.05087, 0.08459, 0.14829],  precision=[0.00666, 0.00538, 0.00448, 0.00314], hit=[0.03312, 0.05338, 0.08866, 0.15449], ndcg=[0.02066, 0.02688, 0.03545, 0.04820], Train Rec Loss=[0.03162], Eval Rec Loss=[0.03170], c=[0.50000], F=[0.82895, 0.86468, 0.90209, 0.93806], F_fuse=[0.01322, 0.01070, 0.00891, 0.00626]
[ INFO : 2026-08-07 20:14:29,051 ] - Epoch 76: train==[140.11321 = 0.88029 + 1.10207 + 27.78795 + 0.01134 + 0.00000 + 0.00082 + 1225.89705]
[ INFO : 2026-08-07 20:14:38,169 ] - Test_@[5, 10, 20, 50]: Recall=[0.03186, 0.05211, 0.08574, 0.14802],  precision=[0.00672, 0.00551, 0.00454, 0.00314], hit=[0.03332, 0.05462, 0.08979, 0.15423], ndcg=[0.02078, 0.02734, 0.03586, 0.04832], Train Rec Loss=[0.03162], Eval Rec Loss=[0.03166], c=[0.50000], F=[0.82681, 0.86252, 0.90111, 0.93814], F_fuse=[0.01332, 0.01095, 0.00903, 0.00626]
[ INFO : 2026-08-07 20:17:05,915 ] - Epoch 77: train==[139.88169 = 0.87543 + 1.10205 + 27.56123 + 0.01143 + 0.00000 + 0.00082 + 1225.89705]
[ INFO : 2026-08-07 20:17:15,142 ] - Test_@[5, 10, 20, 50]: Recall=[0.03212, 0.05151, 0.08557, 0.14857],  precision=[0.00676, 0.00544, 0.00453, 0.00315], hit=[0.03358, 0.05395, 0.08959, 0.15474], ndcg=[0.02068, 0.02697, 0.03561, 0.04823], Train Rec Loss=[0.03164], Eval Rec Loss=[0.03168], c=[0.50000], F=[0.82618, 0.86248, 0.90127, 0.93708], F_fuse=[0.01341, 0.01081, 0.00901, 0.00628]
[ INFO : 2026-08-07 20:19:36,958 ] - Epoch 78: train==[139.66960 = 0.86721 + 1.10208 + 27.35726 + 0.01149 + 0.00000 + 0.00081 + 1225.89705]
[ INFO : 2026-08-07 20:19:46,026 ] - Test_@[5, 10, 20, 50]: Recall=[0.03157, 0.05137, 0.08566, 0.14740],  precision=[0.00664, 0.00544, 0.00453, 0.00313], hit=[0.03302, 0.05390, 0.08974, 0.15361], ndcg=[0.02061, 0.02701, 0.03572, 0.04809], Train Rec Loss=[0.03162], Eval Rec Loss=[0.03167], c=[0.50000], F=[0.82466, 0.86153, 0.90168, 0.93808], F_fuse=[0.01318, 0.01080, 0.00902, 0.00623]
[ INFO : 2026-08-07 20:22:08,029 ] - Epoch 79: train==[139.71946 = 0.86496 + 1.10205 + 27.40940 + 0.01152 + 0.00000 + 0.00081 + 1225.89705]
[ INFO : 2026-08-07 20:22:17,141 ] - Test_@[5, 10, 20, 50]: Recall=[0.03136, 0.05192, 0.08486, 0.14751],  precision=[0.00659, 0.00549, 0.00449, 0.00313], hit=[0.03281, 0.05446, 0.08897, 0.15387], ndcg=[0.02050, 0.02716, 0.03556, 0.04811], Train Rec Loss=[0.03159], Eval Rec Loss=[0.03164], c=[0.50000], F=[0.82791, 0.86344, 0.90232, 0.93857], F_fuse=[0.01308, 0.01091, 0.00894, 0.00625]
[ INFO : 2026-08-07 20:24:44,676 ] - Epoch 80: train==[139.57256 = 0.85880 + 1.10205 + 27.26860 + 0.01157 + 0.00000 + 0.00081 + 1225.89705]
[ INFO : 2026-08-07 20:24:53,779 ] - Test_@[5, 10, 20, 50]: Recall=[0.03218, 0.05171, 0.08503, 0.14835],  precision=[0.00677, 0.00547, 0.00450, 0.00315], hit=[0.03363, 0.05420, 0.08902, 0.15459], ndcg=[0.02087, 0.02721, 0.03570, 0.04838], Train Rec Loss=[0.03159], Eval Rec Loss=[0.03167], c=[0.50000], F=[0.82794, 0.86317, 0.90202, 0.93796], F_fuse=[0.01343, 0.01086, 0.00896, 0.00627]
[ INFO : 2026-08-07 20:27:20,029 ] - Epoch 81: train==[139.36765 = 0.85343 + 1.10204 + 27.06904 + 0.01159 + 0.00000 + 0.00081 + 1225.89705]
[ INFO : 2026-08-07 20:27:29,143 ] - Test_@[5, 10, 20, 50]: Recall=[0.03220, 0.05210, 0.08707, 0.14824],  precision=[0.00679, 0.00550, 0.00461, 0.00314], hit=[0.03374, 0.05462, 0.09103, 0.15454], ndcg=[0.02099, 0.02738, 0.03622, 0.04843], Train Rec Loss=[0.03159], Eval Rec Loss=[0.03165], c=[0.50000], F=[0.82519, 0.86208, 0.90142, 0.93759], F_fuse=[0.01347, 0.01094, 0.00916, 0.00627]
[ INFO : 2026-08-07 20:29:57,692 ] - Epoch 82: train==[139.21381 = 0.84867 + 1.10205 + 26.91980 + 0.01174 + 0.00000 + 0.00081 + 1225.89705]
[ INFO : 2026-08-07 20:30:06,753 ] - Test_@[5, 10, 20, 50]: Recall=[0.03191, 0.05186, 0.08582, 0.14904],  precision=[0.00672, 0.00547, 0.00454, 0.00316], hit=[0.03338, 0.05426, 0.08989, 0.15552], ndcg=[0.02074, 0.02717, 0.03581, 0.04846], Train Rec Loss=[0.03159], Eval Rec Loss=[0.03165], c=[0.50000], F=[0.82648, 0.86342, 0.90194, 0.93811], F_fuse=[0.01332, 0.01087, 0.00904, 0.00630]
[ INFO : 2026-08-07 20:32:43,996 ] - Epoch 83: train==[139.03731 = 0.84289 + 1.10205 + 26.74905 + 0.01178 + 0.00000 + 0.00080 + 1225.89705]
[ INFO : 2026-08-07 20:32:53,044 ] - Test_@[5, 10, 20, 50]: Recall=[0.03166, 0.05148, 0.08594, 0.14760],  precision=[0.00669, 0.00544, 0.00455, 0.00313], hit=[0.03322, 0.05390, 0.09000, 0.15387], ndcg=[0.02060, 0.02698, 0.03573, 0.04803], Train Rec Loss=[0.03158], Eval Rec Loss=[0.03163], c=[0.50000], F=[0.82397, 0.86185, 0.90093, 0.93688], F_fuse=[0.01326, 0.01080, 0.00905, 0.00624]
[ INFO : 2026-08-07 20:35:14,470 ] - Epoch 84: train==[139.03719 = 0.84057 + 1.10204 + 26.75117 + 0.01187 + 0.00000 + 0.00080 + 1225.89705]
[ INFO : 2026-08-07 20:35:23,630 ] - Test_@[5, 10, 20, 50]: Recall=[0.03230, 0.05218, 0.08626, 0.14857],  precision=[0.00679, 0.00552, 0.00456, 0.00315], hit=[0.03379, 0.05472, 0.09036, 0.15495], ndcg=[0.02095, 0.02737, 0.03603, 0.04850], Train Rec Loss=[0.03156], Eval Rec Loss=[0.03163], c=[0.50000], F=[0.82619, 0.86301, 0.90192, 0.93803], F_fuse=[0.01347, 0.01097, 0.00908, 0.00629]
[ INFO : 2026-08-07 20:37:47,896 ] - Epoch 85: train==[139.00712 = 0.83782 + 1.10205 + 26.72379 + 0.01192 + 0.00000 + 0.00080 + 1225.89705]
[ INFO : 2026-08-07 20:37:57,034 ] - Test_@[5, 10, 20, 50]: Recall=[0.03214, 0.05173, 0.08642, 0.14724],  precision=[0.00677, 0.00547, 0.00457, 0.00313], hit=[0.03363, 0.05420, 0.09046, 0.15346], ndcg=[0.02072, 0.02704, 0.03585, 0.04801], Train Rec Loss=[0.03156], Eval Rec Loss=[0.03164], c=[0.50000], F=[0.82476, 0.86230, 0.90148, 0.93732], F_fuse=[0.01343, 0.01086, 0.00909, 0.00623]
[ INFO : 2026-08-07 20:40:18,592 ] - Epoch 86: train==[138.69711 = 0.82909 + 1.10205 + 26.42245 + 0.01198 + 0.00000 + 0.00080 + 1225.89705]
[ INFO : 2026-08-07 20:40:27,593 ] - Test_@[5, 10, 20, 50]: Recall=[0.03208, 0.05261, 0.08664, 0.14825],  precision=[0.00674, 0.00556, 0.00458, 0.00315], hit=[0.03348, 0.05518, 0.09067, 0.15469], ndcg=[0.02083, 0.02749, 0.03612, 0.04844], Train Rec Loss=[0.03155], Eval Rec Loss=[0.03163], c=[0.50000], F=[0.82546, 0.86273, 0.90146, 0.93765], F_fuse=[0.01336, 0.01106, 0.00912, 0.00628]
[ INFO : 2026-08-07 20:42:51,115 ] - Epoch 87: train==[138.63437 = 0.82455 + 1.10203 + 26.36413 + 0.01212 + 0.00000 + 0.00079 + 1225.89705]
[ INFO : 2026-08-07 20:43:00,960 ] - Test_@[5, 10, 20, 50]: Recall=[0.03202, 0.05197, 0.08689, 0.14799],  precision=[0.00674, 0.00549, 0.00459, 0.00314], hit=[0.03353, 0.05446, 0.09082, 0.15449], ndcg=[0.02096, 0.02742, 0.03629, 0.04850], Train Rec Loss=[0.03156], Eval Rec Loss=[0.03163], c=[0.50000], F=[0.82529, 0.86238, 0.90198, 0.93826], F_fuse=[0.01336, 0.01092, 0.00914, 0.00626]
[ INFO : 2026-08-07 20:45:22,853 ] - Epoch 88: train==[138.75442 = 0.82209 + 1.10204 + 26.48669 + 0.01207 + 0.00000 + 0.00079 + 1225.89705]
[ INFO : 2026-08-07 20:45:31,848 ] - Test_@[5, 10, 20, 50]: Recall=[0.03179, 0.05107, 0.08625, 0.14729],  precision=[0.00668, 0.00540, 0.00456, 0.00313], hit=[0.03317, 0.05359, 0.09015, 0.15361], ndcg=[0.02076, 0.02702, 0.03594, 0.04815], Train Rec Loss=[0.03152], Eval Rec Loss=[0.03162], c=[0.50000], F=[0.82376, 0.86284, 0.90275, 0.93852], F_fuse=[0.01324, 0.01073, 0.00907, 0.00623]
[ INFO : 2026-08-07 20:47:53,559 ] - Epoch 89: train==[138.54314 = 0.81321 + 1.10203 + 26.28420 + 0.01217 + 0.00000 + 0.00079 + 1225.89705]
[ INFO : 2026-08-07 20:48:02,510 ] - Test_@[5, 10, 20, 50]: Recall=[0.03223, 0.05203, 0.08639, 0.14685],  precision=[0.00680, 0.00548, 0.00456, 0.00312], hit=[0.03374, 0.05441, 0.09031, 0.15320], ndcg=[0.02096, 0.02736, 0.03609, 0.04818], Train Rec Loss=[0.03155], Eval Rec Loss=[0.03162], c=[0.50000], F=[0.82470, 0.86349, 0.90242, 0.93818], F_fuse=[0.01349, 0.01090, 0.00908, 0.00622]
[ INFO : 2026-08-07 20:50:25,577 ] - Epoch 90: train==[138.36871 = 0.81102 + 1.10204 + 26.11194 + 0.01218 + 0.00000 + 0.00079 + 1225.89705]
[ INFO : 2026-08-07 20:50:34,544 ] - Test_@[5, 10, 20, 50]: Recall=[0.03223, 0.05193, 0.08624, 0.14712],  precision=[0.00678, 0.00548, 0.00455, 0.00313], hit=[0.03368, 0.05436, 0.09020, 0.15346], ndcg=[0.02089, 0.02726, 0.03596, 0.04815], Train Rec Loss=[0.03154], Eval Rec Loss=[0.03162], c=[0.50000], F=[0.82442, 0.86333, 0.90233, 0.93812], F_fuse=[0.01345, 0.01090, 0.00906, 0.00623]
[ INFO : 2026-08-07 20:52:56,490 ] - Epoch 91: train==[138.31033 = 0.80594 + 1.10203 + 26.05858 + 0.01226 + 0.00000 + 0.00079 + 1225.89705]
[ INFO : 2026-08-07 20:53:05,462 ] - Test_@[5, 10, 20, 50]: Recall=[0.03256, 0.05172, 0.08661, 0.14757],  precision=[0.00685, 0.00546, 0.00457, 0.00313], hit=[0.03399, 0.05415, 0.09051, 0.15397], ndcg=[0.02127, 0.02747, 0.03635, 0.04854], Train Rec Loss=[0.03155], Eval Rec Loss=[0.03159], c=[0.50000], F=[0.82506, 0.86446, 0.90328, 0.93890], F_fuse=[0.01359, 0.01084, 0.00910, 0.00624]
[ INFO : 2026-08-07 20:55:28,073 ] - Epoch 92: train==[138.19596 = 0.80088 + 1.10204 + 25.94920 + 0.01232 + 0.00000 + 0.00079 + 1225.89705]
[ INFO : 2026-08-07 20:55:37,331 ] - Test_@[5, 10, 20, 50]: Recall=[0.03295, 0.05314, 0.08757, 0.14882],  precision=[0.00692, 0.00561, 0.00462, 0.00316], hit=[0.03451, 0.05559, 0.09149, 0.15526], ndcg=[0.02144, 0.02795, 0.03668, 0.04892], Train Rec Loss=[0.03152], Eval Rec Loss=[0.03160], c=[0.50000], F=[0.82490, 0.86223, 0.90085, 0.93706], F_fuse=[0.01373, 0.01114, 0.00919, 0.00629]
[ INFO : 2026-08-07 20:58:08,231 ] - Epoch 93: train==[137.91023 = 0.80091 + 1.10203 + 25.66333 + 0.01243 + 0.00000 + 0.00079 + 1225.89705]
[ INFO : 2026-08-07 20:58:17,517 ] - Test_@[5, 10, 20, 50]: Recall=[0.03276, 0.05225, 0.08660, 0.14727],  precision=[0.00688, 0.00551, 0.00457, 0.00313], hit=[0.03420, 0.05467, 0.09051, 0.15372], ndcg=[0.02109, 0.02738, 0.03610, 0.04825], Train Rec Loss=[0.03154], Eval Rec Loss=[0.03159], c=[0.50000], F=[0.82386, 0.86355, 0.90307, 0.93893], F_fuse=[0.01365, 0.01096, 0.00909, 0.00623]
[ INFO : 2026-08-07 21:00:46,474 ] - Epoch 94: train==[137.89306 = 0.79530 + 1.10204 + 25.65172 + 0.01249 + 0.00000 + 0.00078 + 1225.89705]
[ INFO : 2026-08-07 21:00:55,718 ] - Test_@[5, 10, 20, 50]: Recall=[0.03279, 0.05193, 0.08564, 0.14723],  precision=[0.00688, 0.00548, 0.00452, 0.00313], hit=[0.03425, 0.05431, 0.08953, 0.15372], ndcg=[0.02112, 0.02729, 0.03588, 0.04822], Train Rec Loss=[0.03154], Eval Rec Loss=[0.03160], c=[0.50000], F=[0.82340, 0.86148, 0.90001, 0.93652], F_fuse=[0.01365, 0.01088, 0.00900, 0.00623]
[ INFO : 2026-08-07 21:03:21,113 ] - Epoch 95: train==[137.91945 = 0.79123 + 1.10202 + 25.68214 + 0.01254 + 0.00000 + 0.00078 + 1225.89705]
[ INFO : 2026-08-07 21:03:30,074 ] - Test_@[5, 10, 20, 50]: Recall=[0.03224, 0.05294, 0.08705, 0.14750],  precision=[0.00679, 0.00558, 0.00459, 0.00314], hit=[0.03374, 0.05534, 0.09103, 0.15413], ndcg=[0.02103, 0.02773, 0.03642, 0.04852], Train Rec Loss=[0.03152], Eval Rec Loss=[0.03160], c=[0.50000], F=[0.82471, 0.86452, 0.90284, 0.93831], F_fuse=[0.01347, 0.01109, 0.00914, 0.00625]
[ INFO : 2026-08-07 21:06:05,698 ] - Epoch 96: train==[137.82892 = 0.78794 + 1.10204 + 25.59482 + 0.01259 + 0.00000 + 0.00078 + 1225.89705]
[ INFO : 2026-08-07 21:06:14,730 ] - Test_@[5, 10, 20, 50]: Recall=[0.03269, 0.05249, 0.08634, 0.14605],  precision=[0.00687, 0.00553, 0.00456, 0.00310], hit=[0.03420, 0.05487, 0.09041, 0.15248], ndcg=[0.02111, 0.02752, 0.03616, 0.04811], Train Rec Loss=[0.03151], Eval Rec Loss=[0.03160], c=[0.50000], F=[0.82316, 0.86273, 0.90108, 0.93691], F_fuse=[0.01363, 0.01100, 0.00908, 0.00618]
[ INFO : 2026-08-07 21:08:46,750 ] - Epoch 97: train==[137.78003 = 0.78108 + 1.10203 + 25.55274 + 0.01267 + 0.00000 + 0.00077 + 1225.89705]
[ INFO : 2026-08-07 21:08:55,849 ] - Test_@[5, 10, 20, 50]: Recall=[0.03265, 0.05249, 0.08701, 0.14691],  precision=[0.00687, 0.00555, 0.00460, 0.00312], hit=[0.03415, 0.05503, 0.09103, 0.15336], ndcg=[0.02120, 0.02764, 0.03642, 0.04841], Train Rec Loss=[0.03152], Eval Rec Loss=[0.03157], c=[0.50000], F=[0.82522, 0.86467, 0.90194, 0.93700], F_fuse=[0.01363, 0.01103, 0.00914, 0.00622]
[ INFO : 2026-08-07 21:11:29,796 ] - Epoch 98: train==[137.58343 = 0.77766 + 1.10204 + 25.35947 + 0.01274 + 0.00000 + 0.00077 + 1225.89705]
[ INFO : 2026-08-07 21:11:38,910 ] - Test_@[5, 10, 20, 50]: Recall=[0.03284, 0.05289, 0.08644, 0.14611],  precision=[0.00689, 0.00557, 0.00456, 0.00311], hit=[0.03430, 0.05534, 0.09041, 0.15269], ndcg=[0.02134, 0.02780, 0.03635, 0.04831], Train Rec Loss=[0.03152], Eval Rec Loss=[0.03158], c=[0.50000], F=[0.82362, 0.86332, 0.90067, 0.93627], F_fuse=[0.01367, 0.01108, 0.00908, 0.00619]
[ INFO : 2026-08-07 21:14:16,748 ] - Epoch 99: train==[137.46621 = 0.77584 + 1.10202 + 25.24407 + 0.01276 + 0.00000 + 0.00077 + 1225.89705]
[ INFO : 2026-08-07 21:14:26,050 ] - Test_@[5, 10, 20, 50]: Recall=[0.03225, 0.05276, 0.08639, 0.14607],  precision=[0.00678, 0.00556, 0.00456, 0.00310], hit=[0.03374, 0.05513, 0.09031, 0.15264], ndcg=[0.02110, 0.02770, 0.03625, 0.04819], Train Rec Loss=[0.03149], Eval Rec Loss=[0.03156], c=[0.50000], F=[0.82181, 0.86417, 0.90280, 0.93840], F_fuse=[0.01345, 0.01105, 0.00908, 0.00619]
[ INFO : 2026-08-07 21:17:00,855 ] - Epoch 100: train==[137.42251 = 0.76621 + 1.10203 + 25.20991 + 0.01285 + 0.00000 + 0.00077 + 1225.89705]
[ INFO : 2026-08-07 21:17:09,841 ] - Test_@[5, 10, 20, 50]: Recall=[0.03316, 0.05273, 0.08587, 0.14670],  precision=[0.00695, 0.00555, 0.00454, 0.00312], hit=[0.03456, 0.05513, 0.08989, 0.15310], ndcg=[0.02137, 0.02766, 0.03612, 0.04830], Train Rec Loss=[0.03149], Eval Rec Loss=[0.03156], c=[0.50000], F=[0.82337, 0.86349, 0.90164, 0.93755], F_fuse=[0.01379, 0.01103, 0.00904, 0.00621]
[ INFO : 2026-08-07 21:19:42,051 ] - Epoch 101: train==[137.32641 = 0.77106 + 1.10202 + 25.10891 + 0.01292 + 0.00000 + 0.00077 + 1225.89705]
[ INFO : 2026-08-07 21:19:51,052 ] - Test_@[5, 10, 20, 50]: Recall=[0.03273, 0.05242, 0.08649, 0.14721],  precision=[0.00687, 0.00552, 0.00457, 0.00313], hit=[0.03420, 0.05487, 0.09056, 0.15382], ndcg=[0.02127, 0.02764, 0.03632, 0.04847], Train Rec Loss=[0.03150], Eval Rec Loss=[0.03155], c=[0.50000], F=[0.82583, 0.86428, 0.90183, 0.93669], F_fuse=[0.01363, 0.01098, 0.00910, 0.00623]
[ INFO : 2026-08-07 21:22:15,745 ] - Epoch 102: train==[137.24640 = 0.76239 + 1.10203 + 25.03749 + 0.01298 + 0.00000 + 0.00077 + 1225.89705]
[ INFO : 2026-08-07 21:22:24,707 ] - Test_@[5, 10, 20, 50]: Recall=[0.03312, 0.05302, 0.08577, 0.14610],  precision=[0.00695, 0.00559, 0.00453, 0.00311], hit=[0.03461, 0.05544, 0.08979, 0.15269], ndcg=[0.02140, 0.02782, 0.03616, 0.04826], Train Rec Loss=[0.03149], Eval Rec Loss=[0.03154], c=[0.50000], F=[0.82379, 0.86419, 0.90252, 0.93829], F_fuse=[0.01379, 0.01111, 0.00902, 0.00619]
[ INFO : 2026-08-07 21:24:47,753 ] - Epoch 103: train==[137.24151 = 0.76009 + 1.10201 + 25.03487 + 0.01304 + 0.00000 + 0.00077 + 1225.89705]
[ INFO : 2026-08-07 21:24:56,694 ] - Test_@[5, 10, 20, 50]: Recall=[0.03223, 0.05299, 0.08572, 0.14597],  precision=[0.00677, 0.00558, 0.00453, 0.00310], hit=[0.03374, 0.05544, 0.08969, 0.15253], ndcg=[0.02129, 0.02801, 0.03634, 0.04843], Train Rec Loss=[0.03148], Eval Rec Loss=[0.03156], c=[0.50000], F=[0.82325, 0.86464, 0.90269, 0.93766], F_fuse=[0.01343, 0.01110, 0.00901, 0.00619]
[ INFO : 2026-08-07 21:27:19,583 ] - Epoch 104: train==[137.26801 = 0.75393 + 1.10203 + 25.06744 + 0.01310 + 0.00000 + 0.00076 + 1225.89705]
[ INFO : 2026-08-07 21:27:28,575 ] - Test_@[5, 10, 20, 50]: Recall=[0.03299, 0.05339, 0.08577, 0.14557],  precision=[0.00693, 0.00562, 0.00453, 0.00309], hit=[0.03451, 0.05575, 0.08974, 0.15212], ndcg=[0.02141, 0.02798, 0.03622, 0.04822], Train Rec Loss=[0.03148], Eval Rec Loss=[0.03153], c=[0.50000], F=[0.82196, 0.86406, 0.90199, 0.93759], F_fuse=[0.01375, 0.01117, 0.00902, 0.00617]
[ INFO : 2026-08-07 21:29:51,764 ] - Epoch 105: train==[137.17509 = 0.75014 + 1.10202 + 24.97832 + 0.01312 + 0.00000 + 0.00076 + 1225.89705]
[ INFO : 2026-08-07 21:30:00,772 ] - Test_@[5, 10, 20, 50]: Recall=[0.03311, 0.05288, 0.08658, 0.14509],  precision=[0.00695, 0.00558, 0.00457, 0.00309], hit=[0.03461, 0.05534, 0.09056, 0.15166], ndcg=[0.02142, 0.02783, 0.03639, 0.04811], Train Rec Loss=[0.03148], Eval Rec Loss=[0.03155], c=[0.50000], F=[0.82476, 0.86606, 0.90325, 0.93824], F_fuse=[0.01379, 0.01109, 0.00910, 0.00615]
[ INFO : 2026-08-07 21:32:23,752 ] - Epoch 106: train==[137.14111 = 0.74987 + 1.10201 + 24.94453 + 0.01321 + 0.00000 + 0.00076 + 1225.89705]
[ INFO : 2026-08-07 21:32:32,757 ] - Test_@[5, 10, 20, 50]: Recall=[0.03370, 0.05379, 0.08603, 0.14675],  precision=[0.00708, 0.00565, 0.00455, 0.00312], hit=[0.03523, 0.05611, 0.09000, 0.15336], ndcg=[0.02175, 0.02823, 0.03644, 0.04862], Train Rec Loss=[0.03148], Eval Rec Loss=[0.03157], c=[0.50000], F=[0.82346, 0.86455, 0.90317, 0.93840], F_fuse=[0.01403, 0.01123, 0.00905, 0.00622]
[ INFO : 2026-08-07 21:34:56,236 ] - Epoch 107: train==[136.89301 = 0.74303 + 1.10201 + 24.70319 + 0.01327 + 0.00000 + 0.00076 + 1225.89705]
[ INFO : 2026-08-07 21:35:05,259 ] - Test_@[5, 10, 20, 50]: Recall=[0.03363, 0.05352, 0.08578, 0.14566],  precision=[0.00704, 0.00563, 0.00453, 0.00309], hit=[0.03502, 0.05600, 0.08974, 0.15202], ndcg=[0.02194, 0.02836, 0.03658, 0.04857], Train Rec Loss=[0.03147], Eval Rec Loss=[0.03151], c=[0.50000], F=[0.82646, 0.86518, 0.90328, 0.93826], F_fuse=[0.01395, 0.01119, 0.00902, 0.00617]
[ INFO : 2026-08-07 21:37:29,221 ] - Epoch 108: train==[136.80154 = 0.74063 + 1.10200 + 24.61408 + 0.01333 + 0.00000 + 0.00076 + 1225.89705]
[ INFO : 2026-08-07 21:37:38,133 ] - Test_@[5, 10, 20, 50]: Recall=[0.03315, 0.05275, 0.08499, 0.14467],  precision=[0.00698, 0.00557, 0.00450, 0.00307], hit=[0.03471, 0.05523, 0.08902, 0.15104], ndcg=[0.02147, 0.02777, 0.03599, 0.04794], Train Rec Loss=[0.03149], Eval Rec Loss=[0.03156], c=[0.50000], F=[0.82384, 0.86511, 0.90337, 0.93915], F_fuse=[0.01385, 0.01107, 0.00895, 0.00613]
[ INFO : 2026-08-07 21:40:01,987 ] - Epoch 109: train==[136.82135 = 0.74054 + 1.10202 + 24.63388 + 0.01342 + 0.00000 + 0.00075 + 1225.89705]
[ INFO : 2026-08-07 21:40:11,001 ] - Test_@[5, 10, 20, 50]: Recall=[0.03367, 0.05391, 0.08706, 0.14547],  precision=[0.00708, 0.00566, 0.00459, 0.00309], hit=[0.03528, 0.05626, 0.09092, 0.15197], ndcg=[0.02217, 0.02870, 0.03711, 0.04882], Train Rec Loss=[0.03147], Eval Rec Loss=[0.03152], c=[0.50000], F=[0.82794, 0.86529, 0.90353, 0.93778], F_fuse=[0.01403, 0.01124, 0.00913, 0.00616]
[ INFO : 2026-08-07 21:42:36,540 ] - Epoch 110: train==[136.77740 = 0.73205 + 1.10200 + 24.59843 + 0.01342 + 0.00000 + 0.00075 + 1225.89705]
[ INFO : 2026-08-07 21:42:45,549 ] - Test_@[5, 10, 20, 50]: Recall=[0.03349, 0.05322, 0.08633, 0.14460],  precision=[0.00699, 0.00560, 0.00456, 0.00308], hit=[0.03492, 0.05559, 0.09025, 0.15120], ndcg=[0.02189, 0.02829, 0.03671, 0.04839], Train Rec Loss=[0.03147], Eval Rec Loss=[0.03154], c=[0.50000], F=[0.82652, 0.86649, 0.90474, 0.93931], F_fuse=[0.01387, 0.01113, 0.00907, 0.00613]
[ INFO : 2026-08-07 21:45:08,329 ] - Epoch 111: train==[136.71587 = 0.72990 + 1.10201 + 24.53895 + 0.01354 + 0.00000 + 0.00075 + 1225.89705]
[ INFO : 2026-08-07 21:45:17,284 ] - Test_@[5, 10, 20, 50]: Recall=[0.03323, 0.05302, 0.08615, 0.14659],  precision=[0.00697, 0.00558, 0.00456, 0.00312], hit=[0.03476, 0.05534, 0.09020, 0.15315], ndcg=[0.02148, 0.02786, 0.03630, 0.04839], Train Rec Loss=[0.03147], Eval Rec Loss=[0.03150], c=[0.50000], F=[0.82530, 0.86556, 0.90384, 0.93903], F_fuse=[0.01383, 0.01109, 0.00907, 0.00621]
[ INFO : 2026-08-07 21:47:40,599 ] - Epoch 112: train==[136.65801 = 0.72576 + 1.10200 + 24.48518 + 0.01359 + 0.00000 + 0.00075 + 1225.89705]
[ INFO : 2026-08-07 21:47:49,545 ] - Test_@[5, 10, 20, 50]: Recall=[0.03294, 0.05345, 0.08540, 0.14569],  precision=[0.00691, 0.00562, 0.00452, 0.00309], hit=[0.03446, 0.05580, 0.08948, 0.15212], ndcg=[0.02135, 0.02799, 0.03613, 0.04824], Train Rec Loss=[0.03146], Eval Rec Loss=[0.03151], c=[0.50000], F=[0.82461, 0.86485, 0.90240, 0.93760], F_fuse=[0.01371, 0.01117, 0.00899, 0.00617]
[ INFO : 2026-08-07 21:50:12,780 ] - Epoch 113: train==[136.45766 = 0.72299 + 1.10200 + 24.28753 + 0.01365 + 0.00000 + 0.00075 + 1225.89705]
[ INFO : 2026-08-07 21:50:21,777 ] - Test_@[5, 10, 20, 50]: Recall=[0.03334, 0.05314, 0.08596, 0.14452],  precision=[0.00698, 0.00560, 0.00454, 0.00307], hit=[0.03476, 0.05559, 0.08989, 0.15099], ndcg=[0.02169, 0.02810, 0.03644, 0.04814], Train Rec Loss=[0.03145], Eval Rec Loss=[0.03154], c=[0.50000], F=[0.82720, 0.86716, 0.90455, 0.93913], F_fuse=[0.01385, 0.01113, 0.00904, 0.00612]
[ INFO : 2026-08-07 21:52:46,252 ] - Epoch 114: train==[136.59695 = 0.72153 + 1.10199 + 24.42822 + 0.01372 + 0.00000 + 0.00075 + 1225.89705]
[ INFO : 2026-08-07 21:52:55,249 ] - Test_@[5, 10, 20, 50]: Recall=[0.03359, 0.05387, 0.08561, 0.14419],  precision=[0.00701, 0.00568, 0.00452, 0.00306], hit=[0.03497, 0.05636, 0.08959, 0.15063], ndcg=[0.02175, 0.02829, 0.03635, 0.04808], Train Rec Loss=[0.03144], Eval Rec Loss=[0.03150], c=[0.50000], F=[0.82543, 0.86615, 0.90463, 0.93934], F_fuse=[0.01391, 0.01128, 0.00900, 0.00610]
[ INFO : 2026-08-07 21:55:19,769 ] - Epoch 115: train==[136.45329 = 0.71492 + 1.10199 + 24.29120 + 0.01371 + 0.00000 + 0.00075 + 1225.89705]
[ INFO : 2026-08-07 21:55:28,715 ] - Test_@[5, 10, 20, 50]: Recall=[0.03382, 0.05411, 0.08608, 0.14522],  precision=[0.00706, 0.00569, 0.00455, 0.00308], hit=[0.03518, 0.05652, 0.09000, 0.15161], ndcg=[0.02209, 0.02867, 0.03679, 0.04865], Train Rec Loss=[0.03144], Eval Rec Loss=[0.03151], c=[0.50000], F=[0.82548, 0.86540, 0.90354, 0.93888], F_fuse=[0.01399, 0.01130, 0.00905, 0.00615]
[ INFO : 2026-08-07 21:57:52,044 ] - Epoch 116: train==[136.35251 = 0.71651 + 1.10199 + 24.18871 + 0.01382 + 0.00000 + 0.00075 + 1225.89705]
[ INFO : 2026-08-07 21:58:01,018 ] - Test_@[5, 10, 20, 50]: Recall=[0.03358, 0.05334, 0.08564, 0.14363],  precision=[0.00704, 0.00562, 0.00451, 0.00305], hit=[0.03502, 0.05580, 0.08943, 0.14996], ndcg=[0.02180, 0.02821, 0.03641, 0.04802], Train Rec Loss=[0.03144], Eval Rec Loss=[0.03152], c=[0.50000], F=[0.82465, 0.86636, 0.90441, 0.93936], F_fuse=[0.01395, 0.01117, 0.00898, 0.00608]
