Job 72611 on gpu04; started Thu Jun 18 06:51:22 PM +07 2026
Thu Jun 18 18:51:22 2026       
+---------------------------------------------------------------------------------------+
| NVIDIA-SMI 535.216.03             Driver Version: 535.216.03   CUDA Version: 12.2     |
|-----------------------------------------+----------------------+----------------------+
| GPU  Name                 Persistence-M | Bus-Id        Disp.A | Volatile Uncorr. ECC |
| Fan  Temp   Perf          Pwr:Usage/Cap |         Memory-Usage | GPU-Util  Compute M. |
|                                         |                      |               MIG M. |
|=========================================+======================+======================|
|   0  Tesla V100-DGXS-32GB           On  | 00000000:0E:00.0 Off |                    0 |
| N/A   42C    P0              38W / 300W |      0MiB / 32768MiB |      0%      Default |
|                                         |                      |                  N/A |
+-----------------------------------------+----------------------+----------------------+
                                                                                         
+---------------------------------------------------------------------------------------+
| Processes:                                                                            |
|  GPU   GI   CI        PID   Type   Process name                            GPU Memory |
|        ID   ID                                                             Usage      |
|=======================================================================================|
|  No running processes found                                                           |
+---------------------------------------------------------------------------------------+
[ INFO : 2026-06-18 18:51:54,673 ] - Preprocess missing values with zero
[ INFO : 2026-06-18 18:51:55,459 ] - Pretrained diffusion model is loaded from: ./checkpoint/allrecipes/best_model.pth
[ INFO : 2026-06-18 18:51:56,481 ] - Completed data loaded from: ./checkpoint/allrecipes/completed_data.pkl
/media/lhbac29/raid-cf/main.py:105: DeprecationWarning: Please import `csr_matrix` from the `scipy.sparse` namespace; the `scipy.sparse.csr` namespace is deprecated and will be removed in SciPy 2.0.0.
  self.ui_graph = self.ui_graph_raw = pickle.load(open('./data/' + self.dataset + '/train_mat', 'rb'))
[ INFO : 2026-06-18 18:51:56,631 ] - Missing rate = 0.400000, complete strategy: zero
[ INFO : 2026-06-18 18:51:58,614 ] - Resuming training from checkpoint './checkpoint/allrecipes/rank/train_state.pth' at epoch 220 (best recall@20 so far = 0.03836)
[ INFO : 2026-06-18 18:53:50,899 ] - Epoch 220: train==[102.76786 = 0.39175 + 0.83781 + 9.77929 + 0.00391 + 0.00000 + 0.00024 + 613.93322]
[ INFO : 2026-06-18 18:54:00,632 ] - Test_@[5, 10, 20, 50]: Recall=[0.00703, 0.01394, 0.02493, 0.04795],  precision=[0.00141, 0.00139, 0.00125, 0.00096], hit=[0.00703, 0.01394, 0.02493, 0.04795], ndcg=[0.00400, 0.00620, 0.00899, 0.01347], Train Rec Loss=[0.09665], Eval Rec Loss=[0.09611], c=[1.00000], F=[0.82586, 0.88514, 0.90924, 0.92758], F_fuse=[0.00281, 0.00278, 0.00249, 0.00192]
[ INFO : 2026-06-18 18:55:49,163 ] - Epoch 221: train==[102.75990 = 0.39708 + 0.83439 + 9.76966 + 0.00391 + 0.00000 + 0.00023 + 613.92259]
[ INFO : 2026-06-18 18:55:58,977 ] - Test_@[5, 10, 20, 50]: Recall=[0.00639, 0.01355, 0.02429, 0.04795],  precision=[0.00128, 0.00136, 0.00121, 0.00096], hit=[0.00639, 0.01355, 0.02429, 0.04795], ndcg=[0.00404, 0.00636, 0.00909, 0.01374], Train Rec Loss=[0.09570], Eval Rec Loss=[0.09618], c=[1.00000], F=[0.82382, 0.87924, 0.90443, 0.92891], F_fuse=[0.00255, 0.00271, 0.00243, 0.00192]
[ INFO : 2026-06-18 18:57:47,272 ] - Epoch 222: train==[102.70594 = 0.39470 + 0.83103 + 9.72024 + 0.00394 + 0.00000 + 0.00021 + 613.92157]
[ INFO : 2026-06-18 18:57:57,050 ] - Test_@[5, 10, 20, 50]: Recall=[0.00716, 0.01483, 0.02647, 0.05076],  precision=[0.00143, 0.00148, 0.00132, 0.00102], hit=[0.00716, 0.01483, 0.02647, 0.05076], ndcg=[0.00401, 0.00647, 0.00939, 0.01412], Train Rec Loss=[0.09630], Eval Rec Loss=[0.09626], c=[1.00000], F=[0.81867, 0.88239, 0.90881, 0.92665], F_fuse=[0.00286, 0.00296, 0.00264, 0.00203]
[ INFO : 2026-06-18 18:59:45,919 ] - Epoch 223: train==[102.64140 = 0.39262 + 0.82763 + 9.65934 + 0.00394 + 0.00000 + 0.00022 + 613.92461]
[ INFO : 2026-06-18 18:59:55,676 ] - Test_@[5, 10, 20, 50]: Recall=[0.00793, 0.01547, 0.02519, 0.04769],  precision=[0.00159, 0.00155, 0.00126, 0.00095], hit=[0.00793, 0.01547, 0.02519, 0.04769], ndcg=[0.00478, 0.00720, 0.00962, 0.01402], Train Rec Loss=[0.09718], Eval Rec Loss=[0.09575], c=[1.00000], F=[0.81966, 0.88000, 0.90104, 0.92538], F_fuse=[0.00316, 0.00309, 0.00252, 0.00191]
[ INFO : 2026-06-18 19:01:44,494 ] - Epoch 224: train==[102.63799 = 0.38800 + 0.82436 + 9.66161 + 0.00395 + 0.00000 + 0.00022 + 613.93066]
[ INFO : 2026-06-18 19:01:54,265 ] - Test_@[5, 10, 20, 50]: Recall=[0.00767, 0.01406, 0.02417, 0.05025],  precision=[0.00153, 0.00141, 0.00121, 0.00100], hit=[0.00767, 0.01406, 0.02417, 0.05025], ndcg=[0.00489, 0.00692, 0.00945, 0.01459], Train Rec Loss=[0.09655], Eval Rec Loss=[0.09604], c=[1.00000], F=[0.81445, 0.87935, 0.90849, 0.92771], F_fuse=[0.00306, 0.00281, 0.00241, 0.00201]
[ INFO : 2026-06-18 19:03:42,654 ] - Epoch 225: train==[102.62678 = 0.39358 + 0.82130 + 9.64421 + 0.00396 + 0.00000 + 0.00025 + 613.94661]
[ INFO : 2026-06-18 19:03:52,388 ] - Test_@[5, 10, 20, 50]: Recall=[0.00614, 0.01406, 0.02365, 0.04987],  precision=[0.00123, 0.00141, 0.00118, 0.00100], hit=[0.00614, 0.01406, 0.02365, 0.04987], ndcg=[0.00376, 0.00629, 0.00872, 0.01387], Train Rec Loss=[0.09686], Eval Rec Loss=[0.09649], c=[1.00000], F=[0.82056, 0.87914, 0.90433, 0.92776], F_fuse=[0.00245, 0.00281, 0.00236, 0.00199]
[ INFO : 2026-06-18 19:05:41,333 ] - Epoch 226: train==[102.63704 = 0.39003 + 0.81817 + 9.66347 + 0.00395 + 0.00000 + 0.00022 + 613.92311]
[ INFO : 2026-06-18 19:05:51,158 ] - Test_@[5, 10, 20, 50]: Recall=[0.00703, 0.01598, 0.02468, 0.04923],  precision=[0.00141, 0.00160, 0.00123, 0.00098], hit=[0.00703, 0.01598, 0.02468, 0.04923], ndcg=[0.00380, 0.00667, 0.00887, 0.01367], Train Rec Loss=[0.09663], Eval Rec Loss=[0.09671], c=[1.00000], F=[0.81855, 0.87103, 0.90861, 0.93184], F_fuse=[0.00281, 0.00319, 0.00246, 0.00197]
[ INFO : 2026-06-18 19:07:39,953 ] - Epoch 227: train==[102.56586 = 0.38694 + 0.81502 + 9.59749 + 0.00401 + 0.00000 + 0.00021 + 613.92127]
[ INFO : 2026-06-18 19:07:49,771 ] - Test_@[5, 10, 20, 50]: Recall=[0.00754, 0.01419, 0.02481, 0.04846],  precision=[0.00151, 0.00142, 0.00124, 0.00097], hit=[0.00754, 0.01419, 0.02481, 0.04846], ndcg=[0.00455, 0.00667, 0.00934, 0.01396], Train Rec Loss=[0.09599], Eval Rec Loss=[0.09512], c=[1.00000], F=[0.81774, 0.87906, 0.90450, 0.92636], F_fuse=[0.00301, 0.00283, 0.00248, 0.00194]
[ INFO : 2026-06-18 19:09:38,550 ] - Epoch 228: train==[102.56965 = 0.38414 + 0.81196 + 9.60550 + 0.00399 + 0.00000 + 0.00022 + 613.92414]
[ INFO : 2026-06-18 19:09:48,342 ] - Test_@[5, 10, 20, 50]: Recall=[0.00831, 0.01573, 0.02570, 0.04961],  precision=[0.00166, 0.00157, 0.00129, 0.00099], hit=[0.00831, 0.01573, 0.02570, 0.04961], ndcg=[0.00451, 0.00685, 0.00934, 0.01400], Train Rec Loss=[0.09612], Eval Rec Loss=[0.09513], c=[1.00000], F=[0.81148, 0.87074, 0.90655, 0.92965], F_fuse=[0.00332, 0.00314, 0.00257, 0.00198]
[ INFO : 2026-06-18 19:11:36,973 ] - Epoch 229: train==[102.55244 = 0.38326 + 0.80889 + 9.59055 + 0.00397 + 0.00000 + 0.00022 + 613.92730]
[ INFO : 2026-06-18 19:11:46,753 ] - Test_@[5, 10, 20, 50]: Recall=[0.00767, 0.01458, 0.02481, 0.04897],  precision=[0.00153, 0.00146, 0.00124, 0.00098], hit=[0.00767, 0.01458, 0.02481, 0.04897], ndcg=[0.00454, 0.00674, 0.00930, 0.01403], Train Rec Loss=[0.09551], Eval Rec Loss=[0.09630], c=[1.00000], F=[0.80691, 0.86204, 0.90606, 0.92897], F_fuse=[0.00306, 0.00291, 0.00248, 0.00196]
[ INFO : 2026-06-18 19:13:35,003 ] - Epoch 230: train==[102.51481 = 0.38479 + 0.80596 + 9.55356 + 0.00402 + 0.00000 + 0.00022 + 613.92429]
[ INFO : 2026-06-18 19:13:44,700 ] - Test_@[5, 10, 20, 50]: Recall=[0.00678, 0.01266, 0.02314, 0.04897],  precision=[0.00136, 0.00127, 0.00116, 0.00098], hit=[0.00678, 0.01266, 0.02314, 0.04897], ndcg=[0.00379, 0.00564, 0.00826, 0.01332], Train Rec Loss=[0.09637], Eval Rec Loss=[0.09594], c=[1.00000], F=[0.80525, 0.86248, 0.90295, 0.92627], F_fuse=[0.00271, 0.00253, 0.00231, 0.00196]
[ INFO : 2026-06-18 19:15:32,979 ] - Epoch 231: train==[102.53705 = 0.38113 + 0.80308 + 9.57772 + 0.00401 + 0.00000 + 0.00026 + 613.94719]
[ INFO : 2026-06-18 19:15:42,712 ] - Test_@[5, 10, 20, 50]: Recall=[0.00665, 0.01394, 0.02570, 0.04871],  precision=[0.00133, 0.00139, 0.00129, 0.00097], hit=[0.00665, 0.01394, 0.02570, 0.04871], ndcg=[0.00411, 0.00644, 0.00938, 0.01389], Train Rec Loss=[0.09620], Eval Rec Loss=[0.09587], c=[1.00000], F=[0.80512, 0.86337, 0.90560, 0.92995], F_fuse=[0.00266, 0.00278, 0.00257, 0.00195]
[ INFO : 2026-06-18 19:17:31,231 ] - Epoch 232: train==[102.46425 = 0.38149 + 0.80020 + 9.50791 + 0.00405 + 0.00000 + 0.00025 + 613.93621]
[ INFO : 2026-06-18 19:17:40,981 ] - Test_@[5, 10, 20, 50]: Recall=[0.00780, 0.01470, 0.02417, 0.04910],  precision=[0.00156, 0.00147, 0.00121, 0.00098], hit=[0.00780, 0.01470, 0.02417, 0.04910], ndcg=[0.00449, 0.00670, 0.00906, 0.01396], Train Rec Loss=[0.09671], Eval Rec Loss=[0.09537], c=[1.00000], F=[0.80803, 0.87051, 0.90786, 0.92952], F_fuse=[0.00311, 0.00294, 0.00241, 0.00196]
[ INFO : 2026-06-18 19:19:28,976 ] - Epoch 233: train==[102.44846 = 0.38086 + 0.79730 + 9.49674 + 0.00405 + 0.00000 + 0.00021 + 613.92145]
[ INFO : 2026-06-18 19:19:38,701 ] - Test_@[5, 10, 20, 50]: Recall=[0.00818, 0.01394, 0.02493, 0.04884],  precision=[0.00164, 0.00139, 0.00125, 0.00098], hit=[0.00818, 0.01394, 0.02493, 0.04884], ndcg=[0.00500, 0.00684, 0.00960, 0.01429], Train Rec Loss=[0.09604], Eval Rec Loss=[0.09652], c=[1.00000], F=[0.82014, 0.87868, 0.90410, 0.93003], F_fuse=[0.00327, 0.00278, 0.00249, 0.00195]
[ INFO : 2026-06-18 19:21:26,950 ] - Epoch 234: train==[102.36443 = 0.37870 + 0.79442 + 9.41617 + 0.00407 + 0.00000 + 0.00021 + 613.92417]
[ INFO : 2026-06-18 19:21:36,713 ] - Test_@[5, 10, 20, 50]: Recall=[0.00716, 0.01330, 0.02404, 0.04846],  precision=[0.00143, 0.00133, 0.00120, 0.00097], hit=[0.00716, 0.01330, 0.02404, 0.04846], ndcg=[0.00424, 0.00622, 0.00896, 0.01375], Train Rec Loss=[0.09553], Eval Rec Loss=[0.09541], c=[1.00000], F=[0.80416, 0.86302, 0.90461, 0.92736], F_fuse=[0.00286, 0.00266, 0.00240, 0.00194]
[ INFO : 2026-06-18 19:23:25,016 ] - Epoch 235: train==[102.44215 = 0.38171 + 0.79152 + 9.49269 + 0.00406 + 0.00000 + 0.00021 + 613.92370]
[ INFO : 2026-06-18 19:23:34,861 ] - Test_@[5, 10, 20, 50]: Recall=[0.00703, 0.01406, 0.02481, 0.04859],  precision=[0.00141, 0.00141, 0.00124, 0.00097], hit=[0.00703, 0.01406, 0.02481, 0.04859], ndcg=[0.00423, 0.00650, 0.00923, 0.01387], Train Rec Loss=[0.09623], Eval Rec Loss=[0.09502], c=[1.00000], F=[0.80694, 0.86652, 0.90568, 0.93109], F_fuse=[0.00281, 0.00281, 0.00248, 0.00194]
[ INFO : 2026-06-18 19:25:22,216 ] - Epoch 236: train==[102.39482 = 0.37982 + 0.78891 + 9.44917 + 0.00408 + 0.00000 + 0.00021 + 613.92130]
[ INFO : 2026-06-18 19:25:31,950 ] - Test_@[5, 10, 20, 50]: Recall=[0.00793, 0.01483, 0.02532, 0.05025],  precision=[0.00159, 0.00148, 0.00127, 0.00100], hit=[0.00793, 0.01483, 0.02532, 0.05025], ndcg=[0.00474, 0.00694, 0.00956, 0.01446], Train Rec Loss=[0.09660], Eval Rec Loss=[0.09563], c=[1.00000], F=[0.81826, 0.88108, 0.90884, 0.92992], F_fuse=[0.00316, 0.00296, 0.00253, 0.00201]
[ INFO : 2026-06-18 19:27:19,817 ] - Epoch 237: train==[102.39425 = 0.37683 + 0.78614 + 9.45060 + 0.00410 + 0.00000 + 0.00028 + 613.93831]
[ INFO : 2026-06-18 19:27:29,588 ] - Test_@[5, 10, 20, 50]: Recall=[0.00780, 0.01419, 0.02481, 0.04782],  precision=[0.00156, 0.00142, 0.00124, 0.00096], hit=[0.00780, 0.01419, 0.02481, 0.04782], ndcg=[0.00444, 0.00647, 0.00914, 0.01364], Train Rec Loss=[0.09604], Eval Rec Loss=[0.09569], c=[1.00000], F=[0.81580, 0.87554, 0.90367, 0.92752], F_fuse=[0.00311, 0.00283, 0.00248, 0.00191]
[ INFO : 2026-06-18 19:29:17,067 ] - Epoch 238: train==[102.39233 = 0.37634 + 0.78338 + 9.45229 + 0.00408 + 0.00000 + 0.00023 + 613.92907]
[ INFO : 2026-06-18 19:29:26,789 ] - Test_@[5, 10, 20, 50]: Recall=[0.00716, 0.01343, 0.02378, 0.04756],  precision=[0.00143, 0.00134, 0.00119, 0.00095], hit=[0.00716, 0.01343, 0.02378, 0.04756], ndcg=[0.00400, 0.00599, 0.00860, 0.01326], Train Rec Loss=[0.09517], Eval Rec Loss=[0.09500], c=[1.00000], F=[0.80768, 0.87158, 0.90297, 0.92790], F_fuse=[0.00286, 0.00268, 0.00238, 0.00190]
[ INFO : 2026-06-18 19:31:15,782 ] - Epoch 239: train==[102.32129 = 0.37288 + 0.78074 + 9.38775 + 0.00412 + 0.00000 + 0.00020 + 613.91933]
[ INFO : 2026-06-18 19:31:25,531 ] - Test_@[5, 10, 20, 50]: Recall=[0.00742, 0.01330, 0.02250, 0.04859],  precision=[0.00148, 0.00133, 0.00113, 0.00097], hit=[0.00742, 0.01330, 0.02250, 0.04859], ndcg=[0.00460, 0.00648, 0.00874, 0.01388], Train Rec Loss=[0.09520], Eval Rec Loss=[0.09467], c=[1.00000], F=[0.81276, 0.87270, 0.90585, 0.92977], F_fuse=[0.00296, 0.00266, 0.00225, 0.00194]
[ INFO : 2026-06-18 19:33:14,164 ] - Epoch 240: train==[102.28470 = 0.37579 + 0.77801 + 9.34875 + 0.00412 + 0.00000 + 0.00020 + 613.92684]
[ INFO : 2026-06-18 19:33:23,911 ] - Test_@[5, 10, 20, 50]: Recall=[0.00665, 0.01291, 0.02378, 0.04769],  precision=[0.00133, 0.00129, 0.00119, 0.00095], hit=[0.00665, 0.01291, 0.02378, 0.04769], ndcg=[0.00380, 0.00581, 0.00853, 0.01321], Train Rec Loss=[0.09561], Eval Rec Loss=[0.09532], c=[1.00000], F=[0.80896, 0.86907, 0.90209, 0.93001], F_fuse=[0.00266, 0.00258, 0.00238, 0.00191]
[ INFO : 2026-06-18 19:35:12,416 ] - Epoch 241: train==[102.26603 = 0.37526 + 0.77544 + 9.33139 + 0.00415 + 0.00000 + 0.00021 + 613.93171]
[ INFO : 2026-06-18 19:35:22,155 ] - Test_@[5, 10, 20, 50]: Recall=[0.00742, 0.01279, 0.02455, 0.04910],  precision=[0.00148, 0.00128, 0.00123, 0.00098], hit=[0.00742, 0.01279, 0.02455, 0.04910], ndcg=[0.00425, 0.00595, 0.00891, 0.01367], Train Rec Loss=[0.09454], Eval Rec Loss=[0.09439], c=[1.00000], F=[0.81468, 0.87543, 0.90327, 0.93040], F_fuse=[0.00296, 0.00255, 0.00245, 0.00196]
[ INFO : 2026-06-18 19:37:11,206 ] - Epoch 242: train==[102.24311 = 0.36919 + 0.77270 + 9.31722 + 0.00413 + 0.00000 + 0.00020 + 613.92498]
[ INFO : 2026-06-18 19:37:20,973 ] - Test_@[5, 10, 20, 50]: Recall=[0.00729, 0.01355, 0.02391, 0.04910],  precision=[0.00146, 0.00136, 0.00120, 0.00098], hit=[0.00729, 0.01355, 0.02391, 0.04910], ndcg=[0.00430, 0.00632, 0.00893, 0.01385], Train Rec Loss=[0.09406], Eval Rec Loss=[0.09303], c=[1.00000], F=[0.80835, 0.86709, 0.89990, 0.92866], F_fuse=[0.00291, 0.00271, 0.00239, 0.00196]
[ INFO : 2026-06-18 19:39:09,821 ] - Epoch 243: train==[102.21698 = 0.37535 + 0.76991 + 9.28689 + 0.00416 + 0.00000 + 0.00021 + 613.92281]
[ INFO : 2026-06-18 19:39:19,609 ] - Test_@[5, 10, 20, 50]: Recall=[0.00614, 0.01253, 0.02429, 0.04871],  precision=[0.00123, 0.00125, 0.00121, 0.00097], hit=[0.00614, 0.01253, 0.02429, 0.04871], ndcg=[0.00363, 0.00564, 0.00858, 0.01335], Train Rec Loss=[0.09484], Eval Rec Loss=[0.09452], c=[1.00000], F=[0.80260, 0.86420, 0.90675, 0.92785], F_fuse=[0.00245, 0.00250, 0.00243, 0.00195]
[ INFO : 2026-06-18 19:41:08,429 ] - Epoch 244: train==[102.18703 = 0.36763 + 0.76738 + 9.26596 + 0.00416 + 0.00000 + 0.00021 + 613.92424]
[ INFO : 2026-06-18 19:41:18,225 ] - Test_@[5, 10, 20, 50]: Recall=[0.00831, 0.01355, 0.02378, 0.04641],  precision=[0.00166, 0.00136, 0.00119, 0.00093], hit=[0.00831, 0.01355, 0.02378, 0.04641], ndcg=[0.00455, 0.00622, 0.00877, 0.01323], Train Rec Loss=[0.09445], Eval Rec Loss=[0.09377], c=[1.00000], F=[0.80154, 0.86225, 0.90217, 0.92817], F_fuse=[0.00332, 0.00271, 0.00238, 0.00185]
[ INFO : 2026-06-18 19:43:07,329 ] - Epoch 245: train==[102.18930 = 0.36788 + 0.76481 + 9.26981 + 0.00417 + 0.00000 + 0.00020 + 613.92242]
[ INFO : 2026-06-18 19:43:17,107 ] - Test_@[5, 10, 20, 50]: Recall=[0.00780, 0.01432, 0.02506, 0.04859],  precision=[0.00156, 0.00143, 0.00125, 0.00097], hit=[0.00780, 0.01432, 0.02506, 0.04859], ndcg=[0.00415, 0.00623, 0.00889, 0.01351], Train Rec Loss=[0.09439], Eval Rec Loss=[0.09409], c=[1.00000], F=[0.80666, 0.86313, 0.90534, 0.92959], F_fuse=[0.00311, 0.00286, 0.00250, 0.00194]
[ INFO : 2026-06-18 19:45:05,983 ] - Epoch 246: train==[102.23386 = 0.36713 + 0.76215 + 9.31483 + 0.00421 + 0.00000 + 0.00024 + 613.93439]
[ INFO : 2026-06-18 19:45:15,710 ] - Test_@[5, 10, 20, 50]: Recall=[0.00511, 0.01317, 0.02378, 0.04833],  precision=[0.00102, 0.00132, 0.00119, 0.00097], hit=[0.00511, 0.01317, 0.02378, 0.04833], ndcg=[0.00285, 0.00543, 0.00807, 0.01288], Train Rec Loss=[0.09537], Eval Rec Loss=[0.09431], c=[1.00000], F=[0.79662, 0.85747, 0.90522, 0.92978], F_fuse=[0.00204, 0.00263, 0.00238, 0.00193]
[ INFO : 2026-06-18 19:47:02,785 ] - Epoch 247: train==[102.16361 = 0.36643 + 0.75955 + 9.24654 + 0.00419 + 0.00000 + 0.00022 + 613.93658]
[ INFO : 2026-06-18 19:47:12,538 ] - Test_@[5, 10, 20, 50]: Recall=[0.00690, 0.01368, 0.02353, 0.04769],  precision=[0.00138, 0.00137, 0.00118, 0.00095], hit=[0.00690, 0.01368, 0.02353, 0.04769], ndcg=[0.00401, 0.00617, 0.00862, 0.01334], Train Rec Loss=[0.09464], Eval Rec Loss=[0.09472], c=[1.00000], F=[0.79262, 0.85640, 0.90449, 0.93069], F_fuse=[0.00276, 0.00273, 0.00235, 0.00191]
[ INFO : 2026-06-18 19:49:00,083 ] - Epoch 248: train==[102.11113 = 0.36318 + 0.75691 + 9.20083 + 0.00423 + 0.00000 + 0.00021 + 613.92360]
[ INFO : 2026-06-18 19:49:09,886 ] - Test_@[5, 10, 20, 50]: Recall=[0.00703, 0.01304, 0.02314, 0.04667],  precision=[0.00141, 0.00130, 0.00116, 0.00093], hit=[0.00703, 0.01304, 0.02314, 0.04667], ndcg=[0.00409, 0.00602, 0.00855, 0.01318], Train Rec Loss=[0.09399], Eval Rec Loss=[0.09448], c=[1.00000], F=[0.82902, 0.87283, 0.90266, 0.93102], F_fuse=[0.00281, 0.00260, 0.00231, 0.00186]
[ INFO : 2026-06-18 19:50:57,751 ] - Epoch 249: train==[102.19189 = 0.37033 + 0.75423 + 9.27592 + 0.00422 + 0.00000 + 0.00021 + 613.92442]
[ INFO : 2026-06-18 19:51:07,637 ] - Test_@[5, 10, 20, 50]: Recall=[0.00550, 0.01202, 0.02429, 0.04923],  precision=[0.00110, 0.00120, 0.00121, 0.00098], hit=[0.00550, 0.01202, 0.02429, 0.04923], ndcg=[0.00311, 0.00522, 0.00829, 0.01316], Train Rec Loss=[0.09360], Eval Rec Loss=[0.09374], c=[1.00000], F=[0.80026, 0.85981, 0.90671, 0.92950], F_fuse=[0.00220, 0.00240, 0.00243, 0.00197]
[ INFO : 2026-06-18 19:52:55,411 ] - Epoch 250: train==[102.10626 = 0.36550 + 0.75152 + 9.19744 + 0.00421 + 0.00000 + 0.00020 + 613.91986]
[ INFO : 2026-06-18 19:53:05,211 ] - Test_@[5, 10, 20, 50]: Recall=[0.00729, 0.01343, 0.02289, 0.04692],  precision=[0.00146, 0.00134, 0.00114, 0.00094], hit=[0.00729, 0.01343, 0.02289, 0.04692], ndcg=[0.00411, 0.00609, 0.00845, 0.01314], Train Rec Loss=[0.09415], Eval Rec Loss=[0.09351], c=[1.00000], F=[0.79883, 0.85888, 0.90294, 0.93034], F_fuse=[0.00291, 0.00268, 0.00229, 0.00188]
[ INFO : 2026-06-18 19:54:53,073 ] - Epoch 251: train==[102.20749 = 0.36499 + 0.74891 + 9.29890 + 0.00421 + 0.00000 + 0.00021 + 613.93213]
[ INFO : 2026-06-18 19:55:02,891 ] - Test_@[5, 10, 20, 50]: Recall=[0.00844, 0.01470, 0.02557, 0.04999],  precision=[0.00169, 0.00147, 0.00128, 0.00100], hit=[0.00844, 0.01470, 0.02557, 0.04999], ndcg=[0.00526, 0.00727, 0.01005, 0.01482], Train Rec Loss=[0.09454], Eval Rec Loss=[0.09330], c=[1.00000], F=[0.80020, 0.86027, 0.90987, 0.93163], F_fuse=[0.00337, 0.00294, 0.00255, 0.00200]
[ INFO : 2026-06-18 19:56:51,641 ] - Epoch 252: train==[102.08234 = 0.36254 + 0.74632 + 9.17570 + 0.00425 + 0.00000 + 0.00025 + 613.94545]
[ INFO : 2026-06-18 19:57:01,452 ] - Test_@[5, 10, 20, 50]: Recall=[0.00754, 0.01573, 0.02391, 0.04808],  precision=[0.00151, 0.00157, 0.00120, 0.00096], hit=[0.00754, 0.01573, 0.02391, 0.04808], ndcg=[0.00424, 0.00688, 0.00893, 0.01366], Train Rec Loss=[0.09263], Eval Rec Loss=[0.09384], c=[1.00000], F=[0.80122, 0.85763, 0.90509, 0.93109], F_fuse=[0.00301, 0.00314, 0.00239, 0.00192]
[ INFO : 2026-06-18 19:58:49,472 ] - Epoch 253: train==[102.11201 = 0.36529 + 0.74378 + 9.20641 + 0.00424 + 0.00000 + 0.00021 + 613.93065]
[ INFO : 2026-06-18 19:58:59,202 ] - Test_@[5, 10, 20, 50]: Recall=[0.00665, 0.01406, 0.02391, 0.04846],  precision=[0.00133, 0.00141, 0.00120, 0.00097], hit=[0.00665, 0.01406, 0.02391, 0.04846], ndcg=[0.00376, 0.00614, 0.00859, 0.01342], Train Rec Loss=[0.09237], Eval Rec Loss=[0.09392], c=[1.00000], F=[0.79608, 0.85672, 0.90543, 0.92892], F_fuse=[0.00266, 0.00281, 0.00239, 0.00194]
[ INFO : 2026-06-18 20:00:47,877 ] - Epoch 254: train==[102.05171 = 0.35890 + 0.74112 + 9.15328 + 0.00428 + 0.00000 + 0.00022 + 613.93568]
[ INFO : 2026-06-18 20:00:57,654 ] - Test_@[5, 10, 20, 50]: Recall=[0.00780, 0.01522, 0.02404, 0.04744],  precision=[0.00156, 0.00152, 0.00120, 0.00095], hit=[0.00780, 0.01522, 0.02404, 0.04744], ndcg=[0.00458, 0.00694, 0.00912, 0.01369], Train Rec Loss=[0.09392], Eval Rec Loss=[0.09327], c=[1.00000], F=[0.80154, 0.86041, 0.90218, 0.93056], F_fuse=[0.00311, 0.00304, 0.00240, 0.00190]
[ INFO : 2026-06-18 20:02:45,812 ] - Epoch 255: train==[102.00971 = 0.35746 + 0.73810 + 9.11570 + 0.00428 + 0.00000 + 0.00021 + 613.92797]
[ INFO : 2026-06-18 20:02:55,567 ] - Test_@[5, 10, 20, 50]: Recall=[0.00460, 0.01138, 0.02353, 0.04808],  precision=[0.00092, 0.00114, 0.00118, 0.00096], hit=[0.00460, 0.01138, 0.02353, 0.04808], ndcg=[0.00267, 0.00483, 0.00789, 0.01270], Train Rec Loss=[0.09266], Eval Rec Loss=[0.09199], c=[1.00000], F=[0.83633, 0.87397, 0.90417, 0.93077], F_fuse=[0.00184, 0.00227, 0.00235, 0.00192]
[ INFO : 2026-06-18 20:04:43,719 ] - Epoch 256: train==[102.04677 = 0.35951 + 0.73548 + 9.15312 + 0.00431 + 0.00000 + 0.00022 + 613.92211]
[ INFO : 2026-06-18 20:04:53,441 ] - Test_@[5, 10, 20, 50]: Recall=[0.00690, 0.01368, 0.02353, 0.04654],  precision=[0.00138, 0.00137, 0.00118, 0.00093], hit=[0.00690, 0.01368, 0.02353, 0.04654], ndcg=[0.00465, 0.00682, 0.00931, 0.01381], Train Rec Loss=[0.09329], Eval Rec Loss=[0.09317], c=[1.00000], F=[0.82049, 0.86712, 0.90610, 0.93200], F_fuse=[0.00276, 0.00273, 0.00235, 0.00186]
[ INFO : 2026-06-18 20:06:41,587 ] - Epoch 257: train==[101.97639 = 0.35759 + 0.73288 + 9.08638 + 0.00431 + 0.00000 + 0.00020 + 613.92117]
[ INFO : 2026-06-18 20:06:51,306 ] - Test_@[5, 10, 20, 50]: Recall=[0.00639, 0.01330, 0.02442, 0.04820],  precision=[0.00128, 0.00133, 0.00122, 0.00096], hit=[0.00639, 0.01330, 0.02442, 0.04820], ndcg=[0.00353, 0.00571, 0.00852, 0.01316], Train Rec Loss=[0.09344], Eval Rec Loss=[0.09216], c=[1.00000], F=[0.83049, 0.87617, 0.90463, 0.93123], F_fuse=[0.00255, 0.00266, 0.00244, 0.00193]
[ INFO : 2026-06-18 20:08:39,930 ] - Epoch 258: train==[101.98770 = 0.35804 + 0.73028 + 9.09720 + 0.00432 + 0.00000 + 0.00022 + 613.93170]
[ INFO : 2026-06-18 20:08:49,737 ] - Test_@[5, 10, 20, 50]: Recall=[0.00818, 0.01240, 0.02353, 0.04744],  precision=[0.00164, 0.00124, 0.00118, 0.00095], hit=[0.00818, 0.01240, 0.02353, 0.04744], ndcg=[0.00472, 0.00606, 0.00885, 0.01353], Train Rec Loss=[0.09318], Eval Rec Loss=[0.09210], c=[1.00000], F=[0.79208, 0.85340, 0.90505, 0.93303], F_fuse=[0.00327, 0.00248, 0.00235, 0.00190]
[ INFO : 2026-06-18 20:10:38,704 ] - Epoch 259: train==[101.97528 = 0.35690 + 0.72782 + 9.08858 + 0.00432 + 0.00000 + 0.00021 + 613.92384]
[ INFO : 2026-06-18 20:10:48,540 ] - Test_@[5, 10, 20, 50]: Recall=[0.00767, 0.01458, 0.02391, 0.04808],  precision=[0.00153, 0.00146, 0.00120, 0.00096], hit=[0.00767, 0.01458, 0.02391, 0.04808], ndcg=[0.00483, 0.00703, 0.00940, 0.01416], Train Rec Loss=[0.09261], Eval Rec Loss=[0.09164], c=[1.00000], F=[0.80579, 0.86188, 0.90332, 0.92921], F_fuse=[0.00306, 0.00291, 0.00239, 0.00192]
[ INFO : 2026-06-18 20:12:37,419 ] - Epoch 260: train==[101.99367 = 0.35566 + 0.72529 + 9.10933 + 0.00432 + 0.00000 + 0.00021 + 613.92644]
[ INFO : 2026-06-18 20:12:47,150 ] - Test_@[5, 10, 20, 50]: Recall=[0.00665, 0.01317, 0.02301, 0.04565],  precision=[0.00133, 0.00132, 0.00115, 0.00091], hit=[0.00665, 0.01317, 0.02301, 0.04565], ndcg=[0.00402, 0.00609, 0.00854, 0.01297], Train Rec Loss=[0.09212], Eval Rec Loss=[0.09258], c=[1.00000], F=[0.78959, 0.85049, 0.90336, 0.93258], F_fuse=[0.00266, 0.00263, 0.00230, 0.00182]
[ INFO : 2026-06-18 20:14:35,436 ] - Epoch 261: train==[101.94750 = 0.35207 + 0.72280 + 9.06948 + 0.00434 + 0.00000 + 0.00021 + 613.91816]
[ INFO : 2026-06-18 20:14:45,204 ] - Test_@[5, 10, 20, 50]: Recall=[0.00550, 0.01138, 0.02429, 0.04731],  precision=[0.00110, 0.00114, 0.00121, 0.00095], hit=[0.00550, 0.01138, 0.02429, 0.04731], ndcg=[0.00302, 0.00489, 0.00816, 0.01268], Train Rec Loss=[0.09222], Eval Rec Loss=[0.09168], c=[1.00000], F=[0.83850, 0.87389, 0.90418, 0.93167], F_fuse=[0.00220, 0.00227, 0.00243, 0.00189]
[ INFO : 2026-06-18 20:16:33,344 ] - Epoch 262: train==[101.91449 = 0.35142 + 0.72036 + 9.03734 + 0.00438 + 0.00000 + 0.00022 + 613.92607]
[ INFO : 2026-06-18 20:16:43,140 ] - Test_@[5, 10, 20, 50]: Recall=[0.00627, 0.01074, 0.02327, 0.04705],  precision=[0.00125, 0.00107, 0.00116, 0.00094], hit=[0.00627, 0.01074, 0.02327, 0.04705], ndcg=[0.00349, 0.00489, 0.00800, 0.01263], Train Rec Loss=[0.09195], Eval Rec Loss=[0.09247], c=[1.00000], F=[0.83400, 0.87263, 0.90012, 0.92861], F_fuse=[0.00250, 0.00215, 0.00232, 0.00188]
[ INFO : 2026-06-18 20:18:32,030 ] - Epoch 263: train==[101.97486 = 0.35153 + 0.71795 + 9.09797 + 0.00435 + 0.00000 + 0.00022 + 613.93343]
[ INFO : 2026-06-18 20:18:41,803 ] - Test_@[5, 10, 20, 50]: Recall=[0.00703, 0.01547, 0.02455, 0.04667],  precision=[0.00141, 0.00155, 0.00123, 0.00093], hit=[0.00703, 0.01547, 0.02455, 0.04667], ndcg=[0.00404, 0.00674, 0.00903, 0.01333], Train Rec Loss=[0.09167], Eval Rec Loss=[0.09206], c=[1.00000], F=[0.79815, 0.85485, 0.90566, 0.93320], F_fuse=[0.00281, 0.00309, 0.00245, 0.00186]
[ INFO : 2026-06-18 20:20:30,442 ] - Epoch 264: train==[101.91481 = 0.35452 + 0.71551 + 9.03845 + 0.00435 + 0.00000 + 0.00020 + 613.91991]
[ INFO : 2026-06-18 20:20:40,180 ] - Test_@[5, 10, 20, 50]: Recall=[0.00690, 0.01304, 0.02493, 0.04833],  precision=[0.00138, 0.00130, 0.00125, 0.00097], hit=[0.00690, 0.01304, 0.02493, 0.04833], ndcg=[0.00403, 0.00596, 0.00896, 0.01357], Train Rec Loss=[0.09068], Eval Rec Loss=[0.09111], c=[1.00000], F=[0.79346, 0.85284, 0.90510, 0.93013], F_fuse=[0.00276, 0.00260, 0.00249, 0.00193]
[ INFO : 2026-06-18 20:22:28,467 ] - Epoch 265: train==[101.84613 = 0.35700 + 0.71301 + 8.96831 + 0.00440 + 0.00000 + 0.00021 + 613.92275]
[ INFO : 2026-06-18 20:22:38,248 ] - Test_@[5, 10, 20, 50]: Recall=[0.00921, 0.01509, 0.02314, 0.04629],  precision=[0.00184, 0.00151, 0.00116, 0.00093], hit=[0.00921, 0.01509, 0.02314, 0.04629], ndcg=[0.00547, 0.00733, 0.00939, 0.01394], Train Rec Loss=[0.09081], Eval Rec Loss=[0.09132], c=[1.00000], F=[0.79767, 0.85325, 0.90370, 0.93260], F_fuse=[0.00367, 0.00301, 0.00231, 0.00185]
[ INFO : 2026-06-18 20:24:26,954 ] - Epoch 266: train==[101.86771 = 0.34775 + 0.71067 + 8.99861 + 0.00438 + 0.00000 + 0.00023 + 613.93557]
[ INFO : 2026-06-18 20:24:36,777 ] - Test_@[5, 10, 20, 50]: Recall=[0.00729, 0.01496, 0.02378, 0.04590],  precision=[0.00146, 0.00150, 0.00119, 0.00092], hit=[0.00729, 0.01496, 0.02378, 0.04590], ndcg=[0.00438, 0.00680, 0.00903, 0.01338], Train Rec Loss=[0.09149], Eval Rec Loss=[0.09184], c=[1.00000], F=[0.81413, 0.86621, 0.90546, 0.93140], F_fuse=[0.00291, 0.00299, 0.00238, 0.00183]
[ INFO : 2026-06-18 20:26:25,693 ] - Epoch 267: train==[101.81086 = 0.35020 + 0.70829 + 8.94269 + 0.00440 + 0.00000 + 0.00020 + 613.92257]
[ INFO : 2026-06-18 20:26:35,431 ] - Test_@[5, 10, 20, 50]: Recall=[0.00742, 0.01368, 0.02301, 0.04565],  precision=[0.00148, 0.00137, 0.00115, 0.00091], hit=[0.00742, 0.01368, 0.02301, 0.04565], ndcg=[0.00410, 0.00609, 0.00845, 0.01285], Train Rec Loss=[0.09135], Eval Rec Loss=[0.09155], c=[1.00000], F=[0.81742, 0.86496, 0.90257, 0.93052], F_fuse=[0.00296, 0.00273, 0.00230, 0.00182]
[ INFO : 2026-06-18 20:28:24,289 ] - Epoch 268: train==[101.82524 = 0.34809 + 0.70602 + 8.96039 + 0.00440 + 0.00000 + 0.00020 + 613.92362]
[ INFO : 2026-06-18 20:28:34,013 ] - Test_@[5, 10, 20, 50]: Recall=[0.00639, 0.01227, 0.02378, 0.04616],  precision=[0.00128, 0.00123, 0.00119, 0.00092], hit=[0.00639, 0.01227, 0.02378, 0.04616], ndcg=[0.00402, 0.00590, 0.00878, 0.01316], Train Rec Loss=[0.09100], Eval Rec Loss=[0.08947], c=[1.00000], F=[0.79863, 0.85557, 0.90326, 0.93163], F_fuse=[0.00255, 0.00245, 0.00238, 0.00184]
[ INFO : 2026-06-18 20:30:22,881 ] - Epoch 269: train==[101.80754 = 0.34963 + 0.70366 + 8.94222 + 0.00444 + 0.00000 + 0.00020 + 613.92571]
[ INFO : 2026-06-18 20:30:32,608 ] - Test_@[5, 10, 20, 50]: Recall=[0.00511, 0.01215, 0.02378, 0.04731],  precision=[0.00102, 0.00121, 0.00119, 0.00095], hit=[0.00511, 0.01215, 0.02378, 0.04731], ndcg=[0.00289, 0.00513, 0.00804, 0.01263], Train Rec Loss=[0.09025], Eval Rec Loss=[0.09016], c=[1.00000], F=[0.83879, 0.87503, 0.90294, 0.93375], F_fuse=[0.00204, 0.00243, 0.00238, 0.00189]
[ INFO : 2026-06-18 20:32:21,102 ] - Epoch 270: train==[101.83916 = 0.34849 + 0.70134 + 8.97701 + 0.00444 + 0.00000 + 0.00020 + 613.92142]
[ INFO : 2026-06-18 20:32:30,851 ] - Test_@[5, 10, 20, 50]: Recall=[0.00524, 0.00985, 0.02276, 0.04603],  precision=[0.00105, 0.00098, 0.00114, 0.00092], hit=[0.00524, 0.00985, 0.02276, 0.04603], ndcg=[0.00320, 0.00466, 0.00785, 0.01242], Train Rec Loss=[0.09062], Eval Rec Loss=[0.09087], c=[1.00000], F=[0.83703, 0.87191, 0.89997, 0.93165], F_fuse=[0.00209, 0.00197, 0.00227, 0.00184]
[ INFO : 2026-06-18 20:34:19,486 ] - Epoch 271: train==[101.83294 = 0.34417 + 0.69910 + 8.97596 + 0.00446 + 0.00000 + 0.00020 + 613.92460]
[ INFO : 2026-06-18 20:34:29,281 ] - Test_@[5, 10, 20, 50]: Recall=[0.00460, 0.01138, 0.02238, 0.04616],  precision=[0.00092, 0.00114, 0.00112, 0.00092], hit=[0.00460, 0.01138, 0.02238, 0.04616], ndcg=[0.00257, 0.00476, 0.00755, 0.01225], Train Rec Loss=[0.09053], Eval Rec Loss=[0.08920], c=[1.00000], F=[0.83771, 0.87583, 0.90476, 0.93322], F_fuse=[0.00184, 0.00227, 0.00223, 0.00184]
[ INFO : 2026-06-18 20:36:17,985 ] - Epoch 272: train==[101.73418 = 0.34670 + 0.69685 + 8.87589 + 0.00449 + 0.00000 + 0.00021 + 613.92520]
[ INFO : 2026-06-18 20:36:27,764 ] - Test_@[5, 10, 20, 50]: Recall=[0.00537, 0.01138, 0.02314, 0.04616],  precision=[0.00107, 0.00114, 0.00116, 0.00092], hit=[0.00537, 0.01138, 0.02314, 0.04616], ndcg=[0.00326, 0.00519, 0.00812, 0.01266], Train Rec Loss=[0.09119], Eval Rec Loss=[0.09052], c=[1.00000], F=[0.83483, 0.87439, 0.90064, 0.93146], F_fuse=[0.00215, 0.00227, 0.00231, 0.00184]
[ INFO : 2026-06-18 20:38:16,003 ] - Epoch 273: train==[101.71353 = 0.34269 + 0.69464 + 8.86013 + 0.00448 + 0.00000 + 0.00020 + 613.92818]
[ INFO : 2026-06-18 20:38:25,811 ] - Test_@[5, 10, 20, 50]: Recall=[0.00690, 0.01509, 0.02468, 0.04756],  precision=[0.00138, 0.00151, 0.00123, 0.00095], hit=[0.00690, 0.01509, 0.02468, 0.04756], ndcg=[0.00396, 0.00660, 0.00899, 0.01348], Train Rec Loss=[0.09058], Eval Rec Loss=[0.09076], c=[1.00000], F=[0.79940, 0.85516, 0.90477, 0.93087], F_fuse=[0.00276, 0.00301, 0.00246, 0.00190]
[ INFO : 2026-06-18 20:40:14,684 ] - Epoch 274: train==[101.74415 = 0.34187 + 0.69244 + 8.89274 + 0.00451 + 0.00000 + 0.00021 + 613.92900]
[ INFO : 2026-06-18 20:40:24,374 ] - Test_@[5, 10, 20, 50]: Recall=[0.00678, 0.01227, 0.02314, 0.04513],  precision=[0.00136, 0.00123, 0.00116, 0.00090], hit=[0.00678, 0.01227, 0.02314, 0.04513], ndcg=[0.00385, 0.00557, 0.00828, 0.01259], Train Rec Loss=[0.09010], Eval Rec Loss=[0.08866], c=[1.00000], F=[0.83873, 0.87597, 0.90469, 0.93275], F_fuse=[0.00271, 0.00245, 0.00231, 0.00180]
[ INFO : 2026-06-18 20:42:12,929 ] - Epoch 275: train==[101.72109 = 0.34720 + 0.69025 + 8.86674 + 0.00450 + 0.00000 + 0.00019 + 613.92199]
[ INFO : 2026-06-18 20:42:22,702 ] - Test_@[5, 10, 20, 50]: Recall=[0.00665, 0.01164, 0.02340, 0.04756],  precision=[0.00133, 0.00116, 0.00117, 0.00095], hit=[0.00665, 0.01164, 0.02340, 0.04756], ndcg=[0.00359, 0.00517, 0.00808, 0.01282], Train Rec Loss=[0.08932], Eval Rec Loss=[0.08955], c=[1.00000], F=[0.83764, 0.87378, 0.90170, 0.93244], F_fuse=[0.00266, 0.00232, 0.00234, 0.00190]
[ INFO : 2026-06-18 20:44:11,478 ] - Epoch 276: train==[101.74973 = 0.34059 + 0.68807 + 8.90180 + 0.00452 + 0.00000 + 0.00022 + 613.93159]
[ INFO : 2026-06-18 20:44:21,252 ] - Test_@[5, 10, 20, 50]: Recall=[0.00588, 0.01164, 0.02276, 0.04386],  precision=[0.00118, 0.00116, 0.00114, 0.00088], hit=[0.00588, 0.01164, 0.02276, 0.04386], ndcg=[0.00342, 0.00529, 0.00812, 0.01225], Train Rec Loss=[0.08991], Eval Rec Loss=[0.08989], c=[1.00000], F=[0.83595, 0.87318, 0.90064, 0.93201], F_fuse=[0.00235, 0.00232, 0.00227, 0.00175]
[ INFO : 2026-06-18 20:46:09,438 ] - Epoch 277: train==[101.65116 = 0.34129 + 0.68593 + 8.80583 + 0.00450 + 0.00000 + 0.00019 + 613.91848]
[ INFO : 2026-06-18 20:46:19,245 ] - Test_@[5, 10, 20, 50]: Recall=[0.00716, 0.01227, 0.02468, 0.04718],  precision=[0.00143, 0.00123, 0.00123, 0.00094], hit=[0.00716, 0.01227, 0.02468, 0.04718], ndcg=[0.00447, 0.00608, 0.00917, 0.01356], Train Rec Loss=[0.09023], Eval Rec Loss=[0.08964], c=[1.00000], F=[0.84023, 0.87570, 0.90135, 0.92993], F_fuse=[0.00286, 0.00245, 0.00246, 0.00189]
[ INFO : 2026-06-18 20:48:07,421 ] - Epoch 278: train==[101.70023 = 0.33874 + 0.68383 + 8.85809 + 0.00455 + 0.00000 + 0.00020 + 613.92235]
[ INFO : 2026-06-18 20:48:17,181 ] - Test_@[5, 10, 20, 50]: Recall=[0.00563, 0.01138, 0.02250, 0.04603],  precision=[0.00113, 0.00114, 0.00113, 0.00092], hit=[0.00563, 0.01138, 0.02250, 0.04603], ndcg=[0.00343, 0.00522, 0.00800, 0.01261], Train Rec Loss=[0.09031], Eval Rec Loss=[0.08965], c=[1.00000], F=[0.83738, 0.87448, 0.90150, 0.93126], F_fuse=[0.00225, 0.00227, 0.00225, 0.00184]
[ INFO : 2026-06-18 20:50:05,585 ] - Epoch 279: train==[101.63883 = 0.34371 + 0.68177 + 8.79383 + 0.00455 + 0.00000 + 0.00019 + 613.91649]
[ INFO : 2026-06-18 20:50:15,367 ] - Test_@[5, 10, 20, 50]: Recall=[0.00652, 0.01240, 0.02327, 0.04808],  precision=[0.00130, 0.00124, 0.00116, 0.00096], hit=[0.00652, 0.01240, 0.02327, 0.04808], ndcg=[0.00355, 0.00542, 0.00811, 0.01299], Train Rec Loss=[0.08904], Eval Rec Loss=[0.08898], c=[1.00000], F=[0.83611, 0.87514, 0.90311, 0.93180], F_fuse=[0.00260, 0.00248, 0.00232, 0.00192]
[ INFO : 2026-06-18 20:52:03,524 ] - Epoch 280: train==[101.65711 = 0.33885 + 0.67964 + 8.81678 + 0.00455 + 0.00000 + 0.00020 + 613.92622]
[ INFO : 2026-06-18 20:52:13,315 ] - Test_@[5, 10, 20, 50]: Recall=[0.00448, 0.00997, 0.02122, 0.04411],  precision=[0.00090, 0.00100, 0.00106, 0.00088], hit=[0.00448, 0.00997, 0.02122, 0.04411], ndcg=[0.00281, 0.00457, 0.00740, 0.01189], Train Rec Loss=[0.08919], Eval Rec Loss=[0.08888], c=[1.00000], F=[0.83467, 0.87341, 0.90055, 0.93234], F_fuse=[0.00179, 0.00199, 0.00212, 0.00176]
[ INFO : 2026-06-18 20:54:01,301 ] - Epoch 281: train==[101.60384 = 0.33987 + 0.67758 + 8.76454 + 0.00456 + 0.00000 + 0.00019 + 613.92079]
[ INFO : 2026-06-18 20:54:11,100 ] - Test_@[5, 10, 20, 50]: Recall=[0.00627, 0.01227, 0.02519, 0.04629],  precision=[0.00125, 0.00123, 0.00126, 0.00093], hit=[0.00627, 0.01227, 0.02519, 0.04629], ndcg=[0.00383, 0.00573, 0.00897, 0.01308], Train Rec Loss=[0.08938], Eval Rec Loss=[0.08905], c=[1.00000], F=[0.83774, 0.87482, 0.90549, 0.93281], F_fuse=[0.00250, 0.00245, 0.00252, 0.00185]
[ INFO : 2026-06-18 20:56:00,093 ] - Epoch 282: train==[101.61082 = 0.33742 + 0.67552 + 8.77535 + 0.00461 + 0.00000 + 0.00021 + 613.91950]
[ INFO : 2026-06-18 20:56:09,863 ] - Test_@[5, 10, 20, 50]: Recall=[0.00678, 0.01176, 0.02276, 0.04820],  precision=[0.00136, 0.00118, 0.00114, 0.00096], hit=[0.00678, 0.01176, 0.02276, 0.04820], ndcg=[0.00417, 0.00579, 0.00850, 0.01348], Train Rec Loss=[0.08998], Eval Rec Loss=[0.08842], c=[1.00000], F=[0.83518, 0.87400, 0.89887, 0.93102], F_fuse=[0.00271, 0.00235, 0.00227, 0.00193]
[ INFO : 2026-06-18 20:57:58,635 ] - Epoch 283: train==[101.62638 = 0.33678 + 0.67350 + 8.79172 + 0.00457 + 0.00000 + 0.00020 + 613.92670]
[ INFO : 2026-06-18 20:58:08,428 ] - Test_@[5, 10, 20, 50]: Recall=[0.00460, 0.00985, 0.02250, 0.04513],  precision=[0.00092, 0.00098, 0.00113, 0.00090], hit=[0.00460, 0.00985, 0.02250, 0.04513], ndcg=[0.00284, 0.00456, 0.00770, 0.01215], Train Rec Loss=[0.08973], Eval Rec Loss=[0.08788], c=[1.00000], F=[0.83780, 0.87333, 0.90173, 0.93272], F_fuse=[0.00184, 0.00197, 0.00225, 0.00180]
[ INFO : 2026-06-18 20:59:57,304 ] - Epoch 284: train==[101.57661 = 0.33754 + 0.67146 + 8.74360 + 0.00461 + 0.00000 + 0.00020 + 613.91851]
[ INFO : 2026-06-18 21:00:07,119 ] - Test_@[5, 10, 20, 50]: Recall=[0.00537, 0.01164, 0.02429, 0.04756],  precision=[0.00107, 0.00116, 0.00121, 0.00095], hit=[0.00537, 0.01164, 0.02429, 0.04756], ndcg=[0.00303, 0.00502, 0.00817, 0.01274], Train Rec Loss=[0.08845], Eval Rec Loss=[0.08848], c=[1.00000], F=[0.83850, 0.87463, 0.90321, 0.93218], F_fuse=[0.00215, 0.00232, 0.00243, 0.00190]
[ INFO : 2026-06-18 21:01:55,464 ] - Epoch 285: train==[101.61994 = 0.33592 + 0.66900 + 8.78677 + 0.00461 + 0.00000 + 0.00021 + 613.94017]
[ INFO : 2026-06-18 21:02:05,173 ] - Test_@[5, 10, 20, 50]: Recall=[0.00614, 0.01253, 0.02263, 0.04513],  precision=[0.00123, 0.00125, 0.00113, 0.00090], hit=[0.00614, 0.01253, 0.02263, 0.04513], ndcg=[0.00364, 0.00568, 0.00819, 0.01262], Train Rec Loss=[0.08833], Eval Rec Loss=[0.08756], c=[1.00000], F=[0.83860, 0.87600, 0.90338, 0.93364], F_fuse=[0.00245, 0.00250, 0.00226, 0.00180]
[ INFO : 2026-06-18 21:03:52,672 ] - Epoch 286: train==[101.57996 = 0.33596 + 0.66663 + 8.74887 + 0.00465 + 0.00000 + 0.00022 + 613.93517]
[ INFO : 2026-06-18 21:04:02,446 ] - Test_@[5, 10, 20, 50]: Recall=[0.00690, 0.01202, 0.02238, 0.04603],  precision=[0.00138, 0.00120, 0.00112, 0.00092], hit=[0.00690, 0.01202, 0.02238, 0.04603], ndcg=[0.00408, 0.00575, 0.00832, 0.01294], Train Rec Loss=[0.08803], Eval Rec Loss=[0.08876], c=[1.00000], F=[0.83643, 0.87430, 0.90255, 0.93242], F_fuse=[0.00276, 0.00240, 0.00223, 0.00184]
[ INFO : 2026-06-18 21:05:49,923 ] - Epoch 287: train==[101.56917 = 0.33476 + 0.66430 + 8.74273 + 0.00463 + 0.00000 + 0.00020 + 613.92174]
[ INFO : 2026-06-18 21:05:59,684 ] - Test_@[5, 10, 20, 50]: Recall=[0.00550, 0.01010, 0.02301, 0.04552],  precision=[0.00110, 0.00101, 0.00115, 0.00091], hit=[0.00550, 0.01010, 0.02301, 0.04552], ndcg=[0.00330, 0.00477, 0.00801, 0.01244], Train Rec Loss=[0.08828], Eval Rec Loss=[0.08709], c=[1.00000], F=[0.83585, 0.87399, 0.90126, 0.93185], F_fuse=[0.00220, 0.00202, 0.00230, 0.00182]
[ INFO : 2026-06-18 21:07:47,879 ] - Epoch 288: train==[101.49579 = 0.33827 + 0.66219 + 8.66723 + 0.00465 + 0.00000 + 0.00020 + 613.92082]
[ INFO : 2026-06-18 21:07:57,683 ] - Test_@[5, 10, 20, 50]: Recall=[0.00563, 0.01164, 0.02238, 0.04641],  precision=[0.00113, 0.00116, 0.00112, 0.00093], hit=[0.00563, 0.01164, 0.02238, 0.04641], ndcg=[0.00364, 0.00553, 0.00821, 0.01290], Train Rec Loss=[0.08780], Eval Rec Loss=[0.08850], c=[1.00000], F=[0.83819, 0.87500, 0.90295, 0.93431], F_fuse=[0.00225, 0.00232, 0.00223, 0.00185]
[ INFO : 2026-06-18 21:09:45,434 ] - Epoch 289: train==[101.56482 = 0.33680 + 0.66005 + 8.73911 + 0.00465 + 0.00000 + 0.00019 + 613.92020]
[ INFO : 2026-06-18 21:09:55,201 ] - Test_@[5, 10, 20, 50]: Recall=[0.00742, 0.01458, 0.02340, 0.04692],  precision=[0.00148, 0.00146, 0.00117, 0.00094], hit=[0.00742, 0.01458, 0.02340, 0.04692], ndcg=[0.00440, 0.00668, 0.00890, 0.01352], Train Rec Loss=[0.08783], Eval Rec Loss=[0.08772], c=[1.00000], F=[0.83425, 0.87289, 0.90020, 0.93092], F_fuse=[0.00296, 0.00291, 0.00234, 0.00188]
[ INFO : 2026-06-18 21:11:43,149 ] - Epoch 290: train==[101.47299 = 0.32795 + 0.65797 + 8.65638 + 0.00471 + 0.00000 + 0.00021 + 613.92643]
[ INFO : 2026-06-18 21:11:52,954 ] - Test_@[5, 10, 20, 50]: Recall=[0.00511, 0.01100, 0.02250, 0.04731],  precision=[0.00102, 0.00110, 0.00113, 0.00095], hit=[0.00511, 0.01100, 0.02250, 0.04731], ndcg=[0.00315, 0.00501, 0.00785, 0.01274], Train Rec Loss=[0.08731], Eval Rec Loss=[0.08690], c=[1.00000], F=[0.83873, 0.87834, 0.90559, 0.93321], F_fuse=[0.00204, 0.00220, 0.00225, 0.00189]
[ INFO : 2026-06-18 21:13:40,870 ] - Epoch 291: train==[101.56240 = 0.33150 + 0.65587 + 8.74430 + 0.00465 + 0.00000 + 0.00021 + 613.92144]
[ INFO : 2026-06-18 21:13:50,666 ] - Test_@[5, 10, 20, 50]: Recall=[0.00639, 0.01176, 0.02135, 0.04692],  precision=[0.00128, 0.00118, 0.00107, 0.00094], hit=[0.00639, 0.01176, 0.02135, 0.04692], ndcg=[0.00370, 0.00544, 0.00782, 0.01284], Train Rec Loss=[0.08650], Eval Rec Loss=[0.08725], c=[1.00000], F=[0.83850, 0.87431, 0.89997, 0.93113], F_fuse=[0.00255, 0.00235, 0.00213, 0.00188]
[ INFO : 2026-06-18 21:15:38,649 ] - Epoch 292: train==[101.49663 = 0.33055 + 0.65375 + 8.68102 + 0.00469 + 0.00000 + 0.00020 + 613.91949]
[ INFO : 2026-06-18 21:15:48,450 ] - Test_@[5, 10, 20, 50]: Recall=[0.00652, 0.01215, 0.02301, 0.04641],  precision=[0.00130, 0.00121, 0.00115, 0.00093], hit=[0.00652, 0.01215, 0.02301, 0.04641], ndcg=[0.00383, 0.00562, 0.00834, 0.01291], Train Rec Loss=[0.08680], Eval Rec Loss=[0.08710], c=[1.00000], F=[0.83684, 0.87669, 0.90442, 0.93296], F_fuse=[0.00260, 0.00243, 0.00230, 0.00185]
[ INFO : 2026-06-18 21:17:36,421 ] - Epoch 293: train==[101.53694 = 0.32831 + 0.65164 + 8.72273 + 0.00471 + 0.00000 + 0.00022 + 613.93321]
[ INFO : 2026-06-18 21:17:46,225 ] - Test_@[5, 10, 20, 50]: Recall=[0.00460, 0.00857, 0.02161, 0.04437],  precision=[0.00092, 0.00086, 0.00108, 0.00089], hit=[0.00460, 0.00857, 0.02161, 0.04437], ndcg=[0.00246, 0.00373, 0.00701, 0.01147], Train Rec Loss=[0.08641], Eval Rec Loss=[0.08659], c=[1.00000], F=[0.83962, 0.87623, 0.90250, 0.93239], F_fuse=[0.00184, 0.00171, 0.00216, 0.00177]
[ INFO : 2026-06-18 21:19:35,176 ] - Epoch 294: train==[101.48259 = 0.33339 + 0.64952 + 8.66461 + 0.00469 + 0.00000 + 0.00020 + 613.93318]
[ INFO : 2026-06-18 21:19:44,999 ] - Test_@[5, 10, 20, 50]: Recall=[0.00639, 0.01202, 0.02340, 0.04718],  precision=[0.00128, 0.00120, 0.00117, 0.00094], hit=[0.00639, 0.01202, 0.02340, 0.04718], ndcg=[0.00384, 0.00565, 0.00848, 0.01313], Train Rec Loss=[0.08694], Eval Rec Loss=[0.08560], c=[1.00000], F=[0.84132, 0.87728, 0.90368, 0.93165], F_fuse=[0.00255, 0.00240, 0.00234, 0.00189]
[ INFO : 2026-06-18 21:21:32,503 ] - Epoch 295: train==[101.53303 = 0.32805 + 0.64737 + 8.72184 + 0.00474 + 0.00000 + 0.00021 + 613.93182]
[ INFO : 2026-06-18 21:21:42,268 ] - Test_@[5, 10, 20, 50]: Recall=[0.00537, 0.01176, 0.02404, 0.04437],  precision=[0.00107, 0.00118, 0.00120, 0.00089], hit=[0.00537, 0.01176, 0.02404, 0.04437], ndcg=[0.00318, 0.00522, 0.00829, 0.01229], Train Rec Loss=[0.08612], Eval Rec Loss=[0.08585], c=[1.00000], F=[0.83876, 0.87567, 0.90521, 0.93306], F_fuse=[0.00215, 0.00235, 0.00240, 0.00177]
[ INFO : 2026-06-18 21:23:30,082 ] - Epoch 296: train==[101.46053 = 0.32408 + 0.64529 + 8.65533 + 0.00475 + 0.00000 + 0.00021 + 613.92659]
[ INFO : 2026-06-18 21:23:39,912 ] - Test_@[5, 10, 20, 50]: Recall=[0.00384, 0.00908, 0.02097, 0.04450],  precision=[0.00077, 0.00091, 0.00105, 0.00089], hit=[0.00384, 0.00908, 0.02097, 0.04450], ndcg=[0.00247, 0.00414, 0.00711, 0.01175], Train Rec Loss=[0.08592], Eval Rec Loss=[0.08583], c=[1.00000], F=[0.83585, 0.87313, 0.89997, 0.93157], F_fuse=[0.00153, 0.00181, 0.00209, 0.00178]
[ INFO : 2026-06-18 21:25:28,026 ] - Epoch 297: train==[101.44141 = 0.32500 + 0.64330 + 8.63326 + 0.00473 + 0.00000 + 0.00024 + 613.94789]
[ INFO : 2026-06-18 21:25:37,820 ] - Test_@[5, 10, 20, 50]: Recall=[0.00550, 0.01189, 0.02365, 0.04692],  precision=[0.00110, 0.00119, 0.00118, 0.00094], hit=[0.00550, 0.01189, 0.02365, 0.04692], ndcg=[0.00302, 0.00506, 0.00797, 0.01249], Train Rec Loss=[0.08545], Eval Rec Loss=[0.08653], c=[1.00000], F=[0.83966, 0.87506, 0.90391, 0.93253], F_fuse=[0.00220, 0.00237, 0.00236, 0.00188]
[ INFO : 2026-06-18 21:27:26,361 ] - Epoch 298: train==[101.43829 = 0.33117 + 0.64132 + 8.62903 + 0.00475 + 0.00000 + 0.00019 + 613.92236]
[ INFO : 2026-06-18 21:27:36,159 ] - Test_@[5, 10, 20, 50]: Recall=[0.00639, 0.01304, 0.02378, 0.04552],  precision=[0.00128, 0.00130, 0.00119, 0.00091], hit=[0.00639, 0.01304, 0.02378, 0.04552], ndcg=[0.00397, 0.00608, 0.00874, 0.01300], Train Rec Loss=[0.08621], Eval Rec Loss=[0.08663], c=[1.00000], F=[0.83566, 0.87612, 0.90449, 0.93327], F_fuse=[0.00255, 0.00260, 0.00238, 0.00182]
[ INFO : 2026-06-18 21:29:25,044 ] - Epoch 299: train==[101.43795 = 0.32443 + 0.63941 + 8.63622 + 0.00477 + 0.00000 + 0.00020 + 613.92452]
[ INFO : 2026-06-18 21:29:34,784 ] - Test_@[5, 10, 20, 50]: Recall=[0.00550, 0.01125, 0.02327, 0.04373],  precision=[0.00110, 0.00113, 0.00116, 0.00087], hit=[0.00550, 0.01125, 0.02327, 0.04373], ndcg=[0.00318, 0.00506, 0.00804, 0.01204], Train Rec Loss=[0.08579], Eval Rec Loss=[0.08523], c=[1.00000], F=[0.83771, 0.87509, 0.90216, 0.93301], F_fuse=[0.00220, 0.00225, 0.00232, 0.00175]
[ INFO : 2026-06-18 21:31:23,429 ] - Epoch 300: train==[101.42502 = 0.32478 + 0.63734 + 8.62529 + 0.00479 + 0.00000 + 0.00019 + 613.91703]
[ INFO : 2026-06-18 21:31:33,140 ] - Test_@[5, 10, 20, 50]: Recall=[0.00486, 0.01036, 0.02263, 0.04398],  precision=[0.00097, 0.00104, 0.00113, 0.00088], hit=[0.00486, 0.01036, 0.02263, 0.04398], ndcg=[0.00294, 0.00471, 0.00774, 0.01196], Train Rec Loss=[0.08531], Eval Rec Loss=[0.08632], c=[1.00000], F=[0.83713, 0.87493, 0.90158, 0.93322], F_fuse=[0.00194, 0.00207, 0.00226, 0.00176]
n_users=19805, n_items=10068
n_interactions=66743
n_train=58922, n_test=7821, sparsity=0.00033
Finished Thu Jun 18 09:31:57 PM +07 2026
