Job 72379 on gpu03; started Sun Jun 14 03:20:00 AM UTC 2026
Sun Jun 14 03:20:00 2026       
+-----------------------------------------------------------------------------------------+
| NVIDIA-SMI 580.82.07              Driver Version: 580.82.07      CUDA Version: 13.0     |
+-----------------------------------------+------------------------+----------------------+
| GPU  Name                 Persistence-M | Bus-Id          Disp.A | Volatile Uncorr. ECC |
| Fan  Temp   Perf          Pwr:Usage/Cap |           Memory-Usage | GPU-Util  Compute M. |
|                                         |                        |               MIG M. |
|=========================================+========================+======================|
|   0  NVIDIA A100-PCIE-40GB          On  |   00000000:63:00.0 Off |                    0 |
| N/A   27C    P0             30W /  250W |       0MiB /  40960MiB |      0%      Default |
|                                         |                        |             Disabled |
+-----------------------------------------+------------------------+----------------------+

+-----------------------------------------------------------------------------------------+
| Processes:                                                                              |
|  GPU   GI   CI              PID   Type   Process name                        GPU Memory |
|        ID   ID                                                               Usage      |
|=========================================================================================|
|  No running processes found                                                             |
+-----------------------------------------------------------------------------------------+
[ INFO : 2026-06-14 03:21:01,094 ] - Preprocess missing values with zero
[ INFO : 2026-06-14 03:21:02,271 ] - Pretrained diffusion model is loaded from: ./checkpoint/baby/best_model.pth
[ INFO : 2026-06-14 03:21:04,250 ] - Completed data loaded from: ./checkpoint/baby/completed_data.pkl
/media/lhbac29/raid-cf/main.py:105: DeprecationWarning: Please import `csr_matrix` from the `scipy.sparse` namespace; the `scipy.sparse.csr` namespace is deprecated and will be removed in SciPy 2.0.0.
  self.ui_graph = self.ui_graph_raw = pickle.load(open('./data/' + self.dataset + '/train_mat', 'rb'))
[ INFO : 2026-06-14 03:21:04,564 ] - Missing rate = 0.400000, complete strategy: zero
[ INFO : 2026-06-14 03:23:17,204 ] - Epoch 1: train==[357.86792 = 2.00508 + 1.76336 + 67.19022 + 0.00054 + 0.00000 + 176.66239 + 1224.95912]
[ INFO : 2026-06-14 03:23:28,278 ] - Test_@[5, 10, 20, 50]: Recall=[0.00883, 0.01945, 0.04327, 0.08873],  precision=[0.00188, 0.00209, 0.00230, 0.00188], hit=[0.00941, 0.02073, 0.04562, 0.09308], ndcg=[0.00545, 0.00890, 0.01491, 0.02402], Train Rec Loss=[0.03147], Eval Rec Loss=[0.03153], c=[1.00000], F=[0.99740, 0.99706, 0.87361, 0.99543], F_fuse=[0.00376, 0.00417, 0.00458, 0.00375]
[ INFO : 2026-06-14 03:25:56,730 ] - Epoch 2: train==[217.67721 = 1.61707 + 1.72656 + 64.04939 + 0.00085 + 0.00000 + 39.95261 + 1225.89705]
[ INFO : 2026-06-14 03:26:07,798 ] - Test_@[5, 10, 20, 50]: Recall=[0.01149, 0.02167, 0.04382, 0.08978],  precision=[0.00243, 0.00230, 0.00233, 0.00190], hit=[0.01214, 0.02294, 0.04623, 0.09432], ndcg=[0.00635, 0.00971, 0.01532, 0.02453], Train Rec Loss=[0.03128], Eval Rec Loss=[0.03136], c=[1.00000], F=[0.99742, 0.87371, 0.87356, 0.99508], F_fuse=[0.00484, 0.00460, 0.00465, 0.00380]
[ INFO : 2026-06-14 03:28:35,860 ] - Epoch 3: train==[186.26154 = 1.60264 + 1.72592 + 60.68366 + 0.00146 + 0.00000 + 11.91712 + 1225.89705]
[ INFO : 2026-06-14 03:28:46,768 ] - Test_@[5, 10, 20, 50]: Recall=[0.01153, 0.02051, 0.04695, 0.09140],  precision=[0.00243, 0.00219, 0.00249, 0.00193], hit=[0.01214, 0.02181, 0.04947, 0.09586], ndcg=[0.00628, 0.00922, 0.01587, 0.02468], Train Rec Loss=[0.03128], Eval Rec Loss=[0.03129], c=[1.00000], F=[0.99742, 0.87371, 0.87356, 0.98014], F_fuse=[0.00484, 0.00436, 0.00496, 0.00386]
[ INFO : 2026-06-14 03:31:12,168 ] - Epoch 4: train==[174.29321 = 1.59210 + 1.72590 + 57.50320 + 0.00235 + 0.00000 + 3.13893 + 1225.89705]
[ INFO : 2026-06-14 03:31:23,134 ] - Test_@[5, 10, 20, 50]: Recall=[0.01263, 0.02425, 0.04611, 0.09184],  precision=[0.00267, 0.00256, 0.00245, 0.00194], hit=[0.01332, 0.02556, 0.04865, 0.09632], ndcg=[0.00707, 0.01087, 0.01636, 0.02543], Train Rec Loss=[0.03121], Eval Rec Loss=[0.03124], c=[1.00000], F=[0.75099, 0.87371, 0.81358, 0.95272], F_fuse=[0.00533, 0.00511, 0.00488, 0.00388]
[ INFO : 2026-06-14 03:33:49,546 ] - Epoch 5: train==[169.75104 = 1.57854 + 1.72588 + 55.43551 + 0.00323 + 0.00000 + 0.67715 + 1225.89705]
[ INFO : 2026-06-14 03:34:00,530 ] - Test_@[5, 10, 20, 50]: Recall=[0.01458, 0.02325, 0.04616, 0.09178],  precision=[0.00304, 0.00246, 0.00245, 0.00194], hit=[0.01517, 0.02458, 0.04870, 0.09617], ndcg=[0.00946, 0.01230, 0.01804, 0.02709], Train Rec Loss=[0.03117], Eval Rec Loss=[0.03123], c=[1.00000], F=[0.75000, 0.85982, 0.81432, 0.95286], F_fuse=[0.00606, 0.00491, 0.00489, 0.00387]
[ INFO : 2026-06-14 03:36:27,700 ] - Epoch 6: train==[168.47784 = 1.56373 + 1.72587 + 54.60753 + 0.00373 + 0.00000 + 0.24624 + 1225.89705]
[ INFO : 2026-06-14 03:36:38,634 ] - Test_@[5, 10, 20, 50]: Recall=[0.01410, 0.02549, 0.04646, 0.09212],  precision=[0.00293, 0.00272, 0.00246, 0.00195], hit=[0.01461, 0.02710, 0.04901, 0.09653], ndcg=[0.00859, 0.01229, 0.01753, 0.02660], Train Rec Loss=[0.03115], Eval Rec Loss=[0.03122], c=[1.00000], F=[0.75000, 0.75073, 0.81552, 0.95279], F_fuse=[0.00584, 0.00541, 0.00491, 0.00388]
[ INFO : 2026-06-14 03:39:02,102 ] - Epoch 7: train==[167.70934 = 1.54915 + 1.72587 + 53.96979 + 0.00404 + 0.00000 + 0.12976 + 1225.89705]
[ INFO : 2026-06-14 03:39:13,136 ] - Test_@[5, 10, 20, 50]: Recall=[0.01350, 0.02554, 0.04671, 0.09291],  precision=[0.00288, 0.00273, 0.00248, 0.00197], hit=[0.01440, 0.02720, 0.04922, 0.09756], ndcg=[0.00761, 0.01153, 0.01679, 0.02597], Train Rec Loss=[0.03115], Eval Rec Loss=[0.03118], c=[1.00000], F=[0.75000, 0.75055, 0.81354, 0.95904], F_fuse=[0.00574, 0.00543, 0.00494, 0.00393]
[ INFO : 2026-06-14 03:41:35,310 ] - Epoch 8: train==[167.04106 = 1.53272 + 1.72586 + 53.37812 + 0.00421 + 0.00000 + 0.06941 + 1225.89705]
[ INFO : 2026-06-14 03:41:46,198 ] - Test_@[5, 10, 20, 50]: Recall=[0.01508, 0.02667, 0.04778, 0.09539],  precision=[0.00316, 0.00285, 0.00254, 0.00202], hit=[0.01574, 0.02844, 0.05045, 0.10018], ndcg=[0.00997, 0.01371, 0.01899, 0.02844], Train Rec Loss=[0.03110], Eval Rec Loss=[0.03119], c=[1.00000], F=[0.75006, 0.75166, 0.81960, 0.97211], F_fuse=[0.00629, 0.00568, 0.00507, 0.00403]
[ INFO : 2026-06-14 03:44:15,525 ] - Epoch 9: train==[166.19839 = 1.52418 + 1.72586 + 52.57401 + 0.00435 + 0.00000 + 0.03925 + 1225.89705]
[ INFO : 2026-06-14 03:44:26,535 ] - Test_@[5, 10, 20, 50]: Recall=[0.01305, 0.02731, 0.04992, 0.09864],  precision=[0.00283, 0.00292, 0.00266, 0.00210], hit=[0.01414, 0.02911, 0.05276, 0.10393], ndcg=[0.00817, 0.01285, 0.01849, 0.02819], Train Rec Loss=[0.03109], Eval Rec Loss=[0.03118], c=[1.00000], F=[0.75163, 0.75476, 0.82718, 0.98345], F_fuse=[0.00564, 0.00581, 0.00530, 0.00419]
[ INFO : 2026-06-14 03:46:53,668 ] - Epoch 10: train==[165.18307 = 1.50745 + 1.72586 + 51.59203 + 0.00456 + 0.00000 + 0.02242 + 1225.89705]
[ INFO : 2026-06-14 03:47:04,551 ] - Test_@[5, 10, 20, 50]: Recall=[0.01519, 0.02808, 0.05371, 0.10358],  precision=[0.00322, 0.00301, 0.00287, 0.00221], hit=[0.01610, 0.02998, 0.05703, 0.10908], ndcg=[0.00962, 0.01378, 0.02022, 0.03014], Train Rec Loss=[0.03112], Eval Rec Loss=[0.03117], c=[1.00000], F=[0.75624, 0.75899, 0.85136, 0.98480], F_fuse=[0.00641, 0.00599, 0.00573, 0.00441]
[ INFO : 2026-06-14 03:49:29,349 ] - Epoch 11: train==[164.07803 = 1.49469 + 1.72587 + 50.50755 + 0.00481 + 0.00000 + 0.01436 + 1225.89705]
[ INFO : 2026-06-14 03:49:40,281 ] - Test_@[5, 10, 20, 50]: Recall=[0.01427, 0.03002, 0.05673, 0.10994],  precision=[0.00304, 0.00321, 0.00303, 0.00235], hit=[0.01522, 0.03204, 0.06012, 0.11571], ndcg=[0.00905, 0.01415, 0.02086, 0.03144], Train Rec Loss=[0.03107], Eval Rec Loss=[0.03115], c=[1.00000], F=[0.75802, 0.76199, 0.85697, 0.97801], F_fuse=[0.00606, 0.00639, 0.00604, 0.00469]
[ INFO : 2026-06-14 03:52:06,676 ] - Epoch 12: train==[163.30005 = 1.47761 + 1.72587 + 49.75352 + 0.00509 + 0.00000 + 0.00722 + 1225.89705]
[ INFO : 2026-06-14 03:52:17,745 ] - Test_@[5, 10, 20, 50]: Recall=[0.01677, 0.02902, 0.05875, 0.11218],  precision=[0.00357, 0.00311, 0.00313, 0.00239], hit=[0.01785, 0.03096, 0.06207, 0.11792], ndcg=[0.01021, 0.01419, 0.02172, 0.03234], Train Rec Loss=[0.03110], Eval Rec Loss=[0.03111], c=[1.00000], F=[0.75958, 0.76130, 0.87063, 0.98080], F_fuse=[0.00710, 0.00619, 0.00624, 0.00478]
[ INFO : 2026-06-14 03:54:50,657 ] - Epoch 13: train==[162.40204 = 1.46142 + 1.72587 + 48.87539 + 0.00538 + 0.00000 + 0.00323 + 1225.89705]
[ INFO : 2026-06-14 03:55:01,643 ] - Test_@[5, 10, 20, 50]: Recall=[0.01852, 0.03345, 0.06193, 0.11748],  precision=[0.00392, 0.00355, 0.00329, 0.00251], hit=[0.01959, 0.03533, 0.06516, 0.12337], ndcg=[0.01129, 0.01611, 0.02336, 0.03442], Train Rec Loss=[0.03107], Eval Rec Loss=[0.03113], c=[1.00000], F=[0.75917, 0.76690, 0.87300, 0.97687], F_fuse=[0.00780, 0.00706, 0.00656, 0.00500]
[ INFO : 2026-06-14 03:57:26,265 ] - Epoch 14: train==[161.43807 = 1.45090 + 1.72587 + 47.92306 + 0.00567 + 0.00000 + 0.00184 + 1225.89705]
[ INFO : 2026-06-14 03:57:37,201 ] - Test_@[5, 10, 20, 50]: Recall=[0.01639, 0.03276, 0.06271, 0.11999],  precision=[0.00349, 0.00350, 0.00333, 0.00256], hit=[0.01743, 0.03482, 0.06598, 0.12574], ndcg=[0.01052, 0.01585, 0.02343, 0.03481], Train Rec Loss=[0.03107], Eval Rec Loss=[0.03112], c=[1.00000], F=[0.77364, 0.76590, 0.87229, 0.97087], F_fuse=[0.00694, 0.00696, 0.00664, 0.00510]
[ INFO : 2026-06-14 04:00:03,307 ] - Epoch 15: train==[160.45382 = 1.43586 + 1.72587 + 46.95398 + 0.00602 + 0.00000 + 0.00135 + 1225.89705]
[ INFO : 2026-06-14 04:00:14,353 ] - Test_@[5, 10, 20, 50]: Recall=[0.01956, 0.03637, 0.06428, 0.12161],  precision=[0.00413, 0.00387, 0.00342, 0.00259], hit=[0.02067, 0.03852, 0.06778, 0.12744], ndcg=[0.01205, 0.01758, 0.02460, 0.03601], Train Rec Loss=[0.03104], Eval Rec Loss=[0.03111], c=[1.00000], F=[0.77263, 0.78717, 0.87191, 0.96566], F_fuse=[0.00823, 0.00770, 0.00682, 0.00517]
[ INFO : 2026-06-14 04:02:45,899 ] - Epoch 16: train==[159.84285 = 1.42067 + 1.72587 + 46.35798 + 0.00630 + 0.00000 + 0.00129 + 1225.89705]
[ INFO : 2026-06-14 04:02:56,930 ] - Test_@[5, 10, 20, 50]: Recall=[0.01907, 0.03492, 0.06454, 0.12207],  precision=[0.00403, 0.00371, 0.00344, 0.00260], hit=[0.02016, 0.03692, 0.06804, 0.12790], ndcg=[0.01173, 0.01693, 0.02441, 0.03589], Train Rec Loss=[0.03104], Eval Rec Loss=[0.03109], c=[1.00000], F=[0.77710, 0.88138, 0.88342, 0.96395], F_fuse=[0.00802, 0.00738, 0.00684, 0.00518]
[ INFO : 2026-06-14 04:05:25,670 ] - Epoch 17: train==[159.12400 = 1.40775 + 1.72587 + 45.65186 + 0.00653 + 0.00000 + 0.00125 + 1225.89705]
[ INFO : 2026-06-14 04:05:36,624 ] - Test_@[5, 10, 20, 50]: Recall=[0.01997, 0.03596, 0.06482, 0.12328],  precision=[0.00423, 0.00382, 0.00345, 0.00262], hit=[0.02109, 0.03800, 0.06824, 0.12918], ndcg=[0.01213, 0.01730, 0.02463, 0.03628], Train Rec Loss=[0.03101], Eval Rec Loss=[0.03107], c=[1.00000], F=[0.77246, 0.77378, 0.88355, 0.96251], F_fuse=[0.00841, 0.00760, 0.00686, 0.00523]
[ INFO : 2026-06-14 04:08:04,145 ] - Epoch 18: train==[158.57354 = 1.39184 + 1.72587 + 45.11710 + 0.00676 + 0.00000 + 0.00122 + 1225.89705]
[ INFO : 2026-06-14 04:08:15,196 ] - Test_@[5, 10, 20, 50]: Recall=[0.02004, 0.03634, 0.06577, 0.12402],  precision=[0.00425, 0.00385, 0.00349, 0.00264], hit=[0.02119, 0.03826, 0.06912, 0.12980], ndcg=[0.01209, 0.01743, 0.02487, 0.03649], Train Rec Loss=[0.03102], Eval Rec Loss=[0.03104], c=[1.00000], F=[0.78368, 0.88710, 0.88539, 0.96024], F_fuse=[0.00845, 0.00766, 0.00696, 0.00526]
[ INFO : 2026-06-14 04:10:40,953 ] - Epoch 19: train==[157.80184 = 1.37963 + 1.72588 + 44.35739 + 0.00700 + 0.00000 + 0.00121 + 1225.89705]
[ INFO : 2026-06-14 04:10:51,991 ] - Test_@[5, 10, 20, 50]: Recall=[0.02039, 0.03675, 0.06678, 0.12656],  precision=[0.00431, 0.00389, 0.00354, 0.00269], hit=[0.02145, 0.03872, 0.07015, 0.13227], ndcg=[0.01245, 0.01775, 0.02535, 0.03727], Train Rec Loss=[0.03101], Eval Rec Loss=[0.03106], c=[1.00000], F=[0.79090, 0.89024, 0.89015, 0.95872], F_fuse=[0.00857, 0.00775, 0.00706, 0.00536]
[ INFO : 2026-06-14 04:13:18,069 ] - Epoch 20: train==[157.33268 = 1.36447 + 1.72588 + 43.90320 + 0.00719 + 0.00000 + 0.00119 + 1225.89705]
[ INFO : 2026-06-14 04:13:29,002 ] - Test_@[5, 10, 20, 50]: Recall=[0.02026, 0.03844, 0.06752, 0.12767],  precision=[0.00431, 0.00406, 0.00358, 0.00271], hit=[0.02150, 0.04052, 0.07087, 0.13330], ndcg=[0.01261, 0.01857, 0.02591, 0.03790], Train Rec Loss=[0.03100], Eval Rec Loss=[0.03107], c=[1.00000], F=[0.77507, 0.84757, 0.88965, 0.95515], F_fuse=[0.00857, 0.00809, 0.00713, 0.00540]
[ INFO : 2026-06-14 04:15:54,813 ] - Epoch 21: train==[156.72942 = 1.35228 + 1.72588 + 43.31198 + 0.00736 + 0.00000 + 0.00118 + 1225.89705]
[ INFO : 2026-06-14 04:16:05,708 ] - Test_@[5, 10, 20, 50]: Recall=[0.02020, 0.03708, 0.06682, 0.12689],  precision=[0.00428, 0.00393, 0.00355, 0.00269], hit=[0.02134, 0.03914, 0.07020, 0.13258], ndcg=[0.01289, 0.01840, 0.02591, 0.03790], Train Rec Loss=[0.03096], Eval Rec Loss=[0.03103], c=[1.00000], F=[0.78611, 0.88876, 0.88766, 0.95458], F_fuse=[0.00851, 0.00783, 0.00706, 0.00537]
[ INFO : 2026-06-14 04:18:29,581 ] - Epoch 22: train==[156.26942 = 1.33858 + 1.72589 + 42.86555 + 0.00749 + 0.00000 + 0.00117 + 1225.89705]
[ INFO : 2026-06-14 04:18:40,511 ] - Test_@[5, 10, 20, 50]: Recall=[0.02259, 0.03853, 0.06866, 0.12896],  precision=[0.00476, 0.00408, 0.00364, 0.00274], hit=[0.02371, 0.04063, 0.07210, 0.13464], ndcg=[0.01359, 0.01876, 0.02636, 0.03840], Train Rec Loss=[0.03096], Eval Rec Loss=[0.03102], c=[1.00000], F=[0.78986, 0.89247, 0.89109, 0.95335], F_fuse=[0.00947, 0.00813, 0.00725, 0.00546]
[ INFO : 2026-06-14 04:21:09,100 ] - Epoch 23: train==[155.62904 = 1.32609 + 1.72589 + 42.23752 + 0.00766 + 0.00000 + 0.00115 + 1225.89705]
[ INFO : 2026-06-14 04:21:20,245 ] - Test_@[5, 10, 20, 50]: Recall=[0.02009, 0.03810, 0.06925, 0.13070],  precision=[0.00425, 0.00405, 0.00367, 0.00278], hit=[0.02119, 0.04027, 0.07267, 0.13654], ndcg=[0.01240, 0.01829, 0.02613, 0.03840], Train Rec Loss=[0.03096], Eval Rec Loss=[0.03098], c=[1.00000], F=[0.94406, 0.90047, 0.89632, 0.95410], F_fuse=[0.00846, 0.00806, 0.00731, 0.00553]
[ INFO : 2026-06-14 04:23:51,623 ] - Epoch 24: train==[155.04913 = 1.31191 + 1.72589 + 41.67167 + 0.00778 + 0.00000 + 0.00114 + 1225.89705]
[ INFO : 2026-06-14 04:24:02,510 ] - Test_@[5, 10, 20, 50]: Recall=[0.02151, 0.03762, 0.06956, 0.13078],  precision=[0.00456, 0.00398, 0.00368, 0.00278], hit=[0.02273, 0.03960, 0.07298, 0.13654], ndcg=[0.01295, 0.01823, 0.02632, 0.03855], Train Rec Loss=[0.03094], Eval Rec Loss=[0.03100], c=[1.00000], F=[0.78875, 0.89684, 0.89383, 0.95202], F_fuse=[0.00906, 0.00793, 0.00734, 0.00554]
[ INFO : 2026-06-14 04:26:33,008 ] - Epoch 25: train==[154.64727 = 1.30356 + 1.72589 + 41.27805 + 0.00790 + 0.00000 + 0.00113 + 1225.89705]
[ INFO : 2026-06-14 04:26:43,932 ] - Test_@[5, 10, 20, 50]: Recall=[0.02139, 0.03951, 0.06979, 0.13192],  precision=[0.00454, 0.00418, 0.00370, 0.00280], hit=[0.02263, 0.04160, 0.07318, 0.13772], ndcg=[0.01308, 0.01892, 0.02658, 0.03898], Train Rec Loss=[0.03091], Eval Rec Loss=[0.03098], c=[1.00000], F=[0.80100, 0.89873, 0.89598, 0.95051], F_fuse=[0.00902, 0.00831, 0.00736, 0.00558]
[ INFO : 2026-06-14 04:29:10,614 ] - Epoch 26: train==[154.19481 = 1.28629 + 1.72589 + 40.84274 + 0.00803 + 0.00000 + 0.00112 + 1225.89705]
[ INFO : 2026-06-14 04:29:21,961 ] - Test_@[5, 10, 20, 50]: Recall=[0.02239, 0.03940, 0.07130, 0.13340],  precision=[0.00474, 0.00418, 0.00377, 0.00283], hit=[0.02366, 0.04150, 0.07472, 0.13932], ndcg=[0.01370, 0.01920, 0.02727, 0.03970], Train Rec Loss=[0.03089], Eval Rec Loss=[0.03096], c=[1.00000], F=[0.91193, 0.92233, 0.90225, 0.95120], F_fuse=[0.00943, 0.00831, 0.00751, 0.00565]
[ INFO : 2026-06-14 04:31:48,973 ] - Epoch 27: train==[153.77732 = 1.28087 + 1.72588 + 40.43064 + 0.00809 + 0.00000 + 0.00111 + 1225.89705]
[ INFO : 2026-06-14 04:31:59,987 ] - Test_@[5, 10, 20, 50]: Recall=[0.02340, 0.03858, 0.07197, 0.13419],  precision=[0.00492, 0.00408, 0.00381, 0.00285], hit=[0.02448, 0.04063, 0.07544, 0.14009], ndcg=[0.01360, 0.01851, 0.02695, 0.03940], Train Rec Loss=[0.03087], Eval Rec Loss=[0.03097], c=[1.00000], F=[0.80766, 0.86117, 0.90271, 0.94880], F_fuse=[0.00977, 0.00812, 0.00758, 0.00568]
[ INFO : 2026-06-14 04:34:32,103 ] - Epoch 28: train==[153.13871 = 1.26110 + 1.72588 + 39.81168 + 0.00820 + 0.00000 + 0.00111 + 1225.89705]
[ INFO : 2026-06-14 04:34:43,118 ] - Test_@[5, 10, 20, 50]: Recall=[0.02151, 0.03899, 0.07286, 0.13480],  precision=[0.00458, 0.00412, 0.00385, 0.00286], hit=[0.02283, 0.04099, 0.07637, 0.14070], ndcg=[0.01340, 0.01900, 0.02760, 0.03998], Train Rec Loss=[0.03090], Eval Rec Loss=[0.03093], c=[1.00000], F=[0.83195, 0.89311, 0.90161, 0.94781], F_fuse=[0.00910, 0.00820, 0.00767, 0.00570]
[ INFO : 2026-06-14 04:37:08,902 ] - Epoch 29: train==[152.71391 = 1.25206 + 1.72588 + 39.39583 + 0.00830 + 0.00000 + 0.00110 + 1225.89705]
[ INFO : 2026-06-14 04:37:19,947 ] - Test_@[5, 10, 20, 50]: Recall=[0.02145, 0.04009, 0.07368, 0.13573],  precision=[0.00456, 0.00424, 0.00390, 0.00288], hit=[0.02273, 0.04217, 0.07714, 0.14163], ndcg=[0.01320, 0.01924, 0.02773, 0.04014], Train Rec Loss=[0.03086], Eval Rec Loss=[0.03096], c=[1.00000], F=[0.84119, 0.90124, 0.90797, 0.94847], F_fuse=[0.00906, 0.00844, 0.00776, 0.00574]
[ INFO : 2026-06-14 04:39:47,292 ] - Epoch 30: train==[152.32080 = 1.23977 + 1.72588 + 39.01495 + 0.00835 + 0.00000 + 0.00110 + 1225.89705]
[ INFO : 2026-06-14 04:39:59,236 ] - Test_@[5, 10, 20, 50]: Recall=[0.02287, 0.04079, 0.07354, 0.13606],  precision=[0.00484, 0.00430, 0.00389, 0.00289], hit=[0.02412, 0.04279, 0.07709, 0.14199], ndcg=[0.01366, 0.01947, 0.02777, 0.04029], Train Rec Loss=[0.03088], Eval Rec Loss=[0.03093], c=[1.00000], F=[0.81866, 0.87722, 0.90629, 0.94701], F_fuse=[0.00963, 0.00857, 0.00775, 0.00575]
[ INFO : 2026-06-14 04:42:23,353 ] - Epoch 31: train==[151.94448 = 1.23031 + 1.72588 + 38.64806 + 0.00841 + 0.00000 + 0.00109 + 1225.89705]
[ INFO : 2026-06-14 04:42:34,306 ] - Test_@[5, 10, 20, 50]: Recall=[0.02192, 0.04008, 0.07464, 0.13692],  precision=[0.00463, 0.00422, 0.00394, 0.00291], hit=[0.02304, 0.04191, 0.07801, 0.14292], ndcg=[0.01319, 0.01909, 0.02783, 0.04028], Train Rec Loss=[0.03086], Eval Rec Loss=[0.03092], c=[1.00000], F=[0.91580, 0.91264, 0.91260, 0.94726], F_fuse=[0.00921, 0.00840, 0.00784, 0.00579]
[ INFO : 2026-06-14 04:45:07,134 ] - Epoch 32: train==[151.44185 = 1.21893 + 1.72588 + 38.15670 + 0.00852 + 0.00000 + 0.00108 + 1225.89705]
[ INFO : 2026-06-14 04:45:18,083 ] - Test_@[5, 10, 20, 50]: Recall=[0.02462, 0.04194, 0.07530, 0.13721],  precision=[0.00519, 0.00442, 0.00397, 0.00291], hit=[0.02587, 0.04397, 0.07863, 0.14322], ndcg=[0.01496, 0.02057, 0.02901, 0.04140], Train Rec Loss=[0.03085], Eval Rec Loss=[0.03090], c=[1.00000], F=[0.83282, 0.88871, 0.91185, 0.94593], F_fuse=[0.01032, 0.00879, 0.00791, 0.00580]
[ INFO : 2026-06-14 04:47:44,887 ] - Epoch 33: train==[150.98556 = 1.20849 + 1.72588 + 37.71078 + 0.00860 + 0.00000 + 0.00108 + 1225.89705]
[ INFO : 2026-06-14 04:47:55,923 ] - Test_@[5, 10, 20, 50]: Recall=[0.02400, 0.04243, 0.07509, 0.13805],  precision=[0.00507, 0.00447, 0.00397, 0.00293], hit=[0.02525, 0.04454, 0.07853, 0.14410], ndcg=[0.01466, 0.02063, 0.02888, 0.04150], Train Rec Loss=[0.03083], Eval Rec Loss=[0.03089], c=[1.00000], F=[0.93419, 0.91797, 0.91320, 0.94514], F_fuse=[0.01009, 0.00890, 0.00790, 0.00584]
[ INFO : 2026-06-14 04:50:19,086 ] - Epoch 34: train==[150.51856 = 1.19581 + 1.72588 + 37.25636 + 0.00870 + 0.00000 + 0.00107 + 1225.89705]
[ INFO : 2026-06-14 04:50:30,828 ] - Test_@[5, 10, 20, 50]: Recall=[0.02092, 0.04036, 0.07593, 0.13882],  precision=[0.00442, 0.00427, 0.00400, 0.00295], hit=[0.02201, 0.04253, 0.07930, 0.14492], ndcg=[0.01239, 0.01866, 0.02765, 0.04025], Train Rec Loss=[0.03083], Eval Rec Loss=[0.03088], c=[1.00000], F=[0.85891, 0.89024, 0.91252, 0.94571], F_fuse=[0.00880, 0.00850, 0.00797, 0.00587]
[ INFO : 2026-06-14 04:52:57,462 ] - Epoch 35: train==[150.22244 = 1.18905 + 1.72589 + 36.96698 + 0.00872 + 0.00000 + 0.00106 + 1225.89705]
[ INFO : 2026-06-14 04:53:08,412 ] - Test_@[5, 10, 20, 50]: Recall=[0.01957, 0.04107, 0.07666, 0.13993],  precision=[0.00417, 0.00435, 0.00405, 0.00297], hit=[0.02073, 0.04330, 0.08012, 0.14595], ndcg=[0.01142, 0.01835, 0.02741, 0.04008], Train Rec Loss=[0.03082], Eval Rec Loss=[0.03088], c=[1.00000], F=[0.85941, 0.88277, 0.91191, 0.94623], F_fuse=[0.00829, 0.00865, 0.00806, 0.00592]
[ INFO : 2026-06-14 04:55:35,061 ] - Epoch 36: train==[149.71522 = 1.17608 + 1.72588 + 36.47267 + 0.00879 + 0.00000 + 0.00106 + 1225.89705]
[ INFO : 2026-06-14 04:55:46,033 ] - Test_@[5, 10, 20, 50]: Recall=[0.02134, 0.04207, 0.07699, 0.14037],  precision=[0.00452, 0.00445, 0.00406, 0.00298], hit=[0.02253, 0.04433, 0.08038, 0.14621], ndcg=[0.01285, 0.01956, 0.02835, 0.04105], Train Rec Loss=[0.03082], Eval Rec Loss=[0.03087], c=[1.00000], F=[0.86470, 0.89727, 0.91687, 0.94606], F_fuse=[0.00898, 0.00886, 0.00808, 0.00594]
[ INFO : 2026-06-14 04:58:12,189 ] - Epoch 37: train==[149.35003 = 1.16457 + 1.72588 + 36.11898 + 0.00881 + 0.00000 + 0.00105 + 1225.89705]
[ INFO : 2026-06-14 04:58:23,143 ] - Test_@[5, 10, 20, 50]: Recall=[0.02325, 0.04314, 0.07727, 0.14110],  precision=[0.00494, 0.00455, 0.00408, 0.00300], hit=[0.02458, 0.04526, 0.08069, 0.14708], ndcg=[0.01366, 0.02009, 0.02874, 0.04153], Train Rec Loss=[0.03079], Eval Rec Loss=[0.03088], c=[1.00000], F=[0.85165, 0.87157, 0.91871, 0.94721], F_fuse=[0.00982, 0.00905, 0.00813, 0.00597]
[ INFO : 2026-06-14 05:00:49,099 ] - Epoch 38: train==[149.03015 = 1.15782 + 1.72588 + 35.80578 + 0.00888 + 0.00000 + 0.00105 + 1225.89705]
[ INFO : 2026-06-14 05:00:59,925 ] - Test_@[5, 10, 20, 50]: Recall=[0.02143, 0.04150, 0.07790, 0.14133],  precision=[0.00446, 0.00435, 0.00412, 0.00300], hit=[0.02232, 0.04325, 0.08146, 0.14739], ndcg=[0.01291, 0.01939, 0.02863, 0.04133], Train Rec Loss=[0.03079], Eval Rec Loss=[0.03083], c=[1.00000], F=[0.85698, 0.89355, 0.92149, 0.94589], F_fuse=[0.00888, 0.00866, 0.00820, 0.00598]
[ INFO : 2026-06-14 05:03:29,614 ] - Epoch 39: train==[148.67336 = 1.14474 + 1.72588 + 35.46203 + 0.00892 + 0.00000 + 0.00104 + 1225.89705]
[ INFO : 2026-06-14 05:03:40,590 ] - Test_@[5, 10, 20, 50]: Recall=[0.02239, 0.04239, 0.07920, 0.14222],  precision=[0.00475, 0.00446, 0.00418, 0.00302], hit=[0.02366, 0.04433, 0.08264, 0.14826], ndcg=[0.01332, 0.01976, 0.02910, 0.04171], Train Rec Loss=[0.03079], Eval Rec Loss=[0.03083], c=[1.00000], F=[0.86994, 0.91476, 0.92148, 0.94556], F_fuse=[0.00945, 0.00888, 0.00831, 0.00602]
[ INFO : 2026-06-14 05:06:07,656 ] - Epoch 40: train==[148.31070 = 1.13865 + 1.72588 + 35.10543 + 0.00896 + 0.00000 + 0.00104 + 1225.89705]
[ INFO : 2026-06-14 05:06:18,647 ] - Test_@[5, 10, 20, 50]: Recall=[0.02191, 0.04238, 0.07968, 0.14231],  precision=[0.00464, 0.00447, 0.00421, 0.00302], hit=[0.02314, 0.04454, 0.08321, 0.14847], ndcg=[0.01336, 0.01990, 0.02934, 0.04186], Train Rec Loss=[0.03075], Eval Rec Loss=[0.03082], c=[1.00000], F=[0.85585, 0.89163, 0.92044, 0.94334], F_fuse=[0.00923, 0.00890, 0.00838, 0.00602]
[ INFO : 2026-06-14 05:08:44,701 ] - Epoch 41: train==[147.86351 = 1.12759 + 1.72588 + 34.66926 + 0.00901 + 0.00000 + 0.00103 + 1225.89705]
[ INFO : 2026-06-14 05:08:55,601 ] - Test_@[5, 10, 20, 50]: Recall=[0.01995, 0.04130, 0.07954, 0.14362],  precision=[0.00423, 0.00435, 0.00420, 0.00305], hit=[0.02109, 0.04330, 0.08295, 0.14991], ndcg=[0.01251, 0.01938, 0.02909, 0.04192], Train Rec Loss=[0.03076], Eval Rec Loss=[0.03082], c=[1.00000], F=[0.85120, 0.88961, 0.92000, 0.94420], F_fuse=[0.00841, 0.00866, 0.00835, 0.00609]
[ INFO : 2026-06-14 05:11:20,242 ] - Epoch 42: train==[147.47675 = 1.11545 + 1.72590 + 34.29456 + 0.00907 + 0.00000 + 0.00103 + 1225.89705]
[ INFO : 2026-06-14 05:11:31,191 ] - Test_@[5, 10, 20, 50]: Recall=[0.02193, 0.04384, 0.07969, 0.14340],  precision=[0.00467, 0.00463, 0.00421, 0.00305], hit=[0.02319, 0.04603, 0.08331, 0.14965], ndcg=[0.01350, 0.02055, 0.02964, 0.04241], Train Rec Loss=[0.03074], Eval Rec Loss=[0.03081], c=[1.00000], F=[0.85642, 0.89605, 0.92464, 0.94437], F_fuse=[0.00929, 0.00922, 0.00838, 0.00608]
[ INFO : 2026-06-14 05:14:06,151 ] - Epoch 43: train==[147.17004 = 1.10972 + 1.72590 + 33.99349 + 0.00917 + 0.00000 + 0.00102 + 1225.89705]
[ INFO : 2026-06-14 05:14:17,101 ] - Test_@[5, 10, 20, 50]: Recall=[0.02179, 0.04190, 0.07960, 0.14350],  precision=[0.00463, 0.00446, 0.00420, 0.00305], hit=[0.02304, 0.04433, 0.08311, 0.14970], ndcg=[0.01276, 0.01925, 0.02872, 0.04155], Train Rec Loss=[0.03075], Eval Rec Loss=[0.03077], c=[1.00000], F=[0.85195, 0.89151, 0.92314, 0.94493], F_fuse=[0.00921, 0.00887, 0.00836, 0.00608]
[ INFO : 2026-06-14 05:16:40,692 ] - Epoch 44: train==[146.81852 = 1.10211 + 1.72591 + 33.64951 + 0.00924 + 0.00000 + 0.00102 + 1225.89705]
[ INFO : 2026-06-14 05:16:51,677 ] - Test_@[5, 10, 20, 50]: Recall=[0.02247, 0.04277, 0.08044, 0.14378],  precision=[0.00473, 0.00451, 0.00425, 0.00305], hit=[0.02366, 0.04495, 0.08403, 0.15001], ndcg=[0.01343, 0.01997, 0.02952, 0.04223], Train Rec Loss=[0.03072], Eval Rec Loss=[0.03078], c=[1.00000], F=[0.85810, 0.89439, 0.92306, 0.94278], F_fuse=[0.00941, 0.00898, 0.00846, 0.00609]
[ INFO : 2026-06-14 05:19:17,317 ] - Epoch 45: train==[146.42745 = 1.09012 + 1.72589 + 33.27040 + 0.00929 + 0.00000 + 0.00102 + 1225.89705]
[ INFO : 2026-06-14 05:19:28,263 ] - Test_@[5, 10, 20, 50]: Recall=[0.02181, 0.04321, 0.08057, 0.14520],  precision=[0.00466, 0.00458, 0.00426, 0.00308], hit=[0.02319, 0.04567, 0.08424, 0.15150], ndcg=[0.01330, 0.02022, 0.02970, 0.04265], Train Rec Loss=[0.03072], Eval Rec Loss=[0.03076], c=[1.00000], F=[0.86668, 0.91246, 0.92489, 0.94376], F_fuse=[0.00927, 0.00912, 0.00849, 0.00615]
[ INFO : 2026-06-14 05:21:53,615 ] - Epoch 46: train==[146.14588 = 1.08383 + 1.72589 + 32.99508 + 0.00934 + 0.00000 + 0.00101 + 1225.89705]
[ INFO : 2026-06-14 05:22:04,510 ] - Test_@[5, 10, 20, 50]: Recall=[0.02149, 0.04283, 0.08075, 0.14452],  precision=[0.00455, 0.00449, 0.00426, 0.00307], hit=[0.02258, 0.04469, 0.08429, 0.15084], ndcg=[0.01328, 0.02014, 0.02976, 0.04256], Train Rec Loss=[0.03070], Eval Rec Loss=[0.03074], c=[1.00000], F=[0.85280, 0.89075, 0.92109, 0.94152], F_fuse=[0.00904, 0.00893, 0.00849, 0.00612]
[ INFO : 2026-06-14 05:24:33,916 ] - Epoch 47: train==[145.78073 = 1.07377 + 1.72588 + 32.64000 + 0.00935 + 0.00000 + 0.00100 + 1225.89705]
[ INFO : 2026-06-14 05:24:44,825 ] - Test_@[5, 10, 20, 50]: Recall=[0.02144, 0.04071, 0.08059, 0.14524],  precision=[0.00459, 0.00434, 0.00426, 0.00308], hit=[0.02278, 0.04304, 0.08403, 0.15156], ndcg=[0.01277, 0.01899, 0.02910, 0.04208], Train Rec Loss=[0.03068], Eval Rec Loss=[0.03074], c=[1.00000], F=[0.84369, 0.88795, 0.92172, 0.94161], F_fuse=[0.00912, 0.00863, 0.00848, 0.00615]
[ INFO : 2026-06-14 05:27:07,110 ] - Epoch 48: train==[145.50564 = 1.06465 + 1.72589 + 32.37393 + 0.00943 + 0.00000 + 0.00100 + 1225.89705]
[ INFO : 2026-06-14 05:27:18,177 ] - Test_@[5, 10, 20, 50]: Recall=[0.02160, 0.04228, 0.08110, 0.14601],  precision=[0.00464, 0.00451, 0.00429, 0.00310], hit=[0.02309, 0.04479, 0.08480, 0.15228], ndcg=[0.01300, 0.01966, 0.02953, 0.04254], Train Rec Loss=[0.03067], Eval Rec Loss=[0.03075], c=[1.00000], F=[0.85111, 0.89032, 0.92192, 0.94123], F_fuse=[0.00923, 0.00896, 0.00855, 0.00618]
[ INFO : 2026-06-14 05:29:49,775 ] - Epoch 49: train==[145.15820 = 1.05838 + 1.72589 + 32.03270 + 0.00950 + 0.00000 + 0.00099 + 1225.89705]
[ INFO : 2026-06-14 05:30:00,795 ] - Test_@[5, 10, 20, 50]: Recall=[0.02089, 0.04267, 0.08147, 0.14651],  precision=[0.00441, 0.00453, 0.00430, 0.00311], hit=[0.02196, 0.04479, 0.08496, 0.15279], ndcg=[0.01243, 0.01946, 0.02929, 0.04233], Train Rec Loss=[0.03067], Eval Rec Loss=[0.03072], c=[1.00000], F=[0.84513, 0.88926, 0.92145, 0.94269], F_fuse=[0.00878, 0.00901, 0.00857, 0.00620]
[ INFO : 2026-06-14 05:32:30,524 ] - Epoch 50: train==[144.81551 = 1.04845 + 1.72589 + 31.69994 + 0.00950 + 0.00000 + 0.00099 + 1225.89705]
[ INFO : 2026-06-14 05:32:41,477 ] - Test_@[5, 10, 20, 50]: Recall=[0.02102, 0.04149, 0.08180, 0.14746],  precision=[0.00446, 0.00440, 0.00433, 0.00313], hit=[0.02222, 0.04387, 0.08552, 0.15387], ndcg=[0.01286, 0.01946, 0.02963, 0.04279], Train Rec Loss=[0.03067], Eval Rec Loss=[0.03071], c=[1.00000], F=[0.84483, 0.88759, 0.92165, 0.94219], F_fuse=[0.00888, 0.00876, 0.00861, 0.00624]
[ INFO : 2026-06-14 05:35:14,968 ] - Epoch 51: train==[144.55884 = 1.04301 + 1.72588 + 31.44865 + 0.00959 + 0.00000 + 0.00098 + 1225.89705]
[ INFO : 2026-06-14 05:35:25,937 ] - Test_@[5, 10, 20, 50]: Recall=[0.02068, 0.04309, 0.08249, 0.14697],  precision=[0.00438, 0.00452, 0.00436, 0.00312], hit=[0.02181, 0.04510, 0.08624, 0.15325], ndcg=[0.01238, 0.01961, 0.02962, 0.04254], Train Rec Loss=[0.03065], Eval Rec Loss=[0.03069], c=[1.00000], F=[0.84853, 0.89146, 0.92376, 0.94306], F_fuse=[0.00872, 0.00900, 0.00869, 0.00622]
[ INFO : 2026-06-14 05:37:53,128 ] - Epoch 52: train==[144.32925 = 1.03157 + 1.72589 + 31.23046 + 0.00962 + 0.00000 + 0.00098 + 1225.89705]
[ INFO : 2026-06-14 05:38:04,004 ] - Test_@[5, 10, 20, 50]: Recall=[0.02189, 0.04326, 0.08262, 0.14814],  precision=[0.00468, 0.00460, 0.00437, 0.00314], hit=[0.02330, 0.04551, 0.08640, 0.15449], ndcg=[0.01319, 0.02007, 0.03005, 0.04316], Train Rec Loss=[0.03062], Eval Rec Loss=[0.03070], c=[1.00000], F=[0.84128, 0.88935, 0.92256, 0.94079], F_fuse=[0.00931, 0.00915, 0.00871, 0.00627]
[ INFO : 2026-06-14 05:40:28,874 ] - Epoch 53: train==[144.01607 = 1.02775 + 1.72588 + 30.92104 + 0.00968 + 0.00000 + 0.00098 + 1225.89705]
[ INFO : 2026-06-14 05:40:39,859 ] - Test_@[5, 10, 20, 50]: Recall=[0.02204, 0.04156, 0.08348, 0.14848],  precision=[0.00460, 0.00438, 0.00441, 0.00315], hit=[0.02299, 0.04356, 0.08717, 0.15480], ndcg=[0.01317, 0.01943, 0.03008, 0.04308], Train Rec Loss=[0.03064], Eval Rec Loss=[0.03067], c=[1.00000], F=[0.84592, 0.88931, 0.92249, 0.94189], F_fuse=[0.00915, 0.00871, 0.00878, 0.00628]
[ INFO : 2026-06-14 05:43:11,277 ] - Epoch 54: train==[143.63481 = 1.02006 + 1.72589 + 30.54742 + 0.00974 + 0.00000 + 0.00097 + 1225.89705]
[ INFO : 2026-06-14 05:43:22,184 ] - Test_@[5, 10, 20, 50]: Recall=[0.02068, 0.04119, 0.08325, 0.14898],  precision=[0.00438, 0.00437, 0.00440, 0.00316], hit=[0.02181, 0.04346, 0.08701, 0.15541], ndcg=[0.01219, 0.01882, 0.02945, 0.04260], Train Rec Loss=[0.03062], Eval Rec Loss=[0.03068], c=[1.00000], F=[0.84805, 0.88935, 0.92289, 0.94093], F_fuse=[0.00872, 0.00870, 0.00876, 0.00630]
[ INFO : 2026-06-14 05:45:45,041 ] - Epoch 55: train==[143.46534 = 1.01257 + 1.72588 + 30.38545 + 0.00974 + 0.00000 + 0.00097 + 1225.89705]
[ INFO : 2026-06-14 05:45:55,987 ] - Test_@[5, 10, 20, 50]: Recall=[0.02063, 0.04104, 0.08301, 0.14899],  precision=[0.00445, 0.00439, 0.00439, 0.00316], hit=[0.02206, 0.04340, 0.08681, 0.15546], ndcg=[0.01254, 0.01910, 0.02971, 0.04295], Train Rec Loss=[0.03059], Eval Rec Loss=[0.03065], c=[1.00000], F=[0.84667, 0.88951, 0.92332, 0.94206], F_fuse=[0.00886, 0.00873, 0.00874, 0.00630]
[ INFO : 2026-06-14 05:48:17,785 ] - Epoch 56: train==[143.18187 = 1.00181 + 1.72589 + 30.11265 + 0.00982 + 0.00000 + 0.00096 + 1225.89705]
[ INFO : 2026-06-14 05:48:28,690 ] - Test_@[5, 10, 20, 50]: Recall=[0.02085, 0.04139, 0.08356, 0.14964],  precision=[0.00440, 0.00436, 0.00441, 0.00318], hit=[0.02191, 0.04320, 0.08732, 0.15613], ndcg=[0.01240, 0.01903, 0.02969, 0.04293], Train Rec Loss=[0.03061], Eval Rec Loss=[0.03065], c=[1.00000], F=[0.84671, 0.88848, 0.92154, 0.93997], F_fuse=[0.00876, 0.00868, 0.00878, 0.00633]
[ INFO : 2026-06-14 05:51:07,259 ] - Epoch 57: train==[143.02167 = 0.99941 + 1.72588 + 29.95480 + 0.00988 + 0.00000 + 0.00095 + 1225.89705]
[ INFO : 2026-06-14 05:51:18,226 ] - Test_@[5, 10, 20, 50]: Recall=[0.02067, 0.04104, 0.08390, 0.15003],  precision=[0.00432, 0.00430, 0.00443, 0.00318], hit=[0.02150, 0.04294, 0.08758, 0.15654], ndcg=[0.01225, 0.01882, 0.02968, 0.04292], Train Rec Loss=[0.03061], Eval Rec Loss=[0.03064], c=[1.00000], F=[0.84893, 0.89044, 0.92262, 0.93936], F_fuse=[0.00860, 0.00857, 0.00882, 0.00635]
[ INFO : 2026-06-14 05:54:00,130 ] - Epoch 58: train==[142.70193 = 0.98725 + 1.72589 + 29.64717 + 0.00993 + 0.00000 + 0.00095 + 1225.89705]
[ INFO : 2026-06-14 05:54:11,415 ] - Test_@[5, 10, 20, 50]: Recall=[0.01973, 0.04046, 0.08328, 0.15018],  precision=[0.00421, 0.00430, 0.00440, 0.00319], hit=[0.02093, 0.04253, 0.08696, 0.15665], ndcg=[0.01218, 0.01889, 0.02973, 0.04314], Train Rec Loss=[0.03058], Eval Rec Loss=[0.03065], c=[1.00000], F=[0.84847, 0.88900, 0.92031, 0.93891], F_fuse=[0.00837, 0.00856, 0.00876, 0.00635]
[ INFO : 2026-06-14 05:56:41,267 ] - Epoch 59: train==[142.52871 = 0.98408 + 1.72589 + 29.47709 + 0.00997 + 0.00000 + 0.00095 + 1225.89705]
[ INFO : 2026-06-14 05:56:52,150 ] - Test_@[5, 10, 20, 50]: Recall=[0.02205, 0.04261, 0.08343, 0.15178],  precision=[0.00459, 0.00445, 0.00441, 0.00322], hit=[0.02289, 0.04438, 0.08722, 0.15824], ndcg=[0.01274, 0.01936, 0.02970, 0.04339], Train Rec Loss=[0.03057], Eval Rec Loss=[0.03063], c=[1.00000], F=[0.84604, 0.88748, 0.92179, 0.94032], F_fuse=[0.00913, 0.00885, 0.00878, 0.00641]
[ INFO : 2026-06-14 05:59:29,764 ] - Epoch 60: train==[142.25362 = 0.97407 + 1.72589 + 29.21195 + 0.01003 + 0.00000 + 0.00094 + 1225.89705]
[ INFO : 2026-06-14 05:59:40,671 ] - Test_@[5, 10, 20, 50]: Recall=[0.02054, 0.04119, 0.08449, 0.15109],  precision=[0.00435, 0.00437, 0.00446, 0.00320], hit=[0.02165, 0.04330, 0.08830, 0.15752], ndcg=[0.01227, 0.01895, 0.02987, 0.04320], Train Rec Loss=[0.03058], Eval Rec Loss=[0.03063], c=[1.00000], F=[0.84617, 0.88716, 0.91981, 0.93843], F_fuse=[0.00866, 0.00869, 0.00888, 0.00639]
[ INFO : 2026-06-14 06:03:02,737 ] - Epoch 61: train==[141.99317 = 0.96980 + 1.72589 + 28.95572 + 0.01008 + 0.00000 + 0.00094 + 1225.89705]
[ INFO : 2026-06-14 06:03:13,677 ] - Test_@[5, 10, 20, 50]: Recall=[0.02040, 0.04036, 0.08335, 0.15094],  precision=[0.00431, 0.00429, 0.00440, 0.00320], hit=[0.02145, 0.04268, 0.08696, 0.15747], ndcg=[0.01223, 0.01872, 0.02955, 0.04312], Train Rec Loss=[0.03055], Eval Rec Loss=[0.03061], c=[1.00000], F=[0.84668, 0.88796, 0.92005, 0.93892], F_fuse=[0.00858, 0.00855, 0.00877, 0.00638]
[ INFO : 2026-06-14 06:06:20,147 ] - Epoch 62: train==[141.73564 = 0.96292 + 1.72590 + 28.70499 + 0.01016 + 0.00000 + 0.00094 + 1225.89705]
[ INFO : 2026-06-14 06:06:31,105 ] - Test_@[5, 10, 20, 50]: Recall=[0.01957, 0.04022, 0.08273, 0.15244],  precision=[0.00415, 0.00430, 0.00438, 0.00324], hit=[0.02062, 0.04253, 0.08635, 0.15901], ndcg=[0.01146, 0.01816, 0.02892, 0.04290], Train Rec Loss=[0.03055], Eval Rec Loss=[0.03059], c=[1.00000], F=[0.84491, 0.88721, 0.92092, 0.93921], F_fuse=[0.00825, 0.00856, 0.00871, 0.00645]
[ INFO : 2026-06-14 06:09:07,761 ] - Epoch 63: train==[141.60418 = 0.95784 + 1.72590 + 28.57858 + 0.01020 + 0.00000 + 0.00093 + 1225.89705]
[ INFO : 2026-06-14 06:09:18,705 ] - Test_@[5, 10, 20, 50]: Recall=[0.02161, 0.04308, 0.08484, 0.15184],  precision=[0.00462, 0.00458, 0.00448, 0.00322], hit=[0.02289, 0.04551, 0.08866, 0.15845], ndcg=[0.01289, 0.01987, 0.03041, 0.04382], Train Rec Loss=[0.03054], Eval Rec Loss=[0.03058], c=[1.00000], F=[0.84547, 0.88594, 0.92055, 0.93902], F_fuse=[0.00919, 0.00912, 0.00893, 0.00642]
[ INFO : 2026-06-14 06:11:59,871 ] - Epoch 64: train==[141.30955 = 0.94624 + 1.72592 + 28.29546 + 0.01028 + 0.00000 + 0.00092 + 1225.89705]
[ INFO : 2026-06-14 06:12:11,629 ] - Test_@[5, 10, 20, 50]: Recall=[0.02083, 0.04140, 0.08477, 0.15170],  precision=[0.00438, 0.00437, 0.00448, 0.00322], hit=[0.02191, 0.04356, 0.08845, 0.15840], ndcg=[0.01252, 0.01916, 0.03012, 0.04354], Train Rec Loss=[0.03053], Eval Rec Loss=[0.03058], c=[1.00000], F=[0.84599, 0.88759, 0.92034, 0.93929], F_fuse=[0.00872, 0.00869, 0.00891, 0.00642]
[ INFO : 2026-06-14 06:14:32,631 ] - Epoch 65: train==[141.32456 = 0.94547 + 1.72590 + 28.31124 + 0.01029 + 0.00000 + 0.00092 + 1225.89705]
[ INFO : 2026-06-14 06:14:43,459 ] - Test_@[5, 10, 20, 50]: Recall=[0.02070, 0.04293, 0.08390, 0.15153],  precision=[0.00436, 0.00454, 0.00443, 0.00322], hit=[0.02181, 0.04520, 0.08779, 0.15809], ndcg=[0.01200, 0.01919, 0.02953, 0.04309], Train Rec Loss=[0.03053], Eval Rec Loss=[0.03060], c=[1.00000], F=[0.84592, 0.88718, 0.92034, 0.93981], F_fuse=[0.00868, 0.00904, 0.00882, 0.00641]
[ INFO : 2026-06-14 06:17:04,880 ] - Epoch 66: train==[140.95166 = 0.93624 + 1.72591 + 27.94750 + 0.01037 + 0.00000 + 0.00092 + 1225.89705]
[ INFO : 2026-06-14 06:17:15,830 ] - Test_@[5, 10, 20, 50]: Recall=[0.02094, 0.04173, 0.08428, 0.15214],  precision=[0.00440, 0.00439, 0.00445, 0.00323], hit=[0.02191, 0.04366, 0.08789, 0.15876], ndcg=[0.01245, 0.01911, 0.02988, 0.04349], Train Rec Loss=[0.03051], Eval Rec Loss=[0.03059], c=[1.00000], F=[0.84596, 0.88743, 0.92051, 0.93884], F_fuse=[0.00876, 0.00873, 0.00885, 0.00643]
[ INFO : 2026-06-14 06:19:41,968 ] - Epoch 67: train==[140.73482 = 0.93093 + 1.72590 + 27.73590 + 0.01043 + 0.00000 + 0.00091 + 1225.89705]
[ INFO : 2026-06-14 06:19:52,937 ] - Test_@[5, 10, 20, 50]: Recall=[0.02211, 0.04193, 0.08521, 0.15211],  precision=[0.00466, 0.00444, 0.00450, 0.00323], hit=[0.02309, 0.04397, 0.08897, 0.15870], ndcg=[0.01320, 0.01961, 0.03056, 0.04395], Train Rec Loss=[0.03050], Eval Rec Loss=[0.03058], c=[1.00000], F=[0.84515, 0.88651, 0.91947, 0.93787], F_fuse=[0.00927, 0.00883, 0.00895, 0.00643]
[ INFO : 2026-06-14 06:22:18,891 ] - Epoch 68: train==[140.58504 = 0.92407 + 1.72589 + 27.59297 + 0.01047 + 0.00000 + 0.00091 + 1225.89705]
[ INFO : 2026-06-14 06:22:29,899 ] - Test_@[5, 10, 20, 50]: Recall=[0.02246, 0.04290, 0.08462, 0.15169],  precision=[0.00475, 0.00454, 0.00447, 0.00322], hit=[0.02376, 0.04526, 0.08840, 0.15829], ndcg=[0.01338, 0.01997, 0.03055, 0.04399], Train Rec Loss=[0.03050], Eval Rec Loss=[0.03057], c=[1.00000], F=[0.84510, 0.88764, 0.91994, 0.93935], F_fuse=[0.00945, 0.00903, 0.00889, 0.00641]
[ INFO : 2026-06-14 06:25:02,931 ] - Epoch 69: train==[140.28222 = 0.91619 + 1.72589 + 27.29795 + 0.01054 + 0.00000 + 0.00091 + 1225.89705]
[ INFO : 2026-06-14 06:25:13,911 ] - Test_@[5, 10, 20, 50]: Recall=[0.02107, 0.04411, 0.08440, 0.15290],  precision=[0.00442, 0.00467, 0.00445, 0.00324], hit=[0.02201, 0.04639, 0.08809, 0.15958], ndcg=[0.01229, 0.01972, 0.02990, 0.04363], Train Rec Loss=[0.03050], Eval Rec Loss=[0.03058], c=[1.00000], F=[0.84605, 0.88826, 0.92059, 0.93861], F_fuse=[0.00880, 0.00929, 0.00886, 0.00646]
[ INFO : 2026-06-14 06:27:36,931 ] - Epoch 70: train==[140.16003 = 0.91705 + 1.72589 + 27.17486 + 0.01060 + 0.00000 + 0.00090 + 1225.89705]
[ INFO : 2026-06-14 06:27:47,850 ] - Test_@[5, 10, 20, 50]: Recall=[0.02206, 0.04234, 0.08434, 0.15187],  precision=[0.00464, 0.00447, 0.00446, 0.00322], hit=[0.02309, 0.04443, 0.08825, 0.15855], ndcg=[0.01347, 0.02000, 0.03057, 0.04411], Train Rec Loss=[0.03049], Eval Rec Loss=[0.03055], c=[1.00000], F=[0.84644, 0.88692, 0.91950, 0.93908], F_fuse=[0.00923, 0.00889, 0.00887, 0.00642]
[ INFO : 2026-06-14 06:30:18,566 ] - Epoch 71: train==[139.96932 = 0.90685 + 1.72589 + 26.99431 + 0.01064 + 0.00000 + 0.00089 + 1225.89705]
[ INFO : 2026-06-14 06:30:29,488 ] - Test_@[5, 10, 20, 50]: Recall=[0.02102, 0.04236, 0.08516, 0.15200],  precision=[0.00446, 0.00446, 0.00449, 0.00322], hit=[0.02227, 0.04438, 0.08892, 0.15876], ndcg=[0.01242, 0.01932, 0.03016, 0.04354], Train Rec Loss=[0.03048], Eval Rec Loss=[0.03056], c=[1.00000], F=[0.84654, 0.88604, 0.92004, 0.93927], F_fuse=[0.00888, 0.00887, 0.00895, 0.00643]
[ INFO : 2026-06-14 06:32:51,697 ] - Epoch 72: train==[139.80575 = 0.90120 + 1.72589 + 26.83633 + 0.01070 + 0.00000 + 0.00089 + 1225.89705]
[ INFO : 2026-06-14 06:33:02,601 ] - Test_@[5, 10, 20, 50]: Recall=[0.02153, 0.04307, 0.08521, 0.15210],  precision=[0.00457, 0.00458, 0.00450, 0.00322], hit=[0.02278, 0.04556, 0.08907, 0.15870], ndcg=[0.01298, 0.01995, 0.03053, 0.04391], Train Rec Loss=[0.03047], Eval Rec Loss=[0.03055], c=[1.00000], F=[0.84351, 0.88620, 0.91924, 0.93840], F_fuse=[0.00908, 0.00911, 0.00896, 0.00642]
[ INFO : 2026-06-14 06:35:37,382 ] - Epoch 73: train==[139.73812 = 0.90035 + 1.72590 + 26.76949 + 0.01076 + 0.00000 + 0.00088 + 1225.89705]
[ INFO : 2026-06-14 06:35:48,342 ] - Test_@[5, 10, 20, 50]: Recall=[0.02137, 0.04252, 0.08536, 0.15164],  precision=[0.00452, 0.00450, 0.00450, 0.00322], hit=[0.02258, 0.04469, 0.08907, 0.15819], ndcg=[0.01273, 0.01958, 0.03039, 0.04365], Train Rec Loss=[0.03047], Eval Rec Loss=[0.03051], c=[1.00000], F=[0.84375, 0.88566, 0.91967, 0.93939], F_fuse=[0.00898, 0.00895, 0.00896, 0.00641]
[ INFO : 2026-06-14 06:38:16,310 ] - Epoch 74: train==[139.67115 = 0.88738 + 1.72590 + 26.71541 + 0.01083 + 0.00000 + 0.00088 + 1225.89705]
[ INFO : 2026-06-14 06:38:27,217 ] - Test_@[5, 10, 20, 50]: Recall=[0.02095, 0.04156, 0.08463, 0.15226],  precision=[0.00443, 0.00440, 0.00447, 0.00323], hit=[0.02201, 0.04371, 0.08851, 0.15881], ndcg=[0.01240, 0.01908, 0.02992, 0.04348], Train Rec Loss=[0.03046], Eval Rec Loss=[0.03051], c=[1.00000], F=[0.84356, 0.88516, 0.91746, 0.93715], F_fuse=[0.00882, 0.00876, 0.00889, 0.00643]
[ INFO : 2026-06-14 06:40:54,830 ] - Epoch 75: train==[139.39967 = 0.88596 + 1.72590 + 26.44528 + 0.01092 + 0.00000 + 0.00088 + 1225.89705]
[ INFO : 2026-06-14 06:41:05,735 ] - Test_@[5, 10, 20, 50]: Recall=[0.02179, 0.04409, 0.08538, 0.15232],  precision=[0.00459, 0.00465, 0.00451, 0.00323], hit=[0.02273, 0.04613, 0.08912, 0.15896], ndcg=[0.01307, 0.02028, 0.03070, 0.04410], Train Rec Loss=[0.03044], Eval Rec Loss=[0.03050], c=[1.00000], F=[0.84329, 0.88597, 0.91924, 0.93886], F_fuse=[0.00912, 0.00925, 0.00897, 0.00644]
[ INFO : 2026-06-14 06:43:36,885 ] - Epoch 76: train==[139.27720 = 0.88232 + 1.72589 + 26.32644 + 0.01093 + 0.00000 + 0.00088 + 1225.89705]
[ INFO : 2026-06-14 06:43:47,710 ] - Test_@[5, 10, 20, 50]: Recall=[0.02201, 0.04325, 0.08541, 0.15207],  precision=[0.00458, 0.00452, 0.00451, 0.00322], hit=[0.02283, 0.04510, 0.08917, 0.15860], ndcg=[0.01295, 0.01983, 0.03050, 0.04383], Train Rec Loss=[0.03044], Eval Rec Loss=[0.03048], c=[1.00000], F=[0.84463, 0.88534, 0.91806, 0.93851], F_fuse=[0.00910, 0.00899, 0.00897, 0.00642]
[ INFO : 2026-06-14 06:46:18,057 ] - Epoch 77: train==[139.03426 = 0.87336 + 1.72589 + 26.09242 + 0.01099 + 0.00000 + 0.00087 + 1225.89705]
[ INFO : 2026-06-14 06:46:28,941 ] - Test_@[5, 10, 20, 50]: Recall=[0.02103, 0.04252, 0.08622, 0.15238],  precision=[0.00444, 0.00451, 0.00456, 0.00323], hit=[0.02222, 0.04490, 0.09015, 0.15901], ndcg=[0.01256, 0.01949, 0.03055, 0.04379], Train Rec Loss=[0.03043], Eval Rec Loss=[0.03047], c=[1.00000], F=[0.84529, 0.88606, 0.91862, 0.93798], F_fuse=[0.00884, 0.00897, 0.00907, 0.00644]
[ INFO : 2026-06-14 06:48:54,338 ] - Epoch 78: train==[138.87468 = 0.86875 + 1.72589 + 25.93737 + 0.01106 + 0.00000 + 0.00087 + 1225.89705]
[ INFO : 2026-06-14 06:49:05,157 ] - Test_@[5, 10, 20, 50]: Recall=[0.01937, 0.04338, 0.08521, 0.15181],  precision=[0.00410, 0.00457, 0.00449, 0.00322], hit=[0.02052, 0.04556, 0.08887, 0.15829], ndcg=[0.01186, 0.01961, 0.03018, 0.04354], Train Rec Loss=[0.03042], Eval Rec Loss=[0.03048], c=[1.00000], F=[0.84531, 0.88569, 0.91867, 0.93850], F_fuse=[0.00817, 0.00910, 0.00894, 0.00641]
[ INFO : 2026-06-14 06:51:27,029 ] - Epoch 79: train==[138.75475 = 0.86371 + 1.72589 + 25.82245 + 0.01111 + 0.00000 + 0.00087 + 1225.89705]
[ INFO : 2026-06-14 06:51:37,949 ] - Test_@[5, 10, 20, 50]: Recall=[0.02185, 0.04271, 0.08543, 0.15309],  precision=[0.00458, 0.00451, 0.00451, 0.00324], hit=[0.02278, 0.04490, 0.08928, 0.15963], ndcg=[0.01245, 0.01916, 0.02998, 0.04353], Train Rec Loss=[0.03043], Eval Rec Loss=[0.03048], c=[1.00000], F=[0.84268, 0.88510, 0.91695, 0.93681], F_fuse=[0.00910, 0.00896, 0.00898, 0.00647]
[ INFO : 2026-06-14 06:54:01,020 ] - Epoch 80: train==[138.57802 = 0.85824 + 1.72589 + 25.65113 + 0.01117 + 0.00000 + 0.00086 + 1225.89705]
[ INFO : 2026-06-14 06:54:11,869 ] - Test_@[5, 10, 20, 50]: Recall=[0.02020, 0.04117, 0.08516, 0.15254],  precision=[0.00428, 0.00438, 0.00449, 0.00323], hit=[0.02139, 0.04340, 0.08897, 0.15912], ndcg=[0.01217, 0.01893, 0.03004, 0.04354], Train Rec Loss=[0.03041], Eval Rec Loss=[0.03047], c=[1.00000], F=[0.84502, 0.88409, 0.91724, 0.93779], F_fuse=[0.00851, 0.00871, 0.00894, 0.00645]
[ INFO : 2026-06-14 06:56:37,473 ] - Epoch 81: train==[138.47442 = 0.85433 + 1.72589 + 25.55137 + 0.01124 + 0.00000 + 0.00086 + 1225.89705]
[ INFO : 2026-06-14 06:56:48,325 ] - Test_@[5, 10, 20, 50]: Recall=[0.02224, 0.04458, 0.08639, 0.15179],  precision=[0.00473, 0.00472, 0.00456, 0.00322], hit=[0.02361, 0.04700, 0.09036, 0.15834], ndcg=[0.01299, 0.02020, 0.03074, 0.04382], Train Rec Loss=[0.03043], Eval Rec Loss=[0.03047], c=[1.00000], F=[0.84455, 0.88529, 0.91732, 0.93780], F_fuse=[0.00941, 0.00939, 0.00907, 0.00641]
[ INFO : 2026-06-14 06:59:14,574 ] - Epoch 82: train==[138.50770 = 0.84967 + 1.72589 + 25.58931 + 0.01124 + 0.00000 + 0.00085 + 1225.89705]
[ INFO : 2026-06-14 06:59:25,556 ] - Test_@[5, 10, 20, 50]: Recall=[0.02127, 0.04283, 0.08584, 0.15118],  precision=[0.00449, 0.00454, 0.00453, 0.00320], hit=[0.02242, 0.04495, 0.08979, 0.15762], ndcg=[0.01245, 0.01941, 0.03027, 0.04336], Train Rec Loss=[0.03041], Eval Rec Loss=[0.03045], c=[1.00000], F=[0.84518, 0.88402, 0.91763, 0.93839], F_fuse=[0.00894, 0.00903, 0.00902, 0.00638]
[ INFO : 2026-06-14 07:01:53,254 ] - Epoch 83: train==[138.13419 = 0.84198 + 1.72589 + 25.22336 + 0.01138 + 0.00000 + 0.00085 + 1225.89705]
[ INFO : 2026-06-14 07:02:04,213 ] - Test_@[5, 10, 20, 50]: Recall=[0.02074, 0.04237, 0.08541, 0.15141],  precision=[0.00438, 0.00447, 0.00451, 0.00321], hit=[0.02186, 0.04454, 0.08933, 0.15804], ndcg=[0.01231, 0.01932, 0.03018, 0.04340], Train Rec Loss=[0.03040], Eval Rec Loss=[0.03047], c=[1.00000], F=[0.84436, 0.88578, 0.91800, 0.93818], F_fuse=[0.00872, 0.00890, 0.00898, 0.00639]
[ INFO : 2026-06-14 07:04:33,804 ] - Epoch 84: train==[138.14906 = 0.84049 + 1.72589 + 25.23972 + 0.01138 + 0.00000 + 0.00085 + 1225.89705]
[ INFO : 2026-06-14 07:04:44,695 ] - Test_@[5, 10, 20, 50]: Recall=[0.02163, 0.04359, 0.08625, 0.15215],  precision=[0.00456, 0.00460, 0.00454, 0.00322], hit=[0.02273, 0.04572, 0.09010, 0.15870], ndcg=[0.01270, 0.01981, 0.03058, 0.04378], Train Rec Loss=[0.03039], Eval Rec Loss=[0.03045], c=[1.00000], F=[0.84374, 0.88523, 0.91621, 0.93767], F_fuse=[0.00906, 0.00915, 0.00903, 0.00642]
[ INFO : 2026-06-14 07:07:10,498 ] - Epoch 85: train==[138.01578 = 0.83613 + 1.72589 + 25.11073 + 0.01144 + 0.00000 + 0.00085 + 1225.89705]
[ INFO : 2026-06-14 07:07:21,325 ] - Test_@[5, 10, 20, 50]: Recall=[0.01897, 0.04236, 0.08660, 0.15233],  precision=[0.00403, 0.00446, 0.00456, 0.00322], hit=[0.02016, 0.04443, 0.09046, 0.15891], ndcg=[0.01124, 0.01875, 0.02990, 0.04305], Train Rec Loss=[0.03038], Eval Rec Loss=[0.03046], c=[1.00000], F=[0.84450, 0.88437, 0.91516, 0.93632], F_fuse=[0.00803, 0.00887, 0.00908, 0.00643]
[ INFO : 2026-06-14 07:09:48,495 ] - Epoch 86: train==[137.91854 = 0.82801 + 1.72589 + 25.02157 + 0.01149 + 0.00000 + 0.00084 + 1225.89705]
[ INFO : 2026-06-14 07:09:59,298 ] - Test_@[5, 10, 20, 50]: Recall=[0.02009, 0.04281, 0.08565, 0.15144],  precision=[0.00427, 0.00453, 0.00452, 0.00320], hit=[0.02129, 0.04505, 0.08943, 0.15793], ndcg=[0.01196, 0.01928, 0.03008, 0.04326], Train Rec Loss=[0.03039], Eval Rec Loss=[0.03044], c=[1.00000], F=[0.84338, 0.88458, 0.91614, 0.93736], F_fuse=[0.00849, 0.00901, 0.00899, 0.00639]
[ INFO : 2026-06-14 07:12:25,382 ] - Epoch 87: train==[137.76629 = 0.82613 + 1.72589 + 24.87112 + 0.01157 + 0.00000 + 0.00084 + 1225.89705]
[ INFO : 2026-06-14 07:12:36,242 ] - Test_@[5, 10, 20, 50]: Recall=[0.02253, 0.04370, 0.08503, 0.15041],  precision=[0.00470, 0.00462, 0.00448, 0.00318], hit=[0.02350, 0.04592, 0.08887, 0.15696], ndcg=[0.01349, 0.02036, 0.03077, 0.04387], Train Rec Loss=[0.03036], Eval Rec Loss=[0.03042], c=[1.00000], F=[0.84202, 0.88526, 0.91755, 0.93957], F_fuse=[0.00935, 0.00919, 0.00893, 0.00635]
[ INFO : 2026-06-14 07:14:59,016 ] - Epoch 88: train==[137.59351 = 0.82268 + 1.72589 + 24.70172 + 0.01165 + 0.00000 + 0.00084 + 1225.89705]
[ INFO : 2026-06-14 07:15:10,022 ] - Test_@[5, 10, 20, 50]: Recall=[0.02114, 0.04312, 0.08631, 0.15164],  precision=[0.00442, 0.00454, 0.00455, 0.00321], hit=[0.02206, 0.04510, 0.09020, 0.15819], ndcg=[0.01260, 0.01976, 0.03067, 0.04375], Train Rec Loss=[0.03036], Eval Rec Loss=[0.03042], c=[1.00000], F=[0.84398, 0.88401, 0.91587, 0.93745], F_fuse=[0.00880, 0.00903, 0.00906, 0.00640]
[ INFO : 2026-06-14 07:17:36,333 ] - Epoch 89: train==[137.54456 = 0.81670 + 1.72589 + 24.65870 + 0.01170 + 0.00000 + 0.00083 + 1225.89705]
[ INFO : 2026-06-14 07:17:47,152 ] - Test_@[5, 10, 20, 50]: Recall=[0.02225, 0.04276, 0.08625, 0.15173],  precision=[0.00469, 0.00449, 0.00454, 0.00321], hit=[0.02335, 0.04469, 0.09000, 0.15824], ndcg=[0.01304, 0.01961, 0.03063, 0.04374], Train Rec Loss=[0.03036], Eval Rec Loss=[0.03042], c=[1.00000], F=[0.84308, 0.88487, 0.91550, 0.93717], F_fuse=[0.00933, 0.00893, 0.00903, 0.00640]
[ INFO : 2026-06-14 07:20:10,702 ] - Epoch 90: train==[137.33281 = 0.81242 + 1.72590 + 24.45115 + 0.01178 + 0.00000 + 0.00083 + 1225.89705]
[ INFO : 2026-06-14 07:20:21,589 ] - Test_@[5, 10, 20, 50]: Recall=[0.02042, 0.04174, 0.08504, 0.14981],  precision=[0.00431, 0.00439, 0.00448, 0.00317], hit=[0.02155, 0.04371, 0.08887, 0.15629], ndcg=[0.01232, 0.01923, 0.03019, 0.04318], Train Rec Loss=[0.03035], Eval Rec Loss=[0.03041], c=[1.00000], F=[0.84348, 0.88495, 0.91747, 0.94004], F_fuse=[0.00858, 0.00874, 0.00892, 0.00632]
[ INFO : 2026-06-14 07:22:54,455 ] - Epoch 91: train==[137.35719 = 0.80924 + 1.72589 + 24.47871 + 0.01179 + 0.00000 + 0.00083 + 1225.89705]
[ INFO : 2026-06-14 07:23:05,357 ] - Test_@[5, 10, 20, 50]: Recall=[0.01999, 0.04156, 0.08657, 0.15134],  precision=[0.00421, 0.00437, 0.00455, 0.00320], hit=[0.02103, 0.04361, 0.09025, 0.15798], ndcg=[0.01212, 0.01909, 0.03047, 0.04345], Train Rec Loss=[0.03034], Eval Rec Loss=[0.03042], c=[1.00000], F=[0.84369, 0.88460, 0.91593, 0.93715], F_fuse=[0.00837, 0.00869, 0.00906, 0.00639]
[ INFO : 2026-06-14 07:25:27,033 ] - Epoch 92: train==[137.24934 = 0.80128 + 1.72590 + 24.37874 + 0.01187 + 0.00000 + 0.00082 + 1225.89705]
[ INFO : 2026-06-14 07:25:37,946 ] - Test_@[5, 10, 20, 50]: Recall=[0.02022, 0.04178, 0.08515, 0.15055],  precision=[0.00421, 0.00440, 0.00448, 0.00319], hit=[0.02103, 0.04376, 0.08876, 0.15711], ndcg=[0.01233, 0.01926, 0.03020, 0.04334], Train Rec Loss=[0.03034], Eval Rec Loss=[0.03040], c=[1.00000], F=[0.84488, 0.88473, 0.91607, 0.93701], F_fuse=[0.00837, 0.00876, 0.00892, 0.00635]
[ INFO : 2026-06-14 07:28:09,880 ] - Epoch 93: train==[137.10463 = 0.80021 + 1.72589 + 24.23503 + 0.01194 + 0.00000 + 0.00082 + 1225.89705]
[ INFO : 2026-06-14 07:28:20,785 ] - Test_@[5, 10, 20, 50]: Recall=[0.02172, 0.04321, 0.08567, 0.15082],  precision=[0.00458, 0.00453, 0.00451, 0.00319], hit=[0.02289, 0.04515, 0.08948, 0.15742], ndcg=[0.01261, 0.01954, 0.03027, 0.04334], Train Rec Loss=[0.03032], Eval Rec Loss=[0.03037], c=[1.00000], F=[0.84223, 0.88382, 0.91536, 0.93677], F_fuse=[0.00910, 0.00901, 0.00898, 0.00637]
[ INFO : 2026-06-14 07:30:45,891 ] - Epoch 94: train==[137.06617 = 0.79393 + 1.72589 + 24.20279 + 0.01200 + 0.00000 + 0.00082 + 1225.89705]
[ INFO : 2026-06-14 07:30:56,802 ] - Test_@[5, 10, 20, 50]: Recall=[0.02282, 0.04461, 0.08597, 0.15147],  precision=[0.00478, 0.00469, 0.00452, 0.00320], hit=[0.02391, 0.04685, 0.08959, 0.15798], ndcg=[0.01329, 0.02028, 0.03072, 0.04387], Train Rec Loss=[0.03033], Eval Rec Loss=[0.03039], c=[1.00000], F=[0.84416, 0.88388, 0.91449, 0.93556], F_fuse=[0.00951, 0.00933, 0.00900, 0.00639]
[ INFO : 2026-06-14 07:33:31,061 ] - Epoch 95: train==[136.97080 = 0.79084 + 1.72589 + 24.11042 + 0.01209 + 0.00000 + 0.00081 + 1225.89705]
[ INFO : 2026-06-14 07:33:41,934 ] - Test_@[5, 10, 20, 50]: Recall=[0.01891, 0.04089, 0.08567, 0.15137],  precision=[0.00402, 0.00430, 0.00452, 0.00321], hit=[0.02011, 0.04289, 0.08948, 0.15804], ndcg=[0.01122, 0.01828, 0.02956, 0.04275], Train Rec Loss=[0.03031], Eval Rec Loss=[0.03038], c=[1.00000], F=[0.84392, 0.88422, 0.91484, 0.93661], F_fuse=[0.00801, 0.00857, 0.00899, 0.00639]
[ INFO : 2026-06-14 07:36:05,148 ] - Epoch 96: train==[136.83018 = 0.78909 + 1.72589 + 23.97155 + 0.01210 + 0.00000 + 0.00082 + 1225.89705]
[ INFO : 2026-06-14 07:36:16,037 ] - Test_@[5, 10, 20, 50]: Recall=[0.02042, 0.04252, 0.08584, 0.15122],  precision=[0.00428, 0.00448, 0.00451, 0.00320], hit=[0.02134, 0.04464, 0.08938, 0.15788], ndcg=[0.01243, 0.01956, 0.03049, 0.04359], Train Rec Loss=[0.03030], Eval Rec Loss=[0.03037], c=[1.00000], F=[0.84262, 0.88393, 0.91608, 0.93735], F_fuse=[0.00851, 0.00892, 0.00897, 0.00638]
[ INFO : 2026-06-14 07:38:47,895 ] - Epoch 97: train==[136.67330 = 0.78117 + 1.72589 + 23.82252 + 0.01218 + 0.00000 + 0.00081 + 1225.89705]
[ INFO : 2026-06-14 07:38:58,758 ] - Test_@[5, 10, 20, 50]: Recall=[0.02227, 0.04371, 0.08597, 0.15056],  precision=[0.00472, 0.00462, 0.00452, 0.00319], hit=[0.02350, 0.04587, 0.08953, 0.15711], ndcg=[0.01319, 0.02012, 0.03077, 0.04375], Train Rec Loss=[0.03030], Eval Rec Loss=[0.03036], c=[1.00000], F=[0.84312, 0.88257, 0.91403, 0.93607], F_fuse=[0.00939, 0.00919, 0.00900, 0.00635]
[ INFO : 2026-06-14 07:41:21,257 ] - Epoch 98: train==[136.67886 = 0.77768 + 1.72589 + 23.83150 + 0.01225 + 0.00000 + 0.00081 + 1225.89705]
[ INFO : 2026-06-14 07:41:32,106 ] - Test_@[5, 10, 20, 50]: Recall=[0.02110, 0.04159, 0.08555, 0.14929],  precision=[0.00443, 0.00435, 0.00451, 0.00316], hit=[0.02211, 0.04335, 0.08928, 0.15582], ndcg=[0.01245, 0.01903, 0.03017, 0.04296], Train Rec Loss=[0.03029], Eval Rec Loss=[0.03035], c=[1.00000], F=[0.84320, 0.88172, 0.91411, 0.93669], F_fuse=[0.00882, 0.00866, 0.00897, 0.00630]
[ INFO : 2026-06-14 07:44:01,402 ] - Epoch 99: train==[136.48467 = 0.77787 + 1.72589 + 23.63703 + 0.01233 + 0.00000 + 0.00081 + 1225.89705]
[ INFO : 2026-06-14 07:44:12,236 ] - Test_@[5, 10, 20, 50]: Recall=[0.02017, 0.04122, 0.08658, 0.15064],  precision=[0.00426, 0.00434, 0.00456, 0.00319], hit=[0.02129, 0.04335, 0.09025, 0.15732], ndcg=[0.01227, 0.01904, 0.03050, 0.04334], Train Rec Loss=[0.03028], Eval Rec Loss=[0.03036], c=[1.00000], F=[0.84082, 0.88244, 0.91389, 0.93553], F_fuse=[0.00847, 0.00864, 0.00907, 0.00636]
[ INFO : 2026-06-14 07:46:35,038 ] - Epoch 100: train==[136.45591 = 0.77133 + 1.72589 + 23.61475 + 0.01240 + 0.00000 + 0.00080 + 1225.89705]
[ INFO : 2026-06-14 07:46:45,958 ] - Test_@[5, 10, 20, 50]: Recall=[0.02201, 0.04102, 0.08642, 0.15015],  precision=[0.00466, 0.00432, 0.00454, 0.00318], hit=[0.02325, 0.04294, 0.09020, 0.15680], ndcg=[0.01307, 0.01920, 0.03064, 0.04346], Train Rec Loss=[0.03027], Eval Rec Loss=[0.03033], c=[1.00000], F=[0.84184, 0.88062, 0.91332, 0.93522], F_fuse=[0.00927, 0.00860, 0.00904, 0.00634]
[ INFO : 2026-06-14 07:49:12,085 ] - Epoch 101: train==[136.36275 = 0.76470 + 1.72589 + 23.52823 + 0.01238 + 0.00000 + 0.00080 + 1225.89705]
[ INFO : 2026-06-14 07:49:22,875 ] - Test_@[5, 10, 20, 50]: Recall=[0.02142, 0.04180, 0.08560, 0.14861],  precision=[0.00452, 0.00438, 0.00451, 0.00315], hit=[0.02253, 0.04356, 0.08917, 0.15516], ndcg=[0.01261, 0.01916, 0.03017, 0.04282], Train Rec Loss=[0.03029], Eval Rec Loss=[0.03032], c=[1.00000], F=[0.84310, 0.88209, 0.91506, 0.93731], F_fuse=[0.00898, 0.00871, 0.00897, 0.00627]
[ INFO : 2026-06-14 07:51:52,192 ] - Epoch 102: train==[136.26899 = 0.76224 + 1.72589 + 23.43686 + 0.01246 + 0.00000 + 0.00080 + 1225.89705]
[ INFO : 2026-06-14 07:52:02,918 ] - Test_@[5, 10, 20, 50]: Recall=[0.02013, 0.04185, 0.08602, 0.14959],  precision=[0.00435, 0.00444, 0.00453, 0.00317], hit=[0.02160, 0.04407, 0.08989, 0.15618], ndcg=[0.01188, 0.01890, 0.03005, 0.04281], Train Rec Loss=[0.03028], Eval Rec Loss=[0.03033], c=[1.00000], F=[0.84234, 0.88154, 0.91322, 0.93547], F_fuse=[0.00866, 0.00884, 0.00902, 0.00631]
[ INFO : 2026-06-14 07:54:28,818 ] - Epoch 103: train==[136.25037 = 0.76003 + 1.72589 + 23.42038 + 0.01253 + 0.00000 + 0.00080 + 1225.89705]
[ INFO : 2026-06-14 07:54:39,633 ] - Test_@[5, 10, 20, 50]: Recall=[0.02228, 0.04460, 0.08659, 0.14984],  precision=[0.00467, 0.00472, 0.00456, 0.00318], hit=[0.02335, 0.04680, 0.09041, 0.15649], ndcg=[0.01338, 0.02061, 0.03125, 0.04394], Train Rec Loss=[0.03026], Eval Rec Loss=[0.03032], c=[1.00000], F=[0.84311, 0.88358, 0.91339, 0.93622], F_fuse=[0.00929, 0.00938, 0.00907, 0.00633]
[ INFO : 2026-06-14 07:57:01,171 ] - Epoch 104: train==[136.13246 = 0.75553 + 1.72589 + 23.30693 + 0.01258 + 0.00000 + 0.00080 + 1225.89705]
[ INFO : 2026-06-14 07:57:11,967 ] - Test_@[5, 10, 20, 50]: Recall=[0.01982, 0.04049, 0.08649, 0.15023],  precision=[0.00417, 0.00427, 0.00456, 0.00318], hit=[0.02083, 0.04253, 0.09020, 0.15690], ndcg=[0.01173, 0.01835, 0.02996, 0.04275], Train Rec Loss=[0.03026], Eval Rec Loss=[0.03031], c=[1.00000], F=[0.84400, 0.88234, 0.91273, 0.93520], F_fuse=[0.00829, 0.00851, 0.00907, 0.00635]
[ INFO : 2026-06-14 07:59:33,675 ] - Epoch 105: train==[136.03071 = 0.75268 + 1.72589 + 23.20798 + 0.01263 + 0.00000 + 0.00079 + 1225.89705]
[ INFO : 2026-06-14 07:59:44,460 ] - Test_@[5, 10, 20, 50]: Recall=[0.02244, 0.04534, 0.08735, 0.15070],  precision=[0.00470, 0.00478, 0.00460, 0.00319], hit=[0.02350, 0.04762, 0.09123, 0.15726], ndcg=[0.01339, 0.02078, 0.03141, 0.04412], Train Rec Loss=[0.03024], Eval Rec Loss=[0.03032], c=[1.00000], F=[0.84340, 0.88277, 0.91371, 0.93524], F_fuse=[0.00935, 0.00951, 0.00916, 0.00636]
[ INFO : 2026-06-14 08:02:10,424 ] - Epoch 106: train==[136.01737 = 0.74898 + 1.72589 + 23.19826 + 0.01271 + 0.00000 + 0.00079 + 1225.89705]
[ INFO : 2026-06-14 08:02:21,657 ] - Test_@[5, 10, 20, 50]: Recall=[0.02161, 0.04258, 0.08631, 0.14918],  precision=[0.00459, 0.00449, 0.00455, 0.00316], hit=[0.02283, 0.04454, 0.09005, 0.15572], ndcg=[0.01313, 0.01991, 0.03093, 0.04355], Train Rec Loss=[0.03024], Eval Rec Loss=[0.03031], c=[1.00000], F=[0.84281, 0.88367, 0.91536, 0.93743], F_fuse=[0.00912, 0.00893, 0.00905, 0.00630]
[ INFO : 2026-06-14 08:04:43,123 ] - Epoch 107: train==[135.91234 = 0.74517 + 1.72589 + 23.09699 + 0.01276 + 0.00000 + 0.00079 + 1225.89705]
[ INFO : 2026-06-14 08:04:53,883 ] - Test_@[5, 10, 20, 50]: Recall=[0.02116, 0.04264, 0.08690, 0.15017],  precision=[0.00449, 0.00450, 0.00458, 0.00318], hit=[0.02237, 0.04479, 0.09067, 0.15675], ndcg=[0.01191, 0.01882, 0.02998, 0.04268], Train Rec Loss=[0.03024], Eval Rec Loss=[0.03031], c=[1.00000], F=[0.84235, 0.88228, 0.91409, 0.93631], F_fuse=[0.00894, 0.00895, 0.00911, 0.00635]
[ INFO : 2026-06-14 08:07:16,601 ] - Epoch 108: train==[135.88010 = 0.73887 + 1.72590 + 23.07100 + 0.01280 + 0.00000 + 0.00078 + 1225.89705]
[ INFO : 2026-06-14 08:07:27,520 ] - Test_@[5, 10, 20, 50]: Recall=[0.02345, 0.04475, 0.08700, 0.15030],  precision=[0.00494, 0.00470, 0.00459, 0.00319], hit=[0.02463, 0.04675, 0.09077, 0.15690], ndcg=[0.01368, 0.02059, 0.03127, 0.04395], Train Rec Loss=[0.03024], Eval Rec Loss=[0.03029], c=[1.00000], F=[0.84211, 0.88356, 0.91342, 0.93544], F_fuse=[0.00982, 0.00934, 0.00913, 0.00635]
[ INFO : 2026-06-14 08:09:55,344 ] - Epoch 109: train==[135.75641 = 0.73811 + 1.72590 + 22.94797 + 0.01291 + 0.00000 + 0.00078 + 1225.89705]
[ INFO : 2026-06-14 08:10:06,092 ] - Test_@[5, 10, 20, 50]: Recall=[0.02217, 0.04542, 0.08783, 0.14989],  precision=[0.00466, 0.00475, 0.00462, 0.00318], hit=[0.02330, 0.04736, 0.09154, 0.15654], ndcg=[0.01276, 0.02026, 0.03100, 0.04341], Train Rec Loss=[0.03022], Eval Rec Loss=[0.03028], c=[1.00000], F=[0.84226, 0.88361, 0.91512, 0.93712], F_fuse=[0.00927, 0.00945, 0.00920, 0.00633]
[ INFO : 2026-06-14 08:12:31,680 ] - Epoch 110: train==[135.60873 = 0.73401 + 1.72589 + 22.80433 + 0.01298 + 0.00000 + 0.00078 + 1225.89705]
[ INFO : 2026-06-14 08:12:42,532 ] - Test_@[5, 10, 20, 50]: Recall=[0.02209, 0.04338, 0.08822, 0.14947],  precision=[0.00463, 0.00455, 0.00465, 0.00317], hit=[0.02314, 0.04541, 0.09211, 0.15608], ndcg=[0.01302, 0.01987, 0.03121, 0.04350], Train Rec Loss=[0.03021], Eval Rec Loss=[0.03027], c=[1.00000], F=[0.84151, 0.88273, 0.91210, 0.93427], F_fuse=[0.00921, 0.00906, 0.00925, 0.00631]
[ INFO : 2026-06-14 08:15:07,557 ] - Epoch 111: train==[135.57042 = 0.72957 + 1.72589 + 22.77040 + 0.01305 + 0.00000 + 0.00078 + 1225.89705]
[ INFO : 2026-06-14 08:15:18,418 ] - Test_@[5, 10, 20, 50]: Recall=[0.02233, 0.04302, 0.08720, 0.14909],  precision=[0.00467, 0.00452, 0.00460, 0.00316], hit=[0.02330, 0.04505, 0.09103, 0.15562], ndcg=[0.01281, 0.01947, 0.03064, 0.04306], Train Rec Loss=[0.03022], Eval Rec Loss=[0.03027], c=[1.00000], F=[0.84394, 0.88178, 0.91285, 0.93557], F_fuse=[0.00929, 0.00899, 0.00914, 0.00630]
[ INFO : 2026-06-14 08:17:39,763 ] - Epoch 112: train==[135.59065 = 0.72748 + 1.72589 + 22.79268 + 0.01308 + 0.00000 + 0.00078 + 1225.89705]
[ INFO : 2026-06-14 08:17:50,549 ] - Test_@[5, 10, 20, 50]: Recall=[0.02127, 0.04382, 0.08858, 0.14947],  precision=[0.00445, 0.00461, 0.00466, 0.00317], hit=[0.02217, 0.04582, 0.09236, 0.15598], ndcg=[0.01263, 0.01990, 0.03121, 0.04339], Train Rec Loss=[0.03022], Eval Rec Loss=[0.03027], c=[1.00000], F=[0.84184, 0.88214, 0.91255, 0.93524], F_fuse=[0.00886, 0.00917, 0.00928, 0.00631]
[ INFO : 2026-06-14 08:20:16,187 ] - Epoch 113: train==[135.49428 = 0.72584 + 1.72589 + 22.69791 + 0.01312 + 0.00000 + 0.00077 + 1225.89705]
[ INFO : 2026-06-14 08:20:26,965 ] - Test_@[5, 10, 20, 50]: Recall=[0.02304, 0.04627, 0.08846, 0.15033],  precision=[0.00487, 0.00487, 0.00466, 0.00318], hit=[0.02427, 0.04844, 0.09231, 0.15690], ndcg=[0.01360, 0.02110, 0.03180, 0.04417], Train Rec Loss=[0.03021], Eval Rec Loss=[0.03027], c=[1.00000], F=[0.84432, 0.88272, 0.91263, 0.93503], F_fuse=[0.00967, 0.00969, 0.00928, 0.00635]
[ INFO : 2026-06-14 08:22:48,806 ] - Epoch 114: train==[135.44818 = 0.71932 + 1.72590 + 22.65828 + 0.01318 + 0.00000 + 0.00077 + 1225.89705]
[ INFO : 2026-06-14 08:22:59,716 ] - Test_@[5, 10, 20, 50]: Recall=[0.02265, 0.04384, 0.08820, 0.14941],  precision=[0.00474, 0.00459, 0.00464, 0.00316], hit=[0.02361, 0.04577, 0.09195, 0.15598], ndcg=[0.01356, 0.02036, 0.03159, 0.04387], Train Rec Loss=[0.03020], Eval Rec Loss=[0.03026], c=[1.00000], F=[0.84095, 0.88182, 0.91170, 0.93466], F_fuse=[0.00943, 0.00914, 0.00924, 0.00631]
[ INFO : 2026-06-14 08:25:27,685 ] - Epoch 115: train==[135.37878 = 0.71802 + 1.72589 + 22.59012 + 0.01324 + 0.00000 + 0.00077 + 1225.89705]
[ INFO : 2026-06-14 08:25:38,658 ] - Test_@[5, 10, 20, 50]: Recall=[0.02082, 0.04292, 0.08773, 0.14939],  precision=[0.00438, 0.00451, 0.00462, 0.00317], hit=[0.02186, 0.04500, 0.09154, 0.15593], ndcg=[0.01271, 0.01985, 0.03119, 0.04356], Train Rec Loss=[0.03020], Eval Rec Loss=[0.03027], c=[1.00000], F=[0.84263, 0.88293, 0.91289, 0.93516], F_fuse=[0.00872, 0.00897, 0.00920, 0.00631]
[ INFO : 2026-06-14 08:27:59,992 ] - Epoch 116: train==[135.32287 = 0.71438 + 1.72589 + 22.53779 + 0.01330 + 0.00000 + 0.00077 + 1225.89705]
[ INFO : 2026-06-14 08:28:10,661 ] - Test_@[5, 10, 20, 50]: Recall=[0.02140, 0.04304, 0.08818, 0.14882],  precision=[0.00458, 0.00455, 0.00464, 0.00315], hit=[0.02283, 0.04531, 0.09195, 0.15531], ndcg=[0.01276, 0.01975, 0.03108, 0.04325], Train Rec Loss=[0.03018], Eval Rec Loss=[0.03025], c=[1.00000], F=[0.84370, 0.88221, 0.91246, 0.93522], F_fuse=[0.00910, 0.00905, 0.00923, 0.00629]
[ INFO : 2026-06-14 08:30:30,248 ] - Epoch 117: train==[135.22626 = 0.71006 + 1.72589 + 22.44547 + 0.01333 + 0.00000 + 0.00077 + 1225.89705]
[ INFO : 2026-06-14 08:30:40,949 ] - Test_@[5, 10, 20, 50]: Recall=[0.02210, 0.04418, 0.08761, 0.14717],  precision=[0.00474, 0.00467, 0.00462, 0.00312], hit=[0.02355, 0.04649, 0.09149, 0.15372], ndcg=[0.01334, 0.02045, 0.03141, 0.04332], Train Rec Loss=[0.03019], Eval Rec Loss=[0.03026], c=[1.00000], F=[0.83982, 0.88221, 0.91398, 0.93830], F_fuse=[0.00943, 0.00930, 0.00919, 0.00622]
[ INFO : 2026-06-14 08:33:01,036 ] - Epoch 118: train==[135.14269 = 0.71097 + 1.72589 + 22.36095 + 0.01338 + 0.00000 + 0.00077 + 1225.89705]
[ INFO : 2026-06-14 08:33:11,700 ] - Test_@[5, 10, 20, 50]: Recall=[0.02233, 0.04478, 0.08737, 0.14790],  precision=[0.00467, 0.00470, 0.00461, 0.00313], hit=[0.02335, 0.04680, 0.09123, 0.15444], ndcg=[0.01306, 0.02028, 0.03109, 0.04322], Train Rec Loss=[0.03019], Eval Rec Loss=[0.03024], c=[1.00000], F=[0.84265, 0.88271, 0.91353, 0.93677], F_fuse=[0.00929, 0.00934, 0.00916, 0.00625]
[ INFO : 2026-06-14 08:35:32,422 ] - Epoch 119: train==[135.13318 = 0.70218 + 1.72589 + 22.36018 + 0.01343 + 0.00000 + 0.00076 + 1225.89705]
[ INFO : 2026-06-14 08:35:43,098 ] - Test_@[5, 10, 20, 50]: Recall=[0.02042, 0.04301, 0.08752, 0.14757],  precision=[0.00430, 0.00454, 0.00460, 0.00313], hit=[0.02139, 0.04515, 0.09133, 0.15408], ndcg=[0.01185, 0.01916, 0.03035, 0.04240], Train Rec Loss=[0.03018], Eval Rec Loss=[0.03024], c=[1.00000], F=[0.84178, 0.88116, 0.91256, 0.93584], F_fuse=[0.00855, 0.00904, 0.00916, 0.00623]
[ INFO : 2026-06-14 08:38:04,177 ] - Epoch 120: train==[135.22680 = 0.70153 + 1.72590 + 22.45435 + 0.01352 + 0.00000 + 0.00076 + 1225.89705]
[ INFO : 2026-06-14 08:38:14,835 ] - Test_@[5, 10, 20, 50]: Recall=[0.02172, 0.04362, 0.08672, 0.14788],  precision=[0.00465, 0.00461, 0.00457, 0.00313], hit=[0.02319, 0.04598, 0.09051, 0.15444], ndcg=[0.01279, 0.01985, 0.03075, 0.04302], Train Rec Loss=[0.03018], Eval Rec Loss=[0.03024], c=[1.00000], F=[0.84203, 0.88151, 0.91340, 0.93635], F_fuse=[0.00925, 0.00917, 0.00909, 0.00625]
[ INFO : 2026-06-14 08:40:34,033 ] - Epoch 121: train==[134.99039 = 0.70073 + 1.72589 + 22.21869 + 0.01359 + 0.00000 + 0.00076 + 1225.89705]
[ INFO : 2026-06-14 08:40:44,630 ] - Test_@[5, 10, 20, 50]: Recall=[0.02267, 0.04423, 0.08857, 0.14869],  precision=[0.00478, 0.00466, 0.00466, 0.00315], hit=[0.02391, 0.04644, 0.09236, 0.15516], ndcg=[0.01316, 0.02015, 0.03134, 0.04336], Train Rec Loss=[0.03016], Eval Rec Loss=[0.03023], c=[1.00000], F=[0.83987, 0.88099, 0.91184, 0.93560], F_fuse=[0.00951, 0.00928, 0.00927, 0.00628]
[ INFO : 2026-06-14 08:43:05,263 ] - Epoch 122: train==[134.85217 = 0.69402 + 1.72589 + 22.08705 + 0.01372 + 0.00000 + 0.00076 + 1225.89705]
[ INFO : 2026-06-14 08:43:15,914 ] - Test_@[5, 10, 20, 50]: Recall=[0.02482, 0.04783, 0.08732, 0.14882],  precision=[0.00514, 0.00501, 0.00459, 0.00316], hit=[0.02566, 0.04988, 0.09103, 0.15552], ndcg=[0.01457, 0.02200, 0.03195, 0.04428], Train Rec Loss=[0.03017], Eval Rec Loss=[0.03023], c=[1.00000], F=[0.84339, 0.88326, 0.91369, 0.93650], F_fuse=[0.01022, 0.00996, 0.00914, 0.00629]
[ INFO : 2026-06-14 08:45:35,405 ] - Epoch 123: train==[134.92726 = 0.69263 + 1.72589 + 22.16352 + 0.01373 + 0.00000 + 0.00076 + 1225.89705]
[ INFO : 2026-06-14 08:45:45,988 ] - Test_@[5, 10, 20, 50]: Recall=[0.02118, 0.04414, 0.08820, 0.14893],  precision=[0.00452, 0.00468, 0.00464, 0.00316], hit=[0.02247, 0.04654, 0.09190, 0.15546], ndcg=[0.01211, 0.01950, 0.03061, 0.04279], Train Rec Loss=[0.03015], Eval Rec Loss=[0.03022], c=[1.00000], F=[0.84173, 0.88077, 0.91100, 0.93374], F_fuse=[0.00898, 0.00931, 0.00924, 0.00629]
[ INFO : 2026-06-14 08:48:05,819 ] - Epoch 124: train==[134.92373 = 0.69080 + 1.72589 + 22.16177 + 0.01378 + 0.00000 + 0.00075 + 1225.89705]
[ INFO : 2026-06-14 08:48:16,566 ] - Test_@[5, 10, 20, 50]: Recall=[0.02184, 0.04330, 0.08644, 0.14719],  precision=[0.00461, 0.00455, 0.00455, 0.00312], hit=[0.02299, 0.04526, 0.09020, 0.15361], ndcg=[0.01271, 0.01960, 0.03051, 0.04271], Train Rec Loss=[0.03014], Eval Rec Loss=[0.03019], c=[1.00000], F=[0.84234, 0.88192, 0.91326, 0.93728], F_fuse=[0.00917, 0.00906, 0.00906, 0.00622]
[ INFO : 2026-06-14 08:50:42,689 ] - Epoch 125: train==[134.84725 = 0.68539 + 1.72589 + 22.09065 + 0.01383 + 0.00000 + 0.00075 + 1225.89705]
[ INFO : 2026-06-14 08:50:53,399 ] - Test_@[5, 10, 20, 50]: Recall=[0.02079, 0.04280, 0.08730, 0.14822],  precision=[0.00434, 0.00451, 0.00461, 0.00314], hit=[0.02170, 0.04505, 0.09128, 0.15464], ndcg=[0.01230, 0.01942, 0.03066, 0.04287], Train Rec Loss=[0.03016], Eval Rec Loss=[0.03020], c=[1.00000], F=[0.84226, 0.88161, 0.91222, 0.93608], F_fuse=[0.00864, 0.00897, 0.00916, 0.00627]
[ INFO : 2026-06-14 08:53:12,794 ] - Epoch 126: train==[134.81780 = 0.68443 + 1.72590 + 22.06209 + 0.01390 + 0.00000 + 0.00075 + 1225.89705]
[ INFO : 2026-06-14 08:53:23,505 ] - Test_@[5, 10, 20, 50]: Recall=[0.02275, 0.04392, 0.08814, 0.14875],  precision=[0.00476, 0.00464, 0.00465, 0.00316], hit=[0.02371, 0.04613, 0.09211, 0.15526], ndcg=[0.01316, 0.02000, 0.03122, 0.04337], Train Rec Loss=[0.03015], Eval Rec Loss=[0.03021], c=[1.00000], F=[0.84227, 0.88091, 0.91171, 0.93478], F_fuse=[0.00947, 0.00924, 0.00925, 0.00629]
[ INFO : 2026-06-14 08:55:43,365 ] - Epoch 127: train==[134.85277 = 0.68158 + 1.72589 + 22.09987 + 0.01394 + 0.00000 + 0.00075 + 1225.89705]
[ INFO : 2026-06-14 08:55:54,216 ] - Test_@[5, 10, 20, 50]: Recall=[0.01971, 0.04212, 0.08702, 0.14680],  precision=[0.00418, 0.00444, 0.00458, 0.00311], hit=[0.02088, 0.04428, 0.09087, 0.15320], ndcg=[0.01174, 0.01893, 0.03018, 0.04217], Train Rec Loss=[0.03012], Eval Rec Loss=[0.03021], c=[1.00000], F=[0.84088, 0.88050, 0.91208, 0.93566], F_fuse=[0.00831, 0.00883, 0.00911, 0.00620]
[ INFO : 2026-06-14 08:58:13,779 ] - Epoch 128: train==[134.76618 = 0.67657 + 1.72590 + 22.01825 + 0.01398 + 0.00000 + 0.00075 + 1225.89705]
[ INFO : 2026-06-14 08:58:24,425 ] - Test_@[5, 10, 20, 50]: Recall=[0.02116, 0.04243, 0.08611, 0.14742],  precision=[0.00444, 0.00447, 0.00454, 0.00312], hit=[0.02217, 0.04443, 0.09000, 0.15382], ndcg=[0.01264, 0.01952, 0.03052, 0.04282], Train Rec Loss=[0.03013], Eval Rec Loss=[0.03020], c=[1.00000], F=[0.84391, 0.88218, 0.91273, 0.93636], F_fuse=[0.00884, 0.00890, 0.00904, 0.00623]
[ INFO : 2026-06-14 09:00:44,690 ] - Epoch 129: train==[134.53043 = 0.67597 + 1.72589 + 21.78303 + 0.01407 + 0.00000 + 0.00074 + 1225.89705]
[ INFO : 2026-06-14 09:00:55,277 ] - Test_@[5, 10, 20, 50]: Recall=[0.02284, 0.04443, 0.08786, 0.14814],  precision=[0.00481, 0.00467, 0.00463, 0.00314], hit=[0.02402, 0.04654, 0.09175, 0.15454], ndcg=[0.01365, 0.02062, 0.03160, 0.04367], Train Rec Loss=[0.03012], Eval Rec Loss=[0.03018], c=[1.00000], F=[0.84074, 0.88096, 0.91211, 0.93541], F_fuse=[0.00957, 0.00929, 0.00922, 0.00626]
[ INFO : 2026-06-14 09:03:15,393 ] - Epoch 130: train==[134.57206 = 0.67267 + 1.72589 + 21.82790 + 0.01412 + 0.00000 + 0.00074 + 1225.89705]
[ INFO : 2026-06-14 09:03:26,034 ] - Test_@[5, 10, 20, 50]: Recall=[0.02161, 0.04379, 0.08823, 0.14910],  precision=[0.00458, 0.00462, 0.00464, 0.00316], hit=[0.02283, 0.04598, 0.09205, 0.15546], ndcg=[0.01282, 0.02000, 0.03126, 0.04345], Train Rec Loss=[0.03012], Eval Rec Loss=[0.03019], c=[1.00000], F=[0.84393, 0.88131, 0.91104, 0.93404], F_fuse=[0.00910, 0.00919, 0.00924, 0.00630]
[ INFO : 2026-06-14 09:05:45,392 ] - Epoch 131: train==[134.54562 = 0.66790 + 1.72589 + 21.80614 + 0.01421 + 0.00000 + 0.00074 + 1225.89705]
[ INFO : 2026-06-14 09:05:56,006 ] - Test_@[5, 10, 20, 50]: Recall=[0.02211, 0.04372, 0.08711, 0.14770],  precision=[0.00468, 0.00465, 0.00460, 0.00313], hit=[0.02335, 0.04618, 0.09108, 0.15413], ndcg=[0.01327, 0.02022, 0.03115, 0.04327], Train Rec Loss=[0.03012], Eval Rec Loss=[0.03018], c=[1.00000], F=[0.84209, 0.88318, 0.91380, 0.93741], F_fuse=[0.00931, 0.00925, 0.00914, 0.00624]
[ INFO : 2026-06-14 09:08:15,731 ] - Epoch 132: train==[134.63324 = 0.66722 + 1.72589 + 21.89441 + 0.01424 + 0.00000 + 0.00074 + 1225.89705]
[ INFO : 2026-06-14 09:08:26,389 ] - Test_@[5, 10, 20, 50]: Recall=[0.02139, 0.04267, 0.08632, 0.14743],  precision=[0.00449, 0.00449, 0.00455, 0.00312], hit=[0.02237, 0.04459, 0.09020, 0.15387], ndcg=[0.01249, 0.01939, 0.03043, 0.04268], Train Rec Loss=[0.03012], Eval Rec Loss=[0.03018], c=[1.00000], F=[0.84316, 0.88235, 0.91311, 0.93726], F_fuse=[0.00894, 0.00893, 0.00906, 0.00622]
[ INFO : 2026-06-14 09:10:46,465 ] - Epoch 133: train==[134.55700 = 0.66546 + 1.72589 + 21.81987 + 0.01431 + 0.00000 + 0.00074 + 1225.89705]
[ INFO : 2026-06-14 09:10:57,106 ] - Test_@[5, 10, 20, 50]: Recall=[0.02192, 0.04382, 0.08663, 0.14643],  precision=[0.00463, 0.00464, 0.00456, 0.00310], hit=[0.02304, 0.04613, 0.09046, 0.15284], ndcg=[0.01312, 0.02020, 0.03100, 0.04300], Train Rec Loss=[0.03012], Eval Rec Loss=[0.03018], c=[1.00000], F=[0.84191, 0.88186, 0.91249, 0.93663], F_fuse=[0.00921, 0.00923, 0.00908, 0.00619]
[ INFO : 2026-06-14 09:13:16,950 ] - Epoch 134: train==[134.52939 = 0.66128 + 1.72589 + 21.79636 + 0.01438 + 0.00000 + 0.00074 + 1225.89705]
[ INFO : 2026-06-14 09:13:27,614 ] - Test_@[5, 10, 20, 50]: Recall=[0.02282, 0.04494, 0.08694, 0.14698],  precision=[0.00481, 0.00475, 0.00458, 0.00311], hit=[0.02402, 0.04736, 0.09082, 0.15330], ndcg=[0.01328, 0.02046, 0.03105, 0.04309], Train Rec Loss=[0.03010], Eval Rec Loss=[0.03017], c=[1.00000], F=[0.84234, 0.88089, 0.91223, 0.93617], F_fuse=[0.00957, 0.00945, 0.00911, 0.00621]
[ INFO : 2026-06-14 09:15:49,930 ] - Epoch 135: train==[134.42556 = 0.65733 + 1.72589 + 21.69646 + 0.01441 + 0.00000 + 0.00074 + 1225.89705]
[ INFO : 2026-06-14 09:16:00,604 ] - Test_@[5, 10, 20, 50]: Recall=[0.02200, 0.04239, 0.08590, 0.14747],  precision=[0.00465, 0.00449, 0.00453, 0.00312], hit=[0.02325, 0.04469, 0.08989, 0.15392], ndcg=[0.01298, 0.01958, 0.03050, 0.04286], Train Rec Loss=[0.03011], Eval Rec Loss=[0.03017], c=[1.00000], F=[0.84355, 0.88190, 0.91254, 0.93618], F_fuse=[0.00925, 0.00894, 0.00902, 0.00623]
[ INFO : 2026-06-14 09:18:21,388 ] - Epoch 136: train==[134.38960 = 0.65992 + 1.72589 + 21.65783 + 0.01449 + 0.00000 + 0.00073 + 1225.89705]
[ INFO : 2026-06-14 09:18:32,048 ] - Test_@[5, 10, 20, 50]: Recall=[0.02196, 0.04457, 0.08675, 0.14832],  precision=[0.00462, 0.00467, 0.00457, 0.00314], hit=[0.02304, 0.04659, 0.09056, 0.15474], ndcg=[0.01254, 0.01980, 0.03044, 0.04280], Train Rec Loss=[0.03011], Eval Rec Loss=[0.03016], c=[1.00000], F=[0.84187, 0.88062, 0.91043, 0.93434], F_fuse=[0.00919, 0.00929, 0.00909, 0.00627]
