Job 72613 on gpu02; started Thu Jun 18 07:47:13 PM +07 2026
Thu Jun 18 19:47:13 2026       
+-----------------------------------------------------------------------------------------+
| NVIDIA-SMI 555.42.02              Driver Version: 555.42.02      CUDA Version: 12.5     |
|-----------------------------------------+------------------------+----------------------+
| GPU  Name                 Persistence-M | Bus-Id          Disp.A | Volatile Uncorr. ECC |
| Fan  Temp   Perf          Pwr:Usage/Cap |           Memory-Usage | GPU-Util  Compute M. |
|                                         |                        |               MIG M. |
|=========================================+========================+======================|
|   0  NVIDIA A100-PCIE-40GB          Off |   00000000:13:00.0 Off |                    0 |
| N/A   30C    P0             34W /  250W |       4MiB /  40960MiB |      0%      Default |
|                                         |                        |             Disabled |
+-----------------------------------------+------------------------+----------------------+
                                                                                         
+-----------------------------------------------------------------------------------------+
| Processes:                                                                              |
|  GPU   GI   CI        PID   Type   Process name                              GPU Memory |
|        ID   ID                                                               Usage      |
|=========================================================================================|
|  No running processes found                                                             |
+-----------------------------------------------------------------------------------------+
[ INFO : 2026-06-18 19:49:05,246 ] - Preprocess missing values with zero
[ INFO : 2026-06-18 19:49:11,215 ] - Pretrained diffusion model is loaded from: ./checkpoint/tiktok/best_model.pth
[ INFO : 2026-06-18 19:49:12,901 ] - Completed data loaded from: ./checkpoint/tiktok/completed_data.pkl
/media/lhbac29/raid-cf/main.py:105: DeprecationWarning: Please import `csr_matrix` from the `scipy.sparse` namespace; the `scipy.sparse.csr` namespace is deprecated and will be removed in SciPy 2.0.0.
  self.ui_graph = self.ui_graph_raw = pickle.load(open('./data/' + self.dataset + '/train_mat', 'rb'))
[ INFO : 2026-06-18 19:49:13,241 ] - Missing rate = 0.400000, complete strategy: zero
[ INFO : 2026-06-18 19:49:27,310 ] - Resuming training from checkpoint './checkpoint/tiktok/rank/train_state.pth' at epoch 298 (best recall@20 so far = 0.10783)
[ INFO : 2026-06-18 20:22:03,241 ] - Epoch 298: train==[56.18094 = 0.50503 + 0.95914 + 1.88782 + 0.01280 + 0.00000 + 0.00722 + 884.94450]
[ INFO : 2026-06-18 20:22:11,556 ] - Test_@[5, 10, 20, 50]: Recall=[0.03605, 0.05742, 0.10326, 0.16378],  precision=[0.00721, 0.00574, 0.00516, 0.00328], hit=[0.03605, 0.05742, 0.10326, 0.16378], ndcg=[0.02759, 0.03439, 0.04580, 0.05780], Train Rec Loss=[0.03203], Eval Rec Loss=[0.03200], c=[1.00000], F=[0.85006, 0.89488, 0.92269, 0.95042], F_fuse=[0.01430, 0.01141, 0.01027, 0.00653]
[ INFO : 2026-06-18 20:24:21,230 ] - Epoch 299: train==[56.15389 = 0.50754 + 0.95914 + 1.86062 + 0.01281 + 0.00000 + 0.00486 + 884.94450]
[ INFO : 2026-06-18 20:24:27,069 ] - Test_@[5, 10, 20, 50]: Recall=[0.04192, 0.06493, 0.10359, 0.16199],  precision=[0.00838, 0.00649, 0.00518, 0.00324], hit=[0.04192, 0.06493, 0.10359, 0.16199], ndcg=[0.02351, 0.03100, 0.04061, 0.05215], Train Rec Loss=[0.03202], Eval Rec Loss=[0.03200], c=[1.00000], F=[0.83477, 0.88749, 0.92334, 0.95042], F_fuse=[0.01660, 0.01289, 0.01030, 0.00646]
[ INFO : 2026-06-18 20:29:55,116 ] - Epoch 300: train==[56.12269 = 0.50326 + 0.95914 + 1.83363 + 0.01275 + 0.00000 + 0.00498 + 884.94450]
[ INFO : 2026-06-18 20:30:00,986 ] - Test_@[5, 10, 20, 50]: Recall=[0.03018, 0.05057, 0.10082, 0.16117],  precision=[0.00604, 0.00506, 0.00504, 0.00322], hit=[0.03018, 0.05057, 0.10082, 0.16117], ndcg=[0.01911, 0.02566, 0.03827, 0.05021], Train Rec Loss=[0.03202], Eval Rec Loss=[0.03200], c=[1.00000], F=[0.84636, 0.88598, 0.92254, 0.94902], F_fuse=[0.01199, 0.01006, 0.01003, 0.00643]
n_users=9308, n_items=6710
n_interactions=65671
n_train=59541, n_test=6130, sparsity=0.00105
Finished Thu Jun 18 08:38:28 PM +07 2026
