Job 72819 on gpu02; started Sat Jun 20 06:54:02 PM +07 2026
Sat Jun 20 18:54:02 2026       
+-----------------------------------------------------------------------------------------+
| NVIDIA-SMI 555.42.02              Driver Version: 555.42.02      CUDA Version: 12.5     |
|-----------------------------------------+------------------------+----------------------+
| GPU  Name                 Persistence-M | Bus-Id          Disp.A | Volatile Uncorr. ECC |
| Fan  Temp   Perf          Pwr:Usage/Cap |           Memory-Usage | GPU-Util  Compute M. |
|                                         |                        |               MIG M. |
|=========================================+========================+======================|
|   0  NVIDIA A100-PCIE-40GB          Off |   00000000:64:00.0 Off |                    0 |
| N/A   30C    P0             31W /  250W |       4MiB /  40960MiB |      0%      Default |
|                                         |                        |             Disabled |
+-----------------------------------------+------------------------+----------------------+
                                                                                         
+-----------------------------------------------------------------------------------------+
| Processes:                                                                              |
|  GPU   GI   CI        PID   Type   Process name                              GPU Memory |
|        ID   ID                                                               Usage      |
|=========================================================================================|
|  No running processes found                                                             |
+-----------------------------------------------------------------------------------------+
[ INFO : 2026-06-20 18:56:54,126 ] - Preprocess missing values with zero
[ INFO : 2026-06-20 18:57:01,634 ] - Pretrained diffusion model is loaded from: ./checkpoint/baby/best_model.pth
[ INFO : 2026-06-20 18:57:03,681 ] - Completed data loaded from: ./checkpoint/baby/completed_data.pkl
/media/lhbac29/raid-cf/main.py:105: DeprecationWarning: Please import `csr_matrix` from the `scipy.sparse` namespace; the `scipy.sparse.csr` namespace is deprecated and will be removed in SciPy 2.0.0.
  self.ui_graph = self.ui_graph_raw = pickle.load(open('./data/' + self.dataset + '/train_mat', 'rb'))
[ INFO : 2026-06-20 18:57:04,091 ] - Missing rate = 0.400000, complete strategy: zero
[ INFO : 2026-06-20 18:57:18,969 ] - Resuming training from checkpoint './checkpoint/baby/rank/train_state.pth' at epoch 242 (best recall@20 so far = 0.08858)
[ INFO : 2026-06-20 18:59:29,349 ] - Epoch 242: train==[132.50372 = 0.49429 + 1.72583 + 19.93233 + 0.01985 + 0.00000 + 0.00068 + 1225.89705]
[ INFO : 2026-06-20 18:59:39,943 ] - Test_@[5, 10, 20, 50]: Recall=[0.01892, 0.03881, 0.07789, 0.13514],  precision=[0.00405, 0.00410, 0.00411, 0.00286], hit=[0.02016, 0.04078, 0.08146, 0.14112], ndcg=[0.01136, 0.01774, 0.02759, 0.03914], Train Rec Loss=[0.02989], Eval Rec Loss=[0.02995], c=[1.00000], F=[0.83969, 0.88059, 0.91097, 0.93993], F_fuse=[0.00807, 0.00817, 0.00819, 0.00571]
[ INFO : 2026-06-20 19:01:56,792 ] - Epoch 243: train==[132.44200 = 0.47177 + 1.72583 + 19.89295 + 0.02005 + 0.00000 + 0.00066 + 1225.89705]
[ INFO : 2026-06-20 19:02:07,266 ] - Test_@[5, 10, 20, 50]: Recall=[0.02031, 0.03947, 0.07912, 0.13639],  precision=[0.00427, 0.00417, 0.00418, 0.00289], hit=[0.02134, 0.04155, 0.08290, 0.14245], ndcg=[0.01235, 0.01854, 0.02854, 0.04002], Train Rec Loss=[0.02989], Eval Rec Loss=[0.02995], c=[1.00000], F=[0.83921, 0.88029, 0.91081, 0.93939], F_fuse=[0.00849, 0.00830, 0.00832, 0.00576]
[ INFO : 2026-06-20 19:04:23,165 ] - Epoch 244: train==[132.46749 = 0.46523 + 1.72583 + 19.92503 + 0.02000 + 0.00000 + 0.00067 + 1225.89705]
[ INFO : 2026-06-20 19:04:33,511 ] - Test_@[5, 10, 20, 50]: Recall=[0.01937, 0.03948, 0.07747, 0.13573],  precision=[0.00404, 0.00414, 0.00408, 0.00288], hit=[0.02006, 0.04114, 0.08100, 0.14178], ndcg=[0.01127, 0.01779, 0.02734, 0.03907], Train Rec Loss=[0.02989], Eval Rec Loss=[0.02995], c=[1.00000], F=[0.83995, 0.87966, 0.90951, 0.93850], F_fuse=[0.00805, 0.00824, 0.00813, 0.00574]
[ INFO : 2026-06-20 19:06:49,636 ] - Epoch 245: train==[132.43825 = 0.47204 + 1.72583 + 19.88893 + 0.02005 + 0.00000 + 0.00067 + 1225.89705]
[ INFO : 2026-06-20 19:07:00,074 ] - Test_@[5, 10, 20, 50]: Recall=[0.02052, 0.04032, 0.07995, 0.13597],  precision=[0.00434, 0.00426, 0.00422, 0.00288], hit=[0.02155, 0.04232, 0.08372, 0.14204], ndcg=[0.01209, 0.01850, 0.02848, 0.03972], Train Rec Loss=[0.02989], Eval Rec Loss=[0.02995], c=[1.00000], F=[0.84149, 0.88099, 0.91119, 0.93919], F_fuse=[0.00864, 0.00848, 0.00840, 0.00575]
[ INFO : 2026-06-20 19:09:16,263 ] - Epoch 246: train==[132.43219 = 0.47029 + 1.72583 + 19.88453 + 0.02013 + 0.00000 + 0.00067 + 1225.89705]
[ INFO : 2026-06-20 19:09:26,766 ] - Test_@[5, 10, 20, 50]: Recall=[0.01953, 0.03975, 0.07924, 0.13723],  precision=[0.00410, 0.00420, 0.00418, 0.00291], hit=[0.02052, 0.04186, 0.08290, 0.14328], ndcg=[0.01121, 0.01776, 0.02774, 0.03940], Train Rec Loss=[0.02988], Eval Rec Loss=[0.02995], c=[1.00000], F=[0.84086, 0.88024, 0.90997, 0.93916], F_fuse=[0.00817, 0.00835, 0.00831, 0.00580]
[ INFO : 2026-06-20 19:11:41,941 ] - Epoch 247: train==[132.42754 = 0.46730 + 1.72582 + 19.88290 + 0.02010 + 0.00000 + 0.00068 + 1225.89705]
[ INFO : 2026-06-20 19:11:52,039 ] - Test_@[5, 10, 20, 50]: Recall=[0.02055, 0.03928, 0.07960, 0.13763],  precision=[0.00431, 0.00410, 0.00420, 0.00292], hit=[0.02145, 0.04088, 0.08321, 0.14374], ndcg=[0.01240, 0.01842, 0.02860, 0.04026], Train Rec Loss=[0.02989], Eval Rec Loss=[0.02994], c=[1.00000], F=[0.83822, 0.87964, 0.90880, 0.93710], F_fuse=[0.00858, 0.00817, 0.00835, 0.00582]
[ INFO : 2026-06-20 19:14:07,366 ] - Epoch 248: train==[132.51790 = 0.46464 + 1.72582 + 19.97586 + 0.02016 + 0.00000 + 0.00067 + 1225.89705]
[ INFO : 2026-06-20 19:14:17,794 ] - Test_@[5, 10, 20, 50]: Recall=[0.01938, 0.03950, 0.07922, 0.13565],  precision=[0.00408, 0.00417, 0.00418, 0.00288], hit=[0.02042, 0.04166, 0.08295, 0.14168], ndcg=[0.01151, 0.01797, 0.02798, 0.03932], Train Rec Loss=[0.02989], Eval Rec Loss=[0.02995], c=[1.00000], F=[0.84028, 0.87954, 0.91009, 0.93896], F_fuse=[0.00813, 0.00830, 0.00831, 0.00574]
[ INFO : 2026-06-20 19:16:34,674 ] - Epoch 249: train==[132.37222 = 0.47017 + 1.72582 + 19.82458 + 0.02023 + 0.00000 + 0.00067 + 1225.89705]
[ INFO : 2026-06-20 19:16:45,210 ] - Test_@[5, 10, 20, 50]: Recall=[0.01877, 0.03827, 0.08017, 0.13603],  precision=[0.00396, 0.00403, 0.00423, 0.00289], hit=[0.01970, 0.04022, 0.08388, 0.14220], ndcg=[0.01126, 0.01755, 0.02813, 0.03934], Train Rec Loss=[0.02988], Eval Rec Loss=[0.02994], c=[1.00000], F=[0.83952, 0.88031, 0.91059, 0.93901], F_fuse=[0.00788, 0.00803, 0.00842, 0.00575]
[ INFO : 2026-06-20 19:19:02,087 ] - Epoch 250: train==[132.41052 = 0.46509 + 1.72582 + 19.86796 + 0.02024 + 0.00000 + 0.00069 + 1225.89705]
[ INFO : 2026-06-20 19:19:12,566 ] - Test_@[5, 10, 20, 50]: Recall=[0.02008, 0.03849, 0.07859, 0.13598],  precision=[0.00424, 0.00406, 0.00414, 0.00288], hit=[0.02114, 0.04042, 0.08208, 0.14209], ndcg=[0.01196, 0.01790, 0.02802, 0.03957], Train Rec Loss=[0.02988], Eval Rec Loss=[0.02995], c=[1.00000], F=[0.84185, 0.88008, 0.91050, 0.93888], F_fuse=[0.00843, 0.00808, 0.00825, 0.00575]
[ INFO : 2026-06-20 19:21:29,069 ] - Epoch 251: train==[132.44438 = 0.46281 + 1.72581 + 19.90406 + 0.02027 + 0.00000 + 0.00069 + 1225.89705]
[ INFO : 2026-06-20 19:21:39,537 ] - Test_@[5, 10, 20, 50]: Recall=[0.01859, 0.03773, 0.07826, 0.13597],  precision=[0.00389, 0.00395, 0.00413, 0.00288], hit=[0.01944, 0.03929, 0.08192, 0.14209], ndcg=[0.01113, 0.01727, 0.02751, 0.03913], Train Rec Loss=[0.02989], Eval Rec Loss=[0.02995], c=[1.00000], F=[0.84016, 0.87969, 0.91030, 0.93908], F_fuse=[0.00774, 0.00786, 0.00822, 0.00575]
[ INFO : 2026-06-20 19:23:55,694 ] - Epoch 252: train==[132.42828 = 0.46176 + 1.72581 + 19.88895 + 0.02036 + 0.00000 + 0.00067 + 1225.89705]
[ INFO : 2026-06-20 19:24:06,063 ] - Test_@[5, 10, 20, 50]: Recall=[0.02049, 0.04069, 0.07878, 0.13614],  precision=[0.00434, 0.00428, 0.00416, 0.00289], hit=[0.02170, 0.04258, 0.08233, 0.14220], ndcg=[0.01217, 0.01867, 0.02829, 0.03983], Train Rec Loss=[0.02988], Eval Rec Loss=[0.02995], c=[1.00000], F=[0.84040, 0.88055, 0.91058, 0.93951], F_fuse=[0.00864, 0.00853, 0.00827, 0.00575]
[ INFO : 2026-06-20 19:26:23,027 ] - Epoch 253: train==[132.38393 = 0.47072 + 1.72581 + 19.83558 + 0.02042 + 0.00000 + 0.00067 + 1225.89705]
[ INFO : 2026-06-20 19:26:33,509 ] - Test_@[5, 10, 20, 50]: Recall=[0.01848, 0.03973, 0.07797, 0.13596],  precision=[0.00393, 0.00420, 0.00412, 0.00288], hit=[0.01965, 0.04171, 0.08156, 0.14189], ndcg=[0.01119, 0.01799, 0.02768, 0.03935], Train Rec Loss=[0.02989], Eval Rec Loss=[0.02995], c=[1.00000], F=[0.83889, 0.87936, 0.90961, 0.93918], F_fuse=[0.00782, 0.00835, 0.00820, 0.00575]
[ INFO : 2026-06-20 19:28:50,148 ] - Epoch 254: train==[132.30759 = 0.46900 + 1.72580 + 19.76089 + 0.02049 + 0.00000 + 0.00067 + 1225.89705]
[ INFO : 2026-06-20 19:29:00,585 ] - Test_@[5, 10, 20, 50]: Recall=[0.01916, 0.04042, 0.07787, 0.13447],  precision=[0.00404, 0.00426, 0.00411, 0.00285], hit=[0.02021, 0.04248, 0.08151, 0.14045], ndcg=[0.01160, 0.01845, 0.02792, 0.03927], Train Rec Loss=[0.02989], Eval Rec Loss=[0.02994], c=[1.00000], F=[0.83952, 0.88053, 0.91054, 0.94044], F_fuse=[0.00805, 0.00849, 0.00819, 0.00569]
[ INFO : 2026-06-20 19:31:17,903 ] - Epoch 255: train==[132.46724 = 0.45820 + 1.72580 + 19.93130 + 0.02053 + 0.00000 + 0.00067 + 1225.89705]
[ INFO : 2026-06-20 19:31:28,367 ] - Test_@[5, 10, 20, 50]: Recall=[0.02049, 0.03995, 0.07827, 0.13509],  precision=[0.00433, 0.00420, 0.00413, 0.00287], hit=[0.02165, 0.04186, 0.08177, 0.14122], ndcg=[0.01259, 0.01883, 0.02852, 0.03994], Train Rec Loss=[0.02988], Eval Rec Loss=[0.02994], c=[1.00000], F=[0.84223, 0.88111, 0.91009, 0.93833], F_fuse=[0.00862, 0.00836, 0.00822, 0.00572]
[ INFO : 2026-06-20 19:33:45,327 ] - Epoch 256: train==[132.38331 = 0.46308 + 1.72580 + 19.84256 + 0.02044 + 0.00000 + 0.00070 + 1225.89705]
[ INFO : 2026-06-20 19:33:55,798 ] - Test_@[5, 10, 20, 50]: Recall=[0.02102, 0.04051, 0.07906, 0.13602],  precision=[0.00444, 0.00428, 0.00416, 0.00289], hit=[0.02222, 0.04258, 0.08254, 0.14199], ndcg=[0.01227, 0.01855, 0.02828, 0.03973], Train Rec Loss=[0.02989], Eval Rec Loss=[0.02995], c=[1.00000], F=[0.83946, 0.87927, 0.90982, 0.93837], F_fuse=[0.00884, 0.00852, 0.00828, 0.00575]
[ INFO : 2026-06-20 19:36:12,843 ] - Epoch 257: train==[132.37063 = 0.45723 + 1.72579 + 19.83571 + 0.02050 + 0.00000 + 0.00068 + 1225.89705]
[ INFO : 2026-06-20 19:36:23,307 ] - Test_@[5, 10, 20, 50]: Recall=[0.02043, 0.03977, 0.07941, 0.13427],  precision=[0.00432, 0.00419, 0.00418, 0.00285], hit=[0.02155, 0.04176, 0.08311, 0.14034], ndcg=[0.01235, 0.01858, 0.02856, 0.03957], Train Rec Loss=[0.02989], Eval Rec Loss=[0.02995], c=[1.00000], F=[0.84244, 0.88107, 0.90994, 0.93930], F_fuse=[0.00860, 0.00834, 0.00832, 0.00568]
[ INFO : 2026-06-20 19:38:39,356 ] - Epoch 258: train==[132.32055 = 0.45699 + 1.72579 + 19.78577 + 0.02058 + 0.00000 + 0.00067 + 1225.89705]
[ INFO : 2026-06-20 19:38:49,681 ] - Test_@[5, 10, 20, 50]: Recall=[0.02100, 0.04137, 0.07713, 0.13646],  precision=[0.00446, 0.00435, 0.00407, 0.00290], hit=[0.02227, 0.04335, 0.08069, 0.14261], ndcg=[0.01249, 0.01902, 0.02808, 0.04002], Train Rec Loss=[0.02988], Eval Rec Loss=[0.02995], c=[1.00000], F=[0.84037, 0.87897, 0.90994, 0.93871], F_fuse=[0.00888, 0.00866, 0.00810, 0.00577]
[ INFO : 2026-06-20 19:41:06,195 ] - Epoch 259: train==[132.19864 = 0.45498 + 1.72579 + 19.66578 + 0.02067 + 0.00000 + 0.00069 + 1225.89705]
[ INFO : 2026-06-20 19:41:16,646 ] - Test_@[5, 10, 20, 50]: Recall=[0.01993, 0.03999, 0.07754, 0.13251],  precision=[0.00418, 0.00421, 0.00409, 0.00281], hit=[0.02088, 0.04202, 0.08110, 0.13860], ndcg=[0.01199, 0.01846, 0.02795, 0.03901], Train Rec Loss=[0.02989], Eval Rec Loss=[0.02994], c=[1.00000], F=[0.84086, 0.88008, 0.91148, 0.94099], F_fuse=[0.00831, 0.00837, 0.00815, 0.00561]
[ INFO : 2026-06-20 19:43:33,024 ] - Epoch 260: train==[132.39473 = 0.45473 + 1.72579 + 19.86217 + 0.02064 + 0.00000 + 0.00068 + 1225.89705]
[ INFO : 2026-06-20 19:43:43,448 ] - Test_@[5, 10, 20, 50]: Recall=[0.01996, 0.03965, 0.07769, 0.13423],  precision=[0.00428, 0.00421, 0.00411, 0.00285], hit=[0.02119, 0.04181, 0.08136, 0.14024], ndcg=[0.01197, 0.01831, 0.02792, 0.03930], Train Rec Loss=[0.02988], Eval Rec Loss=[0.02995], c=[1.00000], F=[0.83731, 0.87987, 0.91097, 0.93998], F_fuse=[0.00851, 0.00837, 0.00818, 0.00567]
[ INFO : 2026-06-20 19:46:00,252 ] - Epoch 261: train==[132.33529 = 0.45173 + 1.72578 + 19.80567 + 0.02069 + 0.00000 + 0.00068 + 1225.89705]
[ INFO : 2026-06-20 19:46:10,648 ] - Test_@[5, 10, 20, 50]: Recall=[0.02063, 0.04003, 0.07934, 0.13596],  precision=[0.00437, 0.00422, 0.00418, 0.00288], hit=[0.02181, 0.04191, 0.08290, 0.14209], ndcg=[0.01214, 0.01837, 0.02831, 0.03963], Train Rec Loss=[0.02988], Eval Rec Loss=[0.02996], c=[1.00000], F=[0.84010, 0.87931, 0.90888, 0.93722], F_fuse=[0.00870, 0.00839, 0.00833, 0.00575]
[ INFO : 2026-06-20 19:48:26,825 ] - Epoch 262: train==[132.43545 = 0.45157 + 1.72578 + 19.90589 + 0.02079 + 0.00000 + 0.00068 + 1225.89705]
[ INFO : 2026-06-20 19:48:37,159 ] - Test_@[5, 10, 20, 50]: Recall=[0.01949, 0.04023, 0.07795, 0.13312],  precision=[0.00410, 0.00424, 0.00411, 0.00282], hit=[0.02052, 0.04232, 0.08136, 0.13906], ndcg=[0.01171, 0.01841, 0.02791, 0.03900], Train Rec Loss=[0.02989], Eval Rec Loss=[0.02995], c=[1.00000], F=[0.83996, 0.88037, 0.91145, 0.94151], F_fuse=[0.00817, 0.00844, 0.00818, 0.00563]
[ INFO : 2026-06-20 19:50:53,912 ] - Epoch 263: train==[132.32550 = 0.45682 + 1.72577 + 19.79069 + 0.02079 + 0.00000 + 0.00069 + 1225.89705]
[ INFO : 2026-06-20 19:51:04,329 ] - Test_@[5, 10, 20, 50]: Recall=[0.02016, 0.03950, 0.07898, 0.13537],  precision=[0.00418, 0.00412, 0.00416, 0.00287], hit=[0.02083, 0.04114, 0.08254, 0.14137], ndcg=[0.01205, 0.01827, 0.02822, 0.03955], Train Rec Loss=[0.02989], Eval Rec Loss=[0.02994], c=[1.00000], F=[0.83978, 0.87829, 0.90857, 0.93749], F_fuse=[0.00831, 0.00821, 0.00828, 0.00572]
[ INFO : 2026-06-20 19:53:22,048 ] - Epoch 264: train==[132.37320 = 0.45144 + 1.72577 + 19.84373 + 0.02085 + 0.00000 + 0.00068 + 1225.89705]
[ INFO : 2026-06-20 19:53:32,644 ] - Test_@[5, 10, 20, 50]: Recall=[0.01940, 0.04059, 0.07941, 0.13607],  precision=[0.00417, 0.00431, 0.00419, 0.00289], hit=[0.02083, 0.04289, 0.08311, 0.14230], ndcg=[0.01179, 0.01859, 0.02841, 0.03978], Train Rec Loss=[0.02989], Eval Rec Loss=[0.02995], c=[1.00000], F=[0.84079, 0.88019, 0.90992, 0.93887], F_fuse=[0.00829, 0.00858, 0.00835, 0.00576]
[ INFO : 2026-06-20 19:55:48,907 ] - Epoch 265: train==[132.38702 = 0.44950 + 1.72576 + 19.85945 + 0.02091 + 0.00000 + 0.00066 + 1225.89705]
[ INFO : 2026-06-20 19:55:59,343 ] - Test_@[5, 10, 20, 50]: Recall=[0.02006, 0.03814, 0.07864, 0.13479],  precision=[0.00420, 0.00403, 0.00415, 0.00286], hit=[0.02098, 0.04016, 0.08223, 0.14091], ndcg=[0.01167, 0.01751, 0.02775, 0.03903], Train Rec Loss=[0.02988], Eval Rec Loss=[0.02995], c=[1.00000], F=[0.83970, 0.88025, 0.90935, 0.93915], F_fuse=[0.00835, 0.00802, 0.00825, 0.00570]
[ INFO : 2026-06-20 19:58:15,465 ] - Epoch 266: train==[132.36160 = 0.44968 + 1.72576 + 19.83389 + 0.02087 + 0.00000 + 0.00067 + 1225.89705]
[ INFO : 2026-06-20 19:58:25,882 ] - Test_@[5, 10, 20, 50]: Recall=[0.01930, 0.03862, 0.07808, 0.13458],  precision=[0.00412, 0.00408, 0.00411, 0.00286], hit=[0.02047, 0.04047, 0.08146, 0.14076], ndcg=[0.01149, 0.01771, 0.02768, 0.03907], Train Rec Loss=[0.02989], Eval Rec Loss=[0.02995], c=[1.00000], F=[0.83861, 0.87954, 0.91052, 0.94000], F_fuse=[0.00821, 0.00813, 0.00818, 0.00570]
[ INFO : 2026-06-20 20:00:43,066 ] - Epoch 267: train==[132.36959 = 0.44737 + 1.72575 + 19.84414 + 0.02091 + 0.00000 + 0.00067 + 1225.89705]
[ INFO : 2026-06-20 20:00:53,514 ] - Test_@[5, 10, 20, 50]: Recall=[0.01967, 0.03776, 0.07818, 0.13423],  precision=[0.00417, 0.00400, 0.00412, 0.00285], hit=[0.02078, 0.03986, 0.08172, 0.14029], ndcg=[0.01170, 0.01751, 0.02768, 0.03898], Train Rec Loss=[0.02989], Eval Rec Loss=[0.02995], c=[1.00000], F=[0.84158, 0.87996, 0.90921, 0.93911], F_fuse=[0.00829, 0.00796, 0.00820, 0.00568]
[ INFO : 2026-06-20 20:03:10,399 ] - Epoch 268: train==[132.33789 = 0.44607 + 1.72575 + 19.81379 + 0.02083 + 0.00000 + 0.00071 + 1225.89705]
[ INFO : 2026-06-20 20:03:20,806 ] - Test_@[5, 10, 20, 50]: Recall=[0.02007, 0.03925, 0.07734, 0.13390],  precision=[0.00424, 0.00413, 0.00407, 0.00284], hit=[0.02114, 0.04130, 0.08069, 0.13998], ndcg=[0.01196, 0.01816, 0.02775, 0.03913], Train Rec Loss=[0.02988], Eval Rec Loss=[0.02995], c=[1.00000], F=[0.84077, 0.88008, 0.90972, 0.93917], F_fuse=[0.00843, 0.00823, 0.00810, 0.00566]
[ INFO : 2026-06-20 20:05:37,279 ] - Epoch 269: train==[132.32038 = 0.44788 + 1.72574 + 19.79425 + 0.02110 + 0.00000 + 0.00067 + 1225.89705]
[ INFO : 2026-06-20 20:05:47,664 ] - Test_@[5, 10, 20, 50]: Recall=[0.01885, 0.03863, 0.07812, 0.13346],  precision=[0.00397, 0.00405, 0.00412, 0.00284], hit=[0.01975, 0.04042, 0.08161, 0.13978], ndcg=[0.01105, 0.01742, 0.02738, 0.03850], Train Rec Loss=[0.02989], Eval Rec Loss=[0.02995], c=[1.00000], F=[0.84092, 0.87933, 0.90969, 0.93912], F_fuse=[0.00790, 0.00807, 0.00821, 0.00566]
[ INFO : 2026-06-20 20:08:04,945 ] - Epoch 270: train==[132.24068 = 0.44795 + 1.72573 + 19.71446 + 0.02113 + 0.00000 + 0.00067 + 1225.89705]
[ INFO : 2026-06-20 20:08:15,501 ] - Test_@[5, 10, 20, 50]: Recall=[0.02027, 0.03992, 0.07832, 0.13459],  precision=[0.00421, 0.00418, 0.00413, 0.00286], hit=[0.02103, 0.04160, 0.08177, 0.14065], ndcg=[0.01230, 0.01865, 0.02834, 0.03964], Train Rec Loss=[0.02989], Eval Rec Loss=[0.02995], c=[1.00000], F=[0.83944, 0.87875, 0.90869, 0.93777], F_fuse=[0.00837, 0.00832, 0.00822, 0.00569]
[ INFO : 2026-06-20 20:10:32,747 ] - Epoch 271: train==[132.26696 = 0.44561 + 1.72573 + 19.74318 + 0.02101 + 0.00000 + 0.00069 + 1225.89705]
[ INFO : 2026-06-20 20:10:43,302 ] - Test_@[5, 10, 20, 50]: Recall=[0.01840, 0.03759, 0.07719, 0.13106],  precision=[0.00389, 0.00398, 0.00406, 0.00278], hit=[0.01944, 0.03975, 0.08064, 0.13690], ndcg=[0.01077, 0.01695, 0.02695, 0.03776], Train Rec Loss=[0.02989], Eval Rec Loss=[0.02995], c=[1.00000], F=[0.83884, 0.88057, 0.91075, 0.94133], F_fuse=[0.00774, 0.00793, 0.00809, 0.00555]
[ INFO : 2026-06-20 20:13:00,744 ] - Epoch 272: train==[132.24493 = 0.44639 + 1.72572 + 19.72034 + 0.02104 + 0.00000 + 0.00071 + 1225.89705]
[ INFO : 2026-06-20 20:13:11,129 ] - Test_@[5, 10, 20, 50]: Recall=[0.01973, 0.04074, 0.07874, 0.13375],  precision=[0.00420, 0.00430, 0.00414, 0.00284], hit=[0.02098, 0.04289, 0.08213, 0.13988], ndcg=[0.01160, 0.01834, 0.02793, 0.03900], Train Rec Loss=[0.02990], Eval Rec Loss=[0.02995], c=[1.00000], F=[0.84167, 0.88153, 0.91084, 0.94012], F_fuse=[0.00835, 0.00857, 0.00825, 0.00566]
[ INFO : 2026-06-20 20:15:27,976 ] - Epoch 273: train==[132.25621 = 0.44372 + 1.72571 + 19.73412 + 0.02125 + 0.00000 + 0.00067 + 1225.89705]
[ INFO : 2026-06-20 20:15:38,348 ] - Test_@[5, 10, 20, 50]: Recall=[0.01935, 0.03901, 0.07806, 0.13292],  precision=[0.00405, 0.00413, 0.00411, 0.00282], hit=[0.02026, 0.04114, 0.08151, 0.13906], ndcg=[0.01155, 0.01791, 0.02774, 0.03879], Train Rec Loss=[0.02989], Eval Rec Loss=[0.02995], c=[1.00000], F=[0.83947, 0.87981, 0.90952, 0.93928], F_fuse=[0.00807, 0.00822, 0.00818, 0.00563]
[ INFO : 2026-06-20 20:17:55,617 ] - Epoch 274: train==[132.32198 = 0.44406 + 1.72571 + 19.79965 + 0.02113 + 0.00000 + 0.00069 + 1225.89705]
[ INFO : 2026-06-20 20:18:05,880 ] - Test_@[5, 10, 20, 50]: Recall=[0.02118, 0.04046, 0.07928, 0.13405],  precision=[0.00443, 0.00425, 0.00417, 0.00284], hit=[0.02217, 0.04217, 0.08264, 0.14014], ndcg=[0.01253, 0.01874, 0.02853, 0.03954], Train Rec Loss=[0.02990], Eval Rec Loss=[0.02995], c=[1.00000], F=[0.83839, 0.87872, 0.90886, 0.93835], F_fuse=[0.00882, 0.00845, 0.00830, 0.00567]
[ INFO : 2026-06-20 20:20:23,879 ] - Epoch 275: train==[132.26401 = 0.44135 + 1.72570 + 19.74423 + 0.02132 + 0.00000 + 0.00068 + 1225.89705]
[ INFO : 2026-06-20 20:20:34,382 ] - Test_@[5, 10, 20, 50]: Recall=[0.02094, 0.04163, 0.07895, 0.13385],  precision=[0.00444, 0.00439, 0.00416, 0.00284], hit=[0.02217, 0.04361, 0.08249, 0.13978], ndcg=[0.01276, 0.01938, 0.02883, 0.03985], Train Rec Loss=[0.02990], Eval Rec Loss=[0.02995], c=[1.00000], F=[0.83938, 0.87935, 0.90899, 0.93847], F_fuse=[0.00884, 0.00873, 0.00829, 0.00566]
[ INFO : 2026-06-20 20:22:52,117 ] - Epoch 276: train==[132.22079 = 0.43748 + 1.72569 + 19.70489 + 0.02130 + 0.00000 + 0.00069 + 1225.89705]
[ INFO : 2026-06-20 20:23:02,607 ] - Test_@[5, 10, 20, 50]: Recall=[0.02042, 0.04086, 0.07834, 0.13392],  precision=[0.00428, 0.00427, 0.00413, 0.00284], hit=[0.02139, 0.04253, 0.08192, 0.13993], ndcg=[0.01236, 0.01893, 0.02841, 0.03958], Train Rec Loss=[0.02990], Eval Rec Loss=[0.02996], c=[1.00000], F=[0.83992, 0.87888, 0.90897, 0.93876], F_fuse=[0.00851, 0.00850, 0.00823, 0.00567]
[ INFO : 2026-06-20 20:25:19,658 ] - Epoch 277: train==[132.26437 = 0.43980 + 1.72568 + 19.74619 + 0.02129 + 0.00000 + 0.00067 + 1225.89705]
[ INFO : 2026-06-20 20:25:30,120 ] - Test_@[5, 10, 20, 50]: Recall=[0.02006, 0.03919, 0.07743, 0.13333],  precision=[0.00419, 0.00408, 0.00408, 0.00283], hit=[0.02093, 0.04083, 0.08100, 0.13921], ndcg=[0.01177, 0.01788, 0.02753, 0.03878], Train Rec Loss=[0.02990], Eval Rec Loss=[0.02997], c=[1.00000], F=[0.84142, 0.88009, 0.90936, 0.93943], F_fuse=[0.00833, 0.00813, 0.00813, 0.00564]
[ INFO : 2026-06-20 20:27:46,914 ] - Epoch 278: train==[132.20852 = 0.43933 + 1.72568 + 19.69073 + 0.02136 + 0.00000 + 0.00069 + 1225.89705]
[ INFO : 2026-06-20 20:27:57,237 ] - Test_@[5, 10, 20, 50]: Recall=[0.01918, 0.03899, 0.07741, 0.13213],  precision=[0.00407, 0.00412, 0.00407, 0.00281], hit=[0.02037, 0.04104, 0.08074, 0.13834], ndcg=[0.01134, 0.01771, 0.02737, 0.03841], Train Rec Loss=[0.02990], Eval Rec Loss=[0.02996], c=[1.00000], F=[0.84109, 0.87951, 0.91076, 0.94090], F_fuse=[0.00811, 0.00820, 0.00809, 0.00560]
[ INFO : 2026-06-20 20:30:14,321 ] - Epoch 279: train==[132.18519 = 0.43810 + 1.72566 + 19.66862 + 0.02138 + 0.00000 + 0.00069 + 1225.89705]
[ INFO : 2026-06-20 20:30:24,633 ] - Test_@[5, 10, 20, 50]: Recall=[0.01963, 0.03885, 0.07704, 0.13206],  precision=[0.00418, 0.00411, 0.00406, 0.00280], hit=[0.02088, 0.04094, 0.08053, 0.13808], ndcg=[0.01152, 0.01769, 0.02727, 0.03836], Train Rec Loss=[0.02991], Eval Rec Loss=[0.02996], c=[1.00000], F=[0.84142, 0.87985, 0.90946, 0.93987], F_fuse=[0.00831, 0.00818, 0.00809, 0.00559]
[ INFO : 2026-06-20 20:32:42,003 ] - Epoch 280: train==[132.19944 = 0.43811 + 1.72565 + 19.68278 + 0.02148 + 0.00000 + 0.00068 + 1225.89705]
[ INFO : 2026-06-20 20:32:52,499 ] - Test_@[5, 10, 20, 50]: Recall=[0.02031, 0.03966, 0.07873, 0.13335],  precision=[0.00428, 0.00419, 0.00414, 0.00283], hit=[0.02134, 0.04171, 0.08208, 0.13952], ndcg=[0.01201, 0.01823, 0.02809, 0.03906], Train Rec Loss=[0.02990], Eval Rec Loss=[0.02997], c=[1.00000], F=[0.84013, 0.87980, 0.91056, 0.94050], F_fuse=[0.00851, 0.00833, 0.00824, 0.00565]
[ INFO : 2026-06-20 20:35:10,162 ] - Epoch 281: train==[132.34958 = 0.43631 + 1.72564 + 19.83464 + 0.02160 + 0.00000 + 0.00066 + 1225.89705]
[ INFO : 2026-06-20 20:35:20,618 ] - Test_@[5, 10, 20, 50]: Recall=[0.02011, 0.03804, 0.07871, 0.13312],  precision=[0.00422, 0.00401, 0.00415, 0.00282], hit=[0.02109, 0.04001, 0.08228, 0.13916], ndcg=[0.01192, 0.01775, 0.02803, 0.03896], Train Rec Loss=[0.02990], Eval Rec Loss=[0.02996], c=[1.00000], F=[0.83889, 0.87985, 0.90996, 0.93955], F_fuse=[0.00839, 0.00799, 0.00826, 0.00563]
[ INFO : 2026-06-20 20:37:38,809 ] - Epoch 282: train==[132.25908 = 0.43916 + 1.72563 + 19.74126 + 0.02165 + 0.00000 + 0.00065 + 1225.89705]
[ INFO : 2026-06-20 20:37:49,364 ] - Test_@[5, 10, 20, 50]: Recall=[0.02016, 0.03990, 0.07945, 0.13371],  precision=[0.00426, 0.00421, 0.00418, 0.00284], hit=[0.02129, 0.04191, 0.08290, 0.13978], ndcg=[0.01200, 0.01833, 0.02827, 0.03916], Train Rec Loss=[0.02991], Eval Rec Loss=[0.02996], c=[1.00000], F=[0.84073, 0.87940, 0.90842, 0.93640], F_fuse=[0.00847, 0.00837, 0.00832, 0.00566]
[ INFO : 2026-06-20 20:40:06,535 ] - Epoch 283: train==[132.13750 = 0.43566 + 1.72562 + 19.62327 + 0.02153 + 0.00000 + 0.00068 + 1225.89705]
[ INFO : 2026-06-20 20:40:16,941 ] - Test_@[5, 10, 20, 50]: Recall=[0.01865, 0.03862, 0.07728, 0.13287],  precision=[0.00392, 0.00405, 0.00408, 0.00282], hit=[0.01954, 0.04037, 0.08064, 0.13906], ndcg=[0.01074, 0.01717, 0.02694, 0.03816], Train Rec Loss=[0.02991], Eval Rec Loss=[0.02997], c=[1.00000], F=[0.84148, 0.88030, 0.91051, 0.93960], F_fuse=[0.00780, 0.00807, 0.00811, 0.00563]
[ INFO : 2026-06-20 20:42:34,017 ] - Epoch 284: train==[132.25939 = 0.43850 + 1.72560 + 19.74220 + 0.02168 + 0.00000 + 0.00067 + 1225.89705]
[ INFO : 2026-06-20 20:42:44,482 ] - Test_@[5, 10, 20, 50]: Recall=[0.02081, 0.03945, 0.07788, 0.13295],  precision=[0.00441, 0.00417, 0.00410, 0.00282], hit=[0.02201, 0.04145, 0.08120, 0.13916], ndcg=[0.01261, 0.01862, 0.02830, 0.03938], Train Rec Loss=[0.02992], Eval Rec Loss=[0.02997], c=[1.00000], F=[0.84061, 0.88147, 0.91027, 0.94008], F_fuse=[0.00878, 0.00830, 0.00816, 0.00563]
[ INFO : 2026-06-20 20:45:01,836 ] - Epoch 285: train==[132.21956 = 0.43020 + 1.72559 + 19.71075 + 0.02158 + 0.00000 + 0.00071 + 1225.89705]
[ INFO : 2026-06-20 20:45:12,292 ] - Test_@[5, 10, 20, 50]: Recall=[0.01995, 0.03899, 0.07734, 0.13318],  precision=[0.00420, 0.00410, 0.00407, 0.00282], hit=[0.02093, 0.04083, 0.08069, 0.13906], ndcg=[0.01213, 0.01823, 0.02790, 0.03914], Train Rec Loss=[0.02991], Eval Rec Loss=[0.02997], c=[1.00000], F=[0.84010, 0.88040, 0.90974, 0.93892], F_fuse=[0.00835, 0.00816, 0.00811, 0.00563]
[ INFO : 2026-06-20 20:47:29,403 ] - Epoch 286: train==[132.14450 = 0.43542 + 1.72557 + 19.63036 + 0.02174 + 0.00000 + 0.00067 + 1225.89705]
[ INFO : 2026-06-20 20:47:39,835 ] - Test_@[5, 10, 20, 50]: Recall=[0.01996, 0.04037, 0.07718, 0.13311],  precision=[0.00417, 0.00426, 0.00407, 0.00283], hit=[0.02083, 0.04243, 0.08069, 0.13921], ndcg=[0.01200, 0.01859, 0.02788, 0.03914], Train Rec Loss=[0.02993], Eval Rec Loss=[0.02997], c=[1.00000], F=[0.83935, 0.88003, 0.90900, 0.93823], F_fuse=[0.00829, 0.00849, 0.00811, 0.00564]
[ INFO : 2026-06-20 20:49:56,002 ] - Epoch 287: train==[132.22896 = 0.42925 + 1.72556 + 19.72102 + 0.02171 + 0.00000 + 0.00069 + 1225.89705]
[ INFO : 2026-06-20 20:50:06,472 ] - Test_@[5, 10, 20, 50]: Recall=[0.01874, 0.03742, 0.07862, 0.13272],  precision=[0.00393, 0.00391, 0.00413, 0.00282], hit=[0.01959, 0.03908, 0.08208, 0.13875], ndcg=[0.01117, 0.01716, 0.02755, 0.03844], Train Rec Loss=[0.02991], Eval Rec Loss=[0.02999], c=[1.00000], F=[0.84073, 0.87903, 0.90770, 0.93715], F_fuse=[0.00782, 0.00779, 0.00823, 0.00562]
[ INFO : 2026-06-20 20:52:22,567 ] - Epoch 288: train==[132.14463 = 0.43268 + 1.72554 + 19.63319 + 0.02182 + 0.00000 + 0.00066 + 1225.89705]
[ INFO : 2026-06-20 20:52:32,857 ] - Test_@[5, 10, 20, 50]: Recall=[0.01937, 0.03960, 0.07751, 0.13248],  precision=[0.00406, 0.00416, 0.00408, 0.00281], hit=[0.02031, 0.04145, 0.08095, 0.13854], ndcg=[0.01132, 0.01783, 0.02740, 0.03848], Train Rec Loss=[0.02992], Eval Rec Loss=[0.02999], c=[1.00000], F=[0.83867, 0.87987, 0.91104, 0.94003], F_fuse=[0.00809, 0.00828, 0.00813, 0.00561]
[ INFO : 2026-06-20 20:54:49,613 ] - Epoch 289: train==[132.17245 = 0.42778 + 1.72552 + 19.66595 + 0.02179 + 0.00000 + 0.00068 + 1225.89705]
[ INFO : 2026-06-20 20:54:59,952 ] - Test_@[5, 10, 20, 50]: Recall=[0.02001, 0.03932, 0.07817, 0.13283],  precision=[0.00420, 0.00416, 0.00412, 0.00282], hit=[0.02098, 0.04140, 0.08167, 0.13890], ndcg=[0.01211, 0.01835, 0.02815, 0.03913], Train Rec Loss=[0.02992], Eval Rec Loss=[0.02999], c=[1.00000], F=[0.83960, 0.88045, 0.91029, 0.93988], F_fuse=[0.00835, 0.00828, 0.00820, 0.00562]
[ INFO : 2026-06-20 20:57:17,281 ] - Epoch 290: train==[132.12234 = 0.42950 + 1.72550 + 19.61408 + 0.02186 + 0.00000 + 0.00067 + 1225.89705]
[ INFO : 2026-06-20 20:57:27,753 ] - Test_@[5, 10, 20, 50]: Recall=[0.01984, 0.03847, 0.07649, 0.13146],  precision=[0.00417, 0.00404, 0.00402, 0.00279], hit=[0.02073, 0.04001, 0.07976, 0.13741], ndcg=[0.01217, 0.01817, 0.02771, 0.03877], Train Rec Loss=[0.02993], Eval Rec Loss=[0.03000], c=[1.00000], F=[0.84054, 0.88075, 0.91114, 0.94110], F_fuse=[0.00829, 0.00804, 0.00801, 0.00556]
[ INFO : 2026-06-20 20:59:44,854 ] - Epoch 291: train==[132.10290 = 0.42765 + 1.72548 + 19.59645 + 0.02188 + 0.00000 + 0.00070 + 1225.89705]
[ INFO : 2026-06-20 20:59:55,297 ] - Test_@[5, 10, 20, 50]: Recall=[0.01787, 0.03708, 0.07676, 0.13185],  precision=[0.00377, 0.00391, 0.00405, 0.00280], hit=[0.01887, 0.03903, 0.08033, 0.13803], ndcg=[0.01077, 0.01699, 0.02699, 0.03810], Train Rec Loss=[0.02993], Eval Rec Loss=[0.03000], c=[1.00000], F=[0.83984, 0.87901, 0.91008, 0.94012], F_fuse=[0.00752, 0.00779, 0.00806, 0.00558]
[ INFO : 2026-06-20 21:02:13,061 ] - Epoch 292: train==[132.10427 = 0.43004 + 1.72546 + 19.59540 + 0.02197 + 0.00000 + 0.00066 + 1225.89705]
[ INFO : 2026-06-20 21:02:23,493 ] - Test_@[5, 10, 20, 50]: Recall=[0.01919, 0.03722, 0.07626, 0.13021],  precision=[0.00404, 0.00395, 0.00402, 0.00276], hit=[0.02021, 0.03934, 0.07981, 0.13633], ndcg=[0.01181, 0.01762, 0.02751, 0.03835], Train Rec Loss=[0.02993], Eval Rec Loss=[0.03000], c=[1.00000], F=[0.83965, 0.88128, 0.91158, 0.94135], F_fuse=[0.00805, 0.00786, 0.00801, 0.00551]
[ INFO : 2026-06-20 21:04:40,355 ] - Epoch 293: train==[132.31297 = 0.42699 + 1.72543 + 19.80722 + 0.02190 + 0.00000 + 0.00069 + 1225.89705]
[ INFO : 2026-06-20 21:04:50,788 ] - Test_@[5, 10, 20, 50]: Recall=[0.02051, 0.03868, 0.07732, 0.13313],  precision=[0.00429, 0.00404, 0.00408, 0.00282], hit=[0.02139, 0.04022, 0.08074, 0.13906], ndcg=[0.01237, 0.01823, 0.02798, 0.03917], Train Rec Loss=[0.02994], Eval Rec Loss=[0.03001], c=[1.00000], F=[0.83955, 0.87851, 0.90799, 0.93766], F_fuse=[0.00853, 0.00805, 0.00811, 0.00562]
[ INFO : 2026-06-20 21:07:09,029 ] - Epoch 294: train==[132.18618 = 0.42592 + 1.72540 + 19.68141 + 0.02202 + 0.00000 + 0.00069 + 1225.89705]
[ INFO : 2026-06-20 21:07:19,600 ] - Test_@[5, 10, 20, 50]: Recall=[0.01969, 0.03894, 0.07705, 0.13062],  precision=[0.00419, 0.00411, 0.00405, 0.00277], hit=[0.02093, 0.04104, 0.08038, 0.13664], ndcg=[0.01141, 0.01757, 0.02722, 0.03801], Train Rec Loss=[0.02995], Eval Rec Loss=[0.03000], c=[1.00000], F=[0.83869, 0.87870, 0.90958, 0.93964], F_fuse=[0.00833, 0.00819, 0.00807, 0.00553]
[ INFO : 2026-06-20 21:09:38,243 ] - Epoch 295: train==[132.07176 = 0.42745 + 1.72537 + 19.56544 + 0.02209 + 0.00000 + 0.00067 + 1225.89705]
[ INFO : 2026-06-20 21:09:48,814 ] - Test_@[5, 10, 20, 50]: Recall=[0.01863, 0.03851, 0.07574, 0.13115],  precision=[0.00390, 0.00404, 0.00399, 0.00279], hit=[0.01949, 0.04037, 0.07909, 0.13705], ndcg=[0.01105, 0.01747, 0.02688, 0.03801], Train Rec Loss=[0.02995], Eval Rec Loss=[0.03002], c=[1.00000], F=[0.83902, 0.87976, 0.91058, 0.93934], F_fuse=[0.00776, 0.00804, 0.00795, 0.00556]
[ INFO : 2026-06-20 21:12:06,154 ] - Epoch 296: train==[132.07002 = 0.42117 + 1.72534 + 19.57003 + 0.02205 + 0.00000 + 0.00069 + 1225.89705]
[ INFO : 2026-06-20 21:12:16,591 ] - Test_@[5, 10, 20, 50]: Recall=[0.01880, 0.03812, 0.07621, 0.13024],  precision=[0.00389, 0.00398, 0.00401, 0.00276], hit=[0.01944, 0.03980, 0.07961, 0.13608], ndcg=[0.01173, 0.01797, 0.02759, 0.03847], Train Rec Loss=[0.02996], Eval Rec Loss=[0.03002], c=[1.00000], F=[0.83978, 0.87984, 0.91083, 0.94017], F_fuse=[0.00774, 0.00793, 0.00799, 0.00551]
[ INFO : 2026-06-20 21:14:57,057 ] - Epoch 297: train==[132.21995 = 0.42183 + 1.72530 + 19.71936 + 0.02203 + 0.00000 + 0.00069 + 1225.89705]
[ INFO : 2026-06-20 21:15:07,466 ] - Test_@[5, 10, 20, 50]: Recall=[0.01977, 0.03919, 0.07770, 0.13161],  precision=[0.00412, 0.00412, 0.00409, 0.00279], hit=[0.02057, 0.04114, 0.08110, 0.13777], ndcg=[0.01168, 0.01796, 0.02771, 0.03856], Train Rec Loss=[0.02996], Eval Rec Loss=[0.03002], c=[1.00000], F=[0.83818, 0.87909, 0.90970, 0.93907], F_fuse=[0.00821, 0.00821, 0.00814, 0.00557]
[ INFO : 2026-06-20 21:17:30,841 ] - Epoch 298: train==[132.10984 = 0.42557 + 1.72526 + 19.60543 + 0.02214 + 0.00000 + 0.00070 + 1225.89705]
[ INFO : 2026-06-20 21:17:41,321 ] - Test_@[5, 10, 20, 50]: Recall=[0.01916, 0.03860, 0.07689, 0.13134],  precision=[0.00404, 0.00407, 0.00405, 0.00279], hit=[0.02016, 0.04052, 0.08038, 0.13741], ndcg=[0.01139, 0.01765, 0.02731, 0.03829], Train Rec Loss=[0.02998], Eval Rec Loss=[0.03003], c=[1.00000], F=[0.84065, 0.87810, 0.90884, 0.93829], F_fuse=[0.00805, 0.00810, 0.00806, 0.00556]
[ INFO : 2026-06-20 21:19:59,304 ] - Epoch 299: train==[132.04796 = 0.42201 + 1.72522 + 19.54711 + 0.02218 + 0.00000 + 0.00069 + 1225.89705]
[ INFO : 2026-06-20 21:20:09,849 ] - Test_@[5, 10, 20, 50]: Recall=[0.01940, 0.03917, 0.07709, 0.13080],  precision=[0.00415, 0.00414, 0.00407, 0.00278], hit=[0.02062, 0.04109, 0.08059, 0.13685], ndcg=[0.01167, 0.01802, 0.02759, 0.03837], Train Rec Loss=[0.02997], Eval Rec Loss=[0.03004], c=[1.00000], F=[0.83831, 0.87859, 0.90884, 0.93862], F_fuse=[0.00825, 0.00824, 0.00810, 0.00554]
[ INFO : 2026-06-20 21:22:27,456 ] - Epoch 300: train==[132.15382 = 0.42182 + 1.72517 + 19.65314 + 0.02229 + 0.00000 + 0.00066 + 1225.89705]
[ INFO : 2026-06-20 21:22:37,971 ] - Test_@[5, 10, 20, 50]: Recall=[0.02089, 0.03809, 0.07609, 0.13059],  precision=[0.00439, 0.00402, 0.00401, 0.00277], hit=[0.02196, 0.04006, 0.07940, 0.13654], ndcg=[0.01278, 0.01835, 0.02792, 0.03891], Train Rec Loss=[0.02999], Eval Rec Loss=[0.03005], c=[1.00000], F=[0.83965, 0.88052, 0.90980, 0.93935], F_fuse=[0.00874, 0.00800, 0.00798, 0.00553]
n_users=19445, n_items=7050
n_interactions=139110
n_train=118551, n_test=20559, sparsity=0.00101
Finished Sat Jun 20 09:22:49 PM +07 2026
