Job 72610 on gpu01; started Wed Jun 17 06:24:16 PM UTC 2026
Wed Jun 17 18:24:16 2026       
+-----------------------------------------------------------------------------+
| NVIDIA-SMI 525.147.05   Driver Version: 525.147.05   CUDA Version: 12.0     |
|-------------------------------+----------------------+----------------------+
| GPU  Name        Persistence-M| Bus-Id        Disp.A | Volatile Uncorr. ECC |
| Fan  Temp  Perf  Pwr:Usage/Cap|         Memory-Usage | GPU-Util  Compute M. |
|                               |                      |               MIG M. |
|===============================+======================+======================|
|   0  NVIDIA A100-SXM...  On   | 00000000:BD:00.0 Off |                    0 |
| N/A   34C    P0    55W / 400W |      0MiB / 40960MiB |      0%      Default |
|                               |                      |             Disabled |
+-------------------------------+----------------------+----------------------+
                                                                               
+-----------------------------------------------------------------------------+
| Processes:                                                                  |
|  GPU   GI   CI        PID   Type   Process name                  GPU Memory |
|        ID   ID                                                   Usage      |
|=============================================================================|
|  No running processes found                                                 |
+-----------------------------------------------------------------------------+
[ INFO : 2026-06-17 18:25:01,962 ] - Preprocess missing values with zero
[ INFO : 2026-06-17 18:25:04,640 ] - Pretrained diffusion model is loaded from: ./checkpoint/baby/best_model.pth
[ INFO : 2026-06-17 18:25:06,081 ] - Completed data loaded from: ./checkpoint/baby/completed_data.pkl
/media/lhbac29/raid-cf/main.py:105: DeprecationWarning: Please import `csr_matrix` from the `scipy.sparse` namespace; the `scipy.sparse.csr` namespace is deprecated and will be removed in SciPy 2.0.0.
  self.ui_graph = self.ui_graph_raw = pickle.load(open('./data/' + self.dataset + '/train_mat', 'rb'))
[ INFO : 2026-06-17 18:25:06,360 ] - Missing rate = 0.400000, complete strategy: zero
[ INFO : 2026-06-17 18:25:08,876 ] - Resuming training from checkpoint './checkpoint/baby/reproduce/train_state.pth' at epoch 128 (best recall@20 so far = 0.08959)
[ INFO : 2026-06-17 18:27:48,352 ] - Epoch 128: train==[134.80182 = 0.67473 + 1.72589 + 22.05574 + 0.01398 + 0.00000 + 0.00075 + 1225.89705]
[ INFO : 2026-06-17 18:27:57,913 ] - Test_@[5, 10, 20, 50]: Recall=[0.03637, 0.05666, 0.08839, 0.14747],  precision=[0.00766, 0.00597, 0.00466, 0.00313], hit=[0.03816, 0.05935, 0.09236, 0.15387], ndcg=[0.02373, 0.03036, 0.03841, 0.05020], Train Rec Loss=[0.03013], Eval Rec Loss=[0.03021], c=[0.01000], F=[0.84547, 0.88410, 0.91299, 0.93635], F_fuse=[0.01519, 0.01185, 0.00928, 0.00623]
[ INFO : 2026-06-17 18:30:39,510 ] - Epoch 129: train==[134.59861 = 0.67658 + 1.72589 + 21.85059 + 0.01407 + 0.00000 + 0.00074 + 1225.89705]
[ INFO : 2026-06-17 18:30:49,309 ] - Test_@[5, 10, 20, 50]: Recall=[0.03630, 0.05676, 0.08842, 0.14822],  precision=[0.00764, 0.00598, 0.00466, 0.00314], hit=[0.03806, 0.05950, 0.09221, 0.15459], ndcg=[0.02373, 0.03040, 0.03843, 0.05039], Train Rec Loss=[0.03012], Eval Rec Loss=[0.03019], c=[0.01000], F=[0.84511, 0.88333, 0.91211, 0.93541], F_fuse=[0.01515, 0.01188, 0.00927, 0.00626]
[ INFO : 2026-06-17 18:33:27,932 ] - Epoch 130: train==[134.59087 = 0.67345 + 1.72589 + 21.84593 + 0.01412 + 0.00000 + 0.00074 + 1225.89705]
[ INFO : 2026-06-17 18:33:39,041 ] - Test_@[5, 10, 20, 50]: Recall=[0.03636, 0.05708, 0.08993, 0.14910],  precision=[0.00765, 0.00602, 0.00474, 0.00316], hit=[0.03811, 0.05981, 0.09380, 0.15546], ndcg=[0.02369, 0.03047, 0.03877, 0.05057], Train Rec Loss=[0.03012], Eval Rec Loss=[0.03019], c=[0.01000], F=[0.84540, 0.88284, 0.91115, 0.93403], F_fuse=[0.01517, 0.01195, 0.00942, 0.00630]
[ INFO : 2026-06-17 18:36:15,361 ] - Epoch 131: train==[134.57863 = 0.66983 + 1.72589 + 21.83723 + 0.01421 + 0.00000 + 0.00074 + 1225.89705]
[ INFO : 2026-06-17 18:36:25,000 ] - Test_@[5, 10, 20, 50]: Recall=[0.03651, 0.05681, 0.08796, 0.14776],  precision=[0.00768, 0.00597, 0.00464, 0.00313], hit=[0.03826, 0.05935, 0.09190, 0.15418], ndcg=[0.02370, 0.03031, 0.03821, 0.05015], Train Rec Loss=[0.03012], Eval Rec Loss=[0.03018], c=[0.01000], F=[0.84617, 0.88474, 0.91383, 0.93742], F_fuse=[0.01523, 0.01185, 0.00923, 0.00624]
[ INFO : 2026-06-17 18:39:06,352 ] - Epoch 132: train==[134.67637 = 0.66671 + 1.72589 + 21.93806 + 0.01424 + 0.00000 + 0.00074 + 1225.89705]
[ INFO : 2026-06-17 18:39:15,915 ] - Test_@[5, 10, 20, 50]: Recall=[0.03582, 0.05698, 0.08872, 0.14748],  precision=[0.00753, 0.00599, 0.00468, 0.00312], hit=[0.03749, 0.05960, 0.09267, 0.15392], ndcg=[0.02351, 0.03041, 0.03844, 0.05015], Train Rec Loss=[0.03012], Eval Rec Loss=[0.03018], c=[0.01000], F=[0.84594, 0.88406, 0.91329, 0.93726], F_fuse=[0.01493, 0.01190, 0.00931, 0.00623]
[ INFO : 2026-06-17 18:41:53,509 ] - Epoch 133: train==[134.62063 = 0.66498 + 1.72589 + 21.88397 + 0.01431 + 0.00000 + 0.00074 + 1225.89705]
[ INFO : 2026-06-17 18:42:05,054 ] - Test_@[5, 10, 20, 50]: Recall=[0.03569, 0.05703, 0.08815, 0.14633],  precision=[0.00752, 0.00599, 0.00464, 0.00310], hit=[0.03744, 0.05960, 0.09200, 0.15274], ndcg=[0.02355, 0.03047, 0.03835, 0.04999], Train Rec Loss=[0.03013], Eval Rec Loss=[0.03018], c=[0.01000], F=[0.84565, 0.88437, 0.91292, 0.93670], F_fuse=[0.01490, 0.01190, 0.00924, 0.00618]
[ INFO : 2026-06-17 18:44:41,714 ] - Epoch 134: train==[134.53498 = 0.65926 + 1.72589 + 21.80398 + 0.01438 + 0.00000 + 0.00074 + 1225.89705]
[ INFO : 2026-06-17 18:44:54,844 ] - Test_@[5, 10, 20, 50]: Recall=[0.03637, 0.05694, 0.08790, 0.14698],  precision=[0.00766, 0.00599, 0.00463, 0.00311], hit=[0.03816, 0.05955, 0.09169, 0.15330], ndcg=[0.02374, 0.03044, 0.03829, 0.05010], Train Rec Loss=[0.03011], Eval Rec Loss=[0.03017], c=[0.01000], F=[0.84635, 0.88406, 0.91263, 0.93614], F_fuse=[0.01519, 0.01189, 0.00922, 0.00621]
[ INFO : 2026-06-17 18:47:38,550 ] - Epoch 135: train==[134.45893 = 0.65929 + 1.72589 + 21.72786 + 0.01441 + 0.00000 + 0.00074 + 1225.89705]
[ INFO : 2026-06-17 18:47:48,027 ] - Test_@[5, 10, 20, 50]: Recall=[0.03630, 0.05754, 0.08858, 0.14742],  precision=[0.00764, 0.00605, 0.00466, 0.00312], hit=[0.03806, 0.06027, 0.09241, 0.15387], ndcg=[0.02384, 0.03075, 0.03861, 0.05036], Train Rec Loss=[0.03011], Eval Rec Loss=[0.03017], c=[0.01000], F=[0.84621, 0.88494, 0.91280, 0.93621], F_fuse=[0.01515, 0.01202, 0.00928, 0.00623]
[ INFO : 2026-06-17 18:50:22,368 ] - Epoch 136: train==[134.43591 = 0.65560 + 1.72589 + 21.70847 + 0.01449 + 0.00000 + 0.00073 + 1225.89705]
[ INFO : 2026-06-17 18:50:33,694 ] - Test_@[5, 10, 20, 50]: Recall=[0.03590, 0.05721, 0.08861, 0.14837],  precision=[0.00756, 0.00602, 0.00467, 0.00314], hit=[0.03770, 0.05991, 0.09252, 0.15480], ndcg=[0.02362, 0.03059, 0.03855, 0.05049], Train Rec Loss=[0.03011], Eval Rec Loss=[0.03016], c=[0.01000], F=[0.84479, 0.88228, 0.91072, 0.93429], F_fuse=[0.01499, 0.01195, 0.00930, 0.00627]
[ INFO : 2026-06-17 18:53:11,588 ] - Epoch 137: train==[134.33707 = 0.65417 + 1.72589 + 21.61097 + 0.01456 + 0.00000 + 0.00073 + 1225.89705]
[ INFO : 2026-06-17 18:53:21,862 ] - Test_@[5, 10, 20, 50]: Recall=[0.03628, 0.05638, 0.08763, 0.14627],  precision=[0.00764, 0.00592, 0.00462, 0.00310], hit=[0.03811, 0.05888, 0.09149, 0.15269], ndcg=[0.02379, 0.03035, 0.03829, 0.05000], Train Rec Loss=[0.03011], Eval Rec Loss=[0.03017], c=[0.01000], F=[0.84481, 0.88306, 0.91273, 0.93702], F_fuse=[0.01515, 0.01176, 0.00920, 0.00618]
[ INFO : 2026-06-17 18:56:03,489 ] - Epoch 138: train==[134.15825 = 0.65052 + 1.72589 + 21.43573 + 0.01464 + 0.00000 + 0.00073 + 1225.89705]
[ INFO : 2026-06-17 18:56:13,078 ] - Test_@[5, 10, 20, 50]: Recall=[0.03624, 0.05693, 0.08778, 0.14814],  precision=[0.00762, 0.00599, 0.00463, 0.00314], hit=[0.03795, 0.05955, 0.09164, 0.15464], ndcg=[0.02379, 0.03054, 0.03837, 0.05044], Train Rec Loss=[0.03009], Eval Rec Loss=[0.03016], c=[0.01000], F=[0.84474, 0.88272, 0.91126, 0.93564], F_fuse=[0.01511, 0.01189, 0.00921, 0.00626]
[ INFO : 2026-06-17 18:58:49,177 ] - Epoch 139: train==[134.25048 = 0.64719 + 1.72589 + 21.53126 + 0.01468 + 0.00000 + 0.00073 + 1225.89705]
[ INFO : 2026-06-17 18:59:00,401 ] - Test_@[5, 10, 20, 50]: Recall=[0.03571, 0.05739, 0.08772, 0.14677],  precision=[0.00753, 0.00602, 0.00462, 0.00312], hit=[0.03754, 0.05996, 0.09159, 0.15336], ndcg=[0.02356, 0.03062, 0.03832, 0.05012], Train Rec Loss=[0.03009], Eval Rec Loss=[0.03015], c=[0.01000], F=[0.84610, 0.88502, 0.91295, 0.93688], F_fuse=[0.01493, 0.01196, 0.00919, 0.00621]
[ INFO : 2026-06-17 19:01:38,320 ] - Epoch 140: train==[134.33439 = 0.64576 + 1.72589 + 21.61660 + 0.01467 + 0.00000 + 0.00073 + 1225.89705]
[ INFO : 2026-06-17 19:01:48,218 ] - Test_@[5, 10, 20, 50]: Recall=[0.03584, 0.05745, 0.08784, 0.14753],  precision=[0.00756, 0.00604, 0.00463, 0.00313], hit=[0.03764, 0.06017, 0.09164, 0.15397], ndcg=[0.02385, 0.03088, 0.03860, 0.05053], Train Rec Loss=[0.03009], Eval Rec Loss=[0.03016], c=[0.01000], F=[0.84598, 0.88351, 0.91149, 0.93558], F_fuse=[0.01499, 0.01200, 0.00922, 0.00624]
[ INFO : 2026-06-17 19:04:36,687 ] - Epoch 141: train==[134.37314 = 0.64257 + 1.72589 + 21.65845 + 0.01476 + 0.00000 + 0.00073 + 1225.89705]
[ INFO : 2026-06-17 19:04:46,710 ] - Test_@[5, 10, 20, 50]: Recall=[0.03576, 0.05702, 0.08784, 0.14659],  precision=[0.00753, 0.00599, 0.00463, 0.00311], hit=[0.03754, 0.05966, 0.09169, 0.15310], ndcg=[0.02368, 0.03062, 0.03844, 0.05018], Train Rec Loss=[0.03008], Eval Rec Loss=[0.03015], c=[0.01000], F=[0.84427, 0.88241, 0.91110, 0.93592], F_fuse=[0.01492, 0.01190, 0.00921, 0.00619]
[ INFO : 2026-06-17 19:07:24,857 ] - Epoch 142: train==[134.11553 = 0.64132 + 1.72589 + 21.40204 + 0.01482 + 0.00000 + 0.00072 + 1225.89705]
[ INFO : 2026-06-17 19:07:34,974 ] - Test_@[5, 10, 20, 50]: Recall=[0.03589, 0.05735, 0.08765, 0.14688],  precision=[0.00756, 0.00603, 0.00462, 0.00311], hit=[0.03764, 0.06007, 0.09144, 0.15310], ndcg=[0.02373, 0.03072, 0.03841, 0.05026], Train Rec Loss=[0.03008], Eval Rec Loss=[0.03015], c=[0.01000], F=[0.84545, 0.88293, 0.91119, 0.93601], F_fuse=[0.01499, 0.01198, 0.00919, 0.00620]
[ INFO : 2026-06-17 19:10:22,664 ] - Epoch 143: train==[134.09295 = 0.64070 + 1.72590 + 21.37999 + 0.01490 + 0.00000 + 0.00072 + 1225.89705]
[ INFO : 2026-06-17 19:10:32,729 ] - Test_@[5, 10, 20, 50]: Recall=[0.03562, 0.05611, 0.08594, 0.14385],  precision=[0.00751, 0.00589, 0.00453, 0.00305], hit=[0.03744, 0.05863, 0.08979, 0.15017], ndcg=[0.02339, 0.03005, 0.03764, 0.04923], Train Rec Loss=[0.03009], Eval Rec Loss=[0.03015], c=[0.01000], F=[0.84337, 0.88295, 0.91248, 0.93854], F_fuse=[0.01488, 0.01171, 0.00901, 0.00608]
[ INFO : 2026-06-17 19:13:13,387 ] - Epoch 144: train==[134.11324 = 0.63459 + 1.72589 + 21.40641 + 0.01489 + 0.00000 + 0.00072 + 1225.89705]
[ INFO : 2026-06-17 19:13:25,065 ] - Test_@[5, 10, 20, 50]: Recall=[0.03535, 0.05663, 0.08724, 0.14591],  precision=[0.00747, 0.00594, 0.00460, 0.00309], hit=[0.03723, 0.05919, 0.09103, 0.15238], ndcg=[0.02343, 0.03036, 0.03813, 0.04986], Train Rec Loss=[0.03008], Eval Rec Loss=[0.03014], c=[0.01000], F=[0.84537, 0.88325, 0.91242, 0.93698], F_fuse=[0.01480, 0.01181, 0.00914, 0.00617]
[ INFO : 2026-06-17 19:16:03,841 ] - Epoch 145: train==[133.90615 = 0.63379 + 1.72589 + 21.19998 + 0.01504 + 0.00000 + 0.00072 + 1225.89705]
[ INFO : 2026-06-17 19:16:14,508 ] - Test_@[5, 10, 20, 50]: Recall=[0.03554, 0.05716, 0.08754, 0.14666],  precision=[0.00749, 0.00601, 0.00461, 0.00311], hit=[0.03728, 0.05981, 0.09128, 0.15315], ndcg=[0.02358, 0.03064, 0.03834, 0.05016], Train Rec Loss=[0.03007], Eval Rec Loss=[0.03014], c=[0.01000], F=[0.84509, 0.88273, 0.91133, 0.93656], F_fuse=[0.01484, 0.01193, 0.00917, 0.00620]
[ INFO : 2026-06-17 19:18:59,129 ] - Epoch 146: train==[134.00101 = 0.62955 + 1.72589 + 21.29906 + 0.01505 + 0.00000 + 0.00072 + 1225.89705]
[ INFO : 2026-06-17 19:19:08,886 ] - Test_@[5, 10, 20, 50]: Recall=[0.03603, 0.05712, 0.08685, 0.14693],  precision=[0.00759, 0.00600, 0.00457, 0.00312], hit=[0.03785, 0.05981, 0.09056, 0.15351], ndcg=[0.02376, 0.03062, 0.03818, 0.05019], Train Rec Loss=[0.03007], Eval Rec Loss=[0.03014], c=[0.01000], F=[0.84502, 0.88344, 0.91162, 0.93614], F_fuse=[0.01505, 0.01192, 0.00910, 0.00621]
[ INFO : 2026-06-17 19:21:50,482 ] - Epoch 147: train==[134.03945 = 0.62872 + 1.72590 + 21.33825 + 0.01513 + 0.00000 + 0.00072 + 1225.89705]
[ INFO : 2026-06-17 19:22:02,334 ] - Test_@[5, 10, 20, 50]: Recall=[0.03575, 0.05657, 0.08625, 0.14490],  precision=[0.00754, 0.00595, 0.00454, 0.00307], hit=[0.03759, 0.05924, 0.08995, 0.15120], ndcg=[0.02365, 0.03042, 0.03794, 0.04966], Train Rec Loss=[0.03006], Eval Rec Loss=[0.03014], c=[0.01000], F=[0.84583, 0.88410, 0.91317, 0.93844], F_fuse=[0.01495, 0.01182, 0.00903, 0.00612]
[ INFO : 2026-06-17 19:24:42,286 ] - Epoch 148: train==[134.03858 = 0.62762 + 1.72589 + 21.33848 + 0.01515 + 0.00000 + 0.00071 + 1225.89705]
[ INFO : 2026-06-17 19:24:52,002 ] - Test_@[5, 10, 20, 50]: Recall=[0.03551, 0.05696, 0.08678, 0.14725],  precision=[0.00749, 0.00598, 0.00457, 0.00312], hit=[0.03734, 0.05955, 0.09061, 0.15366], ndcg=[0.02345, 0.03044, 0.03803, 0.05012], Train Rec Loss=[0.03006], Eval Rec Loss=[0.03011], c=[0.01000], F=[0.84451, 0.88327, 0.91180, 0.93636], F_fuse=[0.01484, 0.01187, 0.00910, 0.00622]
[ INFO : 2026-06-17 19:27:34,577 ] - Epoch 149: train==[134.04138 = 0.62511 + 1.72589 + 21.34368 + 0.01524 + 0.00000 + 0.00071 + 1225.89705]
[ INFO : 2026-06-17 19:27:44,223 ] - Test_@[5, 10, 20, 50]: Recall=[0.03554, 0.05750, 0.08670, 0.14621],  precision=[0.00749, 0.00604, 0.00456, 0.00310], hit=[0.03734, 0.06022, 0.09036, 0.15269], ndcg=[0.02360, 0.03075, 0.03816, 0.05007], Train Rec Loss=[0.03006], Eval Rec Loss=[0.03012], c=[0.01000], F=[0.84380, 0.88241, 0.91085, 0.93628], F_fuse=[0.01484, 0.01200, 0.00907, 0.00619]
[ INFO : 2026-06-17 19:30:20,159 ] - Epoch 150: train==[133.80834 = 0.61997 + 1.72589 + 21.11572 + 0.01530 + 0.00000 + 0.00072 + 1225.89705]
[ INFO : 2026-06-17 19:30:30,285 ] - Test_@[5, 10, 20, 50]: Recall=[0.03536, 0.05663, 0.08702, 0.14626],  precision=[0.00745, 0.00594, 0.00458, 0.00310], hit=[0.03713, 0.05924, 0.09082, 0.15274], ndcg=[0.02343, 0.03036, 0.03807, 0.04993], Train Rec Loss=[0.03006], Eval Rec Loss=[0.03011], c=[0.01000], F=[0.84433, 0.88194, 0.91102, 0.93606], F_fuse=[0.01476, 0.01181, 0.00912, 0.00618]
[ INFO : 2026-06-17 19:33:24,318 ] - Epoch 151: train==[134.02141 = 0.62251 + 1.72589 + 21.32627 + 0.01529 + 0.00000 + 0.00071 + 1225.89705]
[ INFO : 2026-06-17 19:33:35,896 ] - Test_@[5, 10, 20, 50]: Recall=[0.03559, 0.05734, 0.08728, 0.14708],  precision=[0.00751, 0.00602, 0.00460, 0.00312], hit=[0.03744, 0.06002, 0.09118, 0.15366], ndcg=[0.02358, 0.03064, 0.03825, 0.05020], Train Rec Loss=[0.03005], Eval Rec Loss=[0.03011], c=[0.01000], F=[0.84340, 0.88136, 0.90971, 0.93516], F_fuse=[0.01488, 0.01195, 0.00915, 0.00622]
[ INFO : 2026-06-17 19:36:40,139 ] - Epoch 152: train==[133.84380 = 0.61675 + 1.72589 + 21.15431 + 0.01540 + 0.00000 + 0.00072 + 1225.89705]
[ INFO : 2026-06-17 19:36:53,161 ] - Test_@[5, 10, 20, 50]: Recall=[0.03523, 0.05747, 0.08768, 0.14640],  precision=[0.00743, 0.00603, 0.00462, 0.00311], hit=[0.03703, 0.06007, 0.09149, 0.15284], ndcg=[0.02352, 0.03074, 0.03838, 0.05008], Train Rec Loss=[0.03005], Eval Rec Loss=[0.03011], c=[0.01000], F=[0.84245, 0.88124, 0.90948, 0.93471], F_fuse=[0.01472, 0.01198, 0.00919, 0.00619]
[ INFO : 2026-06-17 19:39:46,011 ] - Epoch 153: train==[133.78098 = 0.62226 + 1.72589 + 21.08592 + 0.01547 + 0.00000 + 0.00071 + 1225.89705]
[ INFO : 2026-06-17 19:39:56,026 ] - Test_@[5, 10, 20, 50]: Recall=[0.03562, 0.05722, 0.08589, 0.14420],  precision=[0.00749, 0.00601, 0.00452, 0.00306], hit=[0.03734, 0.05981, 0.08964, 0.15037], ndcg=[0.02351, 0.03051, 0.03777, 0.04942], Train Rec Loss=[0.03004], Eval Rec Loss=[0.03009], c=[0.01000], F=[0.84343, 0.88240, 0.91111, 0.93711], F_fuse=[0.01484, 0.01193, 0.00900, 0.00609]
[ INFO : 2026-06-17 19:42:35,621 ] - Epoch 154: train==[133.76540 = 0.61074 + 1.72589 + 21.08183 + 0.01549 + 0.00000 + 0.00071 + 1225.89705]
[ INFO : 2026-06-17 19:42:45,112 ] - Test_@[5, 10, 20, 50]: Recall=[0.03586, 0.05659, 0.08639, 0.14508],  precision=[0.00754, 0.00595, 0.00455, 0.00308], hit=[0.03759, 0.05924, 0.09015, 0.15145], ndcg=[0.02354, 0.03027, 0.03783, 0.04957], Train Rec Loss=[0.03004], Eval Rec Loss=[0.03011], c=[0.01000], F=[0.84308, 0.88219, 0.91197, 0.93835], F_fuse=[0.01494, 0.01182, 0.00905, 0.00613]
[ INFO : 2026-06-17 19:45:24,346 ] - Epoch 155: train==[133.86172 = 0.61133 + 1.72589 + 21.17751 + 0.01554 + 0.00000 + 0.00071 + 1225.89705]
[ INFO : 2026-06-17 19:45:36,033 ] - Test_@[5, 10, 20, 50]: Recall=[0.03629, 0.05662, 0.08672, 0.14610],  precision=[0.00764, 0.00594, 0.00456, 0.00310], hit=[0.03811, 0.05919, 0.09041, 0.15243], ndcg=[0.02389, 0.03048, 0.03811, 0.04998], Train Rec Loss=[0.03005], Eval Rec Loss=[0.03010], c=[0.01000], F=[0.84299, 0.88184, 0.91104, 0.93683], F_fuse=[0.01515, 0.01180, 0.00908, 0.00617]
[ INFO : 2026-06-17 19:48:16,779 ] - Epoch 156: train==[133.82633 = 0.60699 + 1.72589 + 21.14634 + 0.01567 + 0.00000 + 0.00071 + 1225.89705]
[ INFO : 2026-06-17 19:48:26,891 ] - Test_@[5, 10, 20, 50]: Recall=[0.03586, 0.05747, 0.08808, 0.14760],  precision=[0.00754, 0.00603, 0.00464, 0.00313], hit=[0.03759, 0.06007, 0.09195, 0.15418], ndcg=[0.02369, 0.03071, 0.03848, 0.05036], Train Rec Loss=[0.03004], Eval Rec Loss=[0.03010], c=[0.01000], F=[0.84289, 0.88131, 0.90988, 0.93527], F_fuse=[0.01494, 0.01198, 0.00924, 0.00624]
[ INFO : 2026-06-17 19:51:12,165 ] - Epoch 157: train==[133.72311 = 0.60583 + 1.72589 + 21.04431 + 0.01565 + 0.00000 + 0.00071 + 1225.89705]
[ INFO : 2026-06-17 19:51:21,320 ] - Test_@[5, 10, 20, 50]: Recall=[0.03632, 0.05668, 0.08580, 0.14450],  precision=[0.00765, 0.00596, 0.00452, 0.00306], hit=[0.03816, 0.05924, 0.08953, 0.15078], ndcg=[0.02386, 0.03045, 0.03785, 0.04957], Train Rec Loss=[0.03003], Eval Rec Loss=[0.03009], c=[0.01000], F=[0.84302, 0.88196, 0.91142, 0.93753], F_fuse=[0.01517, 0.01183, 0.00899, 0.00610]
[ INFO : 2026-06-17 19:54:05,938 ] - Epoch 158: train==[133.68794 = 0.60525 + 1.72589 + 21.00962 + 0.01573 + 0.00000 + 0.00071 + 1225.89705]
[ INFO : 2026-06-17 19:54:15,135 ] - Test_@[5, 10, 20, 50]: Recall=[0.03591, 0.05776, 0.08584, 0.14411],  precision=[0.00756, 0.00607, 0.00452, 0.00305], hit=[0.03770, 0.06038, 0.08964, 0.15032], ndcg=[0.02380, 0.03086, 0.03797, 0.04960], Train Rec Loss=[0.03002], Eval Rec Loss=[0.03008], c=[0.01000], F=[0.84379, 0.88301, 0.91127, 0.93733], F_fuse=[0.01499, 0.01205, 0.00900, 0.00609]
[ INFO : 2026-06-17 19:56:48,267 ] - Epoch 159: train==[133.62051 = 0.60183 + 1.72589 + 20.94551 + 0.01583 + 0.00000 + 0.00071 + 1225.89705]
[ INFO : 2026-06-17 19:56:57,483 ] - Test_@[5, 10, 20, 50]: Recall=[0.03579, 0.05747, 0.08712, 0.14626],  precision=[0.00752, 0.00604, 0.00459, 0.00310], hit=[0.03749, 0.06012, 0.09097, 0.15269], ndcg=[0.02362, 0.03069, 0.03821, 0.05003], Train Rec Loss=[0.03003], Eval Rec Loss=[0.03009], c=[0.01000], F=[0.84245, 0.88098, 0.90922, 0.93499], F_fuse=[0.01490, 0.01199, 0.00914, 0.00619]
[ INFO : 2026-06-17 19:59:44,527 ] - Epoch 160: train==[133.57700 = 0.60098 + 1.72588 + 20.90284 + 0.01585 + 0.00000 + 0.00071 + 1225.89705]
[ INFO : 2026-06-17 19:59:54,495 ] - Test_@[5, 10, 20, 50]: Recall=[0.03535, 0.05703, 0.08767, 0.14530],  precision=[0.00745, 0.00600, 0.00462, 0.00308], hit=[0.03713, 0.05971, 0.09154, 0.15171], ndcg=[0.02348, 0.03056, 0.03833, 0.04984], Train Rec Loss=[0.03002], Eval Rec Loss=[0.03009], c=[0.01000], F=[0.84425, 0.88368, 0.91191, 0.93714], F_fuse=[0.01476, 0.01191, 0.00919, 0.00614]
[ INFO : 2026-06-17 20:02:38,282 ] - Epoch 161: train==[133.64641 = 0.59513 + 1.72589 + 20.97800 + 0.01595 + 0.00000 + 0.00071 + 1225.89705]
[ INFO : 2026-06-17 20:02:47,371 ] - Test_@[5, 10, 20, 50]: Recall=[0.03594, 0.05605, 0.08555, 0.14428],  precision=[0.00757, 0.00589, 0.00451, 0.00306], hit=[0.03775, 0.05863, 0.08933, 0.15053], ndcg=[0.02370, 0.03023, 0.03773, 0.04948], Train Rec Loss=[0.03002], Eval Rec Loss=[0.03008], c=[0.01000], F=[0.84257, 0.88203, 0.91076, 0.93732], F_fuse=[0.01501, 0.01170, 0.00898, 0.00610]
[ INFO : 2026-06-17 20:05:35,636 ] - Epoch 162: train==[133.53524 = 0.59695 + 1.72588 + 20.86499 + 0.01598 + 0.00000 + 0.00070 + 1225.89705]
[ INFO : 2026-06-17 20:05:45,388 ] - Test_@[5, 10, 20, 50]: Recall=[0.03567, 0.05646, 0.08653, 0.14473],  precision=[0.00752, 0.00593, 0.00456, 0.00307], hit=[0.03749, 0.05899, 0.09031, 0.15094], ndcg=[0.02354, 0.03029, 0.03791, 0.04953], Train Rec Loss=[0.03003], Eval Rec Loss=[0.03007], c=[0.01000], F=[0.84275, 0.88198, 0.91114, 0.93701], F_fuse=[0.01490, 0.01178, 0.00907, 0.00611]
[ INFO : 2026-06-17 20:08:19,152 ] - Epoch 163: train==[133.73887 = 0.59304 + 1.72589 + 21.07254 + 0.01597 + 0.00000 + 0.00070 + 1225.89705]
[ INFO : 2026-06-17 20:08:31,276 ] - Test_@[5, 10, 20, 50]: Recall=[0.03543, 0.05718, 0.08644, 0.14513],  precision=[0.00747, 0.00601, 0.00455, 0.00308], hit=[0.03723, 0.05981, 0.09025, 0.15150], ndcg=[0.02350, 0.03057, 0.03799, 0.04973], Train Rec Loss=[0.03002], Eval Rec Loss=[0.03008], c=[0.01000], F=[0.84226, 0.88205, 0.91003, 0.93625], F_fuse=[0.01480, 0.01194, 0.00906, 0.00614]
[ INFO : 2026-06-17 20:11:14,416 ] - Epoch 164: train==[133.56052 = 0.59464 + 1.72589 + 20.89248 + 0.01607 + 0.00000 + 0.00070 + 1225.89705]
[ INFO : 2026-06-17 20:11:23,639 ] - Test_@[5, 10, 20, 50]: Recall=[0.03551, 0.05714, 0.08603, 0.14434],  precision=[0.00750, 0.00600, 0.00454, 0.00306], hit=[0.03739, 0.05976, 0.08984, 0.15063], ndcg=[0.02358, 0.03060, 0.03793, 0.04957], Train Rec Loss=[0.03002], Eval Rec Loss=[0.03008], c=[0.01000], F=[0.84293, 0.88282, 0.91122, 0.93737], F_fuse=[0.01486, 0.01192, 0.00903, 0.00610]
[ INFO : 2026-06-17 20:14:06,655 ] - Epoch 165: train==[133.51730 = 0.59601 + 1.72589 + 20.84780 + 0.01617 + 0.00000 + 0.00070 + 1225.89705]
[ INFO : 2026-06-17 20:14:15,986 ] - Test_@[5, 10, 20, 50]: Recall=[0.03594, 0.05760, 0.08710, 0.14572],  precision=[0.00756, 0.00605, 0.00459, 0.00309], hit=[0.03770, 0.06022, 0.09092, 0.15212], ndcg=[0.02360, 0.03066, 0.03813, 0.04985], Train Rec Loss=[0.03000], Eval Rec Loss=[0.03007], c=[0.01000], F=[0.84298, 0.88235, 0.91062, 0.93644], F_fuse=[0.01499, 0.01201, 0.00914, 0.00617]
[ INFO : 2026-06-17 20:16:54,884 ] - Epoch 166: train==[133.47767 = 0.58891 + 1.72590 + 20.81524 + 0.01619 + 0.00000 + 0.00070 + 1225.89705]
[ INFO : 2026-06-17 20:17:06,266 ] - Test_@[5, 10, 20, 50]: Recall=[0.03591, 0.05672, 0.08663, 0.14526],  precision=[0.00757, 0.00596, 0.00456, 0.00308], hit=[0.03775, 0.05930, 0.09041, 0.15166], ndcg=[0.02374, 0.03050, 0.03809, 0.04979], Train Rec Loss=[0.03000], Eval Rec Loss=[0.03008], c=[0.01000], F=[0.84267, 0.88243, 0.91151, 0.93820], F_fuse=[0.01501, 0.01183, 0.00908, 0.00614]
[ INFO : 2026-06-17 20:19:48,581 ] - Epoch 167: train==[133.50794 = 0.58411 + 1.72589 + 20.85026 + 0.01624 + 0.00000 + 0.00070 + 1225.89705]
[ INFO : 2026-06-17 20:19:58,500 ] - Test_@[5, 10, 20, 50]: Recall=[0.03545, 0.05685, 0.08574, 0.14430],  precision=[0.00747, 0.00597, 0.00452, 0.00306], hit=[0.03723, 0.05935, 0.08953, 0.15053], ndcg=[0.02355, 0.03049, 0.03781, 0.04949], Train Rec Loss=[0.03001], Eval Rec Loss=[0.03006], c=[0.01000], F=[0.84234, 0.88342, 0.91231, 0.93888], F_fuse=[0.01480, 0.01186, 0.00900, 0.00610]
[ INFO : 2026-06-17 20:22:40,518 ] - Epoch 168: train==[133.57188 = 0.58403 + 1.72588 + 20.91419 + 0.01633 + 0.00000 + 0.00070 + 1225.89705]
[ INFO : 2026-06-17 20:22:50,900 ] - Test_@[5, 10, 20, 50]: Recall=[0.03579, 0.05692, 0.08644, 0.14488],  precision=[0.00754, 0.00598, 0.00456, 0.00307], hit=[0.03759, 0.05950, 0.09031, 0.15120], ndcg=[0.02362, 0.03047, 0.03796, 0.04963], Train Rec Loss=[0.03001], Eval Rec Loss=[0.03006], c=[0.01000], F=[0.84185, 0.88062, 0.90900, 0.93556], F_fuse=[0.01494, 0.01188, 0.00907, 0.00613]
[ INFO : 2026-06-17 20:25:31,214 ] - Epoch 169: train==[133.49680 = 0.58141 + 1.72589 + 20.84168 + 0.01638 + 0.00000 + 0.00070 + 1225.89705]
[ INFO : 2026-06-17 20:25:40,462 ] - Test_@[5, 10, 20, 50]: Recall=[0.03568, 0.05643, 0.08688, 0.14560],  precision=[0.00750, 0.00593, 0.00458, 0.00309], hit=[0.03739, 0.05904, 0.09067, 0.15192], ndcg=[0.02361, 0.03035, 0.03808, 0.04980], Train Rec Loss=[0.03000], Eval Rec Loss=[0.03005], c=[0.01000], F=[0.84203, 0.88090, 0.90832, 0.93447], F_fuse=[0.01486, 0.01178, 0.00911, 0.00616]
[ INFO : 2026-06-17 20:28:24,222 ] - Epoch 170: train==[133.38375 = 0.58003 + 1.72588 + 20.72992 + 0.01648 + 0.00000 + 0.00070 + 1225.89705]
[ INFO : 2026-06-17 20:28:34,768 ] - Test_@[5, 10, 20, 50]: Recall=[0.03553, 0.05707, 0.08620, 0.14444],  precision=[0.00749, 0.00600, 0.00454, 0.00306], hit=[0.03734, 0.05960, 0.08989, 0.15063], ndcg=[0.02371, 0.03071, 0.03809, 0.04970], Train Rec Loss=[0.03000], Eval Rec Loss=[0.03005], c=[0.01000], F=[0.84357, 0.88286, 0.91128, 0.93842], F_fuse=[0.01484, 0.01191, 0.00903, 0.00611]
[ INFO : 2026-06-17 20:31:19,439 ] - Epoch 171: train==[133.34964 = 0.57827 + 1.72589 + 20.69759 + 0.01645 + 0.00000 + 0.00070 + 1225.89705]
[ INFO : 2026-06-17 20:31:29,048 ] - Test_@[5, 10, 20, 50]: Recall=[0.03601, 0.05636, 0.08579, 0.14500],  precision=[0.00759, 0.00591, 0.00452, 0.00307], hit=[0.03785, 0.05883, 0.08959, 0.15114], ndcg=[0.02377, 0.03036, 0.03783, 0.04966], Train Rec Loss=[0.02999], Eval Rec Loss=[0.03005], c=[0.01000], F=[0.84288, 0.88260, 0.91081, 0.93726], F_fuse=[0.01505, 0.01175, 0.00900, 0.00612]
[ INFO : 2026-06-17 20:34:11,509 ] - Epoch 172: train==[133.47935 = 0.57451 + 1.72588 + 20.83101 + 0.01651 + 0.00000 + 0.00070 + 1225.89705]
[ INFO : 2026-06-17 20:34:20,695 ] - Test_@[5, 10, 20, 50]: Recall=[0.03537, 0.05573, 0.08545, 0.14418],  precision=[0.00746, 0.00585, 0.00451, 0.00306], hit=[0.03718, 0.05827, 0.08928, 0.15027], ndcg=[0.02353, 0.03015, 0.03771, 0.04943], Train Rec Loss=[0.03000], Eval Rec Loss=[0.03006], c=[0.01000], F=[0.84124, 0.88187, 0.91013, 0.93763], F_fuse=[0.01478, 0.01163, 0.00897, 0.00609]
[ INFO : 2026-06-17 20:37:05,940 ] - Epoch 173: train==[133.28439 = 0.57516 + 1.72588 + 20.63533 + 0.01658 + 0.00000 + 0.00070 + 1225.89705]
[ INFO : 2026-06-17 20:37:15,787 ] - Test_@[5, 10, 20, 50]: Recall=[0.03561, 0.05695, 0.08613, 0.14398],  precision=[0.00751, 0.00598, 0.00455, 0.00306], hit=[0.03744, 0.05945, 0.09000, 0.15032], ndcg=[0.02374, 0.03065, 0.03805, 0.04961], Train Rec Loss=[0.02999], Eval Rec Loss=[0.03005], c=[0.01000], F=[0.84316, 0.88170, 0.90948, 0.93587], F_fuse=[0.01488, 0.01188, 0.00905, 0.00609]
[ INFO : 2026-06-17 20:39:56,997 ] - Epoch 174: train==[133.27971 = 0.57429 + 1.72589 + 20.63144 + 0.01666 + 0.00000 + 0.00070 + 1225.89705]
[ INFO : 2026-06-17 20:40:08,959 ] - Test_@[5, 10, 20, 50]: Recall=[0.03555, 0.05662, 0.08584, 0.14359],  precision=[0.00748, 0.00594, 0.00453, 0.00305], hit=[0.03728, 0.05919, 0.08964, 0.15006], ndcg=[0.02352, 0.03034, 0.03775, 0.04929], Train Rec Loss=[0.02998], Eval Rec Loss=[0.03004], c=[0.01000], F=[0.84343, 0.88274, 0.91167, 0.93897], F_fuse=[0.01482, 0.01181, 0.00901, 0.00608]
[ INFO : 2026-06-17 20:42:46,870 ] - Epoch 175: train==[133.31696 = 0.56926 + 1.72588 + 20.67368 + 0.01670 + 0.00000 + 0.00070 + 1225.89705]
[ INFO : 2026-06-17 20:42:56,037 ] - Test_@[5, 10, 20, 50]: Recall=[0.03594, 0.05627, 0.08518, 0.14424],  precision=[0.00757, 0.00591, 0.00449, 0.00306], hit=[0.03775, 0.05888, 0.08897, 0.15053], ndcg=[0.02381, 0.03040, 0.03773, 0.04952], Train Rec Loss=[0.02999], Eval Rec Loss=[0.03005], c=[0.01000], F=[0.84261, 0.88203, 0.91045, 0.93735], F_fuse=[0.01501, 0.01175, 0.00894, 0.00610]
[ INFO : 2026-06-17 20:45:44,820 ] - Epoch 176: train==[133.24125 = 0.56818 + 1.72589 + 20.59904 + 0.01672 + 0.00000 + 0.00069 + 1225.89705]
[ INFO : 2026-06-17 20:45:54,687 ] - Test_@[5, 10, 20, 50]: Recall=[0.03591, 0.05605, 0.08582, 0.14422],  precision=[0.00758, 0.00588, 0.00452, 0.00306], hit=[0.03780, 0.05852, 0.08953, 0.15042], ndcg=[0.02369, 0.03022, 0.03776, 0.04943], Train Rec Loss=[0.02999], Eval Rec Loss=[0.03003], c=[0.01000], F=[0.84216, 0.88191, 0.91025, 0.93690], F_fuse=[0.01503, 0.01169, 0.00899, 0.00609]
[ INFO : 2026-06-17 20:48:32,202 ] - Epoch 177: train==[133.33550 = 0.56818 + 1.72588 + 20.69325 + 0.01676 + 0.00000 + 0.00069 + 1225.89705]
[ INFO : 2026-06-17 20:48:44,574 ] - Test_@[5, 10, 20, 50]: Recall=[0.03564, 0.05524, 0.08413, 0.14279],  precision=[0.00751, 0.00580, 0.00443, 0.00303], hit=[0.03744, 0.05770, 0.08779, 0.14893], ndcg=[0.02386, 0.03020, 0.03756, 0.04928], Train Rec Loss=[0.02997], Eval Rec Loss=[0.03004], c=[0.01000], F=[0.84339, 0.88314, 0.91177, 0.93890], F_fuse=[0.01488, 0.01152, 0.00882, 0.00603]
[ INFO : 2026-06-17 20:51:30,850 ] - Epoch 178: train==[133.33209 = 0.56691 + 1.72588 + 20.69105 + 0.01682 + 0.00000 + 0.00069 + 1225.89705]
[ INFO : 2026-06-17 20:51:40,606 ] - Test_@[5, 10, 20, 50]: Recall=[0.03548, 0.05519, 0.08454, 0.14304],  precision=[0.00746, 0.00580, 0.00446, 0.00303], hit=[0.03718, 0.05770, 0.08835, 0.14909], ndcg=[0.02360, 0.03004, 0.03751, 0.04918], Train Rec Loss=[0.02997], Eval Rec Loss=[0.03004], c=[0.01000], F=[0.84235, 0.88152, 0.90959, 0.93602], F_fuse=[0.01478, 0.01153, 0.00888, 0.00604]
[ INFO : 2026-06-17 20:54:25,456 ] - Epoch 179: train==[133.20381 = 0.56375 + 1.72588 + 20.56581 + 0.01694 + 0.00000 + 0.00069 + 1225.89705]
[ INFO : 2026-06-17 20:54:36,378 ] - Test_@[5, 10, 20, 50]: Recall=[0.03532, 0.05647, 0.08580, 0.14451],  precision=[0.00744, 0.00593, 0.00452, 0.00307], hit=[0.03708, 0.05904, 0.08959, 0.15073], ndcg=[0.02356, 0.03043, 0.03787, 0.04959], Train Rec Loss=[0.02997], Eval Rec Loss=[0.03004], c=[0.01000], F=[0.84217, 0.88127, 0.90852, 0.93524], F_fuse=[0.01474, 0.01179, 0.00900, 0.00611]
[ INFO : 2026-06-17 20:57:09,756 ] - Epoch 180: train==[133.25912 = 0.56606 + 1.72588 + 20.61882 + 0.01693 + 0.00000 + 0.00069 + 1225.89705]
[ INFO : 2026-06-17 20:57:24,208 ] - Test_@[5, 10, 20, 50]: Recall=[0.03568, 0.05574, 0.08433, 0.14279],  precision=[0.00752, 0.00586, 0.00445, 0.00303], hit=[0.03749, 0.05827, 0.08804, 0.14893], ndcg=[0.02357, 0.03008, 0.03736, 0.04904], Train Rec Loss=[0.02997], Eval Rec Loss=[0.03003], c=[0.01000], F=[0.84213, 0.88148, 0.90994, 0.93739], F_fuse=[0.01490, 0.01164, 0.00885, 0.00604]
[ INFO : 2026-06-17 21:00:08,823 ] - Epoch 181: train==[133.26014 = 0.56572 + 1.72588 + 20.62009 + 0.01702 + 0.00000 + 0.00068 + 1225.89705]
[ INFO : 2026-06-17 21:00:19,862 ] - Test_@[5, 10, 20, 50]: Recall=[0.03556, 0.05636, 0.08475, 0.14314],  precision=[0.00749, 0.00591, 0.00447, 0.00304], hit=[0.03734, 0.05888, 0.08845, 0.14929], ndcg=[0.02370, 0.03043, 0.03763, 0.04927], Train Rec Loss=[0.02997], Eval Rec Loss=[0.03003], c=[0.01000], F=[0.84495, 0.88407, 0.91268, 0.93941], F_fuse=[0.01484, 0.01175, 0.00889, 0.00605]
[ INFO : 2026-06-17 21:03:01,412 ] - Epoch 182: train==[133.12800 = 0.55652 + 1.72588 + 20.49716 + 0.01701 + 0.00000 + 0.00069 + 1225.89705]
[ INFO : 2026-06-17 21:03:10,991 ] - Test_@[5, 10, 20, 50]: Recall=[0.03558, 0.05594, 0.08424, 0.14342],  precision=[0.00749, 0.00587, 0.00444, 0.00304], hit=[0.03734, 0.05852, 0.08794, 0.14955], ndcg=[0.02360, 0.03020, 0.03739, 0.04919], Train Rec Loss=[0.02997], Eval Rec Loss=[0.03002], c=[0.01000], F=[0.84109, 0.88043, 0.90862, 0.93635], F_fuse=[0.01484, 0.01167, 0.00883, 0.00606]
[ INFO : 2026-06-17 21:05:50,109 ] - Epoch 183: train==[133.22580 = 0.56013 + 1.72588 + 20.59129 + 0.01708 + 0.00000 + 0.00068 + 1225.89705]
[ INFO : 2026-06-17 21:06:03,583 ] - Test_@[5, 10, 20, 50]: Recall=[0.03563, 0.05619, 0.08505, 0.14359],  precision=[0.00750, 0.00590, 0.00448, 0.00305], hit=[0.03739, 0.05868, 0.08881, 0.14981], ndcg=[0.02353, 0.03019, 0.03750, 0.04917], Train Rec Loss=[0.02996], Eval Rec Loss=[0.03003], c=[0.01000], F=[0.84357, 0.88244, 0.91064, 0.93710], F_fuse=[0.01486, 0.01172, 0.00892, 0.00607]
[ INFO : 2026-06-17 21:08:41,593 ] - Epoch 184: train==[133.13441 = 0.55231 + 1.72588 + 20.50764 + 0.01716 + 0.00000 + 0.00068 + 1225.89705]
[ INFO : 2026-06-17 21:08:51,412 ] - Test_@[5, 10, 20, 50]: Recall=[0.03574, 0.05572, 0.08448, 0.14227],  precision=[0.00753, 0.00584, 0.00445, 0.00301], hit=[0.03754, 0.05811, 0.08809, 0.14842], ndcg=[0.02373, 0.03018, 0.03749, 0.04902], Train Rec Loss=[0.02996], Eval Rec Loss=[0.03003], c=[0.01000], F=[0.84167, 0.88225, 0.91066, 0.93803], F_fuse=[0.01492, 0.01161, 0.00885, 0.00601]
[ INFO : 2026-06-17 21:11:38,305 ] - Epoch 185: train==[133.17669 = 0.55397 + 1.72588 + 20.54817 + 0.01725 + 0.00000 + 0.00069 + 1225.89705]
[ INFO : 2026-06-17 21:11:49,983 ] - Test_@[5, 10, 20, 50]: Recall=[0.03515, 0.05566, 0.08406, 0.14190],  precision=[0.00742, 0.00585, 0.00443, 0.00301], hit=[0.03698, 0.05827, 0.08773, 0.14821], ndcg=[0.02356, 0.03019, 0.03739, 0.04894], Train Rec Loss=[0.02997], Eval Rec Loss=[0.03001], c=[0.01000], F=[0.84365, 0.88342, 0.91195, 0.93939], F_fuse=[0.01470, 0.01162, 0.00882, 0.00600]
[ INFO : 2026-06-17 21:14:24,014 ] - Epoch 186: train==[133.20764 = 0.55375 + 1.72589 + 20.57936 + 0.01722 + 0.00000 + 0.00068 + 1225.89705]
[ INFO : 2026-06-17 21:14:34,327 ] - Test_@[5, 10, 20, 50]: Recall=[0.03542, 0.05577, 0.08464, 0.14197],  precision=[0.00746, 0.00585, 0.00446, 0.00301], hit=[0.03718, 0.05816, 0.08840, 0.14806], ndcg=[0.02351, 0.03011, 0.03744, 0.04886], Train Rec Loss=[0.02995], Eval Rec Loss=[0.03002], c=[0.01000], F=[0.84262, 0.88291, 0.91101, 0.93842], F_fuse=[0.01478, 0.01163, 0.00888, 0.00600]
[ INFO : 2026-06-17 21:17:25,696 ] - Epoch 187: train==[133.05382 = 0.54737 + 1.72588 + 20.43183 + 0.01732 + 0.00000 + 0.00069 + 1225.89705]
[ INFO : 2026-06-17 21:17:37,245 ] - Test_@[5, 10, 20, 50]: Recall=[0.03489, 0.05636, 0.08460, 0.14291],  precision=[0.00734, 0.00591, 0.00446, 0.00303], hit=[0.03662, 0.05883, 0.08830, 0.14914], ndcg=[0.02342, 0.03039, 0.03753, 0.04914], Train Rec Loss=[0.02996], Eval Rec Loss=[0.03001], c=[0.01000], F=[0.84177, 0.88125, 0.90954, 0.93693], F_fuse=[0.01456, 0.01175, 0.00888, 0.00604]
[ INFO : 2026-06-17 21:20:21,518 ] - Epoch 188: train==[133.05925 = 0.54979 + 1.72588 + 20.43475 + 0.01740 + 0.00000 + 0.00069 + 1225.89705]
[ INFO : 2026-06-17 21:20:33,115 ] - Test_@[5, 10, 20, 50]: Recall=[0.03511, 0.05618, 0.08428, 0.14170],  precision=[0.00740, 0.00590, 0.00445, 0.00300], hit=[0.03687, 0.05873, 0.08804, 0.14796], ndcg=[0.02356, 0.03040, 0.03750, 0.04895], Train Rec Loss=[0.02995], Eval Rec Loss=[0.03001], c=[0.01000], F=[0.84254, 0.88282, 0.91165, 0.93954], F_fuse=[0.01466, 0.01173, 0.00885, 0.00599]
[ INFO : 2026-06-17 21:23:09,097 ] - Epoch 189: train==[133.08986 = 0.54684 + 1.72588 + 20.46835 + 0.01737 + 0.00000 + 0.00068 + 1225.89705]
[ INFO : 2026-06-17 21:23:20,642 ] - Test_@[5, 10, 20, 50]: Recall=[0.03562, 0.05603, 0.08444, 0.14343],  precision=[0.00750, 0.00589, 0.00446, 0.00304], hit=[0.03739, 0.05858, 0.08820, 0.14955], ndcg=[0.02367, 0.03029, 0.03750, 0.04926], Train Rec Loss=[0.02994], Eval Rec Loss=[0.03001], c=[0.01000], F=[0.84313, 0.88399, 0.91116, 0.93834], F_fuse=[0.01486, 0.01170, 0.00887, 0.00606]
[ INFO : 2026-06-17 21:26:03,515 ] - Epoch 190: train==[133.12938 = 0.54612 + 1.72588 + 20.50849 + 0.01747 + 0.00000 + 0.00068 + 1225.89705]
[ INFO : 2026-06-17 21:26:16,593 ] - Test_@[5, 10, 20, 50]: Recall=[0.03569, 0.05559, 0.08397, 0.14153],  precision=[0.00753, 0.00585, 0.00443, 0.00300], hit=[0.03754, 0.05811, 0.08758, 0.14775], ndcg=[0.02373, 0.03018, 0.03737, 0.04886], Train Rec Loss=[0.02995], Eval Rec Loss=[0.03002], c=[0.01000], F=[0.84311, 0.88347, 0.91157, 0.93905], F_fuse=[0.01492, 0.01162, 0.00881, 0.00598]
[ INFO : 2026-06-17 21:29:04,713 ] - Epoch 191: train==[133.08360 = 0.54631 + 1.72588 + 20.46242 + 0.01757 + 0.00000 + 0.00068 + 1225.89705]
[ INFO : 2026-06-17 21:29:14,484 ] - Test_@[5, 10, 20, 50]: Recall=[0.03511, 0.05572, 0.08403, 0.14182],  precision=[0.00741, 0.00585, 0.00443, 0.00300], hit=[0.03692, 0.05816, 0.08773, 0.14785], ndcg=[0.02351, 0.03019, 0.03736, 0.04888], Train Rec Loss=[0.02995], Eval Rec Loss=[0.03002], c=[0.01000], F=[0.84238, 0.88245, 0.91070, 0.93808], F_fuse=[0.01468, 0.01162, 0.00882, 0.00599]
[ INFO : 2026-06-17 21:31:55,228 ] - Epoch 192: train==[132.92497 = 0.54173 + 1.72588 + 20.30840 + 0.01754 + 0.00000 + 0.00068 + 1225.89705]
[ INFO : 2026-06-17 21:32:06,191 ] - Test_@[5, 10, 20, 50]: Recall=[0.03553, 0.05603, 0.08403, 0.14302],  precision=[0.00749, 0.00588, 0.00443, 0.00303], hit=[0.03728, 0.05852, 0.08768, 0.14904], ndcg=[0.02367, 0.03032, 0.03742, 0.04919], Train Rec Loss=[0.02994], Eval Rec Loss=[0.03001], c=[0.01000], F=[0.84154, 0.88147, 0.90995, 0.93703], F_fuse=[0.01484, 0.01169, 0.00881, 0.00604]
[ INFO : 2026-06-17 21:34:49,349 ] - Epoch 193: train==[133.07087 = 0.54082 + 1.72588 + 20.45514 + 0.01760 + 0.00000 + 0.00069 + 1225.89705]
[ INFO : 2026-06-17 21:34:58,948 ] - Test_@[5, 10, 20, 50]: Recall=[0.03557, 0.05581, 0.08417, 0.14346],  precision=[0.00750, 0.00587, 0.00444, 0.00304], hit=[0.03739, 0.05837, 0.08784, 0.14945], ndcg=[0.02365, 0.03024, 0.03744, 0.04927], Train Rec Loss=[0.02994], Eval Rec Loss=[0.03000], c=[0.01000], F=[0.84087, 0.88107, 0.90931, 0.93694], F_fuse=[0.01486, 0.01166, 0.00883, 0.00606]
[ INFO : 2026-06-17 21:37:49,259 ] - Epoch 194: train==[133.07438 = 0.53892 + 1.72588 + 20.46053 + 0.01763 + 0.00000 + 0.00068 + 1225.89705]
[ INFO : 2026-06-17 21:37:59,266 ] - Test_@[5, 10, 20, 50]: Recall=[0.03497, 0.05572, 0.08348, 0.14194],  precision=[0.00736, 0.00586, 0.00440, 0.00301], hit=[0.03672, 0.05827, 0.08717, 0.14801], ndcg=[0.02340, 0.03015, 0.03721, 0.04888], Train Rec Loss=[0.02994], Eval Rec Loss=[0.03000], c=[0.01000], F=[0.84173, 0.88165, 0.90991, 0.93697], F_fuse=[0.01460, 0.01164, 0.00876, 0.00600]
[ INFO : 2026-06-17 21:40:37,618 ] - Epoch 195: train==[132.92064 = 0.53663 + 1.72588 + 20.30895 + 0.01777 + 0.00000 + 0.00068 + 1225.89705]
[ INFO : 2026-06-17 21:40:49,656 ] - Test_@[5, 10, 20, 50]: Recall=[0.03514, 0.05483, 0.08372, 0.14068],  precision=[0.00741, 0.00576, 0.00441, 0.00298], hit=[0.03692, 0.05729, 0.08737, 0.14688], ndcg=[0.02346, 0.02986, 0.03720, 0.04856], Train Rec Loss=[0.02994], Eval Rec Loss=[0.03000], c=[0.01000], F=[0.84293, 0.88326, 0.91226, 0.93975], F_fuse=[0.01468, 0.01146, 0.00878, 0.00594]
[ INFO : 2026-06-17 21:43:33,491 ] - Epoch 196: train==[133.03654 = 0.53803 + 1.72588 + 20.42345 + 0.01776 + 0.00000 + 0.00068 + 1225.89705]
[ INFO : 2026-06-17 21:43:43,562 ] - Test_@[5, 10, 20, 50]: Recall=[0.03546, 0.05641, 0.08438, 0.14268],  precision=[0.00747, 0.00593, 0.00445, 0.00302], hit=[0.03723, 0.05894, 0.08820, 0.14873], ndcg=[0.02373, 0.03052, 0.03760, 0.04921], Train Rec Loss=[0.02995], Eval Rec Loss=[0.03000], c=[0.01000], F=[0.84095, 0.88135, 0.90965, 0.93752], F_fuse=[0.01480, 0.01178, 0.00886, 0.00602]
[ INFO : 2026-06-17 21:46:28,734 ] - Epoch 197: train==[132.89298 = 0.53343 + 1.72588 + 20.28439 + 0.01787 + 0.00000 + 0.00068 + 1225.89705]
[ INFO : 2026-06-17 21:46:38,473 ] - Test_@[5, 10, 20, 50]: Recall=[0.03527, 0.05615, 0.08444, 0.14263],  precision=[0.00744, 0.00590, 0.00446, 0.00302], hit=[0.03703, 0.05868, 0.08830, 0.14883], ndcg=[0.02358, 0.03034, 0.03752, 0.04910], Train Rec Loss=[0.02994], Eval Rec Loss=[0.02999], c=[0.01000], F=[0.84218, 0.88190, 0.91056, 0.93804], F_fuse=[0.01474, 0.01172, 0.00887, 0.00602]
[ INFO : 2026-06-17 21:49:14,732 ] - Epoch 198: train==[132.89835 = 0.53473 + 1.72588 + 20.28851 + 0.01783 + 0.00000 + 0.00067 + 1225.89705]
[ INFO : 2026-06-17 21:49:25,069 ] - Test_@[5, 10, 20, 50]: Recall=[0.03525, 0.05608, 0.08369, 0.14262],  precision=[0.00742, 0.00589, 0.00442, 0.00302], hit=[0.03698, 0.05852, 0.08748, 0.14878], ndcg=[0.02368, 0.03043, 0.03745, 0.04918], Train Rec Loss=[0.02993], Eval Rec Loss=[0.02999], c=[0.01000], F=[0.84218, 0.88167, 0.90981, 0.93737], F_fuse=[0.01470, 0.01170, 0.00879, 0.00602]
[ INFO : 2026-06-17 21:52:09,270 ] - Epoch 199: train==[132.96276 = 0.53332 + 1.72588 + 20.35424 + 0.01791 + 0.00000 + 0.00067 + 1225.89705]
[ INFO : 2026-06-17 21:52:19,384 ] - Test_@[5, 10, 20, 50]: Recall=[0.03533, 0.05587, 0.08364, 0.14150],  precision=[0.00745, 0.00586, 0.00440, 0.00300], hit=[0.03713, 0.05827, 0.08722, 0.14780], ndcg=[0.02365, 0.03029, 0.03736, 0.04892], Train Rec Loss=[0.02994], Eval Rec Loss=[0.02999], c=[0.01000], F=[0.84236, 0.88241, 0.91051, 0.93824], F_fuse=[0.01476, 0.01165, 0.00877, 0.00599]
[ INFO : 2026-06-17 21:55:06,113 ] - Epoch 200: train==[132.96058 = 0.53018 + 1.72588 + 20.35515 + 0.01795 + 0.00000 + 0.00068 + 1225.89705]
[ INFO : 2026-06-17 21:55:15,789 ] - Test_@[5, 10, 20, 50]: Recall=[0.03521, 0.05592, 0.08373, 0.14118],  precision=[0.00743, 0.00587, 0.00441, 0.00299], hit=[0.03703, 0.05827, 0.08748, 0.14744], ndcg=[0.02348, 0.03019, 0.03724, 0.04871], Train Rec Loss=[0.02993], Eval Rec Loss=[0.03000], c=[0.01000], F=[0.84308, 0.88250, 0.91078, 0.93830], F_fuse=[0.01472, 0.01166, 0.00878, 0.00597]
[ INFO : 2026-06-17 21:57:58,102 ] - Epoch 201: train==[132.88614 = 0.52872 + 1.72587 + 20.28211 + 0.01801 + 0.00000 + 0.00069 + 1225.89705]
[ INFO : 2026-06-17 21:58:09,181 ] - Test_@[5, 10, 20, 50]: Recall=[0.03531, 0.05586, 0.08463, 0.14381],  precision=[0.00743, 0.00587, 0.00446, 0.00305], hit=[0.03703, 0.05832, 0.08825, 0.15001], ndcg=[0.02361, 0.03029, 0.03761, 0.04940], Train Rec Loss=[0.02993], Eval Rec Loss=[0.02999], c=[0.01000], F=[0.84266, 0.88125, 0.90858, 0.93575], F_fuse=[0.01472, 0.01166, 0.00888, 0.00608]
[ INFO : 2026-06-17 22:00:50,637 ] - Epoch 202: train==[132.94676 = 0.52661 + 1.72588 + 20.34473 + 0.01812 + 0.00000 + 0.00068 + 1225.89705]
[ INFO : 2026-06-17 22:01:00,966 ] - Test_@[5, 10, 20, 50]: Recall=[0.03509, 0.05582, 0.08270, 0.13884],  precision=[0.00737, 0.00587, 0.00435, 0.00295], hit=[0.03677, 0.05832, 0.08619, 0.14497], ndcg=[0.02348, 0.03018, 0.03700, 0.04824], Train Rec Loss=[0.02993], Eval Rec Loss=[0.02998], c=[0.01000], F=[0.84172, 0.88242, 0.91016, 0.93865], F_fuse=[0.01462, 0.01167, 0.00866, 0.00587]
[ INFO : 2026-06-17 22:03:40,320 ] - Epoch 203: train==[132.82897 = 0.52651 + 1.72587 + 20.22704 + 0.01814 + 0.00000 + 0.00067 + 1225.89705]
[ INFO : 2026-06-17 22:03:49,989 ] - Test_@[5, 10, 20, 50]: Recall=[0.03477, 0.05592, 0.08355, 0.14087],  precision=[0.00733, 0.00587, 0.00440, 0.00298], hit=[0.03656, 0.05842, 0.08722, 0.14698], ndcg=[0.02332, 0.03017, 0.03719, 0.04864], Train Rec Loss=[0.02993], Eval Rec Loss=[0.03000], c=[0.01000], F=[0.84277, 0.88214, 0.91078, 0.93864], F_fuse=[0.01454, 0.01167, 0.00875, 0.00595]
[ INFO : 2026-06-17 22:06:26,785 ] - Epoch 204: train==[132.78992 = 0.52428 + 1.72588 + 20.19024 + 0.01810 + 0.00000 + 0.00068 + 1225.89705]
[ INFO : 2026-06-17 22:06:36,418 ] - Test_@[5, 10, 20, 50]: Recall=[0.03567, 0.05597, 0.08385, 0.14235],  precision=[0.00753, 0.00587, 0.00442, 0.00302], hit=[0.03754, 0.05837, 0.08753, 0.14847], ndcg=[0.02366, 0.03021, 0.03728, 0.04895], Train Rec Loss=[0.02993], Eval Rec Loss=[0.02999], c=[0.01000], F=[0.84157, 0.88136, 0.90951, 0.93681], F_fuse=[0.01492, 0.01166, 0.00879, 0.00601]
[ INFO : 2026-06-17 22:09:27,391 ] - Epoch 205: train==[132.92010 = 0.52114 + 1.72587 + 20.32347 + 0.01820 + 0.00000 + 0.00067 + 1225.89705]
[ INFO : 2026-06-17 22:09:38,245 ] - Test_@[5, 10, 20, 50]: Recall=[0.03504, 0.05520, 0.08293, 0.14029],  precision=[0.00737, 0.00580, 0.00436, 0.00298], hit=[0.03677, 0.05760, 0.08650, 0.14657], ndcg=[0.02351, 0.03002, 0.03708, 0.04853], Train Rec Loss=[0.02993], Eval Rec Loss=[0.02998], c=[0.01000], F=[0.84352, 0.88331, 0.91206, 0.93961], F_fuse=[0.01462, 0.01152, 0.00869, 0.00593]
[ INFO : 2026-06-17 22:12:26,613 ] - Epoch 206: train==[132.67334 = 0.52329 + 1.72587 + 20.07446 + 0.01830 + 0.00000 + 0.00067 + 1225.89705]
[ INFO : 2026-06-17 22:12:36,235 ] - Test_@[5, 10, 20, 50]: Recall=[0.03510, 0.05541, 0.08347, 0.13963],  precision=[0.00740, 0.00581, 0.00440, 0.00296], hit=[0.03687, 0.05786, 0.08712, 0.14574], ndcg=[0.02352, 0.03008, 0.03721, 0.04842], Train Rec Loss=[0.02992], Eval Rec Loss=[0.02998], c=[0.01000], F=[0.84247, 0.88318, 0.91171, 0.93960], F_fuse=[0.01466, 0.01155, 0.00875, 0.00590]
[ INFO : 2026-06-17 22:15:14,823 ] - Epoch 207: train==[132.70001 = 0.51731 + 1.72587 + 20.10707 + 0.01834 + 0.00000 + 0.00068 + 1225.89705]
[ INFO : 2026-06-17 22:15:25,988 ] - Test_@[5, 10, 20, 50]: Recall=[0.03505, 0.05545, 0.08338, 0.13921],  precision=[0.00740, 0.00581, 0.00439, 0.00296], hit=[0.03687, 0.05775, 0.08707, 0.14564], ndcg=[0.02335, 0.02993, 0.03704, 0.04821], Train Rec Loss=[0.02992], Eval Rec Loss=[0.02999], c=[0.01000], F=[0.84347, 0.88301, 0.91210, 0.93895], F_fuse=[0.01466, 0.01155, 0.00873, 0.00589]
[ INFO : 2026-06-17 22:18:09,117 ] - Epoch 208: train==[132.82305 = 0.52085 + 1.72587 + 20.22649 + 0.01842 + 0.00000 + 0.00067 + 1225.89705]
[ INFO : 2026-06-17 22:18:19,853 ] - Test_@[5, 10, 20, 50]: Recall=[0.03524, 0.05523, 0.08348, 0.14008],  precision=[0.00742, 0.00579, 0.00440, 0.00297], hit=[0.03698, 0.05760, 0.08732, 0.14626], ndcg=[0.02349, 0.02995, 0.03714, 0.04843], Train Rec Loss=[0.02992], Eval Rec Loss=[0.02998], c=[0.01000], F=[0.84195, 0.88206, 0.91040, 0.93824], F_fuse=[0.01470, 0.01151, 0.00876, 0.00592]
[ INFO : 2026-06-17 22:21:06,639 ] - Epoch 209: train==[132.89669 = 0.52011 + 1.72587 + 20.30090 + 0.01840 + 0.00000 + 0.00068 + 1225.89705]
[ INFO : 2026-06-17 22:21:17,636 ] - Test_@[5, 10, 20, 50]: Recall=[0.03520, 0.05578, 0.08375, 0.14062],  precision=[0.00741, 0.00586, 0.00442, 0.00298], hit=[0.03692, 0.05837, 0.08758, 0.14677], ndcg=[0.02355, 0.03023, 0.03732, 0.04867], Train Rec Loss=[0.02992], Eval Rec Loss=[0.02997], c=[0.01000], F=[0.84148, 0.88153, 0.90962, 0.93793], F_fuse=[0.01468, 0.01165, 0.00879, 0.00594]
[ INFO : 2026-06-17 22:23:58,281 ] - Epoch 210: train==[132.83133 = 0.51576 + 1.72587 + 20.23989 + 0.01840 + 0.00000 + 0.00067 + 1225.89705]
[ INFO : 2026-06-17 22:24:10,031 ] - Test_@[5, 10, 20, 50]: Recall=[0.03528, 0.05466, 0.08274, 0.13909],  precision=[0.00743, 0.00574, 0.00436, 0.00295], hit=[0.03703, 0.05703, 0.08640, 0.14528], ndcg=[0.02345, 0.02971, 0.03684, 0.04808], Train Rec Loss=[0.02992], Eval Rec Loss=[0.02998], c=[0.01000], F=[0.84328, 0.88342, 0.91160, 0.93961], F_fuse=[0.01472, 0.01140, 0.00868, 0.00588]
[ INFO : 2026-06-17 22:26:47,497 ] - Epoch 211: train==[132.70763 = 0.51306 + 1.72587 + 20.11875 + 0.01852 + 0.00000 + 0.00068 + 1225.89705]
[ INFO : 2026-06-17 22:26:59,017 ] - Test_@[5, 10, 20, 50]: Recall=[0.03528, 0.05503, 0.08289, 0.13935],  precision=[0.00742, 0.00579, 0.00437, 0.00295], hit=[0.03698, 0.05760, 0.08645, 0.14544], ndcg=[0.02347, 0.02988, 0.03697, 0.04826], Train Rec Loss=[0.02992], Eval Rec Loss=[0.02997], c=[0.01000], F=[0.84059, 0.88049, 0.90886, 0.93718], F_fuse=[0.01470, 0.01151, 0.00869, 0.00589]
[ INFO : 2026-06-17 22:29:46,241 ] - Epoch 212: train==[132.70697 = 0.51514 + 1.72587 + 20.11597 + 0.01858 + 0.00000 + 0.00067 + 1225.89705]
[ INFO : 2026-06-17 22:29:59,706 ] - Test_@[5, 10, 20, 50]: Recall=[0.03502, 0.05501, 0.08348, 0.13981],  precision=[0.00736, 0.00579, 0.00440, 0.00296], hit=[0.03672, 0.05755, 0.08707, 0.14580], ndcg=[0.02343, 0.02993, 0.03715, 0.04839], Train Rec Loss=[0.02992], Eval Rec Loss=[0.02998], c=[0.01000], F=[0.84245, 0.88226, 0.91078, 0.93795], F_fuse=[0.01460, 0.01151, 0.00875, 0.00591]
[ INFO : 2026-06-17 22:32:43,269 ] - Epoch 213: train==[132.77975 = 0.51098 + 1.72587 + 20.19285 + 0.01864 + 0.00000 + 0.00067 + 1225.89705]
[ INFO : 2026-06-17 22:32:55,810 ] - Test_@[5, 10, 20, 50]: Recall=[0.03532, 0.05513, 0.08380, 0.14055],  precision=[0.00743, 0.00580, 0.00442, 0.00298], hit=[0.03703, 0.05765, 0.08758, 0.14667], ndcg=[0.02349, 0.02991, 0.03717, 0.04846], Train Rec Loss=[0.02991], Eval Rec Loss=[0.02998], c=[0.01000], F=[0.84126, 0.88102, 0.90955, 0.93722], F_fuse=[0.01472, 0.01152, 0.00880, 0.00594]
[ INFO : 2026-06-17 22:35:39,119 ] - Epoch 214: train==[132.87700 = 0.50733 + 1.72587 + 20.29371 + 0.01868 + 0.00000 + 0.00067 + 1225.89705]
[ INFO : 2026-06-17 22:35:50,515 ] - Test_@[5, 10, 20, 50]: Recall=[0.03542, 0.05452, 0.08309, 0.14012],  precision=[0.00746, 0.00573, 0.00437, 0.00297], hit=[0.03718, 0.05693, 0.08655, 0.14616], ndcg=[0.02362, 0.02979, 0.03705, 0.04845], Train Rec Loss=[0.02990], Eval Rec Loss=[0.02997], c=[0.01000], F=[0.84154, 0.88111, 0.90992, 0.93797], F_fuse=[0.01478, 0.01138, 0.00870, 0.00592]
[ INFO : 2026-06-17 22:38:30,406 ] - Epoch 215: train==[132.75569 = 0.51034 + 1.72587 + 20.16941 + 0.01865 + 0.00000 + 0.00068 + 1225.89705]
[ INFO : 2026-06-17 22:38:40,955 ] - Test_@[5, 10, 20, 50]: Recall=[0.03445, 0.05533, 0.08291, 0.13863],  precision=[0.00726, 0.00581, 0.00436, 0.00294], hit=[0.03620, 0.05770, 0.08635, 0.14466], ndcg=[0.02326, 0.03001, 0.03700, 0.04811], Train Rec Loss=[0.02992], Eval Rec Loss=[0.02997], c=[0.01000], F=[0.84274, 0.88338, 0.91206, 0.93958], F_fuse=[0.01440, 0.01154, 0.00868, 0.00585]
[ INFO : 2026-06-17 22:41:22,422 ] - Epoch 216: train==[132.69451 = 0.50927 + 1.72587 + 20.10922 + 0.01874 + 0.00000 + 0.00068 + 1225.89705]
[ INFO : 2026-06-17 22:41:34,491 ] - Test_@[5, 10, 20, 50]: Recall=[0.03526, 0.05422, 0.08261, 0.13964],  precision=[0.00741, 0.00570, 0.00436, 0.00296], hit=[0.03692, 0.05662, 0.08635, 0.14605], ndcg=[0.02332, 0.02948, 0.03673, 0.04813], Train Rec Loss=[0.02991], Eval Rec Loss=[0.02996], c=[0.01000], F=[0.84069, 0.88077, 0.90931, 0.93750], F_fuse=[0.01468, 0.01132, 0.00867, 0.00591]
[ INFO : 2026-06-17 22:44:15,709 ] - Epoch 217: train==[132.75056 = 0.50666 + 1.72587 + 20.16785 + 0.01874 + 0.00000 + 0.00070 + 1225.89705]
[ INFO : 2026-06-17 22:44:25,757 ] - Test_@[5, 10, 20, 50]: Recall=[0.03505, 0.05461, 0.08221, 0.13784],  precision=[0.00737, 0.00574, 0.00433, 0.00292], hit=[0.03677, 0.05708, 0.08583, 0.14400], ndcg=[0.02349, 0.02982, 0.03683, 0.04792], Train Rec Loss=[0.02990], Eval Rec Loss=[0.02998], c=[0.01000], F=[0.84167, 0.88190, 0.91029, 0.93912], F_fuse=[0.01462, 0.01141, 0.00862, 0.00583]
[ INFO : 2026-06-17 22:47:13,348 ] - Epoch 218: train==[132.77756 = 0.50799 + 1.72586 + 20.19349 + 0.01879 + 0.00000 + 0.00068 + 1225.89705]
[ INFO : 2026-06-17 22:47:22,916 ] - Test_@[5, 10, 20, 50]: Recall=[0.03527, 0.05473, 0.08297, 0.13923],  precision=[0.00742, 0.00576, 0.00437, 0.00295], hit=[0.03698, 0.05729, 0.08650, 0.14538], ndcg=[0.02341, 0.02972, 0.03688, 0.04809], Train Rec Loss=[0.02991], Eval Rec Loss=[0.02996], c=[0.01000], F=[0.84196, 0.88206, 0.91066, 0.93889], F_fuse=[0.01470, 0.01146, 0.00870, 0.00588]
[ INFO : 2026-06-17 22:50:03,837 ] - Epoch 219: train==[132.68931 = 0.50430 + 1.72586 + 20.10885 + 0.01888 + 0.00000 + 0.00067 + 1225.89705]
[ INFO : 2026-06-17 22:50:15,111 ] - Test_@[5, 10, 20, 50]: Recall=[0.03520, 0.05475, 0.08353, 0.14019],  precision=[0.00742, 0.00575, 0.00441, 0.00297], hit=[0.03698, 0.05714, 0.08737, 0.14626], ndcg=[0.02354, 0.02988, 0.03720, 0.04847], Train Rec Loss=[0.02990], Eval Rec Loss=[0.02996], c=[0.01000], F=[0.84154, 0.88162, 0.90893, 0.93711], F_fuse=[0.01470, 0.01143, 0.00878, 0.00592]
[ INFO : 2026-06-17 22:53:07,945 ] - Epoch 220: train==[132.72881 = 0.50105 + 1.72586 + 20.15158 + 0.01890 + 0.00000 + 0.00068 + 1225.89705]
[ INFO : 2026-06-17 22:53:18,323 ] - Test_@[5, 10, 20, 50]: Recall=[0.03546, 0.05463, 0.08249, 0.13871],  precision=[0.00745, 0.00574, 0.00434, 0.00294], hit=[0.03713, 0.05703, 0.08599, 0.14487], ndcg=[0.02369, 0.02988, 0.03696, 0.04820], Train Rec Loss=[0.02990], Eval Rec Loss=[0.02997], c=[0.01000], F=[0.84217, 0.88242, 0.91034, 0.93845], F_fuse=[0.01476, 0.01140, 0.00864, 0.00587]
[ INFO : 2026-06-17 22:56:01,886 ] - Epoch 221: train==[132.65205 = 0.50380 + 1.72586 + 20.07195 + 0.01902 + 0.00000 + 0.00068 + 1225.89705]
[ INFO : 2026-06-17 22:56:11,669 ] - Test_@[5, 10, 20, 50]: Recall=[0.03508, 0.05482, 0.08262, 0.13855],  precision=[0.00737, 0.00576, 0.00435, 0.00294], hit=[0.03677, 0.05724, 0.08619, 0.14466], ndcg=[0.02361, 0.03001, 0.03708, 0.04825], Train Rec Loss=[0.02991], Eval Rec Loss=[0.02996], c=[0.01000], F=[0.84271, 0.88236, 0.91084, 0.93864], F_fuse=[0.01462, 0.01144, 0.00866, 0.00585]
[ INFO : 2026-06-17 22:58:52,795 ] - Epoch 222: train==[132.70490 = 0.50253 + 1.72586 + 20.12608 + 0.01902 + 0.00000 + 0.00068 + 1225.89705]
[ INFO : 2026-06-17 22:59:04,368 ] - Test_@[5, 10, 20, 50]: Recall=[0.03483, 0.05344, 0.08095, 0.13820],  precision=[0.00732, 0.00560, 0.00428, 0.00293], hit=[0.03651, 0.05570, 0.08465, 0.14420], ndcg=[0.02329, 0.02934, 0.03637, 0.04781], Train Rec Loss=[0.02991], Eval Rec Loss=[0.02996], c=[0.01000], F=[0.84163, 0.88172, 0.90989, 0.93838], F_fuse=[0.01452, 0.01113, 0.00851, 0.00584]
[ INFO : 2026-06-17 23:01:49,339 ] - Epoch 223: train==[132.65005 = 0.50110 + 1.72586 + 20.07255 + 0.01911 + 0.00000 + 0.00068 + 1225.89705]
[ INFO : 2026-06-17 23:01:58,901 ] - Test_@[5, 10, 20, 50]: Recall=[0.03478, 0.05408, 0.08145, 0.13785],  precision=[0.00730, 0.00569, 0.00429, 0.00292], hit=[0.03641, 0.05652, 0.08511, 0.14400], ndcg=[0.02355, 0.02982, 0.03679, 0.04808], Train Rec Loss=[0.02990], Eval Rec Loss=[0.02997], c=[0.01000], F=[0.84190, 0.88156, 0.90954, 0.93805], F_fuse=[0.01448, 0.01130, 0.00854, 0.00583]
[ INFO : 2026-06-17 23:04:43,110 ] - Epoch 224: train==[132.67807 = 0.49938 + 1.72586 + 20.10226 + 0.01917 + 0.00000 + 0.00067 + 1225.89705]
[ INFO : 2026-06-17 23:04:53,527 ] - Test_@[5, 10, 20, 50]: Recall=[0.03540, 0.05516, 0.08255, 0.13958],  precision=[0.00745, 0.00580, 0.00435, 0.00296], hit=[0.03713, 0.05760, 0.08624, 0.14580], ndcg=[0.02358, 0.02997, 0.03694, 0.04835], Train Rec Loss=[0.02990], Eval Rec Loss=[0.02996], c=[0.01000], F=[0.84238, 0.88192, 0.90949, 0.93782], F_fuse=[0.01476, 0.01152, 0.00865, 0.00590]
[ INFO : 2026-06-17 23:07:32,589 ] - Epoch 225: train==[132.58258 = 0.49517 + 1.72586 + 20.01091 + 0.01924 + 0.00000 + 0.00067 + 1225.89705]
[ INFO : 2026-06-17 23:07:43,223 ] - Test_@[5, 10, 20, 50]: Recall=[0.03487, 0.05536, 0.08283, 0.13966],  precision=[0.00734, 0.00581, 0.00436, 0.00296], hit=[0.03662, 0.05775, 0.08655, 0.14585], ndcg=[0.02323, 0.02988, 0.03684, 0.04818], Train Rec Loss=[0.02990], Eval Rec Loss=[0.02996], c=[0.01000], F=[0.84229, 0.88134, 0.90985, 0.93837], F_fuse=[0.01456, 0.01155, 0.00869, 0.00590]
[ INFO : 2026-06-17 23:10:35,730 ] - Epoch 226: train==[132.65618 = 0.49388 + 1.72586 + 20.08578 + 0.01926 + 0.00000 + 0.00066 + 1225.89705]
[ INFO : 2026-06-17 23:10:45,410 ] - Test_@[5, 10, 20, 50]: Recall=[0.03528, 0.05520, 0.08323, 0.13912],  precision=[0.00744, 0.00581, 0.00438, 0.00295], hit=[0.03708, 0.05775, 0.08691, 0.14533], ndcg=[0.02364, 0.03013, 0.03724, 0.04840], Train Rec Loss=[0.02990], Eval Rec Loss=[0.02996], c=[0.01000], F=[0.84239, 0.88118, 0.90986, 0.93839], F_fuse=[0.01474, 0.01155, 0.00872, 0.00588]
[ INFO : 2026-06-17 23:13:41,343 ] - Epoch 227: train==[132.65011 = 0.49588 + 1.72586 + 20.07761 + 0.01936 + 0.00000 + 0.00066 + 1225.89705]
[ INFO : 2026-06-17 23:13:51,620 ] - Test_@[5, 10, 20, 50]: Recall=[0.03509, 0.05467, 0.08176, 0.13844],  precision=[0.00738, 0.00573, 0.00431, 0.00293], hit=[0.03682, 0.05698, 0.08547, 0.14446], ndcg=[0.02338, 0.02970, 0.03659, 0.04792], Train Rec Loss=[0.02990], Eval Rec Loss=[0.02996], c=[0.01000], F=[0.84299, 0.88244, 0.91112, 0.93882], F_fuse=[0.01464, 0.01139, 0.00858, 0.00585]
[ INFO : 2026-06-17 23:16:39,365 ] - Epoch 228: train==[132.64783 = 0.49180 + 1.72586 + 20.07943 + 0.01933 + 0.00000 + 0.00067 + 1225.89705]
[ INFO : 2026-06-17 23:16:53,155 ] - Test_@[5, 10, 20, 50]: Recall=[0.03580, 0.05502, 0.08282, 0.13798],  precision=[0.00751, 0.00578, 0.00436, 0.00293], hit=[0.03749, 0.05750, 0.08650, 0.14415], ndcg=[0.02385, 0.03005, 0.03709, 0.04810], Train Rec Loss=[0.02990], Eval Rec Loss=[0.02996], c=[0.01000], F=[0.84114, 0.88071, 0.90975, 0.93834], F_fuse=[0.01488, 0.01149, 0.00868, 0.00583]
[ INFO : 2026-06-17 23:19:30,982 ] - Epoch 229: train==[132.54972 = 0.49004 + 1.72585 + 19.98299 + 0.01943 + 0.00000 + 0.00066 + 1225.89705]
[ INFO : 2026-06-17 23:19:43,358 ] - Test_@[5, 10, 20, 50]: Recall=[0.03535, 0.05475, 0.08166, 0.13740],  precision=[0.00745, 0.00575, 0.00430, 0.00291], hit=[0.03713, 0.05719, 0.08532, 0.14348], ndcg=[0.02370, 0.02996, 0.03678, 0.04792], Train Rec Loss=[0.02989], Eval Rec Loss=[0.02996], c=[0.01000], F=[0.84114, 0.88172, 0.91009, 0.93873], F_fuse=[0.01476, 0.01142, 0.00857, 0.00581]
[ INFO : 2026-06-17 23:22:26,373 ] - Epoch 230: train==[132.63294 = 0.49075 + 1.72586 + 20.06554 + 0.01937 + 0.00000 + 0.00068 + 1225.89705]
[ INFO : 2026-06-17 23:22:38,162 ] - Test_@[5, 10, 20, 50]: Recall=[0.03523, 0.05469, 0.08254, 0.13872],  precision=[0.00740, 0.00574, 0.00434, 0.00294], hit=[0.03692, 0.05714, 0.08614, 0.14477], ndcg=[0.02363, 0.02996, 0.03702, 0.04825], Train Rec Loss=[0.02990], Eval Rec Loss=[0.02996], c=[0.01000], F=[0.84121, 0.88145, 0.90950, 0.93798], F_fuse=[0.01466, 0.01141, 0.00864, 0.00586]
[ INFO : 2026-06-17 23:25:27,263 ] - Epoch 231: train==[132.66705 = 0.49248 + 1.72585 + 20.09790 + 0.01941 + 0.00000 + 0.00067 + 1225.89705]
[ INFO : 2026-06-17 23:25:41,096 ] - Test_@[5, 10, 20, 50]: Recall=[0.03543, 0.05476, 0.08198, 0.13968],  precision=[0.00743, 0.00575, 0.00432, 0.00296], hit=[0.03708, 0.05714, 0.08563, 0.14595], ndcg=[0.02369, 0.02998, 0.03691, 0.04845], Train Rec Loss=[0.02990], Eval Rec Loss=[0.02997], c=[0.01000], F=[0.84077, 0.88136, 0.90870, 0.93727], F_fuse=[0.01472, 0.01142, 0.00860, 0.00591]
[ INFO : 2026-06-17 23:28:18,231 ] - Epoch 232: train==[132.47677 = 0.48898 + 1.72585 + 19.91101 + 0.01953 + 0.00000 + 0.00066 + 1225.89705]
[ INFO : 2026-06-17 23:28:27,842 ] - Test_@[5, 10, 20, 50]: Recall=[0.03509, 0.05478, 0.08288, 0.13906],  precision=[0.00734, 0.00576, 0.00436, 0.00294], hit=[0.03667, 0.05729, 0.08650, 0.14513], ndcg=[0.02361, 0.03004, 0.03717, 0.04840], Train Rec Loss=[0.02989], Eval Rec Loss=[0.02996], c=[0.01000], F=[0.84132, 0.88055, 0.90890, 0.93731], F_fuse=[0.01456, 0.01145, 0.00868, 0.00587]
[ INFO : 2026-06-17 23:31:20,446 ] - Epoch 233: train==[132.54959 = 0.48505 + 1.72585 + 19.98769 + 0.01960 + 0.00000 + 0.00066 + 1225.89705]
[ INFO : 2026-06-17 23:31:31,443 ] - Test_@[5, 10, 20, 50]: Recall=[0.03469, 0.05439, 0.08143, 0.13784],  precision=[0.00729, 0.00572, 0.00429, 0.00292], hit=[0.03641, 0.05683, 0.08506, 0.14400], ndcg=[0.02348, 0.02990, 0.03678, 0.04808], Train Rec Loss=[0.02990], Eval Rec Loss=[0.02996], c=[0.01000], F=[0.84302, 0.88214, 0.91040, 0.93856], F_fuse=[0.01446, 0.01137, 0.00853, 0.00583]
[ INFO : 2026-06-17 23:34:18,795 ] - Epoch 234: train==[132.51497 = 0.48218 + 1.72585 + 19.95596 + 0.01958 + 0.00000 + 0.00067 + 1225.89705]
[ INFO : 2026-06-17 23:34:28,428 ] - Test_@[5, 10, 20, 50]: Recall=[0.03523, 0.05451, 0.08193, 0.13918],  precision=[0.00738, 0.00573, 0.00432, 0.00295], hit=[0.03687, 0.05688, 0.08552, 0.14538], ndcg=[0.02367, 0.02996, 0.03695, 0.04839], Train Rec Loss=[0.02990], Eval Rec Loss=[0.02996], c=[0.01000], F=[0.84198, 0.88210, 0.90971, 0.93779], F_fuse=[0.01464, 0.01138, 0.00859, 0.00588]
[ INFO : 2026-06-17 23:37:02,508 ] - Epoch 235: train==[132.53001 = 0.48518 + 1.72585 + 19.96793 + 0.01964 + 0.00000 + 0.00067 + 1225.89705]
[ INFO : 2026-06-17 23:37:12,965 ] - Test_@[5, 10, 20, 50]: Recall=[0.03514, 0.05347, 0.08153, 0.13692],  precision=[0.00738, 0.00562, 0.00429, 0.00290], hit=[0.03687, 0.05580, 0.08516, 0.14297], ndcg=[0.02360, 0.02957, 0.03669, 0.04777], Train Rec Loss=[0.02989], Eval Rec Loss=[0.02995], c=[0.01000], F=[0.84258, 0.88291, 0.91170, 0.93986], F_fuse=[0.01464, 0.01116, 0.00855, 0.00579]
[ INFO : 2026-06-17 23:39:59,299 ] - Epoch 236: train==[132.56483 = 0.48736 + 1.72584 + 20.00051 + 0.01970 + 0.00000 + 0.00067 + 1225.89705]
[ INFO : 2026-06-17 23:40:12,783 ] - Test_@[5, 10, 20, 50]: Recall=[0.03537, 0.05461, 0.08264, 0.13825],  precision=[0.00743, 0.00574, 0.00435, 0.00293], hit=[0.03708, 0.05703, 0.08645, 0.14436], ndcg=[0.02369, 0.02995, 0.03707, 0.04819], Train Rec Loss=[0.02990], Eval Rec Loss=[0.02995], c=[0.01000], F=[0.84186, 0.88172, 0.90941, 0.93748], F_fuse=[0.01472, 0.01141, 0.00867, 0.00584]
[ INFO : 2026-06-17 23:42:49,567 ] - Epoch 237: train==[132.43686 = 0.48226 + 1.72584 + 19.87763 + 0.01970 + 0.00000 + 0.00068 + 1225.89705]
[ INFO : 2026-06-17 23:43:03,791 ] - Test_@[5, 10, 20, 50]: Recall=[0.03442, 0.05401, 0.08079, 0.13618],  precision=[0.00722, 0.00568, 0.00426, 0.00289], hit=[0.03605, 0.05647, 0.08434, 0.14230], ndcg=[0.02334, 0.02971, 0.03652, 0.04759], Train Rec Loss=[0.02989], Eval Rec Loss=[0.02995], c=[0.01000], F=[0.84160, 0.88271, 0.91168, 0.94068], F_fuse=[0.01432, 0.01129, 0.00847, 0.00576]
[ INFO : 2026-06-17 23:45:46,690 ] - Epoch 238: train==[132.57188 = 0.48334 + 1.72584 + 20.01159 + 0.01969 + 0.00000 + 0.00068 + 1225.89705]
[ INFO : 2026-06-17 23:45:57,543 ] - Test_@[5, 10, 20, 50]: Recall=[0.03477, 0.05520, 0.08105, 0.13635],  precision=[0.00729, 0.00580, 0.00427, 0.00289], hit=[0.03641, 0.05760, 0.08480, 0.14250], ndcg=[0.02350, 0.03013, 0.03669, 0.04778], Train Rec Loss=[0.02989], Eval Rec Loss=[0.02994], c=[0.01000], F=[0.84236, 0.88239, 0.91055, 0.93911], F_fuse=[0.01446, 0.01152, 0.00851, 0.00577]
[ INFO : 2026-06-17 23:48:46,300 ] - Epoch 239: train==[132.49719 = 0.47911 + 1.72584 + 19.94102 + 0.01982 + 0.00000 + 0.00066 + 1225.89705]
[ INFO : 2026-06-17 23:48:56,421 ] - Test_@[5, 10, 20, 50]: Recall=[0.03481, 0.05420, 0.08067, 0.13495],  precision=[0.00731, 0.00569, 0.00425, 0.00286], hit=[0.03651, 0.05657, 0.08419, 0.14106], ndcg=[0.02357, 0.02986, 0.03655, 0.04744], Train Rec Loss=[0.02989], Eval Rec Loss=[0.02994], c=[0.01000], F=[0.84283, 0.88365, 0.91151, 0.94031], F_fuse=[0.01450, 0.01131, 0.00846, 0.00571]
[ INFO : 2026-06-17 23:51:33,613 ] - Epoch 240: train==[132.61311 = 0.47800 + 1.72584 + 20.05810 + 0.01975 + 0.00000 + 0.00068 + 1225.89705]
[ INFO : 2026-06-17 23:51:44,176 ] - Test_@[5, 10, 20, 50]: Recall=[0.03529, 0.05450, 0.08156, 0.13807],  precision=[0.00741, 0.00572, 0.00430, 0.00293], hit=[0.03698, 0.05688, 0.08516, 0.14415], ndcg=[0.02378, 0.03002, 0.03690, 0.04820], Train Rec Loss=[0.02988], Eval Rec Loss=[0.02995], c=[0.01000], F=[0.84235, 0.88266, 0.91040, 0.93891], F_fuse=[0.01468, 0.01137, 0.00855, 0.00583]
[ INFO : 2026-06-17 23:54:23,886 ] - Epoch 241: train==[132.44135 = 0.47718 + 1.72584 + 19.88703 + 0.01988 + 0.00000 + 0.00067 + 1225.89705]
[ INFO : 2026-06-17 23:54:33,505 ] - Test_@[5, 10, 20, 50]: Recall=[0.03510, 0.05382, 0.08151, 0.13666],  precision=[0.00735, 0.00565, 0.00430, 0.00290], hit=[0.03672, 0.05616, 0.08521, 0.14266], ndcg=[0.02364, 0.02972, 0.03677, 0.04778], Train Rec Loss=[0.02989], Eval Rec Loss=[0.02995], c=[0.01000], F=[0.84032, 0.88042, 0.90912, 0.93801], F_fuse=[0.01458, 0.01123, 0.00856, 0.00578]
[ INFO : 2026-06-17 23:57:19,409 ] - Epoch 242: train==[132.49228 = 0.47636 + 1.72583 + 19.93882 + 0.01985 + 0.00000 + 0.00068 + 1225.89705]
[ INFO : 2026-06-17 23:57:29,024 ] - Test_@[5, 10, 20, 50]: Recall=[0.03501, 0.05384, 0.08011, 0.13506],  precision=[0.00736, 0.00566, 0.00422, 0.00286], hit=[0.03677, 0.05621, 0.08362, 0.14106], ndcg=[0.02365, 0.02976, 0.03643, 0.04747], Train Rec Loss=[0.02989], Eval Rec Loss=[0.02995], c=[0.01000], F=[0.84281, 0.88282, 0.91106, 0.93997], F_fuse=[0.01460, 0.01124, 0.00840, 0.00571]
[ INFO : 2026-06-18 00:00:19,190 ] - Epoch 243: train==[132.48012 = 0.47617 + 1.72584 + 19.92666 + 0.02005 + 0.00000 + 0.00066 + 1225.89705]
[ INFO : 2026-06-18 00:00:29,876 ] - Test_@[5, 10, 20, 50]: Recall=[0.03445, 0.05341, 0.08087, 0.13636],  precision=[0.00722, 0.00561, 0.00427, 0.00289], hit=[0.03605, 0.05570, 0.08455, 0.14240], ndcg=[0.02341, 0.02959, 0.03656, 0.04765], Train Rec Loss=[0.02988], Eval Rec Loss=[0.02995], c=[0.01000], F=[0.84230, 0.88286, 0.91052, 0.93935], F_fuse=[0.01432, 0.01115, 0.00850, 0.00576]
[ INFO : 2026-06-18 00:03:11,899 ] - Epoch 244: train==[132.49479 = 0.47623 + 1.72583 + 19.94132 + 0.02000 + 0.00000 + 0.00067 + 1225.89705]
[ INFO : 2026-06-18 00:03:22,827 ] - Test_@[5, 10, 20, 50]: Recall=[0.03480, 0.05413, 0.07997, 0.13573],  precision=[0.00730, 0.00569, 0.00421, 0.00288], hit=[0.03646, 0.05652, 0.08352, 0.14173], ndcg=[0.02349, 0.02978, 0.03633, 0.04750], Train Rec Loss=[0.02989], Eval Rec Loss=[0.02994], c=[0.01000], F=[0.84126, 0.88124, 0.90947, 0.93849], F_fuse=[0.01448, 0.01130, 0.00838, 0.00574]
[ INFO : 2026-06-18 00:06:07,667 ] - Epoch 245: train==[132.50019 = 0.47170 + 1.72583 + 19.95121 + 0.02005 + 0.00000 + 0.00067 + 1225.89705]
[ INFO : 2026-06-18 00:06:17,204 ] - Test_@[5, 10, 20, 50]: Recall=[0.03443, 0.05395, 0.08157, 0.13587],  precision=[0.00723, 0.00567, 0.00430, 0.00288], hit=[0.03610, 0.05636, 0.08516, 0.14194], ndcg=[0.02331, 0.02969, 0.03671, 0.04757], Train Rec Loss=[0.02989], Eval Rec Loss=[0.02995], c=[0.01000], F=[0.84277, 0.88229, 0.91089, 0.93915], F_fuse=[0.01434, 0.01127, 0.00855, 0.00574]
[ INFO : 2026-06-18 00:09:11,458 ] - Epoch 246: train==[132.44002 = 0.47275 + 1.72583 + 19.88991 + 0.02013 + 0.00000 + 0.00067 + 1225.89705]
[ INFO : 2026-06-18 00:09:21,830 ] - Test_@[5, 10, 20, 50]: Recall=[0.03542, 0.05481, 0.08190, 0.13729],  precision=[0.00743, 0.00576, 0.00431, 0.00291], hit=[0.03708, 0.05724, 0.08557, 0.14338], ndcg=[0.02373, 0.03000, 0.03687, 0.04794], Train Rec Loss=[0.02988], Eval Rec Loss=[0.02995], c=[0.01000], F=[0.84205, 0.88153, 0.91052, 0.93919], F_fuse=[0.01472, 0.01144, 0.00859, 0.00580]
[ INFO : 2026-06-18 00:12:07,355 ] - Epoch 247: train==[132.45783 = 0.47285 + 1.72582 + 19.90763 + 0.02010 + 0.00000 + 0.00068 + 1225.89705]
[ INFO : 2026-06-18 00:12:17,471 ] - Test_@[5, 10, 20, 50]: Recall=[0.03491, 0.05447, 0.08109, 0.13766],  precision=[0.00732, 0.00571, 0.00428, 0.00292], hit=[0.03646, 0.05667, 0.08480, 0.14379], ndcg=[0.02343, 0.02976, 0.03654, 0.04786], Train Rec Loss=[0.02989], Eval Rec Loss=[0.02994], c=[0.01000], F=[0.84178, 0.88062, 0.90899, 0.93707], F_fuse=[0.01452, 0.01134, 0.00851, 0.00582]
[ INFO : 2026-06-18 00:14:54,563 ] - Epoch 248: train==[132.57993 = 0.47483 + 1.72582 + 20.02770 + 0.02016 + 0.00000 + 0.00067 + 1225.89705]
[ INFO : 2026-06-18 00:15:06,272 ] - Test_@[5, 10, 20, 50]: Recall=[0.03452, 0.05417, 0.08157, 0.13560],  precision=[0.00724, 0.00569, 0.00430, 0.00288], hit=[0.03615, 0.05652, 0.08521, 0.14163], ndcg=[0.02322, 0.02961, 0.03654, 0.04735], Train Rec Loss=[0.02988], Eval Rec Loss=[0.02995], c=[0.01000], F=[0.84118, 0.88158, 0.91022, 0.93899], F_fuse=[0.01436, 0.01130, 0.00855, 0.00573]
[ INFO : 2026-06-18 00:17:45,545 ] - Epoch 249: train==[132.38741 = 0.46952 + 1.72582 + 19.84042 + 0.02024 + 0.00000 + 0.00067 + 1225.89705]
[ INFO : 2026-06-18 00:17:55,783 ] - Test_@[5, 10, 20, 50]: Recall=[0.03499, 0.05469, 0.08157, 0.13632],  precision=[0.00732, 0.00574, 0.00430, 0.00289], hit=[0.03656, 0.05703, 0.08532, 0.14250], ndcg=[0.02342, 0.02979, 0.03660, 0.04754], Train Rec Loss=[0.02989], Eval Rec Loss=[0.02994], c=[0.01000], F=[0.84270, 0.88160, 0.91048, 0.93901], F_fuse=[0.01452, 0.01140, 0.00856, 0.00576]
[ INFO : 2026-06-18 00:20:44,643 ] - Epoch 250: train==[132.46474 = 0.46664 + 1.72582 + 19.92061 + 0.02023 + 0.00000 + 0.00069 + 1225.89705]
[ INFO : 2026-06-18 00:20:54,532 ] - Test_@[5, 10, 20, 50]: Recall=[0.03457, 0.05440, 0.08056, 0.13588],  precision=[0.00725, 0.00572, 0.00424, 0.00288], hit=[0.03620, 0.05678, 0.08413, 0.14199], ndcg=[0.02317, 0.02964, 0.03628, 0.04737], Train Rec Loss=[0.02989], Eval Rec Loss=[0.02994], c=[0.01000], F=[0.84232, 0.88217, 0.91052, 0.93889], F_fuse=[0.01438, 0.01136, 0.00845, 0.00574]
[ INFO : 2026-06-18 00:23:33,356 ] - Epoch 251: train==[132.47618 = 0.46881 + 1.72582 + 19.92985 + 0.02027 + 0.00000 + 0.00069 + 1225.89705]
[ INFO : 2026-06-18 00:23:46,693 ] - Test_@[5, 10, 20, 50]: Recall=[0.03493, 0.05405, 0.08034, 0.13599],  precision=[0.00731, 0.00568, 0.00423, 0.00288], hit=[0.03656, 0.05642, 0.08388, 0.14214], ndcg=[0.02339, 0.02960, 0.03630, 0.04745], Train Rec Loss=[0.02988], Eval Rec Loss=[0.02994], c=[0.01000], F=[0.84218, 0.88159, 0.91039, 0.93904], F_fuse=[0.01450, 0.01128, 0.00843, 0.00575]
