Job 72373 on gpu02; started Sun Jun 14 01:59:31 AM +07 2026
Sun Jun 14 01:59:31 2026       
+-----------------------------------------------------------------------------------------+
| NVIDIA-SMI 555.42.02              Driver Version: 555.42.02      CUDA Version: 12.5     |
|-----------------------------------------+------------------------+----------------------+
| GPU  Name                 Persistence-M | Bus-Id          Disp.A | Volatile Uncorr. ECC |
| Fan  Temp   Perf          Pwr:Usage/Cap |           Memory-Usage | GPU-Util  Compute M. |
|                                         |                        |               MIG M. |
|=========================================+========================+======================|
|   0  NVIDIA A100-PCIE-40GB          Off |   00000000:14:00.0 Off |                    0 |
| N/A   28C    P0             31W /  250W |       4MiB /  40960MiB |      0%      Default |
|                                         |                        |             Disabled |
+-----------------------------------------+------------------------+----------------------+
                                                                                         
+-----------------------------------------------------------------------------------------+
| Processes:                                                                              |
|  GPU   GI   CI        PID   Type   Process name                              GPU Memory |
|        ID   ID                                                               Usage      |
|=========================================================================================|
|  No running processes found                                                             |
+-----------------------------------------------------------------------------------------+
[ INFO : 2026-06-14 02:22:30,305 ] - Preprocess missing values with zero
[ INFO : 2026-06-14 02:22:53,253 ] - Pretrained diffusion model is loaded from: ./checkpoint/baby/best_model.pth
[ INFO : 2026-06-14 02:22:56,699 ] - Completed data loaded from: ./checkpoint/baby/completed_data.pkl
/media/lhbac29/raid-cf/main.py:105: DeprecationWarning: Please import `csr_matrix` from the `scipy.sparse` namespace; the `scipy.sparse.csr` namespace is deprecated and will be removed in SciPy 2.0.0.
  self.ui_graph = self.ui_graph_raw = pickle.load(open('./data/' + self.dataset + '/train_mat', 'rb'))
[ INFO : 2026-06-14 02:23:02,364 ] - Missing rate = 0.400000, complete strategy: zero
[ INFO : 2026-06-14 02:26:02,940 ] - Epoch 1: train==[357.86836 = 2.00508 + 1.76336 + 67.19066 + 0.00054 + 0.00000 + 176.66239 + 1224.95912]
[ INFO : 2026-06-14 02:26:12,090 ] - Test_@[5, 10, 20, 50]: Recall=[0.01754, 0.02712, 0.04595, 0.08868],  precision=[0.00365, 0.00285, 0.00244, 0.00188], hit=[0.01826, 0.02844, 0.04844, 0.09303], ndcg=[0.01116, 0.01426, 0.01907, 0.02756], Train Rec Loss=[0.03147], Eval Rec Loss=[0.03153], c=[0.01000], F=[0.75021, 0.99195, 0.87355, 0.99565], F_fuse=[0.00727, 0.00569, 0.00487, 0.00375]
[ INFO : 2026-06-14 02:28:35,575 ] - Epoch 2: train==[217.68180 = 1.61707 + 1.72656 + 64.05402 + 0.00085 + 0.00000 + 39.95256 + 1225.89705]
[ INFO : 2026-06-14 02:28:44,570 ] - Test_@[5, 10, 20, 50]: Recall=[0.01792, 0.02863, 0.04703, 0.08983],  precision=[0.00373, 0.00301, 0.00250, 0.00190], hit=[0.01867, 0.03008, 0.04963, 0.09437], ndcg=[0.01132, 0.01477, 0.01944, 0.02794], Train Rec Loss=[0.03128], Eval Rec Loss=[0.03136], c=[0.01000], F=[0.75001, 0.88044, 0.87354, 0.99515], F_fuse=[0.00743, 0.00601, 0.00498, 0.00380]
[ INFO : 2026-06-14 02:31:07,899 ] - Epoch 3: train==[186.26582 = 1.60262 + 1.72592 + 60.68782 + 0.00146 + 0.00000 + 11.91726 + 1225.89705]
[ INFO : 2026-06-14 02:31:16,933 ] - Test_@[5, 10, 20, 50]: Recall=[0.01792, 0.02872, 0.04695, 0.09145],  precision=[0.00373, 0.00302, 0.00249, 0.00193], hit=[0.01867, 0.03019, 0.04947, 0.09591], ndcg=[0.01132, 0.01480, 0.01945, 0.02826], Train Rec Loss=[0.03128], Eval Rec Loss=[0.03129], c=[0.01000], F=[0.75004, 0.87339, 0.87354, 0.98023], F_fuse=[0.00743, 0.00603, 0.00497, 0.00386]
[ INFO : 2026-06-14 02:33:37,468 ] - Epoch 4: train==[174.30225 = 1.59209 + 1.72590 + 57.51239 + 0.00235 + 0.00000 + 3.13879 + 1225.89705]
[ INFO : 2026-06-14 02:33:46,565 ] - Test_@[5, 10, 20, 50]: Recall=[0.01781, 0.02886, 0.04683, 0.09184],  precision=[0.00371, 0.00303, 0.00249, 0.00194], hit=[0.01857, 0.03029, 0.04942, 0.09632], ndcg=[0.01129, 0.01486, 0.01944, 0.02835], Train Rec Loss=[0.03121], Eval Rec Loss=[0.03124], c=[0.01000], F=[0.75004, 0.87337, 0.87354, 0.95272], F_fuse=[0.00739, 0.00605, 0.00496, 0.00388]
[ INFO : 2026-06-14 02:36:07,174 ] - Epoch 5: train==[169.75847 = 1.57858 + 1.72588 + 55.44292 + 0.00323 + 0.00000 + 0.67713 + 1225.89705]
[ INFO : 2026-06-14 02:36:16,248 ] - Test_@[5, 10, 20, 50]: Recall=[0.01786, 0.02906, 0.04657, 0.09178],  precision=[0.00372, 0.00305, 0.00247, 0.00194], hit=[0.01862, 0.03050, 0.04916, 0.09617], ndcg=[0.01131, 0.01494, 0.01940, 0.02837], Train Rec Loss=[0.03117], Eval Rec Loss=[0.03123], c=[0.01000], F=[0.75004, 0.87339, 0.87354, 0.95286], F_fuse=[0.00741, 0.00609, 0.00493, 0.00387]
[ INFO : 2026-06-14 02:38:36,190 ] - Epoch 6: train==[168.47659 = 1.56371 + 1.72587 + 54.60632 + 0.00373 + 0.00000 + 0.24623 + 1225.89705]
[ INFO : 2026-06-14 02:38:45,191 ] - Test_@[5, 10, 20, 50]: Recall=[0.01790, 0.02887, 0.04677, 0.09212],  precision=[0.00372, 0.00303, 0.00248, 0.00195], hit=[0.01862, 0.03029, 0.04937, 0.09653], ndcg=[0.01135, 0.01493, 0.01949, 0.02849], Train Rec Loss=[0.03115], Eval Rec Loss=[0.03122], c=[0.01000], F=[0.75004, 0.87324, 0.87376, 0.95279], F_fuse=[0.00741, 0.00605, 0.00495, 0.00388]
[ INFO : 2026-06-14 02:41:04,965 ] - Epoch 7: train==[167.70448 = 1.54917 + 1.72587 + 53.96492 + 0.00404 + 0.00000 + 0.12975 + 1225.89705]
[ INFO : 2026-06-14 02:41:13,934 ] - Test_@[5, 10, 20, 50]: Recall=[0.01790, 0.02919, 0.04708, 0.09291],  precision=[0.00372, 0.00309, 0.00250, 0.00197], hit=[0.01862, 0.03080, 0.04968, 0.09756], ndcg=[0.01132, 0.01500, 0.01955, 0.02864], Train Rec Loss=[0.03115], Eval Rec Loss=[0.03118], c=[0.01000], F=[0.75004, 0.87215, 0.87437, 0.95947], F_fuse=[0.00741, 0.00615, 0.00498, 0.00393]
[ INFO : 2026-06-14 02:43:38,476 ] - Epoch 8: train==[167.03822 = 1.53265 + 1.72586 + 53.37537 + 0.00421 + 0.00000 + 0.06940 + 1225.89705]
[ INFO : 2026-06-14 02:43:47,559 ] - Test_@[5, 10, 20, 50]: Recall=[0.01795, 0.02965, 0.04794, 0.09542],  precision=[0.00373, 0.00314, 0.00255, 0.00202], hit=[0.01867, 0.03137, 0.05071, 0.10023], ndcg=[0.01134, 0.01516, 0.01981, 0.02922], Train Rec Loss=[0.03110], Eval Rec Loss=[0.03119], c=[0.01000], F=[0.75005, 0.86975, 0.87496, 0.97189], F_fuse=[0.00743, 0.00626, 0.00509, 0.00404]
[ INFO : 2026-06-14 02:46:11,171 ] - Epoch 9: train==[166.19316 = 1.52424 + 1.72586 + 52.56873 + 0.00435 + 0.00000 + 0.03924 + 1225.89705]
[ INFO : 2026-06-14 02:46:20,162 ] - Test_@[5, 10, 20, 50]: Recall=[0.01829, 0.03086, 0.04998, 0.09869],  precision=[0.00382, 0.00328, 0.00267, 0.00210], hit=[0.01908, 0.03266, 0.05287, 0.10399], ndcg=[0.01153, 0.01565, 0.02052, 0.03021], Train Rec Loss=[0.03109], Eval Rec Loss=[0.03118], c=[0.01000], F=[0.75093, 0.86434, 0.87504, 0.98366], F_fuse=[0.00759, 0.00653, 0.00532, 0.00419]
[ INFO : 2026-06-14 02:48:43,541 ] - Epoch 10: train==[165.18442 = 1.50739 + 1.72586 + 51.59345 + 0.00456 + 0.00000 + 0.02242 + 1225.89705]
[ INFO : 2026-06-14 02:48:52,552 ] - Test_@[5, 10, 20, 50]: Recall=[0.01963, 0.03351, 0.05388, 0.10358],  precision=[0.00411, 0.00357, 0.00288, 0.00221], hit=[0.02052, 0.03554, 0.05703, 0.10908], ndcg=[0.01243, 0.01697, 0.02215, 0.03203], Train Rec Loss=[0.03112], Eval Rec Loss=[0.03117], c=[0.01000], F=[0.75415, 0.86621, 0.87613, 0.98466], F_fuse=[0.00818, 0.00711, 0.00575, 0.00441]
[ INFO : 2026-06-14 02:51:16,583 ] - Epoch 11: train==[164.08510 = 1.49543 + 1.72587 + 50.51388 + 0.00481 + 0.00000 + 0.01437 + 1225.89705]
[ INFO : 2026-06-14 02:51:25,623 ] - Test_@[5, 10, 20, 50]: Recall=[0.02184, 0.03527, 0.05769, 0.10989],  precision=[0.00459, 0.00375, 0.00308, 0.00235], hit=[0.02289, 0.03728, 0.06099, 0.11566], ndcg=[0.01370, 0.01810, 0.02381, 0.03416], Train Rec Loss=[0.03107], Eval Rec Loss=[0.03114], c=[0.01000], F=[0.75629, 0.86922, 0.87767, 0.97805], F_fuse=[0.00912, 0.00748, 0.00613, 0.00469]
[ INFO : 2026-06-14 02:53:49,871 ] - Epoch 12: train==[163.31617 = 1.47627 + 1.72586 + 49.77098 + 0.00509 + 0.00000 + 0.00722 + 1225.89705]
[ INFO : 2026-06-14 02:53:58,976 ] - Test_@[5, 10, 20, 50]: Recall=[0.02263, 0.03700, 0.05969, 0.11213],  precision=[0.00477, 0.00394, 0.00317, 0.00239], hit=[0.02376, 0.03908, 0.06290, 0.11787], ndcg=[0.01432, 0.01900, 0.02474, 0.03515], Train Rec Loss=[0.03110], Eval Rec Loss=[0.03111], c=[0.01000], F=[0.75757, 0.86985, 0.87818, 0.98080], F_fuse=[0.00949, 0.00784, 0.00632, 0.00477]
[ INFO : 2026-06-14 02:56:39,477 ] - Epoch 13: train==[162.44085 = 1.46190 + 1.72587 + 48.91373 + 0.00538 + 0.00000 + 0.00324 + 1225.89705]
[ INFO : 2026-06-14 02:56:48,526 ] - Test_@[5, 10, 20, 50]: Recall=[0.02343, 0.03905, 0.06262, 0.11743],  precision=[0.00493, 0.00415, 0.00332, 0.00251], hit=[0.02453, 0.04114, 0.06583, 0.12332], ndcg=[0.01507, 0.02019, 0.02617, 0.03708], Train Rec Loss=[0.03107], Eval Rec Loss=[0.03113], c=[0.01000], F=[0.77065, 0.87055, 0.87939, 0.97687], F_fuse=[0.00979, 0.00825, 0.00662, 0.00500]
[ INFO : 2026-06-14 02:59:26,620 ] - Epoch 14: train==[161.48724 = 1.45165 + 1.72587 + 47.97147 + 0.00567 + 0.00000 + 0.00184 + 1225.89705]
[ INFO : 2026-06-14 02:59:35,713 ] - Test_@[5, 10, 20, 50]: Recall=[0.02415, 0.03967, 0.06326, 0.11999],  precision=[0.00507, 0.00421, 0.00336, 0.00256], hit=[0.02525, 0.04171, 0.06655, 0.12574], ndcg=[0.01548, 0.02055, 0.02656, 0.03782], Train Rec Loss=[0.03107], Eval Rec Loss=[0.03112], c=[0.01000], F=[0.77637, 0.87143, 0.88000, 0.97087], F_fuse=[0.01008, 0.00837, 0.00670, 0.00510]
[ INFO : 2026-06-14 03:01:59,609 ] - Epoch 15: train==[160.52226 = 1.43321 + 1.72587 + 47.02508 + 0.00602 + 0.00000 + 0.00135 + 1225.89705]
[ INFO : 2026-06-14 03:02:08,615 ] - Test_@[5, 10, 20, 50]: Recall=[0.02490, 0.04054, 0.06446, 0.12161],  precision=[0.00521, 0.00430, 0.00343, 0.00259], hit=[0.02592, 0.04268, 0.06788, 0.12744], ndcg=[0.01593, 0.02104, 0.02715, 0.03852], Train Rec Loss=[0.03104], Eval Rec Loss=[0.03111], c=[0.01000], F=[0.78107, 0.86794, 0.88209, 0.96564], F_fuse=[0.01036, 0.00857, 0.00683, 0.00517]
[ INFO : 2026-06-14 03:04:32,863 ] - Epoch 16: train==[159.89642 = 1.42135 + 1.72587 + 46.41087 + 0.00630 + 0.00000 + 0.00129 + 1225.89705]
[ INFO : 2026-06-14 03:04:41,918 ] - Test_@[5, 10, 20, 50]: Recall=[0.02509, 0.04114, 0.06520, 0.12217],  precision=[0.00525, 0.00437, 0.00346, 0.00260], hit=[0.02607, 0.04335, 0.06855, 0.12800], ndcg=[0.01609, 0.02135, 0.02747, 0.03882], Train Rec Loss=[0.03104], Eval Rec Loss=[0.03109], c=[0.01000], F=[0.78323, 0.86783, 0.88291, 0.96398], F_fuse=[0.01042, 0.00869, 0.00690, 0.00519]
[ INFO : 2026-06-14 03:07:04,982 ] - Epoch 17: train==[159.17706 = 1.40858 + 1.72587 + 45.70409 + 0.00653 + 0.00000 + 0.00125 + 1225.89705]
[ INFO : 2026-06-14 03:07:13,980 ] - Test_@[5, 10, 20, 50]: Recall=[0.02514, 0.04156, 0.06530, 0.12328],  precision=[0.00526, 0.00441, 0.00347, 0.00262], hit=[0.02612, 0.04376, 0.06866, 0.12918], ndcg=[0.01616, 0.02152, 0.02756, 0.03910], Train Rec Loss=[0.03101], Eval Rec Loss=[0.03106], c=[0.01000], F=[0.78208, 0.86884, 0.88300, 0.96247], F_fuse=[0.01044, 0.00877, 0.00691, 0.00523]
[ INFO : 2026-06-14 03:09:37,929 ] - Epoch 18: train==[158.65671 = 1.39277 + 1.72588 + 45.19934 + 0.00676 + 0.00000 + 0.00122 + 1225.89705]
[ INFO : 2026-06-14 03:09:47,059 ] - Test_@[5, 10, 20, 50]: Recall=[0.02553, 0.04206, 0.06658, 0.12402],  precision=[0.00534, 0.00446, 0.00353, 0.00264], hit=[0.02654, 0.04433, 0.06989, 0.12980], ndcg=[0.01647, 0.02188, 0.02810, 0.03953], Train Rec Loss=[0.03102], Eval Rec Loss=[0.03104], c=[0.01000], F=[0.78456, 0.86621, 0.88393, 0.96029], F_fuse=[0.01060, 0.00888, 0.00703, 0.00526]
[ INFO : 2026-06-14 03:12:14,019 ] - Epoch 19: train==[157.88318 = 1.37941 + 1.72587 + 44.43895 + 0.00700 + 0.00000 + 0.00121 + 1225.89705]
[ INFO : 2026-06-14 03:12:23,066 ] - Test_@[5, 10, 20, 50]: Recall=[0.02616, 0.04241, 0.06774, 0.12642],  precision=[0.00549, 0.00451, 0.00359, 0.00269], hit=[0.02731, 0.04474, 0.07112, 0.13217], ndcg=[0.01692, 0.02222, 0.02864, 0.04033], Train Rec Loss=[0.03100], Eval Rec Loss=[0.03106], c=[0.01000], F=[0.79196, 0.86308, 0.88755, 0.95875], F_fuse=[0.01091, 0.00896, 0.00716, 0.00536]
[ INFO : 2026-06-14 03:14:47,181 ] - Epoch 20: train==[157.41933 = 1.36453 + 1.72588 + 43.98980 + 0.00719 + 0.00000 + 0.00119 + 1225.89705]
[ INFO : 2026-06-14 03:14:56,238 ] - Test_@[5, 10, 20, 50]: Recall=[0.02664, 0.04254, 0.06768, 0.12762],  precision=[0.00560, 0.00451, 0.00359, 0.00271], hit=[0.02782, 0.04479, 0.07102, 0.13325], ndcg=[0.01712, 0.02230, 0.02869, 0.04063], Train Rec Loss=[0.03099], Eval Rec Loss=[0.03106], c=[0.01000], F=[0.79653, 0.86704, 0.88723, 0.95512], F_fuse=[0.01111, 0.00897, 0.00715, 0.00540]
[ INFO : 2026-06-14 03:17:17,131 ] - Epoch 21: train==[156.80534 = 1.35099 + 1.72588 + 43.38919 + 0.00736 + 0.00000 + 0.00118 + 1225.89705]
[ INFO : 2026-06-14 03:17:26,191 ] - Test_@[5, 10, 20, 50]: Recall=[0.02633, 0.04278, 0.06774, 0.12694],  precision=[0.00551, 0.00454, 0.00359, 0.00269], hit=[0.02741, 0.04510, 0.07112, 0.13263], ndcg=[0.01696, 0.02234, 0.02867, 0.04046], Train Rec Loss=[0.03096], Eval Rec Loss=[0.03103], c=[0.01000], F=[0.78717, 0.86715, 0.88575, 0.95451], F_fuse=[0.01095, 0.00903, 0.00716, 0.00537]
[ INFO : 2026-06-14 03:19:47,007 ] - Epoch 22: train==[156.38644 = 1.34124 + 1.72588 + 42.97991 + 0.00749 + 0.00000 + 0.00117 + 1225.89705]
[ INFO : 2026-06-14 03:19:56,111 ] - Test_@[5, 10, 20, 50]: Recall=[0.02687, 0.04323, 0.06867, 0.12888],  precision=[0.00566, 0.00458, 0.00364, 0.00274], hit=[0.02813, 0.04551, 0.07205, 0.13458], ndcg=[0.01737, 0.02268, 0.02913, 0.04115], Train Rec Loss=[0.03095], Eval Rec Loss=[0.03101], c=[0.01000], F=[0.79513, 0.86605, 0.88862, 0.95328], F_fuse=[0.01123, 0.00912, 0.00725, 0.00546]
[ INFO : 2026-06-14 03:22:20,072 ] - Epoch 23: train==[155.75161 = 1.32423 + 1.72588 + 42.36195 + 0.00766 + 0.00000 + 0.00115 + 1225.89705]
[ INFO : 2026-06-14 03:22:29,100 ] - Test_@[5, 10, 20, 50]: Recall=[0.02693, 0.04331, 0.06953, 0.13060],  precision=[0.00568, 0.00459, 0.00368, 0.00277], hit=[0.02823, 0.04556, 0.07287, 0.13644], ndcg=[0.01748, 0.02280, 0.02944, 0.04164], Train Rec Loss=[0.03096], Eval Rec Loss=[0.03098], c=[0.01000], F=[0.80064, 0.86736, 0.89236, 0.95408], F_fuse=[0.01128, 0.00913, 0.00732, 0.00553]
[ INFO : 2026-06-14 03:24:52,850 ] - Epoch 24: train==[155.16100 = 1.31252 + 1.72590 + 41.78292 + 0.00778 + 0.00000 + 0.00114 + 1225.89705]
[ INFO : 2026-06-14 03:25:01,834 ] - Test_@[5, 10, 20, 50]: Recall=[0.02716, 0.04392, 0.06981, 0.13078],  precision=[0.00573, 0.00465, 0.00369, 0.00278], hit=[0.02849, 0.04618, 0.07313, 0.13654], ndcg=[0.01757, 0.02303, 0.02957, 0.04176], Train Rec Loss=[0.03094], Eval Rec Loss=[0.03101], c=[0.01000], F=[0.79450, 0.86356, 0.89021, 0.95199], F_fuse=[0.01138, 0.00925, 0.00735, 0.00554]
[ INFO : 2026-06-14 03:27:24,875 ] - Epoch 25: train==[154.76420 = 1.30317 + 1.72589 + 41.39537 + 0.00790 + 0.00000 + 0.00113 + 1225.89705]
[ INFO : 2026-06-14 03:27:33,899 ] - Test_@[5, 10, 20, 50]: Recall=[0.02746, 0.04362, 0.07039, 0.13181],  precision=[0.00580, 0.00462, 0.00372, 0.00280], hit=[0.02885, 0.04587, 0.07375, 0.13762], ndcg=[0.01781, 0.02307, 0.02984, 0.04209], Train Rec Loss=[0.03092], Eval Rec Loss=[0.03098], c=[0.01000], F=[0.79643, 0.86680, 0.89064, 0.95051], F_fuse=[0.01152, 0.00919, 0.00742, 0.00558]
[ INFO : 2026-06-14 03:29:58,052 ] - Epoch 26: train==[154.28597 = 1.28606 + 1.72590 + 40.93413 + 0.00803 + 0.00000 + 0.00112 + 1225.89705]
[ INFO : 2026-06-14 03:30:07,159 ] - Test_@[5, 10, 20, 50]: Recall=[0.02793, 0.04480, 0.07180, 0.13338],  precision=[0.00589, 0.00474, 0.00379, 0.00283], hit=[0.02931, 0.04711, 0.07513, 0.13932], ndcg=[0.01799, 0.02345, 0.03027, 0.04259], Train Rec Loss=[0.03089], Eval Rec Loss=[0.03096], c=[0.01000], F=[0.81022, 0.87139, 0.89791, 0.95127], F_fuse=[0.01170, 0.00943, 0.00755, 0.00565]
[ INFO : 2026-06-14 03:32:30,621 ] - Epoch 27: train==[153.88838 = 1.27821 + 1.72588 + 40.54435 + 0.00809 + 0.00000 + 0.00111 + 1225.89705]
[ INFO : 2026-06-14 03:32:39,698 ] - Test_@[5, 10, 20, 50]: Recall=[0.02814, 0.04530, 0.07293, 0.13414],  precision=[0.00592, 0.00480, 0.00385, 0.00285], hit=[0.02947, 0.04767, 0.07627, 0.14004], ndcg=[0.01821, 0.02377, 0.03074, 0.04297], Train Rec Loss=[0.03087], Eval Rec Loss=[0.03097], c=[0.01000], F=[0.81164, 0.87053, 0.89817, 0.94876], F_fuse=[0.01176, 0.00954, 0.00767, 0.00567]
[ INFO : 2026-06-14 03:35:02,619 ] - Epoch 28: train==[153.25912 = 1.26267 + 1.72588 + 39.93051 + 0.00820 + 0.00000 + 0.00111 + 1225.89705]
[ INFO : 2026-06-14 03:35:11,578 ] - Test_@[5, 10, 20, 50]: Recall=[0.02834, 0.04573, 0.07331, 0.13480],  precision=[0.00598, 0.00483, 0.00387, 0.00286], hit=[0.02972, 0.04803, 0.07668, 0.14070], ndcg=[0.01826, 0.02390, 0.03086, 0.04315], Train Rec Loss=[0.03090], Eval Rec Loss=[0.03093], c=[0.01000], F=[0.80833, 0.86965, 0.89783, 0.94782], F_fuse=[0.01186, 0.00961, 0.00771, 0.00570]
[ INFO : 2026-06-14 03:37:37,795 ] - Epoch 29: train==[152.83473 = 1.25449 + 1.72588 + 39.51423 + 0.00830 + 0.00000 + 0.00110 + 1225.89705]
[ INFO : 2026-06-14 03:37:46,874 ] - Test_@[5, 10, 20, 50]: Recall=[0.02832, 0.04554, 0.07494, 0.13562],  precision=[0.00597, 0.00483, 0.00395, 0.00288], hit=[0.02967, 0.04793, 0.07827, 0.14153], ndcg=[0.01837, 0.02399, 0.03141, 0.04352], Train Rec Loss=[0.03085], Eval Rec Loss=[0.03096], c=[0.01000], F=[0.81527, 0.87247, 0.90274, 0.94845], F_fuse=[0.01184, 0.00960, 0.00787, 0.00574]
[ INFO : 2026-06-14 03:40:11,659 ] - Epoch 30: train==[152.42106 = 1.23977 + 1.72588 + 39.11522 + 0.00835 + 0.00000 + 0.00110 + 1225.89705]
[ INFO : 2026-06-14 03:40:20,703 ] - Test_@[5, 10, 20, 50]: Recall=[0.02844, 0.04636, 0.07525, 0.13611],  precision=[0.00599, 0.00491, 0.00397, 0.00289], hit=[0.02978, 0.04875, 0.07863, 0.14204], ndcg=[0.01844, 0.02425, 0.03154, 0.04369], Train Rec Loss=[0.03088], Eval Rec Loss=[0.03093], c=[0.01000], F=[0.81293, 0.87182, 0.90148, 0.94703], F_fuse=[0.01188, 0.00976, 0.00791, 0.00576]
[ INFO : 2026-06-14 03:42:44,773 ] - Epoch 31: train==[152.06332 = 1.22993 + 1.72588 + 38.76727 + 0.00841 + 0.00000 + 0.00109 + 1225.89705]
[ INFO : 2026-06-14 03:42:53,861 ] - Test_@[5, 10, 20, 50]: Recall=[0.02874, 0.04645, 0.07541, 0.13679],  precision=[0.00605, 0.00492, 0.00398, 0.00290], hit=[0.03008, 0.04891, 0.07879, 0.14281], ndcg=[0.01880, 0.02457, 0.03190, 0.04417], Train Rec Loss=[0.03086], Eval Rec Loss=[0.03092], c=[0.01000], F=[0.82071, 0.87585, 0.90653, 0.94721], F_fuse=[0.01201, 0.00979, 0.00792, 0.00579]
[ INFO : 2026-06-14 03:45:17,641 ] - Epoch 32: train==[151.54863 = 1.21781 + 1.72588 + 38.26459 + 0.00852 + 0.00000 + 0.00108 + 1225.89705]
[ INFO : 2026-06-14 03:45:26,669 ] - Test_@[5, 10, 20, 50]: Recall=[0.02887, 0.04648, 0.07582, 0.13734],  precision=[0.00608, 0.00492, 0.00400, 0.00291], hit=[0.03024, 0.04886, 0.07920, 0.14333], ndcg=[0.01893, 0.02467, 0.03209, 0.04439], Train Rec Loss=[0.03085], Eval Rec Loss=[0.03090], c=[0.01000], F=[0.81237, 0.87254, 0.90593, 0.94595], F_fuse=[0.01207, 0.00978, 0.00796, 0.00581]
[ INFO : 2026-06-14 03:47:50,972 ] - Epoch 33: train==[151.10686 = 1.20970 + 1.72588 + 37.83086 + 0.00860 + 0.00000 + 0.00108 + 1225.89705]
[ INFO : 2026-06-14 03:48:00,079 ] - Test_@[5, 10, 20, 50]: Recall=[0.02945, 0.04656, 0.07633, 0.13795],  precision=[0.00619, 0.00492, 0.00403, 0.00293], hit=[0.03080, 0.04886, 0.07976, 0.14400], ndcg=[0.01910, 0.02468, 0.03221, 0.04454], Train Rec Loss=[0.03083], Eval Rec Loss=[0.03089], c=[0.01000], F=[0.81275, 0.87238, 0.90688, 0.94509], F_fuse=[0.01229, 0.00979, 0.00802, 0.00584]
[ INFO : 2026-06-14 03:50:24,831 ] - Epoch 34: train==[150.62797 = 1.19624 + 1.72588 + 37.36533 + 0.00870 + 0.00000 + 0.00107 + 1225.89705]
[ INFO : 2026-06-14 03:50:33,971 ] - Test_@[5, 10, 20, 50]: Recall=[0.02995, 0.04746, 0.07628, 0.13874],  precision=[0.00629, 0.00501, 0.00402, 0.00294], hit=[0.03132, 0.04978, 0.07966, 0.14487], ndcg=[0.01926, 0.02495, 0.03225, 0.04475], Train Rec Loss=[0.03083], Eval Rec Loss=[0.03088], c=[0.01000], F=[0.81578, 0.87510, 0.90878, 0.94572], F_fuse=[0.01249, 0.00997, 0.00801, 0.00587]
[ INFO : 2026-06-14 03:52:59,890 ] - Epoch 35: train==[150.29788 = 1.18693 + 1.72588 + 37.04454 + 0.00872 + 0.00000 + 0.00106 + 1225.89705]
[ INFO : 2026-06-14 03:53:08,909 ] - Test_@[5, 10, 20, 50]: Recall=[0.03003, 0.04829, 0.07738, 0.13983],  precision=[0.00633, 0.00511, 0.00408, 0.00297], hit=[0.03147, 0.05066, 0.08089, 0.14585], ndcg=[0.01930, 0.02524, 0.03261, 0.04510], Train Rec Loss=[0.03082], Eval Rec Loss=[0.03088], c=[0.01000], F=[0.82503, 0.88066, 0.91206, 0.94617], F_fuse=[0.01255, 0.01015, 0.00813, 0.00592]
[ INFO : 2026-06-14 03:55:33,107 ] - Epoch 36: train==[149.82419 = 1.17909 + 1.72588 + 36.57864 + 0.00879 + 0.00000 + 0.00106 + 1225.89705]
[ INFO : 2026-06-14 03:55:42,156 ] - Test_@[5, 10, 20, 50]: Recall=[0.02989, 0.04864, 0.07779, 0.14037],  precision=[0.00630, 0.00515, 0.00410, 0.00298], hit=[0.03137, 0.05107, 0.08131, 0.14621], ndcg=[0.01931, 0.02545, 0.03283, 0.04534], Train Rec Loss=[0.03081], Eval Rec Loss=[0.03087], c=[0.01000], F=[0.82556, 0.88242, 0.91515, 0.94610], F_fuse=[0.01251, 0.01025, 0.00817, 0.00594]
[ INFO : 2026-06-14 03:58:05,461 ] - Epoch 37: train==[149.46413 = 1.16404 + 1.72588 + 36.23361 + 0.00881 + 0.00000 + 0.00105 + 1225.89705]
[ INFO : 2026-06-14 03:58:14,500 ] - Test_@[5, 10, 20, 50]: Recall=[0.03006, 0.04908, 0.07858, 0.14118],  precision=[0.00636, 0.00520, 0.00415, 0.00300], hit=[0.03163, 0.05153, 0.08208, 0.14713], ndcg=[0.01947, 0.02568, 0.03314, 0.04565], Train Rec Loss=[0.03079], Eval Rec Loss=[0.03088], c=[0.01000], F=[0.82906, 0.88289, 0.91714, 0.94719], F_fuse=[0.01262, 0.01034, 0.00825, 0.00597]
[ INFO : 2026-06-14 04:00:37,984 ] - Epoch 38: train==[149.12020 = 1.15673 + 1.72589 + 35.89692 + 0.00888 + 0.00000 + 0.00105 + 1225.89705]
[ INFO : 2026-06-14 04:00:46,986 ] - Test_@[5, 10, 20, 50]: Recall=[0.03037, 0.04923, 0.07888, 0.14138],  precision=[0.00642, 0.00521, 0.00416, 0.00300], hit=[0.03194, 0.05168, 0.08239, 0.14744], ndcg=[0.01959, 0.02573, 0.03324, 0.04574], Train Rec Loss=[0.03079], Eval Rec Loss=[0.03083], c=[0.01000], F=[0.82837, 0.88242, 0.91666, 0.94591], F_fuse=[0.01274, 0.01037, 0.00829, 0.00599]
[ INFO : 2026-06-14 04:03:11,559 ] - Epoch 39: train==[148.76909 = 1.14633 + 1.72589 + 35.55617 + 0.00892 + 0.00000 + 0.00104 + 1225.89705]
[ INFO : 2026-06-14 04:03:20,643 ] - Test_@[5, 10, 20, 50]: Recall=[0.03060, 0.04921, 0.07969, 0.14217],  precision=[0.00647, 0.00521, 0.00420, 0.00302], hit=[0.03219, 0.05163, 0.08321, 0.14821], ndcg=[0.01972, 0.02581, 0.03352, 0.04601], Train Rec Loss=[0.03079], Eval Rec Loss=[0.03084], c=[0.01000], F=[0.82894, 0.88253, 0.91695, 0.94554], F_fuse=[0.01284, 0.01036, 0.00837, 0.00602]
[ INFO : 2026-06-14 04:05:45,023 ] - Epoch 40: train==[148.37906 = 1.13780 + 1.72589 + 35.17463 + 0.00896 + 0.00000 + 0.00104 + 1225.89705]
[ INFO : 2026-06-14 04:05:54,094 ] - Test_@[5, 10, 20, 50]: Recall=[0.03094, 0.04988, 0.08002, 0.14226],  precision=[0.00654, 0.00528, 0.00422, 0.00302], hit=[0.03255, 0.05235, 0.08352, 0.14842], ndcg=[0.01983, 0.02601, 0.03362, 0.04606], Train Rec Loss=[0.03075], Eval Rec Loss=[0.03082], c=[0.01000], F=[0.83041, 0.88299, 0.91668, 0.94340], F_fuse=[0.01298, 0.01050, 0.00841, 0.00602]
[ INFO : 2026-06-14 04:08:17,102 ] - Epoch 41: train==[147.98603 = 1.12764 + 1.72588 + 34.79173 + 0.00901 + 0.00000 + 0.00103 + 1225.89705]
[ INFO : 2026-06-14 04:08:26,086 ] - Test_@[5, 10, 20, 50]: Recall=[0.03088, 0.04993, 0.08051, 0.14362],  precision=[0.00653, 0.00528, 0.00425, 0.00305], hit=[0.03250, 0.05235, 0.08403, 0.14991], ndcg=[0.01990, 0.02609, 0.03381, 0.04642], Train Rec Loss=[0.03076], Eval Rec Loss=[0.03082], c=[0.01000], F=[0.83510, 0.88649, 0.91885, 0.94423], F_fuse=[0.01296, 0.01050, 0.00846, 0.00609]
[ INFO : 2026-06-14 04:10:49,361 ] - Epoch 42: train==[147.54917 = 1.11615 + 1.72589 + 34.36629 + 0.00907 + 0.00000 + 0.00103 + 1225.89705]
[ INFO : 2026-06-14 04:10:58,370 ] - Test_@[5, 10, 20, 50]: Recall=[0.03104, 0.04976, 0.08087, 0.14338],  precision=[0.00656, 0.00528, 0.00427, 0.00305], hit=[0.03266, 0.05225, 0.08434, 0.14965], ndcg=[0.02000, 0.02611, 0.03398, 0.04649], Train Rec Loss=[0.03073], Eval Rec Loss=[0.03080], c=[0.01000], F=[0.83422, 0.88672, 0.92073, 0.94431], F_fuse=[0.01302, 0.01049, 0.00849, 0.00608]
[ INFO : 2026-06-14 04:13:21,826 ] - Epoch 43: train==[147.25154 = 1.10992 + 1.72589 + 34.07480 + 0.00917 + 0.00000 + 0.00102 + 1225.89705]
[ INFO : 2026-06-14 04:13:30,855 ] - Test_@[5, 10, 20, 50]: Recall=[0.03176, 0.05032, 0.08065, 0.14355],  precision=[0.00672, 0.00533, 0.00426, 0.00305], hit=[0.03343, 0.05276, 0.08419, 0.14976], ndcg=[0.02038, 0.02640, 0.03408, 0.04669], Train Rec Loss=[0.03074], Eval Rec Loss=[0.03076], c=[0.01000], F=[0.83561, 0.88698, 0.92155, 0.94499], F_fuse=[0.01333, 0.01059, 0.00847, 0.00608]
[ INFO : 2026-06-14 04:15:52,129 ] - Epoch 44: train==[146.89851 = 1.10058 + 1.72590 + 33.73104 + 0.00924 + 0.00000 + 0.00102 + 1225.89705]
[ INFO : 2026-06-14 04:16:01,203 ] - Test_@[5, 10, 20, 50]: Recall=[0.03160, 0.05061, 0.08094, 0.14392],  precision=[0.00669, 0.00535, 0.00427, 0.00306], hit=[0.03327, 0.05302, 0.08444, 0.15017], ndcg=[0.02042, 0.02658, 0.03426, 0.04688], Train Rec Loss=[0.03072], Eval Rec Loss=[0.03078], c=[0.01000], F=[0.83230, 0.88428, 0.91936, 0.94275], F_fuse=[0.01326, 0.01064, 0.00850, 0.00609]
[ INFO : 2026-06-14 04:18:25,054 ] - Epoch 45: train==[146.50275 = 1.09238 + 1.72589 + 33.34344 + 0.00929 + 0.00000 + 0.00102 + 1225.89705]
[ INFO : 2026-06-14 04:18:34,041 ] - Test_@[5, 10, 20, 50]: Recall=[0.03131, 0.05028, 0.08086, 0.14525],  precision=[0.00663, 0.00532, 0.00427, 0.00308], hit=[0.03296, 0.05271, 0.08444, 0.15156], ndcg=[0.02031, 0.02647, 0.03423, 0.04713], Train Rec Loss=[0.03072], Eval Rec Loss=[0.03076], c=[0.01000], F=[0.83698, 0.88714, 0.92168, 0.94377], F_fuse=[0.01316, 0.01058, 0.00850, 0.00615]
[ INFO : 2026-06-14 04:20:54,879 ] - Epoch 46: train==[146.22509 = 1.08245 + 1.72589 + 33.07567 + 0.00934 + 0.00000 + 0.00101 + 1225.89705]
[ INFO : 2026-06-14 04:21:03,965 ] - Test_@[5, 10, 20, 50]: Recall=[0.03172, 0.05068, 0.08174, 0.14442],  precision=[0.00672, 0.00537, 0.00431, 0.00307], hit=[0.03338, 0.05318, 0.08527, 0.15073], ndcg=[0.02060, 0.02675, 0.03461, 0.04717], Train Rec Loss=[0.03070], Eval Rec Loss=[0.03074], c=[0.01000], F=[0.83808, 0.88844, 0.92025, 0.94152], F_fuse=[0.01333, 0.01067, 0.00858, 0.00611]
[ INFO : 2026-06-14 04:23:27,781 ] - Epoch 47: train==[145.88424 = 1.07460 + 1.72589 + 32.74266 + 0.00935 + 0.00000 + 0.00100 + 1225.89705]
[ INFO : 2026-06-14 04:23:36,819 ] - Test_@[5, 10, 20, 50]: Recall=[0.03147, 0.05104, 0.08192, 0.14532],  precision=[0.00666, 0.00540, 0.00433, 0.00309], hit=[0.03312, 0.05359, 0.08547, 0.15166], ndcg=[0.02046, 0.02683, 0.03465, 0.04735], Train Rec Loss=[0.03068], Eval Rec Loss=[0.03074], c=[0.01000], F=[0.83847, 0.88934, 0.92062, 0.94159], F_fuse=[0.01322, 0.01074, 0.00861, 0.00615]
[ INFO : 2026-06-14 04:26:01,977 ] - Epoch 48: train==[145.57472 = 1.06539 + 1.72590 + 32.44227 + 0.00943 + 0.00000 + 0.00100 + 1225.89705]
[ INFO : 2026-06-14 04:26:11,096 ] - Test_@[5, 10, 20, 50]: Recall=[0.03121, 0.05146, 0.08231, 0.14596],  precision=[0.00661, 0.00544, 0.00434, 0.00310], hit=[0.03286, 0.05395, 0.08593, 0.15222], ndcg=[0.02038, 0.02696, 0.03477, 0.04751], Train Rec Loss=[0.03067], Eval Rec Loss=[0.03075], c=[0.01000], F=[0.84006, 0.88971, 0.92098, 0.94124], F_fuse=[0.01312, 0.01082, 0.00865, 0.00618]
[ INFO : 2026-06-14 04:28:34,593 ] - Epoch 49: train==[145.22165 = 1.05773 + 1.72589 + 32.09680 + 0.00950 + 0.00000 + 0.00099 + 1225.89705]
[ INFO : 2026-06-14 04:28:43,599 ] - Test_@[5, 10, 20, 50]: Recall=[0.03140, 0.05167, 0.08295, 0.14656],  precision=[0.00664, 0.00546, 0.00438, 0.00311], hit=[0.03302, 0.05420, 0.08665, 0.15284], ndcg=[0.02056, 0.02715, 0.03508, 0.04780], Train Rec Loss=[0.03067], Eval Rec Loss=[0.03071], c=[0.01000], F=[0.84185, 0.89029, 0.92151, 0.94270], F_fuse=[0.01318, 0.01086, 0.00873, 0.00620]
[ INFO : 2026-06-14 04:31:08,609 ] - Epoch 50: train==[144.89473 = 1.05081 + 1.72589 + 31.77681 + 0.00950 + 0.00000 + 0.00099 + 1225.89705]
[ INFO : 2026-06-14 04:31:17,676 ] - Test_@[5, 10, 20, 50]: Recall=[0.03173, 0.05160, 0.08294, 0.14746],  precision=[0.00672, 0.00546, 0.00438, 0.00313], hit=[0.03332, 0.05415, 0.08660, 0.15387], ndcg=[0.02076, 0.02721, 0.03514, 0.04805], Train Rec Loss=[0.03066], Eval Rec Loss=[0.03071], c=[0.01000], F=[0.84349, 0.89079, 0.92177, 0.94220], F_fuse=[0.01333, 0.01085, 0.00872, 0.00624]
[ INFO : 2026-06-14 04:33:37,242 ] - Epoch 51: train==[144.62260 = 1.04180 + 1.72589 + 31.51361 + 0.00959 + 0.00000 + 0.00098 + 1225.89705]
[ INFO : 2026-06-14 04:33:46,207 ] - Test_@[5, 10, 20, 50]: Recall=[0.03182, 0.05147, 0.08405, 0.14712],  precision=[0.00674, 0.00545, 0.00444, 0.00312], hit=[0.03348, 0.05405, 0.08779, 0.15341], ndcg=[0.02073, 0.02711, 0.03538, 0.04798], Train Rec Loss=[0.03065], Eval Rec Loss=[0.03070], c=[0.01000], F=[0.84524, 0.89226, 0.92335, 0.94304], F_fuse=[0.01337, 0.01083, 0.00884, 0.00623]
[ INFO : 2026-06-14 04:36:10,327 ] - Epoch 52: train==[144.36611 = 1.03154 + 1.72589 + 31.26734 + 0.00962 + 0.00000 + 0.00098 + 1225.89705]
[ INFO : 2026-06-14 04:36:19,364 ] - Test_@[5, 10, 20, 50]: Recall=[0.03180, 0.05175, 0.08425, 0.14814],  precision=[0.00673, 0.00548, 0.00445, 0.00314], hit=[0.03343, 0.05436, 0.08794, 0.15449], ndcg=[0.02071, 0.02719, 0.03543, 0.04818], Train Rec Loss=[0.03063], Eval Rec Loss=[0.03070], c=[0.01000], F=[0.84634, 0.89265, 0.92228, 0.94080], F_fuse=[0.01335, 0.01089, 0.00886, 0.00627]
[ INFO : 2026-06-14 04:38:42,895 ] - Epoch 53: train==[144.07108 = 1.02806 + 1.72589 + 30.97575 + 0.00968 + 0.00000 + 0.00098 + 1225.89705]
[ INFO : 2026-06-14 04:38:51,962 ] - Test_@[5, 10, 20, 50]: Recall=[0.03139, 0.05130, 0.08427, 0.14843],  precision=[0.00664, 0.00543, 0.00445, 0.00315], hit=[0.03302, 0.05390, 0.08804, 0.15474], ndcg=[0.02051, 0.02701, 0.03540, 0.04821], Train Rec Loss=[0.03064], Eval Rec Loss=[0.03067], c=[0.01000], F=[0.84747, 0.89396, 0.92290, 0.94186], F_fuse=[0.01319, 0.01080, 0.00886, 0.00628]
[ INFO : 2026-06-14 04:41:15,514 ] - Epoch 54: train==[143.69915 = 1.02029 + 1.72590 + 30.61152 + 0.00974 + 0.00000 + 0.00097 + 1225.89705]
[ INFO : 2026-06-14 04:41:24,554 ] - Test_@[5, 10, 20, 50]: Recall=[0.03203, 0.05216, 0.08433, 0.14895],  precision=[0.00678, 0.00552, 0.00446, 0.00316], hit=[0.03363, 0.05477, 0.08809, 0.15541], ndcg=[0.02096, 0.02750, 0.03568, 0.04858], Train Rec Loss=[0.03062], Eval Rec Loss=[0.03068], c=[0.01000], F=[0.84814, 0.89353, 0.92270, 0.94101], F_fuse=[0.01345, 0.01097, 0.00888, 0.00630]
[ INFO : 2026-06-14 04:43:47,885 ] - Epoch 55: train==[143.54774 = 1.01104 + 1.72589 + 30.46936 + 0.00974 + 0.00000 + 0.00097 + 1225.89705]
[ INFO : 2026-06-14 04:43:56,871 ] - Test_@[5, 10, 20, 50]: Recall=[0.03198, 0.05238, 0.08395, 0.14910],  precision=[0.00677, 0.00553, 0.00444, 0.00316], hit=[0.03358, 0.05492, 0.08768, 0.15557], ndcg=[0.02101, 0.02765, 0.03569, 0.04873], Train Rec Loss=[0.03059], Eval Rec Loss=[0.03065], c=[0.01000], F=[0.84964, 0.89490, 0.92365, 0.94199], F_fuse=[0.01343, 0.01100, 0.00884, 0.00631]
[ INFO : 2026-06-14 04:46:19,402 ] - Epoch 56: train==[143.24909 = 1.00350 + 1.72589 + 30.17818 + 0.00982 + 0.00000 + 0.00096 + 1225.89705]
[ INFO : 2026-06-14 04:46:28,447 ] - Test_@[5, 10, 20, 50]: Recall=[0.03229, 0.05268, 0.08442, 0.14979],  precision=[0.00683, 0.00557, 0.00446, 0.00318], hit=[0.03389, 0.05528, 0.08815, 0.15629], ndcg=[0.02116, 0.02778, 0.03585, 0.04892], Train Rec Loss=[0.03061], Eval Rec Loss=[0.03066], c=[0.01000], F=[0.84659, 0.89319, 0.92167, 0.94006], F_fuse=[0.01355, 0.01107, 0.00888, 0.00634]
[ INFO : 2026-06-14 04:48:51,954 ] - Epoch 57: train==[143.06289 = 0.99683 + 1.72589 + 29.99860 + 0.00988 + 0.00000 + 0.00095 + 1225.89705]
[ INFO : 2026-06-14 04:49:00,984 ] - Test_@[5, 10, 20, 50]: Recall=[0.03236, 0.05269, 0.08454, 0.15001],  precision=[0.00685, 0.00556, 0.00447, 0.00318], hit=[0.03399, 0.05523, 0.08835, 0.15649], ndcg=[0.02126, 0.02785, 0.03596, 0.04905], Train Rec Loss=[0.03061], Eval Rec Loss=[0.03064], c=[0.01000], F=[0.84938, 0.89509, 0.92195, 0.93934], F_fuse=[0.01359, 0.01106, 0.00891, 0.00634]
[ INFO : 2026-06-14 04:51:25,478 ] - Epoch 58: train==[142.78394 = 0.98887 + 1.72590 + 29.72755 + 0.00993 + 0.00000 + 0.00095 + 1225.89705]
[ INFO : 2026-06-14 04:51:34,506 ] - Test_@[5, 10, 20, 50]: Recall=[0.03241, 0.05294, 0.08512, 0.15022],  precision=[0.00686, 0.00560, 0.00450, 0.00319], hit=[0.03404, 0.05554, 0.08887, 0.15675], ndcg=[0.02112, 0.02776, 0.03594, 0.04895], Train Rec Loss=[0.03058], Eval Rec Loss=[0.03065], c=[0.01000], F=[0.84677, 0.89195, 0.92082, 0.93894], F_fuse=[0.01361, 0.01112, 0.00895, 0.00636]
[ INFO : 2026-06-14 04:53:58,142 ] - Epoch 59: train==[142.60200 = 0.98151 + 1.72590 + 29.55293 + 0.00997 + 0.00000 + 0.00095 + 1225.89705]
[ INFO : 2026-06-14 04:54:07,183 ] - Test_@[5, 10, 20, 50]: Recall=[0.03236, 0.05331, 0.08481, 0.15178],  precision=[0.00685, 0.00563, 0.00449, 0.00322], hit=[0.03399, 0.05585, 0.08861, 0.15824], ndcg=[0.02118, 0.02796, 0.03598, 0.04935], Train Rec Loss=[0.03057], Eval Rec Loss=[0.03063], c=[0.01000], F=[0.84803, 0.89357, 0.92216, 0.94030], F_fuse=[0.01359, 0.01118, 0.00893, 0.00641]
[ INFO : 2026-06-14 04:56:26,872 ] - Epoch 60: train==[142.31204 = 0.97677 + 1.72589 + 29.26767 + 0.01003 + 0.00000 + 0.00094 + 1225.89705]
[ INFO : 2026-06-14 04:56:35,872 ] - Test_@[5, 10, 20, 50]: Recall=[0.03252, 0.05321, 0.08562, 0.15130],  precision=[0.00688, 0.00562, 0.00452, 0.00321], hit=[0.03415, 0.05575, 0.08928, 0.15773], ndcg=[0.02122, 0.02792, 0.03616, 0.04928], Train Rec Loss=[0.03058], Eval Rec Loss=[0.03063], c=[0.01000], F=[0.84685, 0.89168, 0.92019, 0.93841], F_fuse=[0.01365, 0.01116, 0.00899, 0.00639]
[ INFO : 2026-06-14 04:59:00,304 ] - Epoch 61: train==[142.07716 = 0.97001 + 1.72589 + 29.03951 + 0.01008 + 0.00000 + 0.00094 + 1225.89705]
[ INFO : 2026-06-14 04:59:09,327 ] - Test_@[5, 10, 20, 50]: Recall=[0.03277, 0.05392, 0.08552, 0.15092],  precision=[0.00694, 0.00569, 0.00452, 0.00320], hit=[0.03446, 0.05647, 0.08923, 0.15747], ndcg=[0.02145, 0.02828, 0.03631, 0.04938], Train Rec Loss=[0.03055], Eval Rec Loss=[0.03062], c=[0.01000], F=[0.84770, 0.89198, 0.92003, 0.93893], F_fuse=[0.01377, 0.01131, 0.00899, 0.00638]
[ INFO : 2026-06-14 05:01:30,320 ] - Epoch 62: train==[141.79874 = 0.96260 + 1.72589 + 28.76841 + 0.01016 + 0.00000 + 0.00094 + 1225.89705]
[ INFO : 2026-06-14 05:01:39,370 ] - Test_@[5, 10, 20, 50]: Recall=[0.03262, 0.05359, 0.08560, 0.15242],  precision=[0.00691, 0.00566, 0.00453, 0.00323], hit=[0.03430, 0.05616, 0.08933, 0.15896], ndcg=[0.02133, 0.02811, 0.03626, 0.04959], Train Rec Loss=[0.03055], Eval Rec Loss=[0.03059], c=[0.01000], F=[0.84725, 0.89102, 0.92088, 0.93918], F_fuse=[0.01371, 0.01124, 0.00901, 0.00645]
[ INFO : 2026-06-14 05:03:59,023 ] - Epoch 63: train==[141.67022 = 0.95657 + 1.72589 + 28.64589 + 0.01020 + 0.00000 + 0.00093 + 1225.89705]
[ INFO : 2026-06-14 05:04:08,028 ] - Test_@[5, 10, 20, 50]: Recall=[0.03290, 0.05323, 0.08631, 0.15176],  precision=[0.00697, 0.00562, 0.00456, 0.00322], hit=[0.03461, 0.05570, 0.09015, 0.15840], ndcg=[0.02156, 0.02814, 0.03658, 0.04964], Train Rec Loss=[0.03054], Eval Rec Loss=[0.03058], c=[0.01000], F=[0.84775, 0.89111, 0.92052, 0.93906], F_fuse=[0.01383, 0.01116, 0.00908, 0.00642]
[ INFO : 2026-06-14 05:06:31,223 ] - Epoch 64: train==[141.39978 = 0.94702 + 1.72589 + 28.38492 + 0.01028 + 0.00000 + 0.00092 + 1225.89705]
[ INFO : 2026-06-14 05:06:40,179 ] - Test_@[5, 10, 20, 50]: Recall=[0.03277, 0.05347, 0.08619, 0.15175],  precision=[0.00694, 0.00565, 0.00455, 0.00322], hit=[0.03446, 0.05606, 0.09005, 0.15845], ndcg=[0.02146, 0.02815, 0.03649, 0.04958], Train Rec Loss=[0.03053], Eval Rec Loss=[0.03058], c=[0.01000], F=[0.84943, 0.89204, 0.92081, 0.93922], F_fuse=[0.01377, 0.01123, 0.00906, 0.00642]
[ INFO : 2026-06-14 05:09:02,819 ] - Epoch 65: train==[141.37228 = 0.94258 + 1.72589 + 28.36186 + 0.01029 + 0.00000 + 0.00092 + 1225.89705]
[ INFO : 2026-06-14 05:09:11,883 ] - Test_@[5, 10, 20, 50]: Recall=[0.03235, 0.05422, 0.08585, 0.15148],  precision=[0.00686, 0.00573, 0.00453, 0.00321], hit=[0.03404, 0.05683, 0.08964, 0.15804], ndcg=[0.02132, 0.02840, 0.03645, 0.04957], Train Rec Loss=[0.03053], Eval Rec Loss=[0.03060], c=[0.01000], F=[0.84830, 0.89013, 0.92034, 0.93977], F_fuse=[0.01361, 0.01138, 0.00902, 0.00641]
[ INFO : 2026-06-14 05:11:33,216 ] - Epoch 66: train==[141.03751 = 0.93922 + 1.72590 + 28.03036 + 0.01037 + 0.00000 + 0.00092 + 1225.89705]
[ INFO : 2026-06-14 05:11:42,293 ] - Test_@[5, 10, 20, 50]: Recall=[0.03261, 0.05447, 0.08574, 0.15227],  precision=[0.00691, 0.00575, 0.00453, 0.00323], hit=[0.03430, 0.05708, 0.08953, 0.15891], ndcg=[0.02143, 0.02851, 0.03648, 0.04978], Train Rec Loss=[0.03051], Eval Rec Loss=[0.03059], c=[0.01000], F=[0.84821, 0.89148, 0.92038, 0.93880], F_fuse=[0.01371, 0.01144, 0.00901, 0.00644]
[ INFO : 2026-06-14 05:14:03,268 ] - Epoch 67: train==[140.78715 = 0.92835 + 1.72590 + 27.79080 + 0.01043 + 0.00000 + 0.00091 + 1225.89705]
[ INFO : 2026-06-14 05:14:12,324 ] - Test_@[5, 10, 20, 50]: Recall=[0.03303, 0.05486, 0.08604, 0.15211],  precision=[0.00699, 0.00579, 0.00455, 0.00323], hit=[0.03476, 0.05750, 0.08984, 0.15870], ndcg=[0.02159, 0.02865, 0.03659, 0.04980], Train Rec Loss=[0.03050], Eval Rec Loss=[0.03058], c=[0.01000], F=[0.84848, 0.89166, 0.91959, 0.93787], F_fuse=[0.01387, 0.01150, 0.00905, 0.00643]
[ INFO : 2026-06-14 05:16:32,969 ] - Epoch 68: train==[140.65106 = 0.92513 + 1.72590 + 27.65792 + 0.01047 + 0.00000 + 0.00091 + 1225.89705]
[ INFO : 2026-06-14 05:16:42,014 ] - Test_@[5, 10, 20, 50]: Recall=[0.03331, 0.05496, 0.08633, 0.15169],  precision=[0.00705, 0.00581, 0.00456, 0.00322], hit=[0.03497, 0.05765, 0.09015, 0.15829], ndcg=[0.02182, 0.02884, 0.03681, 0.04987], Train Rec Loss=[0.03050], Eval Rec Loss=[0.03057], c=[0.01000], F=[0.85071, 0.89121, 0.92032, 0.93934], F_fuse=[0.01398, 0.01154, 0.00907, 0.00641]
[ INFO : 2026-06-14 05:19:05,304 ] - Epoch 69: train==[140.33698 = 0.91843 + 1.72590 + 27.35046 + 0.01054 + 0.00000 + 0.00091 + 1225.89705]
[ INFO : 2026-06-14 05:19:14,323 ] - Test_@[5, 10, 20, 50]: Recall=[0.03341, 0.05509, 0.08615, 0.15292],  precision=[0.00708, 0.00582, 0.00455, 0.00324], hit=[0.03512, 0.05780, 0.08989, 0.15958], ndcg=[0.02185, 0.02886, 0.03679, 0.05012], Train Rec Loss=[0.03050], Eval Rec Loss=[0.03058], c=[0.01000], F=[0.85080, 0.89260, 0.92094, 0.93858], F_fuse=[0.01404, 0.01156, 0.00905, 0.00646]
[ INFO : 2026-06-14 05:21:34,601 ] - Epoch 70: train==[140.20991 = 0.91425 + 1.72589 + 27.22754 + 0.01060 + 0.00000 + 0.00090 + 1225.89705]
[ INFO : 2026-06-14 05:21:43,649 ] - Test_@[5, 10, 20, 50]: Recall=[0.03328, 0.05465, 0.08626, 0.15177],  precision=[0.00705, 0.00578, 0.00455, 0.00322], hit=[0.03497, 0.05734, 0.09005, 0.15845], ndcg=[0.02181, 0.02878, 0.03682, 0.04991], Train Rec Loss=[0.03049], Eval Rec Loss=[0.03055], c=[0.01000], F=[0.85046, 0.89071, 0.92006, 0.93908], F_fuse=[0.01398, 0.01148, 0.00906, 0.00641]
[ INFO : 2026-06-14 05:24:04,276 ] - Epoch 71: train==[140.02416 = 0.90747 + 1.72589 + 27.04853 + 0.01064 + 0.00000 + 0.00089 + 1225.89705]
[ INFO : 2026-06-14 05:24:13,309 ] - Test_@[5, 10, 20, 50]: Recall=[0.03361, 0.05490, 0.08643, 0.15206],  precision=[0.00711, 0.00580, 0.00456, 0.00323], hit=[0.03528, 0.05760, 0.09015, 0.15881], ndcg=[0.02192, 0.02885, 0.03687, 0.04998], Train Rec Loss=[0.03048], Eval Rec Loss=[0.03056], c=[0.01000], F=[0.85060, 0.89123, 0.92014, 0.93929], F_fuse=[0.01410, 0.01153, 0.00907, 0.00643]
[ INFO : 2026-06-14 05:26:37,347 ] - Epoch 72: train==[139.85734 = 0.90339 + 1.72589 + 26.88573 + 0.01070 + 0.00000 + 0.00089 + 1225.89705]
[ INFO : 2026-06-14 05:26:46,363 ] - Test_@[5, 10, 20, 50]: Recall=[0.03347, 0.05550, 0.08684, 0.15220],  precision=[0.00707, 0.00586, 0.00458, 0.00323], hit=[0.03512, 0.05822, 0.09061, 0.15881], ndcg=[0.02173, 0.02890, 0.03684, 0.04988], Train Rec Loss=[0.03047], Eval Rec Loss=[0.03055], c=[0.01000], F=[0.85117, 0.89211, 0.91973, 0.93839], F_fuse=[0.01402, 0.01165, 0.00911, 0.00643]
[ INFO : 2026-06-14 05:29:09,996 ] - Epoch 73: train==[139.80788 = 0.89496 + 1.72590 + 26.84465 + 0.01076 + 0.00000 + 0.00088 + 1225.89705]
[ INFO : 2026-06-14 05:29:19,047 ] - Test_@[5, 10, 20, 50]: Recall=[0.03385, 0.05502, 0.08701, 0.15169],  precision=[0.00716, 0.00582, 0.00459, 0.00322], hit=[0.03554, 0.05775, 0.09087, 0.15824], ndcg=[0.02202, 0.02893, 0.03703, 0.04993], Train Rec Loss=[0.03047], Eval Rec Loss=[0.03051], c=[0.01000], F=[0.85077, 0.89092, 0.92035, 0.93938], F_fuse=[0.01420, 0.01156, 0.00914, 0.00641]
[ INFO : 2026-06-14 05:31:42,907 ] - Epoch 74: train==[139.75505 = 0.89044 + 1.72590 + 26.79625 + 0.01083 + 0.00000 + 0.00088 + 1225.89705]
[ INFO : 2026-06-14 05:31:51,911 ] - Test_@[5, 10, 20, 50]: Recall=[0.03367, 0.05520, 0.08659, 0.15220],  precision=[0.00711, 0.00584, 0.00457, 0.00322], hit=[0.03533, 0.05791, 0.09036, 0.15876], ndcg=[0.02187, 0.02890, 0.03688, 0.04999], Train Rec Loss=[0.03046], Eval Rec Loss=[0.03051], c=[0.01000], F=[0.84938, 0.88997, 0.91772, 0.93712], F_fuse=[0.01410, 0.01160, 0.00909, 0.00643]
[ INFO : 2026-06-14 05:34:12,668 ] - Epoch 75: train==[139.46992 = 0.88514 + 1.72590 + 26.51634 + 0.01092 + 0.00000 + 0.00088 + 1225.89705]
[ INFO : 2026-06-14 05:34:21,748 ] - Test_@[5, 10, 20, 50]: Recall=[0.03407, 0.05531, 0.08724, 0.15232],  precision=[0.00720, 0.00584, 0.00460, 0.00323], hit=[0.03579, 0.05801, 0.09103, 0.15896], ndcg=[0.02201, 0.02891, 0.03702, 0.04999], Train Rec Loss=[0.03044], Eval Rec Loss=[0.03050], c=[0.01000], F=[0.85172, 0.89179, 0.91972, 0.93883], F_fuse=[0.01428, 0.01161, 0.00916, 0.00644]
[ INFO : 2026-06-14 05:36:46,166 ] - Epoch 76: train==[139.34329 = 0.88339 + 1.72589 + 26.39146 + 0.01093 + 0.00000 + 0.00088 + 1225.89705]
[ INFO : 2026-06-14 05:36:55,191 ] - Test_@[5, 10, 20, 50]: Recall=[0.03434, 0.05567, 0.08695, 0.15198],  precision=[0.00724, 0.00587, 0.00459, 0.00322], hit=[0.03600, 0.05832, 0.09082, 0.15850], ndcg=[0.02208, 0.02901, 0.03694, 0.04991], Train Rec Loss=[0.03044], Eval Rec Loss=[0.03048], c=[0.01000], F=[0.85071, 0.89004, 0.91847, 0.93855], F_fuse=[0.01436, 0.01167, 0.00913, 0.00642]
[ INFO : 2026-06-14 05:39:16,631 ] - Epoch 77: train==[139.11178 = 0.87374 + 1.72589 + 26.16956 + 0.01099 + 0.00000 + 0.00087 + 1225.89705]
[ INFO : 2026-06-14 05:39:25,686 ] - Test_@[5, 10, 20, 50]: Recall=[0.03432, 0.05536, 0.08743, 0.15217],  precision=[0.00724, 0.00584, 0.00461, 0.00323], hit=[0.03600, 0.05806, 0.09118, 0.15881], ndcg=[0.02214, 0.02900, 0.03715, 0.05008], Train Rec Loss=[0.03043], Eval Rec Loss=[0.03047], c=[0.01000], F=[0.85230, 0.89110, 0.91893, 0.93796], F_fuse=[0.01436, 0.01161, 0.00917, 0.00643]
[ INFO : 2026-06-14 05:41:50,213 ] - Epoch 78: train==[138.91414 = 0.86586 + 1.72589 + 25.97972 + 0.01106 + 0.00000 + 0.00087 + 1225.89705]
[ INFO : 2026-06-14 05:41:59,316 ] - Test_@[5, 10, 20, 50]: Recall=[0.03463, 0.05579, 0.08724, 0.15191],  precision=[0.00730, 0.00589, 0.00460, 0.00322], hit=[0.03631, 0.05847, 0.09103, 0.15840], ndcg=[0.02232, 0.02920, 0.03718, 0.05009], Train Rec Loss=[0.03042], Eval Rec Loss=[0.03048], c=[0.01000], F=[0.85134, 0.88987, 0.91863, 0.93851], F_fuse=[0.01448, 0.01170, 0.00915, 0.00642]
[ INFO : 2026-06-14 05:44:18,983 ] - Epoch 79: train==[138.83471 = 0.86501 + 1.72589 + 25.90110 + 0.01111 + 0.00000 + 0.00087 + 1225.89705]
[ INFO : 2026-06-14 05:44:27,940 ] - Test_@[5, 10, 20, 50]: Recall=[0.03449, 0.05596, 0.08714, 0.15304],  precision=[0.00728, 0.00591, 0.00460, 0.00324], hit=[0.03620, 0.05873, 0.09097, 0.15958], ndcg=[0.02214, 0.02911, 0.03703, 0.05019], Train Rec Loss=[0.03043], Eval Rec Loss=[0.03048], c=[0.01000], F=[0.85060, 0.88836, 0.91726, 0.93676], F_fuse=[0.01444, 0.01174, 0.00915, 0.00646]
[ INFO : 2026-06-14 05:46:48,883 ] - Epoch 80: train==[138.63757 = 0.85768 + 1.72589 + 25.71124 + 0.01117 + 0.00000 + 0.00086 + 1225.89705]
[ INFO : 2026-06-14 05:46:58,003 ] - Test_@[5, 10, 20, 50]: Recall=[0.03493, 0.05597, 0.08746, 0.15245],  precision=[0.00736, 0.00590, 0.00461, 0.00323], hit=[0.03662, 0.05868, 0.09128, 0.15901], ndcg=[0.02249, 0.02932, 0.03731, 0.05028], Train Rec Loss=[0.03041], Eval Rec Loss=[0.03047], c=[0.01000], F=[0.85044, 0.88923, 0.91784, 0.93781], F_fuse=[0.01460, 0.01173, 0.00917, 0.00644]
[ INFO : 2026-06-14 05:49:22,415 ] - Epoch 81: train==[138.54254 = 0.85413 + 1.72589 + 25.61969 + 0.01124 + 0.00000 + 0.00086 + 1225.89705]
[ INFO : 2026-06-14 05:49:31,453 ] - Test_@[5, 10, 20, 50]: Recall=[0.03518, 0.05613, 0.08748, 0.15184],  precision=[0.00744, 0.00592, 0.00462, 0.00322], hit=[0.03698, 0.05883, 0.09139, 0.15840], ndcg=[0.02251, 0.02932, 0.03728, 0.05012], Train Rec Loss=[0.03043], Eval Rec Loss=[0.03047], c=[0.01000], F=[0.85198, 0.89066, 0.91771, 0.93778], F_fuse=[0.01474, 0.01177, 0.00918, 0.00641]
[ INFO : 2026-06-14 05:51:55,553 ] - Epoch 82: train==[138.55159 = 0.85152 + 1.72589 + 25.63135 + 0.01124 + 0.00000 + 0.00085 + 1225.89705]
[ INFO : 2026-06-14 05:52:04,556 ] - Test_@[5, 10, 20, 50]: Recall=[0.03525, 0.05631, 0.08706, 0.15122],  precision=[0.00745, 0.00595, 0.00459, 0.00320], hit=[0.03703, 0.05904, 0.09097, 0.15762], ndcg=[0.02262, 0.02946, 0.03726, 0.05008], Train Rec Loss=[0.03041], Eval Rec Loss=[0.03045], c=[0.01000], F=[0.85168, 0.89031, 0.91807, 0.93840], F_fuse=[0.01476, 0.01182, 0.00914, 0.00638]
[ INFO : 2026-06-14 05:54:25,518 ] - Epoch 83: train==[138.18645 = 0.84240 + 1.72589 + 25.27519 + 0.01138 + 0.00000 + 0.00085 + 1225.89705]
[ INFO : 2026-06-14 05:54:34,529 ] - Test_@[5, 10, 20, 50]: Recall=[0.03524, 0.05610, 0.08700, 0.15136],  precision=[0.00745, 0.00592, 0.00458, 0.00321], hit=[0.03703, 0.05878, 0.09087, 0.15798], ndcg=[0.02266, 0.02943, 0.03729, 0.05015], Train Rec Loss=[0.03040], Eval Rec Loss=[0.03047], c=[0.01000], F=[0.85156, 0.89036, 0.91806, 0.93820], F_fuse=[0.01476, 0.01176, 0.00912, 0.00639]
[ INFO : 2026-06-14 05:56:55,379 ] - Epoch 84: train==[138.20392 = 0.83900 + 1.72589 + 25.29606 + 0.01138 + 0.00000 + 0.00085 + 1225.89705]
[ INFO : 2026-06-14 05:57:04,432 ] - Test_@[5, 10, 20, 50]: Recall=[0.03510, 0.05684, 0.08791, 0.15213],  precision=[0.00743, 0.00601, 0.00463, 0.00322], hit=[0.03692, 0.05966, 0.09175, 0.15865], ndcg=[0.02259, 0.02964, 0.03750, 0.05031], Train Rec Loss=[0.03040], Eval Rec Loss=[0.03045], c=[0.01000], F=[0.84889, 0.88829, 0.91649, 0.93769], F_fuse=[0.01472, 0.01193, 0.00922, 0.00642]
[ INFO : 2026-06-14 05:59:28,842 ] - Epoch 85: train==[138.12288 = 0.83735 + 1.72589 + 25.21662 + 0.01144 + 0.00000 + 0.00085 + 1225.89705]
[ INFO : 2026-06-14 05:59:37,874 ] - Test_@[5, 10, 20, 50]: Recall=[0.03509, 0.05712, 0.08797, 0.15238],  precision=[0.00743, 0.00603, 0.00464, 0.00323], hit=[0.03692, 0.05981, 0.09180, 0.15896], ndcg=[0.02258, 0.02972, 0.03753, 0.05038], Train Rec Loss=[0.03038], Eval Rec Loss=[0.03046], c=[0.01000], F=[0.84855, 0.88725, 0.91580, 0.93631], F_fuse=[0.01472, 0.01198, 0.00923, 0.00643]
[ INFO : 2026-06-14 06:02:01,676 ] - Epoch 86: train==[137.98997 = 0.82931 + 1.72590 + 25.09170 + 0.01149 + 0.00000 + 0.00084 + 1225.89705]
[ INFO : 2026-06-14 06:02:10,713 ] - Test_@[5, 10, 20, 50]: Recall=[0.03546, 0.05634, 0.08816, 0.15144],  precision=[0.00751, 0.00594, 0.00464, 0.00320], hit=[0.03734, 0.05904, 0.09195, 0.15793], ndcg=[0.02274, 0.02953, 0.03759, 0.05021], Train Rec Loss=[0.03039], Eval Rec Loss=[0.03044], c=[0.01000], F=[0.84976, 0.88795, 0.91619, 0.93739], F_fuse=[0.01489, 0.01181, 0.00924, 0.00639]
[ INFO : 2026-06-14 06:04:35,385 ] - Epoch 87: train==[137.80582 = 0.82498 + 1.72589 + 24.91181 + 0.01157 + 0.00000 + 0.00084 + 1225.89705]
[ INFO : 2026-06-14 06:04:44,472 ] - Test_@[5, 10, 20, 50]: Recall=[0.03554, 0.05682, 0.08695, 0.15046],  precision=[0.00753, 0.00600, 0.00458, 0.00318], hit=[0.03739, 0.05955, 0.09077, 0.15701], ndcg=[0.02294, 0.02980, 0.03744, 0.05011], Train Rec Loss=[0.03036], Eval Rec Loss=[0.03042], c=[0.01000], F=[0.85046, 0.88946, 0.91800, 0.93961], F_fuse=[0.01493, 0.01191, 0.00912, 0.00635]
[ INFO : 2026-06-14 06:07:08,611 ] - Epoch 88: train==[137.63903 = 0.82258 + 1.72589 + 24.74734 + 0.01165 + 0.00000 + 0.00083 + 1225.89705]
[ INFO : 2026-06-14 06:07:17,662 ] - Test_@[5, 10, 20, 50]: Recall=[0.03529, 0.05626, 0.08744, 0.15164],  precision=[0.00747, 0.00594, 0.00461, 0.00321], hit=[0.03708, 0.05904, 0.09123, 0.15819], ndcg=[0.02279, 0.02959, 0.03751, 0.05033], Train Rec Loss=[0.03036], Eval Rec Loss=[0.03042], c=[0.01000], F=[0.85030, 0.88860, 0.91632, 0.93746], F_fuse=[0.01480, 0.01181, 0.00916, 0.00640]
[ INFO : 2026-06-14 06:09:38,268 ] - Epoch 89: train==[137.60862 = 0.81757 + 1.72589 + 24.72189 + 0.01170 + 0.00000 + 0.00083 + 1225.89705]
[ INFO : 2026-06-14 06:09:47,342 ] - Test_@[5, 10, 20, 50]: Recall=[0.03608, 0.05662, 0.08786, 0.15178],  precision=[0.00764, 0.00598, 0.00462, 0.00321], hit=[0.03795, 0.05940, 0.09159, 0.15829], ndcg=[0.02297, 0.02961, 0.03755, 0.05030], Train Rec Loss=[0.03036], Eval Rec Loss=[0.03042], c=[0.01000], F=[0.84864, 0.88827, 0.91633, 0.93715], F_fuse=[0.01515, 0.01188, 0.00920, 0.00640]
[ INFO : 2026-06-14 06:12:06,946 ] - Epoch 90: train==[137.40090 = 0.80967 + 1.72590 + 24.52199 + 0.01178 + 0.00000 + 0.00083 + 1225.89705]
[ INFO : 2026-06-14 06:12:15,977 ] - Test_@[5, 10, 20, 50]: Recall=[0.03547, 0.05700, 0.08657, 0.14976],  precision=[0.00751, 0.00602, 0.00456, 0.00317], hit=[0.03728, 0.05981, 0.09046, 0.15624], ndcg=[0.02302, 0.02996, 0.03747, 0.05009], Train Rec Loss=[0.03035], Eval Rec Loss=[0.03041], c=[0.01000], F=[0.85055, 0.88930, 0.91828, 0.94007], F_fuse=[0.01489, 0.01196, 0.00908, 0.00632]
[ INFO : 2026-06-14 06:14:36,171 ] - Epoch 91: train==[137.40418 = 0.80798 + 1.72589 + 24.52695 + 0.01179 + 0.00000 + 0.00083 + 1225.89705]
[ INFO : 2026-06-14 06:14:45,199 ] - Test_@[5, 10, 20, 50]: Recall=[0.03572, 0.05730, 0.08776, 0.15139],  precision=[0.00755, 0.00606, 0.00462, 0.00320], hit=[0.03749, 0.06017, 0.09154, 0.15804], ndcg=[0.02305, 0.03002, 0.03772, 0.05043], Train Rec Loss=[0.03034], Eval Rec Loss=[0.03043], c=[0.01000], F=[0.85000, 0.88833, 0.91613, 0.93715], F_fuse=[0.01497, 0.01204, 0.00920, 0.00639]
[ INFO : 2026-06-14 06:17:04,591 ] - Epoch 92: train==[137.34175 = 0.80386 + 1.72590 + 24.46857 + 0.01187 + 0.00000 + 0.00082 + 1225.89705]
[ INFO : 2026-06-14 06:17:13,535 ] - Test_@[5, 10, 20, 50]: Recall=[0.03585, 0.05743, 0.08759, 0.15055],  precision=[0.00759, 0.00607, 0.00461, 0.00319], hit=[0.03770, 0.06027, 0.09133, 0.15711], ndcg=[0.02327, 0.03025, 0.03788, 0.05046], Train Rec Loss=[0.03034], Eval Rec Loss=[0.03040], c=[0.01000], F=[0.84956, 0.88807, 0.91597, 0.93700], F_fuse=[0.01505, 0.01206, 0.00918, 0.00635]
[ INFO : 2026-06-14 06:19:37,299 ] - Epoch 93: train==[137.14693 = 0.79875 + 1.72589 + 24.27880 + 0.01194 + 0.00000 + 0.00082 + 1225.89705]
[ INFO : 2026-06-14 06:19:46,281 ] - Test_@[5, 10, 20, 50]: Recall=[0.03621, 0.05702, 0.08799, 0.15093],  precision=[0.00767, 0.00603, 0.00463, 0.00320], hit=[0.03811, 0.05986, 0.09185, 0.15752], ndcg=[0.02323, 0.02997, 0.03781, 0.05038], Train Rec Loss=[0.03033], Eval Rec Loss=[0.03038], c=[0.01000], F=[0.84892, 0.88753, 0.91570, 0.93680], F_fuse=[0.01521, 0.01198, 0.00922, 0.00637]
[ INFO : 2026-06-14 06:22:06,371 ] - Epoch 94: train==[137.08396 = 0.79449 + 1.72589 + 24.22002 + 0.01200 + 0.00000 + 0.00082 + 1225.89705]
[ INFO : 2026-06-14 06:22:15,379 ] - Test_@[5, 10, 20, 50]: Recall=[0.03591, 0.05759, 0.08774, 0.15162],  precision=[0.00760, 0.00608, 0.00462, 0.00321], hit=[0.03775, 0.06032, 0.09144, 0.15814], ndcg=[0.02326, 0.03026, 0.03789, 0.05067], Train Rec Loss=[0.03033], Eval Rec Loss=[0.03039], c=[0.01000], F=[0.84994, 0.88751, 0.91493, 0.93556], F_fuse=[0.01507, 0.01208, 0.00919, 0.00639]
[ INFO : 2026-06-14 06:24:36,444 ] - Epoch 95: train==[137.01648 = 0.79257 + 1.72589 + 24.15438 + 0.01209 + 0.00000 + 0.00081 + 1225.89705]
[ INFO : 2026-06-14 06:24:45,498 ] - Test_@[5, 10, 20, 50]: Recall=[0.03609, 0.05694, 0.08785, 0.15137],  precision=[0.00762, 0.00603, 0.00463, 0.00321], hit=[0.03785, 0.05981, 0.09159, 0.15804], ndcg=[0.02346, 0.03024, 0.03807, 0.05077], Train Rec Loss=[0.03031], Eval Rec Loss=[0.03038], c=[0.01000], F=[0.84856, 0.88701, 0.91542, 0.93659], F_fuse=[0.01511, 0.01197, 0.00921, 0.00639]
[ INFO : 2026-06-14 06:27:05,150 ] - Epoch 96: train==[136.90595 = 0.78665 + 1.72589 + 24.04975 + 0.01210 + 0.00000 + 0.00082 + 1225.89705]
[ INFO : 2026-06-14 06:27:14,111 ] - Test_@[5, 10, 20, 50]: Recall=[0.03595, 0.05767, 0.08731, 0.15101],  precision=[0.00762, 0.00609, 0.00460, 0.00320], hit=[0.03785, 0.06048, 0.09103, 0.15768], ndcg=[0.02346, 0.03046, 0.03797, 0.05069], Train Rec Loss=[0.03030], Eval Rec Loss=[0.03038], c=[0.01000], F=[0.85098, 0.88886, 0.91658, 0.93731], F_fuse=[0.01511, 0.01211, 0.00914, 0.00638]
[ INFO : 2026-06-14 06:29:35,033 ] - Epoch 97: train==[136.72423 = 0.78042 + 1.72589 + 23.87419 + 0.01218 + 0.00000 + 0.00081 + 1225.89705]
[ INFO : 2026-06-14 06:29:44,090 ] - Test_@[5, 10, 20, 50]: Recall=[0.03611, 0.05748, 0.08761, 0.15048],  precision=[0.00763, 0.00608, 0.00461, 0.00319], hit=[0.03790, 0.06032, 0.09139, 0.15706], ndcg=[0.02353, 0.03047, 0.03810, 0.05069], Train Rec Loss=[0.03030], Eval Rec Loss=[0.03036], c=[0.01000], F=[0.84833, 0.88593, 0.91439, 0.93607], F_fuse=[0.01513, 0.01207, 0.00918, 0.00635]
[ INFO : 2026-06-14 06:32:05,378 ] - Epoch 98: train==[136.76194 = 0.78022 + 1.72589 + 23.91204 + 0.01225 + 0.00000 + 0.00081 + 1225.89705]
[ INFO : 2026-06-14 06:32:18,093 ] - Test_@[5, 10, 20, 50]: Recall=[0.03629, 0.05736, 0.08717, 0.14940],  precision=[0.00766, 0.00606, 0.00459, 0.00316], hit=[0.03811, 0.06017, 0.09097, 0.15593], ndcg=[0.02355, 0.03037, 0.03792, 0.05037], Train Rec Loss=[0.03029], Eval Rec Loss=[0.03035], c=[0.01000], F=[0.84799, 0.88494, 0.91452, 0.93672], F_fuse=[0.01519, 0.01203, 0.00913, 0.00631]
[ INFO : 2026-06-14 06:34:38,731 ] - Epoch 99: train==[136.55087 = 0.77721 + 1.72589 + 23.70390 + 0.01233 + 0.00000 + 0.00081 + 1225.89705]
[ INFO : 2026-06-14 06:34:47,763 ] - Test_@[5, 10, 20, 50]: Recall=[0.03616, 0.05725, 0.08777, 0.15069],  precision=[0.00763, 0.00605, 0.00462, 0.00319], hit=[0.03790, 0.06002, 0.09154, 0.15737], ndcg=[0.02355, 0.03040, 0.03813, 0.05071], Train Rec Loss=[0.03028], Eval Rec Loss=[0.03036], c=[0.01000], F=[0.84869, 0.88646, 0.91443, 0.93553], F_fuse=[0.01513, 0.01201, 0.00920, 0.00636]
[ INFO : 2026-06-14 06:37:07,956 ] - Epoch 100: train==[136.55263 = 0.77161 + 1.72589 + 23.71119 + 0.01240 + 0.00000 + 0.00080 + 1225.89705]
[ INFO : 2026-06-14 06:37:16,986 ] - Test_@[5, 10, 20, 50]: Recall=[0.03655, 0.05740, 0.08778, 0.15022],  precision=[0.00772, 0.00606, 0.00462, 0.00318], hit=[0.03836, 0.06017, 0.09154, 0.15690], ndcg=[0.02371, 0.03045, 0.03815, 0.05066], Train Rec Loss=[0.03028], Eval Rec Loss=[0.03033], c=[0.01000], F=[0.84802, 0.88583, 0.91354, 0.93521], F_fuse=[0.01531, 0.01204, 0.00919, 0.00635]
[ INFO : 2026-06-14 06:39:37,870 ] - Epoch 101: train==[136.39310 = 0.76624 + 1.72589 + 23.55705 + 0.01238 + 0.00000 + 0.00080 + 1225.89705]
[ INFO : 2026-06-14 06:39:46,918 ] - Test_@[5, 10, 20, 50]: Recall=[0.03631, 0.05688, 0.08773, 0.14871],  precision=[0.00766, 0.00600, 0.00462, 0.00315], hit=[0.03806, 0.05966, 0.09149, 0.15526], ndcg=[0.02363, 0.03028, 0.03809, 0.05028], Train Rec Loss=[0.03029], Eval Rec Loss=[0.03032], c=[0.01000], F=[0.84790, 0.88633, 0.91518, 0.93735], F_fuse=[0.01519, 0.01192, 0.00918, 0.00628]
[ INFO : 2026-06-14 06:42:07,767 ] - Epoch 102: train==[136.30252 = 0.76133 + 1.72589 + 23.47131 + 0.01246 + 0.00000 + 0.00080 + 1225.89705]
[ INFO : 2026-06-14 06:42:16,879 ] - Test_@[5, 10, 20, 50]: Recall=[0.03628, 0.05634, 0.08739, 0.14959],  precision=[0.00764, 0.00595, 0.00460, 0.00317], hit=[0.03800, 0.05904, 0.09123, 0.15618], ndcg=[0.02363, 0.03015, 0.03803, 0.05048], Train Rec Loss=[0.03028], Eval Rec Loss=[0.03033], c=[0.01000], F=[0.84799, 0.88491, 0.91357, 0.93543], F_fuse=[0.01515, 0.01182, 0.00915, 0.00631]
[ INFO : 2026-06-14 06:44:37,269 ] - Epoch 103: train==[136.31578 = 0.75938 + 1.72589 + 23.48644 + 0.01253 + 0.00000 + 0.00080 + 1225.89705]
[ INFO : 2026-06-14 06:44:46,262 ] - Test_@[5, 10, 20, 50]: Recall=[0.03646, 0.05734, 0.08791, 0.14986],  precision=[0.00768, 0.00606, 0.00463, 0.00318], hit=[0.03821, 0.06017, 0.09169, 0.15654], ndcg=[0.02367, 0.03044, 0.03818, 0.05057], Train Rec Loss=[0.03026], Eval Rec Loss=[0.03032], c=[0.01000], F=[0.84725, 0.88552, 0.91388, 0.93622], F_fuse=[0.01523, 0.01204, 0.00922, 0.00633]
[ INFO : 2026-06-14 06:47:07,730 ] - Epoch 104: train==[136.14499 = 0.75316 + 1.72589 + 23.32182 + 0.01258 + 0.00000 + 0.00080 + 1225.89705]
[ INFO : 2026-06-14 06:47:16,789 ] - Test_@[5, 10, 20, 50]: Recall=[0.03658, 0.05716, 0.08830, 0.15026],  precision=[0.00772, 0.00604, 0.00465, 0.00318], hit=[0.03842, 0.05991, 0.09221, 0.15690], ndcg=[0.02359, 0.03027, 0.03816, 0.05054], Train Rec Loss=[0.03026], Eval Rec Loss=[0.03031], c=[0.01000], F=[0.84677, 0.88425, 0.91290, 0.93520], F_fuse=[0.01531, 0.01199, 0.00926, 0.00635]
[ INFO : 2026-06-14 06:49:41,360 ] - Epoch 105: train==[136.12520 = 0.75506 + 1.72589 + 23.30009 + 0.01263 + 0.00000 + 0.00079 + 1225.89705]
[ INFO : 2026-06-14 06:49:50,436 ] - Test_@[5, 10, 20, 50]: Recall=[0.03664, 0.05754, 0.08819, 0.15060],  precision=[0.00774, 0.00609, 0.00464, 0.00319], hit=[0.03847, 0.06043, 0.09200, 0.15716], ndcg=[0.02372, 0.03051, 0.03826, 0.05076], Train Rec Loss=[0.03025], Eval Rec Loss=[0.03032], c=[0.01000], F=[0.84801, 0.88617, 0.91406, 0.93527], F_fuse=[0.01535, 0.01210, 0.00924, 0.00636]
[ INFO : 2026-06-14 06:52:10,882 ] - Epoch 106: train==[136.11031 = 0.74780 + 1.72590 + 23.29237 + 0.01271 + 0.00000 + 0.00079 + 1225.89705]
[ INFO : 2026-06-14 06:52:19,930 ] - Test_@[5, 10, 20, 50]: Recall=[0.03635, 0.05756, 0.08868, 0.14934],  precision=[0.00768, 0.00609, 0.00467, 0.00316], hit=[0.03821, 0.06038, 0.09247, 0.15588], ndcg=[0.02356, 0.03045, 0.03830, 0.05041], Train Rec Loss=[0.03024], Eval Rec Loss=[0.03031], c=[0.01000], F=[0.84743, 0.88702, 0.91563, 0.93741], F_fuse=[0.01523, 0.01209, 0.00929, 0.00630]
[ INFO : 2026-06-14 06:54:44,049 ] - Epoch 107: train==[135.94521 = 0.74460 + 1.72592 + 23.13040 + 0.01276 + 0.00000 + 0.00079 + 1225.89705]
[ INFO : 2026-06-14 06:54:53,130 ] - Test_@[5, 10, 20, 50]: Recall=[0.03669, 0.05741, 0.08854, 0.15019],  precision=[0.00774, 0.00607, 0.00466, 0.00319], hit=[0.03852, 0.06027, 0.09231, 0.15680], ndcg=[0.02381, 0.03054, 0.03841, 0.05074], Train Rec Loss=[0.03025], Eval Rec Loss=[0.03031], c=[0.01000], F=[0.84839, 0.88567, 0.91435, 0.93632], F_fuse=[0.01535, 0.01206, 0.00927, 0.00635]
[ INFO : 2026-06-14 06:57:13,410 ] - Epoch 108: train==[135.93532 = 0.73808 + 1.72590 + 23.12701 + 0.01280 + 0.00000 + 0.00078 + 1225.89705]
[ INFO : 2026-06-14 06:57:22,415 ] - Test_@[5, 10, 20, 50]: Recall=[0.03663, 0.05714, 0.08866, 0.15030],  precision=[0.00772, 0.00604, 0.00467, 0.00319], hit=[0.03842, 0.06002, 0.09247, 0.15690], ndcg=[0.02392, 0.03060, 0.03856, 0.05087], Train Rec Loss=[0.03024], Eval Rec Loss=[0.03029], c=[0.01000], F=[0.84739, 0.88517, 0.91344, 0.93543], F_fuse=[0.01531, 0.01200, 0.00930, 0.00635]
[ INFO : 2026-06-14 06:59:43,948 ] - Epoch 109: train==[135.81592 = 0.73771 + 1.72590 + 23.00788 + 0.01291 + 0.00000 + 0.00078 + 1225.89705]
[ INFO : 2026-06-14 06:59:52,996 ] - Test_@[5, 10, 20, 50]: Recall=[0.03617, 0.05685, 0.08876, 0.14989],  precision=[0.00763, 0.00602, 0.00467, 0.00318], hit=[0.03795, 0.05971, 0.09257, 0.15654], ndcg=[0.02374, 0.03049, 0.03856, 0.05076], Train Rec Loss=[0.03023], Eval Rec Loss=[0.03028], c=[0.01000], F=[0.84913, 0.88694, 0.91534, 0.93711], F_fuse=[0.01513, 0.01195, 0.00930, 0.00633]
[ INFO : 2026-06-14 07:02:17,621 ] - Epoch 110: train==[135.66026 = 0.73355 + 1.72589 + 22.85632 + 0.01298 + 0.00000 + 0.00078 + 1225.89705]
[ INFO : 2026-06-14 07:02:26,722 ] - Test_@[5, 10, 20, 50]: Recall=[0.03637, 0.05693, 0.08891, 0.14942],  precision=[0.00767, 0.00602, 0.00468, 0.00317], hit=[0.03816, 0.05971, 0.09277, 0.15603], ndcg=[0.02374, 0.03045, 0.03853, 0.05066], Train Rec Loss=[0.03021], Eval Rec Loss=[0.03027], c=[0.01000], F=[0.84661, 0.88368, 0.91214, 0.93430], F_fuse=[0.01521, 0.01195, 0.00932, 0.00631]
[ INFO : 2026-06-14 07:04:50,370 ] - Epoch 111: train==[135.62173 = 0.73036 + 1.72589 + 22.82091 + 0.01305 + 0.00000 + 0.00078 + 1225.89705]
[ INFO : 2026-06-14 07:04:59,350 ] - Test_@[5, 10, 20, 50]: Recall=[0.03644, 0.05660, 0.08918, 0.14899],  precision=[0.00767, 0.00598, 0.00470, 0.00316], hit=[0.03816, 0.05930, 0.09308, 0.15552], ndcg=[0.02367, 0.03027, 0.03848, 0.05044], Train Rec Loss=[0.03022], Eval Rec Loss=[0.03028], c=[0.01000], F=[0.84681, 0.88361, 0.91292, 0.93557], F_fuse=[0.01521, 0.01188, 0.00935, 0.00630]
[ INFO : 2026-06-14 07:07:24,382 ] - Epoch 112: train==[135.62729 = 0.72638 + 1.72589 + 22.83043 + 0.01308 + 0.00000 + 0.00078 + 1225.89705]
[ INFO : 2026-06-14 07:07:33,510 ] - Test_@[5, 10, 20, 50]: Recall=[0.03684, 0.05648, 0.08891, 0.14957],  precision=[0.00776, 0.00597, 0.00469, 0.00317], hit=[0.03857, 0.05924, 0.09283, 0.15608], ndcg=[0.02396, 0.03037, 0.03858, 0.05070], Train Rec Loss=[0.03023], Eval Rec Loss=[0.03027], c=[0.01000], F=[0.84666, 0.88410, 0.91308, 0.93525], F_fuse=[0.01537, 0.01186, 0.00932, 0.00631]
[ INFO : 2026-06-14 07:09:53,909 ] - Epoch 113: train==[135.55571 = 0.72462 + 1.72589 + 22.76057 + 0.01312 + 0.00000 + 0.00077 + 1225.89705]
[ INFO : 2026-06-14 07:10:02,912 ] - Test_@[5, 10, 20, 50]: Recall=[0.03669, 0.05722, 0.08920, 0.15038],  precision=[0.00772, 0.00605, 0.00470, 0.00319], hit=[0.03842, 0.06012, 0.09308, 0.15696], ndcg=[0.02387, 0.03056, 0.03863, 0.05085], Train Rec Loss=[0.03021], Eval Rec Loss=[0.03027], c=[0.01000], F=[0.84758, 0.88462, 0.91318, 0.93499], F_fuse=[0.01531, 0.01202, 0.00935, 0.00635]
[ INFO : 2026-06-14 07:12:28,558 ] - Epoch 114: train==[135.51753 = 0.72326 + 1.72589 + 22.72370 + 0.01318 + 0.00000 + 0.00077 + 1225.89705]
[ INFO : 2026-06-14 07:12:37,670 ] - Test_@[5, 10, 20, 50]: Recall=[0.03634, 0.05744, 0.08954, 0.14956],  precision=[0.00766, 0.00606, 0.00471, 0.00317], hit=[0.03811, 0.06017, 0.09329, 0.15613], ndcg=[0.02367, 0.03055, 0.03865, 0.05066], Train Rec Loss=[0.03020], Eval Rec Loss=[0.03026], c=[0.01000], F=[0.84729, 0.88374, 0.91226, 0.93461], F_fuse=[0.01519, 0.01203, 0.00938, 0.00631]
[ INFO : 2026-06-14 07:15:02,288 ] - Epoch 115: train==[135.46518 = 0.71657 + 1.72589 + 22.67797 + 0.01325 + 0.00000 + 0.00077 + 1225.89705]
[ INFO : 2026-06-14 07:15:11,310 ] - Test_@[5, 10, 20, 50]: Recall=[0.03707, 0.05749, 0.08959, 0.14924],  precision=[0.00783, 0.00606, 0.00472, 0.00316], hit=[0.03893, 0.06022, 0.09344, 0.15577], ndcg=[0.02391, 0.03055, 0.03865, 0.05057], Train Rec Loss=[0.03021], Eval Rec Loss=[0.03028], c=[0.01000], F=[0.84731, 0.88536, 0.91304, 0.93515], F_fuse=[0.01551, 0.01204, 0.00939, 0.00630]
[ INFO : 2026-06-14 07:17:35,101 ] - Epoch 116: train==[135.38832 = 0.71361 + 1.72589 + 22.60400 + 0.01330 + 0.00000 + 0.00077 + 1225.89705]
[ INFO : 2026-06-14 07:17:44,112 ] - Test_@[5, 10, 20, 50]: Recall=[0.03684, 0.05681, 0.08913, 0.14892],  precision=[0.00778, 0.00600, 0.00470, 0.00316], hit=[0.03867, 0.05955, 0.09303, 0.15541], ndcg=[0.02384, 0.03036, 0.03855, 0.05052], Train Rec Loss=[0.03018], Eval Rec Loss=[0.03026], c=[0.01000], F=[0.84720, 0.88383, 0.91240, 0.93523], F_fuse=[0.01541, 0.01192, 0.00935, 0.00629]
[ INFO : 2026-06-14 07:20:04,854 ] - Epoch 117: train==[135.30476 = 0.70912 + 1.72590 + 22.52491 + 0.01333 + 0.00000 + 0.00077 + 1225.89705]
[ INFO : 2026-06-14 07:20:13,886 ] - Test_@[5, 10, 20, 50]: Recall=[0.03620, 0.05696, 0.08793, 0.14711],  precision=[0.00763, 0.00600, 0.00463, 0.00312], hit=[0.03795, 0.05955, 0.09185, 0.15366], ndcg=[0.02353, 0.03025, 0.03809, 0.04992], Train Rec Loss=[0.03019], Eval Rec Loss=[0.03026], c=[0.01000], F=[0.84704, 0.88503, 0.91467, 0.93832], F_fuse=[0.01513, 0.01191, 0.00922, 0.00622]
[ INFO : 2026-06-14 07:22:35,075 ] - Epoch 118: train==[135.21663 = 0.70888 + 1.72589 + 22.43698 + 0.01338 + 0.00000 + 0.00077 + 1225.89705]
[ INFO : 2026-06-14 07:22:44,191 ] - Test_@[5, 10, 20, 50]: Recall=[0.03652, 0.05650, 0.08866, 0.14801],  precision=[0.00770, 0.00595, 0.00467, 0.00314], hit=[0.03831, 0.05914, 0.09257, 0.15454], ndcg=[0.02382, 0.03033, 0.03848, 0.05034], Train Rec Loss=[0.03019], Eval Rec Loss=[0.03024], c=[0.01000], F=[0.84788, 0.88583, 0.91408, 0.93675], F_fuse=[0.01527, 0.01182, 0.00930, 0.00625]
[ INFO : 2026-06-14 07:25:04,762 ] - Epoch 119: train==[135.18794 = 0.70517 + 1.72589 + 22.41195 + 0.01343 + 0.00000 + 0.00076 + 1225.89705]
[ INFO : 2026-06-14 07:25:13,807 ] - Test_@[5, 10, 20, 50]: Recall=[0.03622, 0.05674, 0.08808, 0.14762],  precision=[0.00764, 0.00598, 0.00464, 0.00313], hit=[0.03800, 0.05940, 0.09200, 0.15413], ndcg=[0.02369, 0.03037, 0.03831, 0.05023], Train Rec Loss=[0.03019], Eval Rec Loss=[0.03024], c=[0.01000], F=[0.84634, 0.88395, 0.91263, 0.93587], F_fuse=[0.01515, 0.01188, 0.00924, 0.00624]
[ INFO : 2026-06-14 07:27:38,294 ] - Epoch 120: train==[135.25759 = 0.70176 + 1.72589 + 22.48492 + 0.01352 + 0.00000 + 0.00076 + 1225.89705]
[ INFO : 2026-06-14 07:27:47,343 ] - Test_@[5, 10, 20, 50]: Recall=[0.03643, 0.05647, 0.08833, 0.14788],  precision=[0.00768, 0.00595, 0.00466, 0.00313], hit=[0.03821, 0.05914, 0.09221, 0.15444], ndcg=[0.02368, 0.03021, 0.03827, 0.05016], Train Rec Loss=[0.03018], Eval Rec Loss=[0.03024], c=[0.01000], F=[0.84659, 0.88471, 0.91346, 0.93633], F_fuse=[0.01523, 0.01182, 0.00927, 0.00625]
[ INFO : 2026-06-14 07:30:08,108 ] - Epoch 121: train==[135.05491 = 0.69908 + 1.72589 + 22.28485 + 0.01359 + 0.00000 + 0.00076 + 1225.89705]
[ INFO : 2026-06-14 07:30:17,102 ] - Test_@[5, 10, 20, 50]: Recall=[0.03614, 0.05698, 0.08929, 0.14874],  precision=[0.00760, 0.00602, 0.00470, 0.00315], hit=[0.03780, 0.05981, 0.09308, 0.15521], ndcg=[0.02358, 0.03041, 0.03855, 0.05041], Train Rec Loss=[0.03016], Eval Rec Loss=[0.03024], c=[0.01000], F=[0.84582, 0.88353, 0.91216, 0.93563], F_fuse=[0.01507, 0.01195, 0.00935, 0.00628]
[ INFO : 2026-06-14 07:32:38,205 ] - Epoch 122: train==[134.86075 = 0.69136 + 1.72589 + 22.09829 + 0.01372 + 0.00000 + 0.00076 + 1225.89705]
[ INFO : 2026-06-14 07:32:47,270 ] - Test_@[5, 10, 20, 50]: Recall=[0.03622, 0.05703, 0.08888, 0.14887],  precision=[0.00763, 0.00600, 0.00468, 0.00316], hit=[0.03795, 0.05966, 0.09277, 0.15557], ndcg=[0.02369, 0.03048, 0.03853, 0.05050], Train Rec Loss=[0.03018], Eval Rec Loss=[0.03024], c=[0.01000], F=[0.84810, 0.88536, 0.91388, 0.93653], F_fuse=[0.01513, 0.01192, 0.00932, 0.00629]
[ INFO : 2026-06-14 07:35:08,322 ] - Epoch 123: train==[135.00518 = 0.69757 + 1.72589 + 22.23650 + 0.01373 + 0.00000 + 0.00076 + 1225.89705]
[ INFO : 2026-06-14 07:35:17,346 ] - Test_@[5, 10, 20, 50]: Recall=[0.03617, 0.05726, 0.08939, 0.14882],  precision=[0.00762, 0.00604, 0.00471, 0.00315], hit=[0.03800, 0.06007, 0.09329, 0.15536], ndcg=[0.02355, 0.03045, 0.03856, 0.05044], Train Rec Loss=[0.03016], Eval Rec Loss=[0.03022], c=[0.01000], F=[0.84460, 0.88243, 0.91098, 0.93376], F_fuse=[0.01511, 0.01200, 0.00937, 0.00629]
[ INFO : 2026-06-14 07:37:38,747 ] - Epoch 124: train==[134.94440 = 0.68923 + 1.72589 + 22.18401 + 0.01378 + 0.00000 + 0.00075 + 1225.89705]
[ INFO : 2026-06-14 07:37:47,878 ] - Test_@[5, 10, 20, 50]: Recall=[0.03630, 0.05703, 0.08840, 0.14714],  precision=[0.00766, 0.00601, 0.00466, 0.00312], hit=[0.03811, 0.05976, 0.09231, 0.15356], ndcg=[0.02371, 0.03047, 0.03838, 0.05013], Train Rec Loss=[0.03015], Eval Rec Loss=[0.03020], c=[0.01000], F=[0.84618, 0.88524, 0.91394, 0.93726], F_fuse=[0.01519, 0.01194, 0.00927, 0.00622]
[ INFO : 2026-06-14 07:40:11,299 ] - Epoch 125: train==[134.90088 = 0.68413 + 1.72589 + 22.14553 + 0.01383 + 0.00000 + 0.00075 + 1225.89705]
[ INFO : 2026-06-14 07:40:20,410 ] - Test_@[5, 10, 20, 50]: Recall=[0.03612, 0.05646, 0.08880, 0.14812],  precision=[0.00760, 0.00596, 0.00468, 0.00314], hit=[0.03785, 0.05919, 0.09272, 0.15454], ndcg=[0.02354, 0.03021, 0.03838, 0.05024], Train Rec Loss=[0.03016], Eval Rec Loss=[0.03021], c=[0.01000], F=[0.84477, 0.88358, 0.91253, 0.93604], F_fuse=[0.01507, 0.01183, 0.00931, 0.00626]
[ INFO : 2026-06-14 07:42:41,442 ] - Epoch 126: train==[134.92676 = 0.68492 + 1.72590 + 22.17056 + 0.01390 + 0.00000 + 0.00075 + 1225.89705]
[ INFO : 2026-06-14 07:42:50,518 ] - Test_@[5, 10, 20, 50]: Recall=[0.03655, 0.05689, 0.08952, 0.14880],  precision=[0.00770, 0.00600, 0.00472, 0.00316], hit=[0.03842, 0.05966, 0.09344, 0.15531], ndcg=[0.02371, 0.03036, 0.03861, 0.05046], Train Rec Loss=[0.03015], Eval Rec Loss=[0.03022], c=[0.01000], F=[0.84502, 0.88343, 0.91163, 0.93483], F_fuse=[0.01527, 0.01192, 0.00939, 0.00629]
[ INFO : 2026-06-14 07:45:12,050 ] - Epoch 127: train==[134.88434 = 0.67950 + 1.72589 + 22.13352 + 0.01394 + 0.00000 + 0.00075 + 1225.89705]
[ INFO : 2026-06-14 07:45:21,116 ] - Test_@[5, 10, 20, 50]: Recall=[0.03591, 0.05667, 0.08842, 0.14695],  precision=[0.00755, 0.00596, 0.00465, 0.00311], hit=[0.03759, 0.05930, 0.09226, 0.15336], ndcg=[0.02353, 0.03030, 0.03834, 0.05003], Train Rec Loss=[0.03013], Eval Rec Loss=[0.03022], c=[0.01000], F=[0.84550, 0.88352, 0.91203, 0.93567], F_fuse=[0.01497, 0.01184, 0.00926, 0.00621]
