Traceback (most recent call last):
  File "/media/lhbac29/miniconda3/envs/thesis/lib/python3.9/logging/__init__.py", line 1086, in emit
    stream.write(msg + self.terminator)
OSError: [Errno 28] No space left on device
Call stack:
  File "/media/lhbac29/raid-cf/main.py", line 644, in <module>
    main(args)
  File "/media/lhbac29/raid-cf/main.py", line 641, in main
    trainer.train()
  File "/media/lhbac29/raid-cf/main.py", line 516, in train
    print(perf_str)
  File "/media/lhbac29/raid-cf/utils/logger.py", line 10, in print
    logger.info(*args, **kwargs)
Message: 'Epoch 252: train==[132.42387 = 0.46022 + 1.72581 + 19.88607 + 0.02036 + 0.00000 + 0.00067 + 1225.89705]'
Arguments: ()
[ INFO : 2026-06-19 20:41:30,714 ] - Test_@[5, 10, 20, 50]: Recall=[0.03468, 0.05395, 0.08130, 0.13619],  precision=[0.00727, 0.00566, 0.00428, 0.00289], hit=[0.03631, 0.05621, 0.08496, 0.14225], ndcg=[0.02330, 0.02955, 0.03647, 0.04745], Train Rec Loss=[0.02988], Eval Rec Loss=[0.02994], c=[0.01000], F=[0.84207, 0.88154, 0.91079, 0.93954], F_fuse=[0.01442, 0.01124, 0.00852, 0.00576]
[ INFO : 2026-06-19 20:44:47,188 ] - Epoch 253: train==[132.39591 = 0.46407 + 1.72581 + 19.85420 + 0.02043 + 0.00000 + 0.00067 + 1225.89705]
[ INFO : 2026-06-19 20:44:58,802 ] - Test_@[5, 10, 20, 50]: Recall=[0.03501, 0.05309, 0.08081, 0.13597],  precision=[0.00733, 0.00556, 0.00425, 0.00288], hit=[0.03662, 0.05534, 0.08434, 0.14189], ndcg=[0.02365, 0.02957, 0.03662, 0.04766], Train Rec Loss=[0.02989], Eval Rec Loss=[0.02995], c=[0.01000], F=[0.84141, 0.88187, 0.90994, 0.93918], F_fuse=[0.01454, 0.01106, 0.00847, 0.00575]
[ INFO : 2026-06-19 20:48:15,320 ] - Epoch 254: train==[132.33688 = 0.46125 + 1.72581 + 19.79793 + 0.02049 + 0.00000 + 0.00067 + 1225.89705]
[ INFO : 2026-06-19 20:48:26,948 ] - Test_@[5, 10, 20, 50]: Recall=[0.03478, 0.05359, 0.08002, 0.13431],  precision=[0.00730, 0.00562, 0.00422, 0.00285], hit=[0.03646, 0.05590, 0.08362, 0.14029], ndcg=[0.02346, 0.02959, 0.03629, 0.04714], Train Rec Loss=[0.02989], Eval Rec Loss=[0.02994], c=[0.01000], F=[0.84232, 0.88214, 0.91087, 0.94052], F_fuse=[0.01448, 0.01117, 0.00840, 0.00568]
[ INFO : 2026-06-19 20:51:43,154 ] - Epoch 255: train==[132.51038 = 0.46382 + 1.72580 + 19.96882 + 0.02053 + 0.00000 + 0.00067 + 1225.89705]
[ INFO : 2026-06-19 20:51:54,793 ] - Test_@[5, 10, 20, 50]: Recall=[0.03492, 0.05380, 0.07995, 0.13511],  precision=[0.00732, 0.00564, 0.00421, 0.00287], hit=[0.03656, 0.05595, 0.08336, 0.14122], ndcg=[0.02343, 0.02954, 0.03617, 0.04722], Train Rec Loss=[0.02988], Eval Rec Loss=[0.02994], c=[0.01000], F=[0.84232, 0.88127, 0.91068, 0.93834], F_fuse=[0.01452, 0.01120, 0.00837, 0.00572]
[ INFO : 2026-06-19 20:55:11,887 ] - Epoch 256: train==[132.37301 = 0.46032 + 1.72580 + 19.83502 + 0.02044 + 0.00000 + 0.00070 + 1225.89705]
[ INFO : 2026-06-19 20:55:23,521 ] - Test_@[5, 10, 20, 50]: Recall=[0.03472, 0.05361, 0.08057, 0.13613],  precision=[0.00730, 0.00563, 0.00425, 0.00289], hit=[0.03646, 0.05595, 0.08419, 0.14209], ndcg=[0.02332, 0.02946, 0.03631, 0.04743], Train Rec Loss=[0.02988], Eval Rec Loss=[0.02995], c=[0.01000], F=[0.84254, 0.88121, 0.90976, 0.93833], F_fuse=[0.01448, 0.01119, 0.00845, 0.00576]
[ INFO : 2026-06-19 20:58:40,401 ] - Epoch 257: train==[132.40300 = 0.46266 + 1.72580 + 19.86264 + 0.02050 + 0.00000 + 0.00068 + 1225.89705]
[ INFO : 2026-06-19 20:58:52,104 ] - Test_@[5, 10, 20, 50]: Recall=[0.03479, 0.05372, 0.08039, 0.13432],  precision=[0.00730, 0.00563, 0.00424, 0.00285], hit=[0.03646, 0.05590, 0.08398, 0.14040], ndcg=[0.02360, 0.02973, 0.03649, 0.04729], Train Rec Loss=[0.02989], Eval Rec Loss=[0.02995], c=[0.01000], F=[0.84126, 0.88107, 0.91033, 0.93931], F_fuse=[0.01448, 0.01118, 0.00843, 0.00568]
[ INFO : 2026-06-19 21:02:09,877 ] - Epoch 258: train==[132.35566 = 0.45869 + 1.72579 + 19.81918 + 0.02058 + 0.00000 + 0.00067 + 1225.89705]
[ INFO : 2026-06-19 21:02:21,611 ] - Test_@[5, 10, 20, 50]: Recall=[0.03468, 0.05368, 0.07986, 0.13643],  precision=[0.00726, 0.00564, 0.00421, 0.00290], hit=[0.03626, 0.05595, 0.08336, 0.14256], ndcg=[0.02332, 0.02952, 0.03617, 0.04749], Train Rec Loss=[0.02988], Eval Rec Loss=[0.02994], c=[0.01000], F=[0.84194, 0.88199, 0.91002, 0.93872], F_fuse=[0.01440, 0.01120, 0.00837, 0.00577]
[ INFO : 2026-06-19 21:05:39,330 ] - Epoch 259: train==[132.23396 = 0.45816 + 1.72579 + 19.69792 + 0.02067 + 0.00000 + 0.00069 + 1225.89705]
[ INFO : 2026-06-19 21:05:51,076 ] - Test_@[5, 10, 20, 50]: Recall=[0.03478, 0.05315, 0.07902, 0.13251],  precision=[0.00731, 0.00558, 0.00417, 0.00281], hit=[0.03646, 0.05549, 0.08264, 0.13860], ndcg=[0.02337, 0.02932, 0.03589, 0.04661], Train Rec Loss=[0.02988], Eval Rec Loss=[0.02994], c=[0.01000], F=[0.84163, 0.88239, 0.91151, 0.94099], F_fuse=[0.01450, 0.01110, 0.00831, 0.00561]
[ INFO : 2026-06-19 21:09:09,051 ] - Epoch 260: train==[132.41314 = 0.45652 + 1.72579 + 19.87878 + 0.02064 + 0.00000 + 0.00068 + 1225.89705]
[ INFO : 2026-06-19 21:09:20,763 ] - Test_@[5, 10, 20, 50]: Recall=[0.03489, 0.05380, 0.07920, 0.13443],  precision=[0.00733, 0.00565, 0.00418, 0.00285], hit=[0.03656, 0.05611, 0.08285, 0.14045], ndcg=[0.02342, 0.02955, 0.03599, 0.04707], Train Rec Loss=[0.02988], Eval Rec Loss=[0.02995], c=[0.01000], F=[0.84284, 0.88233, 0.91115, 0.93995], F_fuse=[0.01454, 0.01122, 0.00832, 0.00568]
[ INFO : 2026-06-19 21:12:37,092 ] - Epoch 261: train==[132.35178 = 0.45606 + 1.72578 + 19.81782 + 0.02069 + 0.00000 + 0.00068 + 1225.89705]
[ INFO : 2026-06-19 21:12:48,704 ] - Test_@[5, 10, 20, 50]: Recall=[0.03469, 0.05367, 0.08029, 0.13621],  precision=[0.00728, 0.00563, 0.00423, 0.00289], hit=[0.03636, 0.05590, 0.08388, 0.14240], ndcg=[0.02333, 0.02947, 0.03623, 0.04740], Train Rec Loss=[0.02989], Eval Rec Loss=[0.02995], c=[0.01000], F=[0.84159, 0.88018, 0.90930, 0.93728], F_fuse=[0.01444, 0.01119, 0.00842, 0.00576]
[ INFO : 2026-06-19 21:16:05,215 ] - Epoch 262: train==[132.43602 = 0.45451 + 1.72578 + 19.90352 + 0.02079 + 0.00000 + 0.00068 + 1225.89705]
[ INFO : 2026-06-19 21:16:16,954 ] - Test_@[5, 10, 20, 50]: Recall=[0.03372, 0.05352, 0.07921, 0.13297],  precision=[0.00709, 0.00562, 0.00417, 0.00282], hit=[0.03538, 0.05580, 0.08259, 0.13890], ndcg=[0.02287, 0.02932, 0.03583, 0.04661], Train Rec Loss=[0.02988], Eval Rec Loss=[0.02994], c=[0.01000], F=[0.84279, 0.88214, 0.91170, 0.94146], F_fuse=[0.01406, 0.01116, 0.00830, 0.00562]
[ INFO : 2026-06-19 21:19:33,259 ] - Epoch 263: train==[132.36636 = 0.45479 + 1.72578 + 19.83358 + 0.02079 + 0.00000 + 0.00069 + 1225.89705]
[ INFO : 2026-06-19 21:19:44,846 ] - Test_@[5, 10, 20, 50]: Recall=[0.03502, 0.05376, 0.08023, 0.13522],  precision=[0.00734, 0.00565, 0.00423, 0.00287], hit=[0.03662, 0.05606, 0.08393, 0.14122], ndcg=[0.02362, 0.02971, 0.03641, 0.04743], Train Rec Loss=[0.02988], Eval Rec Loss=[0.02994], c=[0.01000], F=[0.84090, 0.88046, 0.90884, 0.93741], F_fuse=[0.01456, 0.01122, 0.00842, 0.00572]
[ INFO : 2026-06-19 21:23:01,316 ] - Epoch 264: train==[132.41375 = 0.45543 + 1.72577 + 19.88029 + 0.02085 + 0.00000 + 0.00067 + 1225.89705]
[ INFO : 2026-06-19 21:23:13,039 ] - Test_@[5, 10, 20, 50]: Recall=[0.03490, 0.05353, 0.08116, 0.13607],  precision=[0.00732, 0.00564, 0.00428, 0.00289], hit=[0.03651, 0.05600, 0.08485, 0.14230], ndcg=[0.02336, 0.02944, 0.03645, 0.04743], Train Rec Loss=[0.02989], Eval Rec Loss=[0.02996], c=[0.01000], F=[0.84257, 0.88228, 0.91004, 0.93889], F_fuse=[0.01452, 0.01120, 0.00852, 0.00576]
[ INFO : 2026-06-19 21:26:29,291 ] - Epoch 265: train==[132.38472 = 0.45152 + 1.72577 + 19.85513 + 0.02091 + 0.00000 + 0.00066 + 1225.89705]
[ INFO : 2026-06-19 21:26:40,931 ] - Test_@[5, 10, 20, 50]: Recall=[0.03466, 0.05320, 0.07988, 0.13491],  precision=[0.00727, 0.00558, 0.00421, 0.00286], hit=[0.03631, 0.05544, 0.08347, 0.14101], ndcg=[0.02338, 0.02940, 0.03619, 0.04721], Train Rec Loss=[0.02990], Eval Rec Loss=[0.02995], c=[0.01000], F=[0.84117, 0.88098, 0.90933, 0.93908], F_fuse=[0.01442, 0.01109, 0.00837, 0.00571]
[ INFO : 2026-06-19 21:29:57,123 ] - Epoch 266: train==[132.33081 = 0.45043 + 1.72576 + 19.80234 + 0.02087 + 0.00000 + 0.00067 + 1225.89705]
[ INFO : 2026-06-19 21:30:08,709 ] - Test_@[5, 10, 20, 50]: Recall=[0.03431, 0.05370, 0.07970, 0.13456],  precision=[0.00720, 0.00564, 0.00419, 0.00286], hit=[0.03590, 0.05606, 0.08321, 0.14065], ndcg=[0.02323, 0.02956, 0.03619, 0.04720], Train Rec Loss=[0.02988], Eval Rec Loss=[0.02995], c=[0.01000], F=[0.84286, 0.88209, 0.91094, 0.93997], F_fuse=[0.01428, 0.01121, 0.00835, 0.00570]
[ INFO : 2026-06-19 21:33:24,729 ] - Epoch 267: train==[132.38328 = 0.45432 + 1.72576 + 19.85088 + 0.02091 + 0.00000 + 0.00067 + 1225.89705]
[ INFO : 2026-06-19 21:33:36,455 ] - Test_@[5, 10, 20, 50]: Recall=[0.03439, 0.05358, 0.08012, 0.13418],  precision=[0.00722, 0.00562, 0.00422, 0.00285], hit=[0.03605, 0.05585, 0.08367, 0.14024], ndcg=[0.02328, 0.02949, 0.03625, 0.04710], Train Rec Loss=[0.02988], Eval Rec Loss=[0.02994], c=[0.01000], F=[0.84097, 0.88108, 0.90929, 0.93914], F_fuse=[0.01432, 0.01117, 0.00841, 0.00568]
[ INFO : 2026-06-19 21:36:53,650 ] - Epoch 268: train==[132.32092 = 0.44849 + 1.72575 + 19.79439 + 0.02083 + 0.00000 + 0.00071 + 1225.89705]
[ INFO : 2026-06-19 21:37:05,383 ] - Test_@[5, 10, 20, 50]: Recall=[0.03455, 0.05319, 0.07927, 0.13384],  precision=[0.00725, 0.00558, 0.00418, 0.00284], hit=[0.03620, 0.05554, 0.08280, 0.13993], ndcg=[0.02338, 0.02943, 0.03606, 0.04699], Train Rec Loss=[0.02989], Eval Rec Loss=[0.02995], c=[0.01000], F=[0.84149, 0.88172, 0.91019, 0.93911], F_fuse=[0.01438, 0.01110, 0.00831, 0.00566]
[ INFO : 2026-06-19 21:40:22,123 ] - Epoch 269: train==[132.36175 = 0.45027 + 1.72574 + 19.83323 + 0.02110 + 0.00000 + 0.00067 + 1225.89705]
[ INFO : 2026-06-19 21:40:33,858 ] - Test_@[5, 10, 20, 50]: Recall=[0.03421, 0.05343, 0.07991, 0.13341],  precision=[0.00717, 0.00561, 0.00421, 0.00284], hit=[0.03574, 0.05575, 0.08347, 0.13973], ndcg=[0.02322, 0.02948, 0.03621, 0.04693], Train Rec Loss=[0.02988], Eval Rec Loss=[0.02995], c=[0.01000], F=[0.84207, 0.88139, 0.90966, 0.93910], F_fuse=[0.01422, 0.01115, 0.00838, 0.00565]
[ INFO : 2026-06-19 21:43:50,686 ] - Epoch 270: train==[132.26098 = 0.44727 + 1.72574 + 19.73543 + 0.02113 + 0.00000 + 0.00067 + 1225.89705]
[ INFO : 2026-06-19 21:44:02,410 ] - Test_@[5, 10, 20, 50]: Recall=[0.03437, 0.05359, 0.07939, 0.13454],  precision=[0.00721, 0.00564, 0.00419, 0.00285], hit=[0.03600, 0.05600, 0.08300, 0.14060], ndcg=[0.02314, 0.02937, 0.03594, 0.04699], Train Rec Loss=[0.02990], Eval Rec Loss=[0.02994], c=[0.01000], F=[0.84160, 0.88088, 0.90855, 0.93775], F_fuse=[0.01430, 0.01121, 0.00834, 0.00569]
[ INFO : 2026-06-19 21:47:20,192 ] - Epoch 271: train==[132.33768 = 0.44862 + 1.72573 + 19.81088 + 0.02101 + 0.00000 + 0.00069 + 1225.89705]
[ INFO : 2026-06-19 21:47:31,863 ] - Test_@[5, 10, 20, 50]: Recall=[0.03429, 0.05290, 0.07783, 0.13101],  precision=[0.00722, 0.00556, 0.00411, 0.00278], hit=[0.03600, 0.05523, 0.08131, 0.13685], ndcg=[0.02314, 0.02917, 0.03551, 0.04616], Train Rec Loss=[0.02988], Eval Rec Loss=[0.02994], c=[0.01000], F=[0.84100, 0.88292, 0.91127, 0.94131], F_fuse=[0.01432, 0.01105, 0.00818, 0.00554]
[ INFO : 2026-06-19 21:50:48,147 ] - Epoch 272: train==[132.29837 = 0.44368 + 1.72573 + 19.77647 + 0.02104 + 0.00000 + 0.00071 + 1225.89705]
[ INFO : 2026-06-19 21:50:59,909 ] - Test_@[5, 10, 20, 50]: Recall=[0.03429, 0.05376, 0.08006, 0.13392],  precision=[0.00718, 0.00563, 0.00421, 0.00284], hit=[0.03579, 0.05595, 0.08357, 0.14009], ndcg=[0.02312, 0.02941, 0.03606, 0.04687], Train Rec Loss=[0.02988], Eval Rec Loss=[0.02996], c=[0.01000], F=[0.84236, 0.88152, 0.91073, 0.94008], F_fuse=[0.01424, 0.01119, 0.00838, 0.00567]
[ INFO : 2026-06-19 21:54:15,796 ] - Epoch 273: train==[132.29447 = 0.44501 + 1.72572 + 19.77109 + 0.02125 + 0.00000 + 0.00067 + 1225.89705]
[ INFO : 2026-06-19 21:54:27,420 ] - Test_@[5, 10, 20, 50]: Recall=[0.03469, 0.05368, 0.08020, 0.13290],  precision=[0.00727, 0.00564, 0.00422, 0.00282], hit=[0.03631, 0.05600, 0.08367, 0.13901], ndcg=[0.02337, 0.02955, 0.03625, 0.04681], Train Rec Loss=[0.02989], Eval Rec Loss=[0.02996], c=[0.01000], F=[0.84151, 0.88167, 0.90996, 0.93925], F_fuse=[0.01442, 0.01120, 0.00840, 0.00563]
[ INFO : 2026-06-19 21:57:43,259 ] - Epoch 274: train==[132.34570 = 0.44308 + 1.72571 + 19.82435 + 0.02113 + 0.00000 + 0.00069 + 1225.89705]
[ INFO : 2026-06-19 21:57:54,999 ] - Test_@[5, 10, 20, 50]: Recall=[0.03459, 0.05339, 0.08032, 0.13397],  precision=[0.00725, 0.00561, 0.00422, 0.00284], hit=[0.03626, 0.05575, 0.08377, 0.14004], ndcg=[0.02336, 0.02946, 0.03629, 0.04705], Train Rec Loss=[0.02989], Eval Rec Loss=[0.02995], c=[0.01000], F=[0.84159, 0.88019, 0.90931, 0.93831], F_fuse=[0.01438, 0.01115, 0.00841, 0.00567]
[ INFO : 2026-06-19 22:01:11,658 ] - Epoch 275: train==[132.28327 = 0.44505 + 1.72570 + 19.75978 + 0.02132 + 0.00000 + 0.00068 + 1225.89705]
[ INFO : 2026-06-19 22:01:23,345 ] - Test_@[5, 10, 20, 50]: Recall=[0.03499, 0.05392, 0.08041, 0.13385],  precision=[0.00734, 0.00566, 0.00424, 0.00284], hit=[0.03667, 0.05626, 0.08398, 0.13978], ndcg=[0.02319, 0.02930, 0.03599, 0.04669], Train Rec Loss=[0.02989], Eval Rec Loss=[0.02996], c=[0.01000], F=[0.84194, 0.88060, 0.90911, 0.93845], F_fuse=[0.01456, 0.01125, 0.00844, 0.00566]
[ INFO : 2026-06-19 22:04:39,508 ] - Epoch 276: train==[132.25848 = 0.44196 + 1.72570 + 19.73809 + 0.02130 + 0.00000 + 0.00069 + 1225.89705]
[ INFO : 2026-06-19 22:04:51,233 ] - Test_@[5, 10, 20, 50]: Recall=[0.03411, 0.05358, 0.07979, 0.13392],  precision=[0.00714, 0.00563, 0.00421, 0.00284], hit=[0.03569, 0.05595, 0.08336, 0.13993], ndcg=[0.02307, 0.02943, 0.03608, 0.04692], Train Rec Loss=[0.02989], Eval Rec Loss=[0.02995], c=[0.01000], F=[0.84204, 0.88079, 0.90897, 0.93880], F_fuse=[0.01416, 0.01119, 0.00838, 0.00567]
[ INFO : 2026-06-19 22:08:07,077 ] - Epoch 277: train==[132.29816 = 0.43701 + 1.72569 + 19.78275 + 0.02129 + 0.00000 + 0.00067 + 1225.89705]
[ INFO : 2026-06-19 22:08:18,713 ] - Test_@[5, 10, 20, 50]: Recall=[0.03459, 0.05339, 0.07954, 0.13328],  precision=[0.00725, 0.00561, 0.00419, 0.00283], hit=[0.03626, 0.05580, 0.08316, 0.13916], ndcg=[0.02334, 0.02944, 0.03608, 0.04684], Train Rec Loss=[0.02990], Eval Rec Loss=[0.02995], c=[0.01000], F=[0.84060, 0.88122, 0.90928, 0.93939], F_fuse=[0.01438, 0.01115, 0.00834, 0.00564]
[ INFO : 2026-06-19 22:11:34,294 ] - Epoch 278: train==[132.25611 = 0.44623 + 1.72568 + 19.73140 + 0.02136 + 0.00000 + 0.00069 + 1225.89705]
[ INFO : 2026-06-19 22:11:45,898 ] - Test_@[5, 10, 20, 50]: Recall=[0.03415, 0.05321, 0.07890, 0.13229],  precision=[0.00718, 0.00559, 0.00415, 0.00281], hit=[0.03579, 0.05554, 0.08233, 0.13849], ndcg=[0.02304, 0.02925, 0.03574, 0.04647], Train Rec Loss=[0.02990], Eval Rec Loss=[0.02996], c=[0.01000], F=[0.84121, 0.88179, 0.91084, 0.94087], F_fuse=[0.01424, 0.01111, 0.00826, 0.00561]
[ INFO : 2026-06-19 22:15:01,623 ] - Epoch 279: train==[132.22755 = 0.43674 + 1.72567 + 19.71233 + 0.02138 + 0.00000 + 0.00069 + 1225.89705]
[ INFO : 2026-06-19 22:15:13,363 ] - Test_@[5, 10, 20, 50]: Recall=[0.03413, 0.05296, 0.07921, 0.13218],  precision=[0.00718, 0.00557, 0.00417, 0.00281], hit=[0.03584, 0.05534, 0.08259, 0.13824], ndcg=[0.02321, 0.02934, 0.03599, 0.04661], Train Rec Loss=[0.02990], Eval Rec Loss=[0.02996], c=[0.01000], F=[0.84097, 0.88088, 0.90953, 0.93987], F_fuse=[0.01424, 0.01107, 0.00830, 0.00560]
[ INFO : 2026-06-19 22:18:29,919 ] - Epoch 280: train==[132.24427 = 0.43849 + 1.72566 + 19.72723 + 0.02148 + 0.00000 + 0.00068 + 1225.89705]
[ INFO : 2026-06-19 22:18:41,642 ] - Test_@[5, 10, 20, 50]: Recall=[0.03455, 0.05300, 0.07932, 0.13330],  precision=[0.00724, 0.00556, 0.00418, 0.00283], hit=[0.03615, 0.05523, 0.08285, 0.13947], ndcg=[0.02323, 0.02922, 0.03589, 0.04670], Train Rec Loss=[0.02990], Eval Rec Loss=[0.02996], c=[0.01000], F=[0.84184, 0.88215, 0.91049, 0.94050], F_fuse=[0.01436, 0.01105, 0.00832, 0.00564]
[ INFO : 2026-06-19 22:21:58,239 ] - Epoch 281: train==[132.38387 = 0.43678 + 1.72565 + 19.86844 + 0.02160 + 0.00000 + 0.00066 + 1225.89705]
[ INFO : 2026-06-19 22:22:09,965 ] - Test_@[5, 10, 20, 50]: Recall=[0.03465, 0.05290, 0.07966, 0.13320],  precision=[0.00726, 0.00555, 0.00420, 0.00283], hit=[0.03626, 0.05518, 0.08326, 0.13926], ndcg=[0.02326, 0.02918, 0.03598, 0.04671], Train Rec Loss=[0.02990], Eval Rec Loss=[0.02997], c=[0.01000], F=[0.84222, 0.88134, 0.91005, 0.93953], F_fuse=[0.01440, 0.01103, 0.00836, 0.00564]
[ INFO : 2026-06-19 22:25:26,724 ] - Epoch 282: train==[132.31855 = 0.43718 + 1.72564 + 19.80270 + 0.02165 + 0.00000 + 0.00065 + 1225.89705]
[ INFO : 2026-06-19 22:25:38,323 ] - Test_@[5, 10, 20, 50]: Recall=[0.03436, 0.05336, 0.07933, 0.13382],  precision=[0.00720, 0.00561, 0.00418, 0.00284], hit=[0.03595, 0.05575, 0.08285, 0.13988], ndcg=[0.02320, 0.02938, 0.03597, 0.04690], Train Rec Loss=[0.02990], Eval Rec Loss=[0.02996], c=[0.01000], F=[0.84173, 0.88037, 0.90845, 0.93637], F_fuse=[0.01428, 0.01115, 0.00832, 0.00566]
[ INFO : 2026-06-19 22:28:55,398 ] - Epoch 283: train==[132.16516 = 0.43766 + 1.72563 + 19.64892 + 0.02153 + 0.00000 + 0.00068 + 1225.89705]
[ INFO : 2026-06-19 22:29:07,089 ] - Test_@[5, 10, 20, 50]: Recall=[0.03508, 0.05305, 0.07972, 0.13292],  precision=[0.00736, 0.00556, 0.00420, 0.00282], hit=[0.03672, 0.05528, 0.08311, 0.13911], ndcg=[0.02359, 0.02941, 0.03620, 0.04687], Train Rec Loss=[0.02990], Eval Rec Loss=[0.02996], c=[0.01000], F=[0.84252, 0.88228, 0.91057, 0.93956], F_fuse=[0.01460, 0.01106, 0.00836, 0.00563]
[ INFO : 2026-06-19 22:32:24,222 ] - Epoch 284: train==[132.32854 = 0.43528 + 1.72562 + 19.81454 + 0.02168 + 0.00000 + 0.00067 + 1225.89705]
[ INFO : 2026-06-19 22:32:35,849 ] - Test_@[5, 10, 20, 50]: Recall=[0.03511, 0.05339, 0.07956, 0.13282],  precision=[0.00736, 0.00561, 0.00418, 0.00282], hit=[0.03672, 0.05570, 0.08290, 0.13906], ndcg=[0.02341, 0.02935, 0.03597, 0.04665], Train Rec Loss=[0.02991], Eval Rec Loss=[0.02996], c=[0.01000], F=[0.84236, 0.88233, 0.91061, 0.94006], F_fuse=[0.01460, 0.01114, 0.00833, 0.00563]
[ INFO : 2026-06-19 22:35:51,877 ] - Epoch 285: train==[132.27024 = 0.43369 + 1.72560 + 19.75793 + 0.02158 + 0.00000 + 0.00071 + 1225.89705]
[ INFO : 2026-06-19 22:36:03,594 ] - Test_@[5, 10, 20, 50]: Recall=[0.03492, 0.05363, 0.07905, 0.13316],  precision=[0.00731, 0.00564, 0.00417, 0.00282], hit=[0.03656, 0.05600, 0.08254, 0.13906], ndcg=[0.02344, 0.02948, 0.03593, 0.04677], Train Rec Loss=[0.02991], Eval Rec Loss=[0.02997], c=[0.01000], F=[0.84196, 0.88165, 0.90979, 0.93889], F_fuse=[0.01450, 0.01120, 0.00830, 0.00563]
[ INFO : 2026-06-19 22:39:19,591 ] - Epoch 286: train==[132.18997 = 0.43195 + 1.72558 + 19.67929 + 0.02174 + 0.00000 + 0.00067 + 1225.89705]
[ INFO : 2026-06-19 22:39:31,334 ] - Test_@[5, 10, 20, 50]: Recall=[0.03406, 0.05360, 0.07890, 0.13333],  precision=[0.00713, 0.00563, 0.00416, 0.00283], hit=[0.03564, 0.05595, 0.08239, 0.13942], ndcg=[0.02295, 0.02931, 0.03574, 0.04666], Train Rec Loss=[0.02991], Eval Rec Loss=[0.02997], c=[0.01000], F=[0.84268, 0.88172, 0.90945, 0.93823], F_fuse=[0.01414, 0.01119, 0.00828, 0.00564]
[ INFO : 2026-06-19 22:42:46,324 ] - Epoch 287: train==[132.30088 = 0.44001 + 1.72557 + 19.78216 + 0.02171 + 0.00000 + 0.00069 + 1225.89705]
[ INFO : 2026-06-19 22:42:58,019 ] - Test_@[5, 10, 20, 50]: Recall=[0.03420, 0.05307, 0.07958, 0.13316],  precision=[0.00718, 0.00556, 0.00419, 0.00283], hit=[0.03584, 0.05534, 0.08311, 0.13921], ndcg=[0.02307, 0.02919, 0.03593, 0.04667], Train Rec Loss=[0.02992], Eval Rec Loss=[0.02999], c=[0.01000], F=[0.84150, 0.88000, 0.90814, 0.93714], F_fuse=[0.01424, 0.01106, 0.00834, 0.00564]
[ INFO : 2026-06-19 22:46:13,378 ] - Epoch 288: train==[132.17807 = 0.43220 + 1.72556 + 19.66709 + 0.02182 + 0.00000 + 0.00066 + 1225.89705]
[ INFO : 2026-06-19 22:46:25,127 ] - Test_@[5, 10, 20, 50]: Recall=[0.03386, 0.05340, 0.07829, 0.13271],  precision=[0.00709, 0.00560, 0.00412, 0.00282], hit=[0.03538, 0.05564, 0.08167, 0.13875], ndcg=[0.02282, 0.02918, 0.03549, 0.04642], Train Rec Loss=[0.02992], Eval Rec Loss=[0.02998], c=[0.01000], F=[0.84162, 0.88238, 0.91112, 0.94002], F_fuse=[0.01405, 0.01113, 0.00820, 0.00562]
[ INFO : 2026-06-19 22:49:42,039 ] - Epoch 289: train==[132.20669 = 0.42687 + 1.72554 + 19.70107 + 0.02179 + 0.00000 + 0.00068 + 1225.89705]
[ INFO : 2026-06-19 22:49:53,626 ] - Test_@[5, 10, 20, 50]: Recall=[0.03446, 0.05321, 0.07953, 0.13277],  precision=[0.00722, 0.00558, 0.00418, 0.00282], hit=[0.03610, 0.05549, 0.08295, 0.13880], ndcg=[0.02307, 0.02915, 0.03582, 0.04650], Train Rec Loss=[0.02992], Eval Rec Loss=[0.02999], c=[0.01000], F=[0.84247, 0.88155, 0.91091, 0.93994], F_fuse=[0.01432, 0.01110, 0.00832, 0.00562]
[ INFO : 2026-06-19 22:53:10,526 ] - Epoch 290: train==[132.13894 = 0.42875 + 1.72552 + 19.63140 + 0.02186 + 0.00000 + 0.00067 + 1225.89705]
[ INFO : 2026-06-19 22:53:22,221 ] - Test_@[5, 10, 20, 50]: Recall=[0.03460, 0.05258, 0.07795, 0.13156],  precision=[0.00726, 0.00552, 0.00410, 0.00279], hit=[0.03626, 0.05487, 0.08125, 0.13752], ndcg=[0.02326, 0.02908, 0.03548, 0.04623], Train Rec Loss=[0.02991], Eval Rec Loss=[0.02998], c=[0.01000], F=[0.84277, 0.88240, 0.91151, 0.94108], F_fuse=[0.01440, 0.01098, 0.00816, 0.00557]
[ INFO : 2026-06-19 22:56:39,470 ] - Epoch 291: train==[132.16754 = 0.42861 + 1.72550 + 19.66010 + 0.02188 + 0.00000 + 0.00070 + 1225.89705]
[ INFO : 2026-06-19 22:56:51,159 ] - Test_@[5, 10, 20, 50]: Recall=[0.03418, 0.05280, 0.07876, 0.13185],  precision=[0.00717, 0.00553, 0.00416, 0.00280], hit=[0.03584, 0.05498, 0.08239, 0.13803], ndcg=[0.02299, 0.02901, 0.03561, 0.04627], Train Rec Loss=[0.02993], Eval Rec Loss=[0.02999], c=[0.01000], F=[0.84155, 0.88147, 0.91027, 0.94004], F_fuse=[0.01422, 0.01100, 0.00827, 0.00558]
[ INFO : 2026-06-19 23:00:07,438 ] - Epoch 292: train==[132.16230 = 0.43009 + 1.72548 + 19.65336 + 0.02197 + 0.00000 + 0.00066 + 1225.89705]
[ INFO : 2026-06-19 23:00:19,068 ] - Test_@[5, 10, 20, 50]: Recall=[0.03435, 0.05335, 0.07828, 0.13037],  precision=[0.00722, 0.00561, 0.00412, 0.00277], hit=[0.03605, 0.05575, 0.08177, 0.13649], ndcg=[0.02313, 0.02927, 0.03558, 0.04599], Train Rec Loss=[0.02993], Eval Rec Loss=[0.03000], c=[0.01000], F=[0.84239, 0.88305, 0.91196, 0.94137], F_fuse=[0.01432, 0.01114, 0.00821, 0.00552]
[ INFO : 2026-06-19 23:03:35,235 ] - Epoch 293: train==[132.29685 = 0.42598 + 1.72545 + 19.79209 + 0.02190 + 0.00000 + 0.00069 + 1225.89705]
[ INFO : 2026-06-19 23:03:46,886 ] - Test_@[5, 10, 20, 50]: Recall=[0.03454, 0.05283, 0.07851, 0.13303],  precision=[0.00724, 0.00553, 0.00413, 0.00282], hit=[0.03620, 0.05503, 0.08192, 0.13896], ndcg=[0.02334, 0.02927, 0.03579, 0.04669], Train Rec Loss=[0.02993], Eval Rec Loss=[0.03000], c=[0.01000], F=[0.84146, 0.87972, 0.90839, 0.93761], F_fuse=[0.01436, 0.01100, 0.00823, 0.00562]
[ INFO : 2026-06-19 23:07:02,818 ] - Epoch 294: train==[132.22321 = 0.42612 + 1.72543 + 19.71821 + 0.02202 + 0.00000 + 0.00069 + 1225.89705]
[ INFO : 2026-06-19 23:07:14,417 ] - Test_@[5, 10, 20, 50]: Recall=[0.03468, 0.05245, 0.07828, 0.13069],  precision=[0.00725, 0.00549, 0.00412, 0.00278], hit=[0.03620, 0.05462, 0.08172, 0.13669], ndcg=[0.02324, 0.02902, 0.03560, 0.04613], Train Rec Loss=[0.02993], Eval Rec Loss=[0.03001], c=[0.01000], F=[0.84150, 0.88115, 0.90962, 0.93967], F_fuse=[0.01438, 0.01092, 0.00821, 0.00553]
[ INFO : 2026-06-19 23:10:29,812 ] - Epoch 295: train==[132.08172 = 0.42571 + 1.72540 + 19.57712 + 0.02209 + 0.00000 + 0.00067 + 1225.89705]
[ INFO : 2026-06-19 23:10:41,408 ] - Test_@[5, 10, 20, 50]: Recall=[0.03374, 0.05305, 0.07769, 0.13105],  precision=[0.00710, 0.00557, 0.00409, 0.00278], hit=[0.03538, 0.05544, 0.08100, 0.13695], ndcg=[0.02278, 0.02908, 0.03532, 0.04600], Train Rec Loss=[0.02995], Eval Rec Loss=[0.03001], c=[0.01000], F=[0.84007, 0.88106, 0.91035, 0.93930], F_fuse=[0.01407, 0.01108, 0.00814, 0.00555]
[ INFO : 2026-06-19 23:13:56,897 ] - Epoch 296: train==[132.09176 = 0.42470 + 1.72537 + 19.58821 + 0.02205 + 0.00000 + 0.00069 + 1225.89705]
[ INFO : 2026-06-19 23:14:08,474 ] - Test_@[5, 10, 20, 50]: Recall=[0.03415, 0.05266, 0.07716, 0.13032],  precision=[0.00717, 0.00552, 0.00406, 0.00276], hit=[0.03579, 0.05482, 0.08043, 0.13618], ndcg=[0.02311, 0.02911, 0.03535, 0.04604], Train Rec Loss=[0.02996], Eval Rec Loss=[0.03002], c=[0.01000], F=[0.84160, 0.88170, 0.91066, 0.94018], F_fuse=[0.01422, 0.01097, 0.00808, 0.00551]
[ INFO : 2026-06-19 23:17:25,279 ] - Epoch 297: train==[132.22530 = 0.42547 + 1.72534 + 19.72103 + 0.02203 + 0.00000 + 0.00069 + 1225.89705]
[ INFO : 2026-06-19 23:17:36,999 ] - Test_@[5, 10, 20, 50]: Recall=[0.03423, 0.05254, 0.07839, 0.13148],  precision=[0.00717, 0.00551, 0.00413, 0.00279], hit=[0.03579, 0.05467, 0.08192, 0.13762], ndcg=[0.02315, 0.02912, 0.03569, 0.04634], Train Rec Loss=[0.02996], Eval Rec Loss=[0.03001], c=[0.01000], F=[0.84112, 0.88059, 0.90958, 0.93905], F_fuse=[0.01422, 0.01095, 0.00822, 0.00557]
[ INFO : 2026-06-19 23:20:54,075 ] - Epoch 298: train==[132.11824 = 0.42209 + 1.72530 + 19.61727 + 0.02214 + 0.00000 + 0.00070 + 1225.89705]
[ INFO : 2026-06-19 23:21:05,698 ] - Test_@[5, 10, 20, 50]: Recall=[0.03444, 0.05270, 0.07937, 0.13144],  precision=[0.00722, 0.00553, 0.00418, 0.00279], hit=[0.03605, 0.05492, 0.08285, 0.13752], ndcg=[0.02313, 0.02907, 0.03583, 0.04625], Train Rec Loss=[0.02997], Eval Rec Loss=[0.03001], c=[0.01000], F=[0.84198, 0.88109, 0.90889, 0.93835], F_fuse=[0.01432, 0.01099, 0.00832, 0.00556]
[ INFO : 2026-06-19 23:24:22,095 ] - Epoch 299: train==[132.05585 = 0.42480 + 1.72527 + 19.55217 + 0.02218 + 0.00000 + 0.00069 + 1225.89705]
[ INFO : 2026-06-19 23:24:33,845 ] - Test_@[5, 10, 20, 50]: Recall=[0.03382, 0.05199, 0.07825, 0.13083],  precision=[0.00709, 0.00545, 0.00413, 0.00278], hit=[0.03543, 0.05415, 0.08182, 0.13690], ndcg=[0.02297, 0.02890, 0.03557, 0.04610], Train Rec Loss=[0.02997], Eval Rec Loss=[0.03003], c=[0.01000], F=[0.84067, 0.88151, 0.90907, 0.93859], F_fuse=[0.01405, 0.01084, 0.00823, 0.00554]
[ INFO : 2026-06-19 23:27:51,298 ] - Epoch 300: train==[132.16793 = 0.42086 + 1.72522 + 19.66816 + 0.02229 + 0.00000 + 0.00066 + 1225.89705]
[ INFO : 2026-06-19 23:28:03,036 ] - Test_@[5, 10, 20, 50]: Recall=[0.03400, 0.05240, 0.07805, 0.13042],  precision=[0.00712, 0.00551, 0.00411, 0.00277], hit=[0.03554, 0.05477, 0.08151, 0.13638], ndcg=[0.02290, 0.02889, 0.03541, 0.04592], Train Rec Loss=[0.02997], Eval Rec Loss=[0.03003], c=[0.01000], F=[0.84077, 0.88039, 0.90972, 0.93937], F_fuse=[0.01412, 0.01096, 0.00819, 0.00552]
n_users=19445, n_items=7050
n_interactions=139110
n_train=118551, n_test=20559, sparsity=0.00101
Finished Fri Jun 19 11:28:06 PM +07 2026
