Job 72609 on gpu01; started Wed Jun 17 10:21:32 AM UTC 2026
Wed Jun 17 10:21:32 2026       
+-----------------------------------------------------------------------------+
| NVIDIA-SMI 525.147.05   Driver Version: 525.147.05   CUDA Version: 12.0     |
|-------------------------------+----------------------+----------------------+
| GPU  Name        Persistence-M| Bus-Id        Disp.A | Volatile Uncorr. ECC |
| Fan  Temp  Perf  Pwr:Usage/Cap|         Memory-Usage | GPU-Util  Compute M. |
|                               |                      |               MIG M. |
|===============================+======================+======================|
|   0  NVIDIA A100-SXM...  On   | 00000000:BD:00.0 Off |                    0 |
| N/A   30C    P0    54W / 400W |      0MiB / 40960MiB |      0%      Default |
|                               |                      |             Disabled |
+-------------------------------+----------------------+----------------------+
                                                                               
+-----------------------------------------------------------------------------+
| Processes:                                                                  |
|  GPU   GI   CI        PID   Type   Process name                  GPU Memory |
|        ID   ID                                                   Usage      |
|=============================================================================|
|  No running processes found                                                 |
+-----------------------------------------------------------------------------+
[ INFO : 2026-06-17 10:22:47,304 ] - Preprocess missing values with zero
[ INFO : 2026-06-17 10:23:42,089 ] - Pretrained diffusion model is loaded from: ./checkpoint/allrecipes/best_model.pth
[ INFO : 2026-06-17 10:23:43,226 ] - Completed data loaded from: ./checkpoint/allrecipes/completed_data.pkl
/media/lhbac29/raid-cf/main.py:105: DeprecationWarning: Please import `csr_matrix` from the `scipy.sparse` namespace; the `scipy.sparse.csr` namespace is deprecated and will be removed in SciPy 2.0.0.
  self.ui_graph = self.ui_graph_raw = pickle.load(open('./data/' + self.dataset + '/train_mat', 'rb'))
[ INFO : 2026-06-17 10:23:43,575 ] - Missing rate = 0.400000, complete strategy: zero
[ INFO : 2026-06-17 10:23:46,066 ] - Resuming training from checkpoint './checkpoint/allrecipes/reproduce/train_state.pth' at epoch 235 (best recall@20 so far = 0.03976)
[ INFO : 2026-06-17 10:26:39,443 ] - Epoch 235: train==[102.47913 = 0.37522 + 0.78402 + 9.53951 + 0.00406 + 0.00000 + 0.00024 + 613.93120]
[ INFO : 2026-06-17 10:26:46,763 ] - Test_@[5, 10, 20, 50]: Recall=[0.00972, 0.01547, 0.02442, 0.04692],  precision=[0.00194, 0.00155, 0.00122, 0.00094], hit=[0.00972, 0.01547, 0.02442, 0.04692], ndcg=[0.00573, 0.00758, 0.00981, 0.01421], Train Rec Loss=[0.09867], Eval Rec Loss=[0.09965], c=[20.00000], F=[0.85164, 0.88380, 0.90435, 0.93312], F_fuse=[0.00388, 0.00309, 0.00244, 0.00188]
[ INFO : 2026-06-17 10:28:16,313 ] - Epoch 236: train==[102.41155 = 0.38312 + 0.78140 + 9.46754 + 0.00407 + 0.00000 + 0.00021 + 613.91839]
[ INFO : 2026-06-17 10:28:24,014 ] - Test_@[5, 10, 20, 50]: Recall=[0.00895, 0.01509, 0.02417, 0.04731],  precision=[0.00179, 0.00151, 0.00121, 0.00095], hit=[0.00895, 0.01509, 0.02417, 0.04731], ndcg=[0.00564, 0.00765, 0.00990, 0.01445], Train Rec Loss=[0.09780], Eval Rec Loss=[0.09760], c=[20.00000], F=[0.85263, 0.88647, 0.90445, 0.93013], F_fuse=[0.00357, 0.00301, 0.00241, 0.00189]
[ INFO : 2026-06-17 10:29:53,758 ] - Epoch 237: train==[102.36553 = 0.37564 + 0.77867 + 9.43027 + 0.00412 + 0.00000 + 0.00022 + 613.92053]
[ INFO : 2026-06-17 10:30:02,737 ] - Test_@[5, 10, 20, 50]: Recall=[0.00882, 0.01637, 0.02557, 0.04744],  precision=[0.00176, 0.00164, 0.00128, 0.00095], hit=[0.00882, 0.01637, 0.02557, 0.04744], ndcg=[0.00567, 0.00815, 0.01041, 0.01468], Train Rec Loss=[0.09816], Eval Rec Loss=[0.09988], c=[20.00000], F=[0.85465, 0.88882, 0.90710, 0.92938], F_fuse=[0.00352, 0.00327, 0.00255, 0.00190]
[ INFO : 2026-06-17 10:31:42,351 ] - Epoch 238: train==[102.39076 = 0.37636 + 0.77621 + 9.45530 + 0.00412 + 0.00000 + 0.00021 + 613.92688]
[ INFO : 2026-06-17 10:31:50,510 ] - Test_@[5, 10, 20, 50]: Recall=[0.00933, 0.01496, 0.02404, 0.04871],  precision=[0.00187, 0.00150, 0.00120, 0.00097], hit=[0.00933, 0.01496, 0.02404, 0.04871], ndcg=[0.00559, 0.00739, 0.00966, 0.01445], Train Rec Loss=[0.09717], Eval Rec Loss=[0.09596], c=[20.00000], F=[0.84489, 0.87884, 0.89881, 0.92760], F_fuse=[0.00373, 0.00299, 0.00240, 0.00195]
[ INFO : 2026-06-17 10:33:31,761 ] - Epoch 239: train==[102.34190 = 0.37395 + 0.77353 + 9.41151 + 0.00412 + 0.00000 + 0.00021 + 613.91993]
[ INFO : 2026-06-17 10:33:41,524 ] - Test_@[5, 10, 20, 50]: Recall=[0.00908, 0.01624, 0.02532, 0.04871],  precision=[0.00182, 0.00162, 0.00127, 0.00097], hit=[0.00908, 0.01624, 0.02532, 0.04871], ndcg=[0.00570, 0.00803, 0.01028, 0.01487], Train Rec Loss=[0.09889], Eval Rec Loss=[0.09824], c=[20.00000], F=[0.85033, 0.88896, 0.90647, 0.93127], F_fuse=[0.00362, 0.00324, 0.00253, 0.00195]
[ INFO : 2026-06-17 10:35:29,632 ] - Epoch 240: train==[102.32030 = 0.37318 + 0.77107 + 9.39164 + 0.00413 + 0.00000 + 0.00021 + 613.92329]
[ INFO : 2026-06-17 10:35:39,869 ] - Test_@[5, 10, 20, 50]: Recall=[0.00921, 0.01675, 0.02481, 0.04795],  precision=[0.00184, 0.00167, 0.00124, 0.00096], hit=[0.00921, 0.01675, 0.02481, 0.04795], ndcg=[0.00575, 0.00817, 0.01015, 0.01467], Train Rec Loss=[0.09839], Eval Rec Loss=[0.09781], c=[20.00000], F=[0.84537, 0.87812, 0.89895, 0.92851], F_fuse=[0.00367, 0.00334, 0.00248, 0.00192]
[ INFO : 2026-06-17 10:37:26,535 ] - Epoch 241: train==[102.28767 = 0.37460 + 0.76850 + 9.35781 + 0.00415 + 0.00000 + 0.00022 + 613.93199]
[ INFO : 2026-06-17 10:37:34,983 ] - Test_@[5, 10, 20, 50]: Recall=[0.00933, 0.01624, 0.02596, 0.04782],  precision=[0.00187, 0.00162, 0.00130, 0.00096], hit=[0.00933, 0.01624, 0.02596, 0.04782], ndcg=[0.00564, 0.00786, 0.01027, 0.01455], Train Rec Loss=[0.09877], Eval Rec Loss=[0.09780], c=[20.00000], F=[0.85359, 0.88431, 0.90386, 0.92873], F_fuse=[0.00373, 0.00324, 0.00259, 0.00191]
[ INFO : 2026-06-17 10:39:15,258 ] - Epoch 242: train==[102.28642 = 0.37957 + 0.76606 + 9.35237 + 0.00414 + 0.00000 + 0.00025 + 613.93631]
[ INFO : 2026-06-17 10:39:30,663 ] - Test_@[5, 10, 20, 50]: Recall=[0.00908, 0.01585, 0.02429, 0.04871],  precision=[0.00182, 0.00159, 0.00121, 0.00097], hit=[0.00908, 0.01585, 0.02429, 0.04871], ndcg=[0.00575, 0.00792, 0.01002, 0.01480], Train Rec Loss=[0.09803], Eval Rec Loss=[0.09712], c=[20.00000], F=[0.84611, 0.88295, 0.90290, 0.92863], F_fuse=[0.00362, 0.00317, 0.00243, 0.00195]
[ INFO : 2026-06-17 10:41:14,876 ] - Epoch 243: train==[102.21872 = 0.37317 + 0.76359 + 9.29377 + 0.00416 + 0.00000 + 0.00025 + 613.92804]
[ INFO : 2026-06-17 10:41:25,359 ] - Test_@[5, 10, 20, 50]: Recall=[0.00895, 0.01688, 0.02493, 0.04833],  precision=[0.00179, 0.00169, 0.00125, 0.00097], hit=[0.00895, 0.01688, 0.02493, 0.04833], ndcg=[0.00568, 0.00821, 0.01022, 0.01483], Train Rec Loss=[0.09869], Eval Rec Loss=[0.09647], c=[20.00000], F=[0.85282, 0.88450, 0.90333, 0.93062], F_fuse=[0.00357, 0.00337, 0.00249, 0.00193]
[ INFO : 2026-06-17 10:43:06,521 ] - Epoch 244: train==[102.20611 = 0.37061 + 0.76103 + 9.28528 + 0.00416 + 0.00000 + 0.00023 + 613.92808]
[ INFO : 2026-06-17 10:43:16,664 ] - Test_@[5, 10, 20, 50]: Recall=[0.00972, 0.01560, 0.02378, 0.04603],  precision=[0.00194, 0.00156, 0.00119, 0.00092], hit=[0.00972, 0.01560, 0.02378, 0.04603], ndcg=[0.00605, 0.00795, 0.00997, 0.01437], Train Rec Loss=[0.09797], Eval Rec Loss=[0.09698], c=[20.00000], F=[0.84646, 0.88072, 0.90349, 0.92913], F_fuse=[0.00388, 0.00311, 0.00238, 0.00184]
[ INFO : 2026-06-17 10:45:00,290 ] - Epoch 245: train==[102.23715 = 0.37150 + 0.75855 + 9.31822 + 0.00417 + 0.00000 + 0.00021 + 613.91946]
[ INFO : 2026-06-17 10:45:09,597 ] - Test_@[5, 10, 20, 50]: Recall=[0.00831, 0.01470, 0.02378, 0.04795],  precision=[0.00166, 0.00147, 0.00119, 0.00096], hit=[0.00831, 0.01470, 0.02378, 0.04795], ndcg=[0.00528, 0.00736, 0.00963, 0.01438], Train Rec Loss=[0.09679], Eval Rec Loss=[0.09630], c=[20.00000], F=[0.84589, 0.88156, 0.90101, 0.92905], F_fuse=[0.00332, 0.00294, 0.00238, 0.00192]
[ INFO : 2026-06-17 10:46:51,861 ] - Epoch 246: train==[102.25094 = 0.36878 + 0.75600 + 9.33602 + 0.00420 + 0.00000 + 0.00021 + 613.92080]
[ INFO : 2026-06-17 10:47:06,841 ] - Test_@[5, 10, 20, 50]: Recall=[0.00857, 0.01470, 0.02289, 0.04756],  precision=[0.00171, 0.00147, 0.00114, 0.00095], hit=[0.00857, 0.01470, 0.02289, 0.04756], ndcg=[0.00544, 0.00744, 0.00948, 0.01430], Train Rec Loss=[0.09637], Eval Rec Loss=[0.09752], c=[20.00000], F=[0.85058, 0.88006, 0.90186, 0.93207], F_fuse=[0.00342, 0.00294, 0.00229, 0.00190]
[ INFO : 2026-06-17 10:48:47,108 ] - Epoch 247: train==[102.16651 = 0.36493 + 0.75351 + 9.25715 + 0.00420 + 0.00000 + 0.00020 + 613.91944]
[ INFO : 2026-06-17 10:48:54,496 ] - Test_@[5, 10, 20, 50]: Recall=[0.00857, 0.01573, 0.02455, 0.05089],  precision=[0.00171, 0.00157, 0.00123, 0.00102], hit=[0.00857, 0.01573, 0.02455, 0.05089], ndcg=[0.00524, 0.00752, 0.00975, 0.01492], Train Rec Loss=[0.09768], Eval Rec Loss=[0.09811], c=[20.00000], F=[0.85247, 0.88826, 0.90484, 0.92957], F_fuse=[0.00342, 0.00314, 0.00245, 0.00203]
[ INFO : 2026-06-17 10:50:37,951 ] - Epoch 248: train==[102.15966 = 0.36579 + 0.75108 + 9.24935 + 0.00424 + 0.00000 + 0.00023 + 613.92930]
[ INFO : 2026-06-17 10:50:48,363 ] - Test_@[5, 10, 20, 50]: Recall=[0.00882, 0.01509, 0.02442, 0.04718],  precision=[0.00176, 0.00151, 0.00122, 0.00094], hit=[0.00882, 0.01509, 0.02442, 0.04718], ndcg=[0.00545, 0.00750, 0.00982, 0.01427], Train Rec Loss=[0.09637], Eval Rec Loss=[0.09616], c=[20.00000], F=[0.84979, 0.88305, 0.90506, 0.93139], F_fuse=[0.00352, 0.00301, 0.00244, 0.00189]
[ INFO : 2026-06-17 10:52:30,872 ] - Epoch 249: train==[102.20505 = 0.36513 + 0.74860 + 9.29703 + 0.00422 + 0.00000 + 0.00022 + 613.92852]
[ INFO : 2026-06-17 10:52:41,301 ] - Test_@[5, 10, 20, 50]: Recall=[0.00857, 0.01419, 0.02314, 0.04692],  precision=[0.00171, 0.00142, 0.00116, 0.00094], hit=[0.00857, 0.01419, 0.02314, 0.04692], ndcg=[0.00517, 0.00702, 0.00927, 0.01394], Train Rec Loss=[0.09787], Eval Rec Loss=[0.09781], c=[20.00000], F=[0.85193, 0.88207, 0.90128, 0.92961], F_fuse=[0.00342, 0.00283, 0.00231, 0.00188]
[ INFO : 2026-06-17 10:54:23,147 ] - Epoch 250: train==[102.13362 = 0.36893 + 0.74620 + 9.22319 + 0.00421 + 0.00000 + 0.00022 + 613.92892]
[ INFO : 2026-06-17 10:54:33,529 ] - Test_@[5, 10, 20, 50]: Recall=[0.00882, 0.01509, 0.02442, 0.04833],  precision=[0.00176, 0.00151, 0.00122, 0.00097], hit=[0.00882, 0.01509, 0.02442, 0.04833], ndcg=[0.00556, 0.00760, 0.00994, 0.01461], Train Rec Loss=[0.09648], Eval Rec Loss=[0.09683], c=[20.00000], F=[0.85238, 0.88533, 0.90503, 0.93158], F_fuse=[0.00352, 0.00301, 0.00244, 0.00193]
[ INFO : 2026-06-17 10:56:19,644 ] - Epoch 251: train==[102.21291 = 0.36284 + 0.74373 + 9.31151 + 0.00422 + 0.00000 + 0.00020 + 613.91937]
[ INFO : 2026-06-17 10:56:29,539 ] - Test_@[5, 10, 20, 50]: Recall=[0.00895, 0.01394, 0.02404, 0.04820],  precision=[0.00179, 0.00139, 0.00120, 0.00096], hit=[0.00895, 0.01394, 0.02404, 0.04820], ndcg=[0.00540, 0.00699, 0.00956, 0.01426], Train Rec Loss=[0.09669], Eval Rec Loss=[0.09649], c=[20.00000], F=[0.84867, 0.88270, 0.90474, 0.93226], F_fuse=[0.00357, 0.00278, 0.00240, 0.00193]
[ INFO : 2026-06-17 10:58:12,745 ] - Epoch 252: train==[102.09887 = 0.36231 + 0.74127 + 9.19900 + 0.00425 + 0.00000 + 0.00021 + 613.92213]
[ INFO : 2026-06-17 10:58:26,479 ] - Test_@[5, 10, 20, 50]: Recall=[0.00933, 0.01458, 0.02455, 0.04820],  precision=[0.00187, 0.00146, 0.00123, 0.00096], hit=[0.00933, 0.01458, 0.02455, 0.04820], ndcg=[0.00568, 0.00738, 0.00989, 0.01451], Train Rec Loss=[0.09715], Eval Rec Loss=[0.09589], c=[20.00000], F=[0.84988, 0.88359, 0.90468, 0.93031], F_fuse=[0.00373, 0.00291, 0.00245, 0.00193]
[ INFO : 2026-06-17 11:00:06,840 ] - Epoch 253: train==[102.11411 = 0.36246 + 0.73885 + 9.21531 + 0.00425 + 0.00000 + 0.00021 + 613.92382]
[ INFO : 2026-06-17 11:00:16,224 ] - Test_@[5, 10, 20, 50]: Recall=[0.00933, 0.01585, 0.02365, 0.04692],  precision=[0.00187, 0.00159, 0.00118, 0.00094], hit=[0.00933, 0.01585, 0.02365, 0.04692], ndcg=[0.00588, 0.00794, 0.00992, 0.01448], Train Rec Loss=[0.09558], Eval Rec Loss=[0.09583], c=[20.00000], F=[0.84461, 0.87721, 0.90046, 0.92945], F_fuse=[0.00373, 0.00317, 0.00236, 0.00188]
[ INFO : 2026-06-17 11:01:53,463 ] - Epoch 254: train==[102.04777 = 0.36200 + 0.73625 + 9.15208 + 0.00428 + 0.00000 + 0.00019 + 613.91638]
[ INFO : 2026-06-17 11:02:02,121 ] - Test_@[5, 10, 20, 50]: Recall=[0.00908, 0.01624, 0.02570, 0.05063],  precision=[0.00182, 0.00162, 0.00129, 0.00101], hit=[0.00908, 0.01624, 0.02570, 0.05063], ndcg=[0.00553, 0.00784, 0.01018, 0.01505], Train Rec Loss=[0.09615], Eval Rec Loss=[0.09616], c=[20.00000], F=[0.85276, 0.88813, 0.90609, 0.92886], F_fuse=[0.00362, 0.00324, 0.00257, 0.00202]
[ INFO : 2026-06-17 11:03:45,361 ] - Epoch 255: train==[102.04387 = 0.35898 + 0.73389 + 9.14818 + 0.00427 + 0.00000 + 0.00024 + 613.94572]
[ INFO : 2026-06-17 11:03:55,689 ] - Test_@[5, 10, 20, 50]: Recall=[0.00806, 0.01483, 0.02378, 0.04820],  precision=[0.00161, 0.00148, 0.00119, 0.00096], hit=[0.00806, 0.01483, 0.02378, 0.04820], ndcg=[0.00492, 0.00710, 0.00936, 0.01411], Train Rec Loss=[0.09635], Eval Rec Loss=[0.09520], c=[20.00000], F=[0.84851, 0.87704, 0.90214, 0.93142], F_fuse=[0.00322, 0.00296, 0.00238, 0.00193]
[ INFO : 2026-06-17 11:05:31,384 ] - Epoch 256: train==[102.08241 = 0.35955 + 0.73151 + 9.19067 + 0.00428 + 0.00000 + 0.00023 + 613.92516]
[ INFO : 2026-06-17 11:05:38,962 ] - Test_@[5, 10, 20, 50]: Recall=[0.00869, 0.01522, 0.02481, 0.04692],  precision=[0.00174, 0.00152, 0.00124, 0.00094], hit=[0.00869, 0.01522, 0.02481, 0.04692], ndcg=[0.00534, 0.00742, 0.00980, 0.01413], Train Rec Loss=[0.09603], Eval Rec Loss=[0.09655], c=[20.00000], F=[0.84378, 0.87937, 0.90249, 0.93269], F_fuse=[0.00347, 0.00304, 0.00248, 0.00188]
[ INFO : 2026-06-17 11:07:13,339 ] - Epoch 257: train==[101.99553 = 0.35907 + 0.72914 + 9.10665 + 0.00430 + 0.00000 + 0.00021 + 613.91872]
[ INFO : 2026-06-17 11:07:20,781 ] - Test_@[5, 10, 20, 50]: Recall=[0.00895, 0.01445, 0.02404, 0.04859],  precision=[0.00179, 0.00144, 0.00120, 0.00097], hit=[0.00895, 0.01445, 0.02404, 0.04859], ndcg=[0.00559, 0.00739, 0.00978, 0.01458], Train Rec Loss=[0.09657], Eval Rec Loss=[0.09594], c=[20.00000], F=[0.85126, 0.88610, 0.90439, 0.92973], F_fuse=[0.00357, 0.00288, 0.00240, 0.00194]
[ INFO : 2026-06-17 11:08:53,260 ] - Epoch 258: train==[102.02435 = 0.35568 + 0.72681 + 9.13821 + 0.00432 + 0.00000 + 0.00022 + 613.93223]
[ INFO : 2026-06-17 11:09:00,564 ] - Test_@[5, 10, 20, 50]: Recall=[0.00742, 0.01343, 0.02161, 0.04603],  precision=[0.00148, 0.00134, 0.00108, 0.00092], hit=[0.00742, 0.01343, 0.02161, 0.04603], ndcg=[0.00466, 0.00662, 0.00868, 0.01348], Train Rec Loss=[0.09627], Eval Rec Loss=[0.09546], c=[20.00000], F=[0.84266, 0.87856, 0.90318, 0.93183], F_fuse=[0.00296, 0.00268, 0.00216, 0.00184]
[ INFO : 2026-06-17 11:10:31,380 ] - Epoch 259: train==[102.01226 = 0.35883 + 0.72450 + 9.12575 + 0.00431 + 0.00000 + 0.00020 + 613.92312]
[ INFO : 2026-06-17 11:10:38,612 ] - Test_@[5, 10, 20, 50]: Recall=[0.00869, 0.01509, 0.02532, 0.04884],  precision=[0.00174, 0.00151, 0.00127, 0.00098], hit=[0.00869, 0.01509, 0.02532, 0.04884], ndcg=[0.00543, 0.00753, 0.01011, 0.01471], Train Rec Loss=[0.09512], Eval Rec Loss=[0.09463], c=[20.00000], F=[0.85238, 0.88415, 0.90451, 0.93128], F_fuse=[0.00347, 0.00301, 0.00253, 0.00195]
[ INFO : 2026-06-17 11:12:08,795 ] - Epoch 260: train==[102.00335 = 0.35754 + 0.72213 + 9.11874 + 0.00434 + 0.00000 + 0.00021 + 613.92820]
[ INFO : 2026-06-17 11:12:16,137 ] - Test_@[5, 10, 20, 50]: Recall=[0.00933, 0.01458, 0.02289, 0.04692],  precision=[0.00187, 0.00146, 0.00114, 0.00094], hit=[0.00933, 0.01458, 0.02289, 0.04692], ndcg=[0.00561, 0.00730, 0.00937, 0.01406], Train Rec Loss=[0.09446], Eval Rec Loss=[0.09509], c=[20.00000], F=[0.84601, 0.87736, 0.89959, 0.93127], F_fuse=[0.00373, 0.00291, 0.00229, 0.00188]
[ INFO : 2026-06-17 11:13:45,371 ] - Epoch 261: train==[101.97834 = 0.35465 + 0.71944 + 9.09773 + 0.00434 + 0.00000 + 0.00021 + 613.93162]
[ INFO : 2026-06-17 11:13:52,672 ] - Test_@[5, 10, 20, 50]: Recall=[0.00831, 0.01509, 0.02468, 0.04910],  precision=[0.00166, 0.00151, 0.00123, 0.00098], hit=[0.00831, 0.01509, 0.02468, 0.04910], ndcg=[0.00556, 0.00779, 0.01019, 0.01497], Train Rec Loss=[0.09396], Eval Rec Loss=[0.09546], c=[20.00000], F=[0.86222, 0.89018, 0.90633, 0.93152], F_fuse=[0.00332, 0.00301, 0.00246, 0.00196]
[ INFO : 2026-06-17 11:15:24,967 ] - Epoch 262: train==[101.97449 = 0.35359 + 0.71702 + 9.09123 + 0.00436 + 0.00000 + 0.00029 + 613.96535]
[ INFO : 2026-06-17 11:15:32,785 ] - Test_@[5, 10, 20, 50]: Recall=[0.00895, 0.01432, 0.02263, 0.04590],  precision=[0.00179, 0.00143, 0.00113, 0.00092], hit=[0.00895, 0.01432, 0.02263, 0.04590], ndcg=[0.00561, 0.00730, 0.00939, 0.01394], Train Rec Loss=[0.09494], Eval Rec Loss=[0.09503], c=[20.00000], F=[0.84323, 0.87632, 0.90255, 0.93158], F_fuse=[0.00357, 0.00286, 0.00226, 0.00183]
[ INFO : 2026-06-17 11:17:04,799 ] - Epoch 263: train==[101.97728 = 0.35347 + 0.71465 + 9.10134 + 0.00434 + 0.00000 + 0.00022 + 613.92738]
[ INFO : 2026-06-17 11:17:12,311 ] - Test_@[5, 10, 20, 50]: Recall=[0.00869, 0.01458, 0.02301, 0.04654],  precision=[0.00174, 0.00146, 0.00115, 0.00093], hit=[0.00869, 0.01458, 0.02301, 0.04654], ndcg=[0.00536, 0.00725, 0.00937, 0.01393], Train Rec Loss=[0.09481], Eval Rec Loss=[0.09337], c=[20.00000], F=[0.84605, 0.88142, 0.90347, 0.93066], F_fuse=[0.00347, 0.00291, 0.00230, 0.00186]
[ INFO : 2026-06-17 11:18:42,649 ] - Epoch 264: train==[101.91967 = 0.35201 + 0.71246 + 9.04782 + 0.00436 + 0.00000 + 0.00020 + 613.91871]
[ INFO : 2026-06-17 11:18:50,029 ] - Test_@[5, 10, 20, 50]: Recall=[0.00895, 0.01432, 0.02301, 0.04769],  precision=[0.00179, 0.00143, 0.00115, 0.00095], hit=[0.00895, 0.01432, 0.02301, 0.04769], ndcg=[0.00570, 0.00744, 0.00963, 0.01448], Train Rec Loss=[0.09448], Eval Rec Loss=[0.09485], c=[20.00000], F=[0.84716, 0.87824, 0.90159, 0.93059], F_fuse=[0.00357, 0.00286, 0.00230, 0.00191]
[ INFO : 2026-06-17 11:20:26,183 ] - Epoch 265: train==[101.87820 = 0.35190 + 0.71019 + 9.00603 + 0.00439 + 0.00000 + 0.00022 + 613.93029]
[ INFO : 2026-06-17 11:20:33,826 ] - Test_@[5, 10, 20, 50]: Recall=[0.00831, 0.01419, 0.02365, 0.04756],  precision=[0.00166, 0.00142, 0.00118, 0.00095], hit=[0.00831, 0.01419, 0.02365, 0.04756], ndcg=[0.00524, 0.00717, 0.00952, 0.01418], Train Rec Loss=[0.09490], Eval Rec Loss=[0.09344], c=[20.00000], F=[0.85004, 0.88272, 0.90516, 0.93307], F_fuse=[0.00332, 0.00283, 0.00236, 0.00190]
[ INFO : 2026-06-17 11:22:05,526 ] - Epoch 266: train==[101.87519 = 0.35563 + 0.70807 + 9.00221 + 0.00439 + 0.00000 + 0.00020 + 613.91947]
[ INFO : 2026-06-17 11:22:12,986 ] - Test_@[5, 10, 20, 50]: Recall=[0.00933, 0.01470, 0.02327, 0.04692],  precision=[0.00187, 0.00147, 0.00116, 0.00094], hit=[0.00933, 0.01470, 0.02327, 0.04692], ndcg=[0.00566, 0.00735, 0.00950, 0.01415], Train Rec Loss=[0.09377], Eval Rec Loss=[0.09430], c=[20.00000], F=[0.85068, 0.88155, 0.90249, 0.93053], F_fuse=[0.00373, 0.00294, 0.00232, 0.00188]
[ INFO : 2026-06-17 11:23:52,543 ] - Epoch 267: train==[101.84306 = 0.34954 + 0.70583 + 8.97601 + 0.00440 + 0.00000 + 0.00021 + 613.92934]
[ INFO : 2026-06-17 11:24:03,361 ] - Test_@[5, 10, 20, 50]: Recall=[0.00857, 0.01355, 0.02135, 0.04552],  precision=[0.00171, 0.00136, 0.00107, 0.00091], hit=[0.00857, 0.01355, 0.02135, 0.04552], ndcg=[0.00520, 0.00683, 0.00883, 0.01356], Train Rec Loss=[0.09413], Eval Rec Loss=[0.09452], c=[20.00000], F=[0.84346, 0.87520, 0.90118, 0.93265], F_fuse=[0.00342, 0.00271, 0.00213, 0.00182]
[ INFO : 2026-06-17 11:25:52,857 ] - Epoch 268: train==[101.85346 = 0.34961 + 0.70370 + 8.98827 + 0.00439 + 0.00000 + 0.00020 + 613.92504]
[ INFO : 2026-06-17 11:26:04,133 ] - Test_@[5, 10, 20, 50]: Recall=[0.00908, 0.01522, 0.02468, 0.04833],  precision=[0.00182, 0.00152, 0.00123, 0.00097], hit=[0.00908, 0.01522, 0.02468, 0.04833], ndcg=[0.00588, 0.00789, 0.01026, 0.01487], Train Rec Loss=[0.09330], Eval Rec Loss=[0.09402], c=[20.00000], F=[0.85215, 0.88498, 0.90373, 0.93026], F_fuse=[0.00362, 0.00304, 0.00246, 0.00193]
[ INFO : 2026-06-17 11:27:49,425 ] - Epoch 269: train==[101.84287 = 0.34932 + 0.70150 + 8.97818 + 0.00443 + 0.00000 + 0.00022 + 613.93210]
[ INFO : 2026-06-17 11:28:00,543 ] - Test_@[5, 10, 20, 50]: Recall=[0.00933, 0.01496, 0.02404, 0.04616],  precision=[0.00187, 0.00150, 0.00120, 0.00092], hit=[0.00933, 0.01496, 0.02404, 0.04616], ndcg=[0.00569, 0.00750, 0.00976, 0.01409], Train Rec Loss=[0.09390], Eval Rec Loss=[0.09277], c=[20.00000], F=[0.85084, 0.88000, 0.90413, 0.93308], F_fuse=[0.00373, 0.00299, 0.00240, 0.00184]
[ INFO : 2026-06-17 11:29:43,759 ] - Epoch 270: train==[101.86753 = 0.34999 + 0.69947 + 9.00460 + 0.00443 + 0.00000 + 0.00024 + 613.92393]
[ INFO : 2026-06-17 11:29:55,882 ] - Test_@[5, 10, 20, 50]: Recall=[0.00831, 0.01368, 0.02250, 0.04590],  precision=[0.00166, 0.00137, 0.00113, 0.00092], hit=[0.00831, 0.01368, 0.02250, 0.04590], ndcg=[0.00520, 0.00691, 0.00914, 0.01372], Train Rec Loss=[0.09310], Eval Rec Loss=[0.09303], c=[20.00000], F=[0.84358, 0.87587, 0.90055, 0.93177], F_fuse=[0.00332, 0.00273, 0.00225, 0.00183]
[ INFO : 2026-06-17 11:31:43,018 ] - Epoch 271: train==[101.85301 = 0.34632 + 0.69742 + 8.99454 + 0.00445 + 0.00000 + 0.00022 + 613.92674]
[ INFO : 2026-06-17 11:31:56,762 ] - Test_@[5, 10, 20, 50]: Recall=[0.00844, 0.01496, 0.02353, 0.04654],  precision=[0.00169, 0.00150, 0.00118, 0.00093], hit=[0.00844, 0.01496, 0.02353, 0.04654], ndcg=[0.00522, 0.00732, 0.00948, 0.01397], Train Rec Loss=[0.09260], Eval Rec Loss=[0.09440], c=[20.00000], F=[0.84758, 0.88551, 0.90577, 0.93226], F_fuse=[0.00337, 0.00299, 0.00235, 0.00186]
[ INFO : 2026-06-17 11:33:42,278 ] - Epoch 272: train==[101.77352 = 0.34466 + 0.69533 + 8.91591 + 0.00448 + 0.00000 + 0.00023 + 613.94024]
[ INFO : 2026-06-17 11:33:52,744 ] - Test_@[5, 10, 20, 50]: Recall=[0.00882, 0.01432, 0.02263, 0.04488],  precision=[0.00176, 0.00143, 0.00113, 0.00090], hit=[0.00882, 0.01432, 0.02263, 0.04488], ndcg=[0.00558, 0.00730, 0.00939, 0.01375], Train Rec Loss=[0.09260], Eval Rec Loss=[0.09277], c=[20.00000], F=[0.84470, 0.87607, 0.90232, 0.93348], F_fuse=[0.00352, 0.00286, 0.00226, 0.00179]
[ INFO : 2026-06-17 11:35:42,081 ] - Epoch 273: train==[101.72634 = 0.34575 + 0.69327 + 8.87092 + 0.00449 + 0.00000 + 0.00021 + 613.92671]
[ INFO : 2026-06-17 11:35:52,812 ] - Test_@[5, 10, 20, 50]: Recall=[0.00806, 0.01330, 0.02212, 0.04386],  precision=[0.00161, 0.00133, 0.00111, 0.00088], hit=[0.00806, 0.01330, 0.02212, 0.04386], ndcg=[0.00500, 0.00672, 0.00894, 0.01318], Train Rec Loss=[0.09324], Eval Rec Loss=[0.09295], c=[20.00000], F=[0.84128, 0.87399, 0.89888, 0.93022], F_fuse=[0.00322, 0.00266, 0.00221, 0.00175]
[ INFO : 2026-06-17 11:37:42,862 ] - Epoch 274: train==[101.75961 = 0.34643 + 0.69130 + 8.90616 + 0.00450 + 0.00000 + 0.00019 + 613.91689]
[ INFO : 2026-06-17 11:37:50,657 ] - Test_@[5, 10, 20, 50]: Recall=[0.00921, 0.01496, 0.02468, 0.04667],  precision=[0.00184, 0.00150, 0.00123, 0.00093], hit=[0.00921, 0.01496, 0.02468, 0.04667], ndcg=[0.00569, 0.00754, 0.00995, 0.01427], Train Rec Loss=[0.09273], Eval Rec Loss=[0.09306], c=[20.00000], F=[0.85343, 0.88500, 0.90658, 0.93314], F_fuse=[0.00367, 0.00299, 0.00246, 0.00186]
[ INFO : 2026-06-17 11:39:33,225 ] - Epoch 275: train==[101.75713 = 0.34436 + 0.68925 + 8.90148 + 0.00450 + 0.00000 + 0.00026 + 613.95321]
[ INFO : 2026-06-17 11:39:45,370 ] - Test_@[5, 10, 20, 50]: Recall=[0.00857, 0.01445, 0.02365, 0.04565],  precision=[0.00171, 0.00144, 0.00118, 0.00091], hit=[0.00857, 0.01445, 0.02365, 0.04565], ndcg=[0.00523, 0.00711, 0.00940, 0.01369], Train Rec Loss=[0.09233], Eval Rec Loss=[0.09284], c=[20.00000], F=[0.84825, 0.88043, 0.90375, 0.93262], F_fuse=[0.00342, 0.00288, 0.00236, 0.00182]
[ INFO : 2026-06-17 11:41:37,008 ] - Epoch 276: train==[101.75509 = 0.34540 + 0.68688 + 8.90482 + 0.00452 + 0.00000 + 0.00020 + 613.92008]
[ INFO : 2026-06-17 11:41:48,551 ] - Test_@[5, 10, 20, 50]: Recall=[0.00742, 0.01355, 0.02263, 0.04513],  precision=[0.00148, 0.00136, 0.00113, 0.00090], hit=[0.00742, 0.01355, 0.02263, 0.04513], ndcg=[0.00474, 0.00676, 0.00904, 0.01345], Train Rec Loss=[0.09185], Eval Rec Loss=[0.09169], c=[20.00000], F=[0.84522, 0.87939, 0.90343, 0.93262], F_fuse=[0.00296, 0.00271, 0.00226, 0.00180]
[ INFO : 2026-06-17 11:43:37,702 ] - Epoch 277: train==[101.67372 = 0.34397 + 0.68437 + 8.82642 + 0.00451 + 0.00000 + 0.00020 + 613.91998]
[ INFO : 2026-06-17 11:43:51,548 ] - Test_@[5, 10, 20, 50]: Recall=[0.00831, 0.01432, 0.02314, 0.04769],  precision=[0.00166, 0.00143, 0.00116, 0.00095], hit=[0.00831, 0.01432, 0.02314, 0.04769], ndcg=[0.00524, 0.00721, 0.00941, 0.01420], Train Rec Loss=[0.09224], Eval Rec Loss=[0.09228], c=[20.00000], F=[0.84835, 0.87739, 0.90022, 0.93101], F_fuse=[0.00332, 0.00286, 0.00231, 0.00191]
[ INFO : 2026-06-17 11:45:38,640 ] - Epoch 278: train==[101.72865 = 0.33982 + 0.68219 + 8.88671 + 0.00455 + 0.00000 + 0.00020 + 613.92030]
[ INFO : 2026-06-17 11:45:48,379 ] - Test_@[5, 10, 20, 50]: Recall=[0.00831, 0.01355, 0.02327, 0.04705],  precision=[0.00166, 0.00136, 0.00116, 0.00094], hit=[0.00831, 0.01355, 0.02327, 0.04705], ndcg=[0.00531, 0.00700, 0.00944, 0.01408], Train Rec Loss=[0.09189], Eval Rec Loss=[0.09220], c=[20.00000], F=[0.84573, 0.87984, 0.90417, 0.93258], F_fuse=[0.00332, 0.00271, 0.00232, 0.00188]
[ INFO : 2026-06-17 11:47:31,256 ] - Epoch 279: train==[101.67137 = 0.34398 + 0.68006 + 8.82597 + 0.00456 + 0.00000 + 0.00021 + 613.92413]
[ INFO : 2026-06-17 11:47:42,427 ] - Test_@[5, 10, 20, 50]: Recall=[0.00844, 0.01406, 0.02174, 0.04513],  precision=[0.00169, 0.00141, 0.00109, 0.00090], hit=[0.00844, 0.01406, 0.02174, 0.04513], ndcg=[0.00513, 0.00696, 0.00892, 0.01350], Train Rec Loss=[0.09216], Eval Rec Loss=[0.09149], c=[20.00000], F=[0.84355, 0.87434, 0.90117, 0.93112], F_fuse=[0.00337, 0.00281, 0.00217, 0.00180]
[ INFO : 2026-06-17 11:49:29,407 ] - Epoch 280: train==[101.67376 = 0.33999 + 0.67802 + 8.83288 + 0.00455 + 0.00000 + 0.00020 + 613.92878]
[ INFO : 2026-06-17 11:49:40,847 ] - Test_@[5, 10, 20, 50]: Recall=[0.00908, 0.01343, 0.02238, 0.04526],  precision=[0.00182, 0.00134, 0.00112, 0.00091], hit=[0.00908, 0.01343, 0.02238, 0.04526], ndcg=[0.00555, 0.00694, 0.00917, 0.01365], Train Rec Loss=[0.09203], Eval Rec Loss=[0.09187], c=[20.00000], F=[0.84560, 0.88006, 0.90382, 0.93242], F_fuse=[0.00362, 0.00268, 0.00223, 0.00181]
[ INFO : 2026-06-17 11:51:25,562 ] - Epoch 281: train==[101.63301 = 0.34007 + 0.67604 + 8.79375 + 0.00456 + 0.00000 + 0.00020 + 613.92531]
[ INFO : 2026-06-17 11:51:35,523 ] - Test_@[5, 10, 20, 50]: Recall=[0.00806, 0.01330, 0.02289, 0.04744],  precision=[0.00161, 0.00133, 0.00114, 0.00095], hit=[0.00806, 0.01330, 0.02289, 0.04744], ndcg=[0.00503, 0.00670, 0.00912, 0.01391], Train Rec Loss=[0.09137], Eval Rec Loss=[0.09186], c=[20.00000], F=[0.84624, 0.88189, 0.90422, 0.93288], F_fuse=[0.00322, 0.00266, 0.00229, 0.00190]
[ INFO : 2026-06-17 11:53:23,392 ] - Epoch 282: train==[101.66279 = 0.33925 + 0.67406 + 8.82604 + 0.00460 + 0.00000 + 0.00020 + 613.92167]
[ INFO : 2026-06-17 11:53:32,715 ] - Test_@[5, 10, 20, 50]: Recall=[0.00831, 0.01368, 0.02327, 0.04501],  precision=[0.00166, 0.00137, 0.00116, 0.00090], hit=[0.00831, 0.01368, 0.02327, 0.04501], ndcg=[0.00548, 0.00719, 0.00960, 0.01386], Train Rec Loss=[0.09045], Eval Rec Loss=[0.09143], c=[20.00000], F=[0.84429, 0.87690, 0.90235, 0.93182], F_fuse=[0.00332, 0.00273, 0.00232, 0.00180]
[ INFO : 2026-06-17 11:55:11,134 ] - Epoch 283: train==[101.64381 = 0.33627 + 0.67214 + 8.81106 + 0.00457 + 0.00000 + 0.00020 + 613.92280]
[ INFO : 2026-06-17 11:55:21,216 ] - Test_@[5, 10, 20, 50]: Recall=[0.00857, 0.01381, 0.02314, 0.04577],  precision=[0.00171, 0.00138, 0.00116, 0.00092], hit=[0.00857, 0.01381, 0.02314, 0.04577], ndcg=[0.00514, 0.00681, 0.00917, 0.01362], Train Rec Loss=[0.09060], Eval Rec Loss=[0.09109], c=[20.00000], F=[0.84681, 0.87878, 0.90284, 0.93260], F_fuse=[0.00342, 0.00276, 0.00231, 0.00183]
[ INFO : 2026-06-17 11:57:01,078 ] - Epoch 284: train==[101.63170 = 0.34073 + 0.67025 + 8.79621 + 0.00463 + 0.00000 + 0.00019 + 613.91861]
[ INFO : 2026-06-17 11:57:11,276 ] - Test_@[5, 10, 20, 50]: Recall=[0.00946, 0.01317, 0.02340, 0.04513],  precision=[0.00189, 0.00132, 0.00117, 0.00090], hit=[0.00946, 0.01317, 0.02340, 0.04513], ndcg=[0.00569, 0.00689, 0.00948, 0.01378], Train Rec Loss=[0.09112], Eval Rec Loss=[0.09094], c=[20.00000], F=[0.84503, 0.88083, 0.90510, 0.93408], F_fuse=[0.00378, 0.00263, 0.00234, 0.00180]
[ INFO : 2026-06-17 11:58:55,355 ] - Epoch 285: train==[101.61333 = 0.33618 + 0.66842 + 8.78302 + 0.00462 + 0.00000 + 0.00019 + 613.92177]
[ INFO : 2026-06-17 11:59:06,693 ] - Test_@[5, 10, 20, 50]: Recall=[0.00831, 0.01445, 0.02327, 0.04577],  precision=[0.00166, 0.00144, 0.00116, 0.00092], hit=[0.00831, 0.01445, 0.02327, 0.04577], ndcg=[0.00512, 0.00706, 0.00925, 0.01363], Train Rec Loss=[0.09025], Eval Rec Loss=[0.09015], c=[20.00000], F=[0.84509, 0.87714, 0.90246, 0.93266], F_fuse=[0.00332, 0.00288, 0.00232, 0.00183]
[ INFO : 2026-06-17 12:00:48,741 ] - Epoch 286: train==[101.58504 = 0.33685 + 0.66653 + 8.75546 + 0.00466 + 0.00000 + 0.00020 + 613.91966]
[ INFO : 2026-06-17 12:00:58,494 ] - Test_@[5, 10, 20, 50]: Recall=[0.00921, 0.01445, 0.02378, 0.04667],  precision=[0.00184, 0.00144, 0.00119, 0.00093], hit=[0.00921, 0.01445, 0.02378, 0.04667], ndcg=[0.00576, 0.00748, 0.00983, 0.01431], Train Rec Loss=[0.08997], Eval Rec Loss=[0.08954], c=[20.00000], F=[0.85215, 0.88142, 0.90542, 0.93398], F_fuse=[0.00367, 0.00288, 0.00238, 0.00186]
[ INFO : 2026-06-17 12:02:39,813 ] - Epoch 287: train==[101.60622 = 0.33818 + 0.66468 + 8.77612 + 0.00466 + 0.00000 + 0.00020 + 613.92173]
[ INFO : 2026-06-17 12:02:50,294 ] - Test_@[5, 10, 20, 50]: Recall=[0.00806, 0.01355, 0.02199, 0.04667],  precision=[0.00161, 0.00136, 0.00110, 0.00093], hit=[0.00806, 0.01355, 0.02199, 0.04667], ndcg=[0.00493, 0.00667, 0.00877, 0.01359], Train Rec Loss=[0.08967], Eval Rec Loss=[0.09009], c=[20.00000], F=[0.84458, 0.87783, 0.90259, 0.93256], F_fuse=[0.00322, 0.00271, 0.00220, 0.00186]
[ INFO : 2026-06-17 12:04:34,728 ] - Epoch 288: train==[101.52906 = 0.33312 + 0.66284 + 8.70447 + 0.00465 + 0.00000 + 0.00021 + 613.92600]
[ INFO : 2026-06-17 12:04:43,892 ] - Test_@[5, 10, 20, 50]: Recall=[0.00793, 0.01304, 0.02122, 0.04552],  precision=[0.00159, 0.00130, 0.00106, 0.00091], hit=[0.00793, 0.01304, 0.02122, 0.04552], ndcg=[0.00484, 0.00648, 0.00855, 0.01327], Train Rec Loss=[0.08932], Eval Rec Loss=[0.08958], c=[20.00000], F=[0.84477, 0.87624, 0.90180, 0.93288], F_fuse=[0.00317, 0.00260, 0.00212, 0.00182]
[ INFO : 2026-06-17 12:06:33,119 ] - Epoch 289: train==[101.58595 = 0.33371 + 0.66107 + 8.76273 + 0.00465 + 0.00000 + 0.00019 + 613.92017]
[ INFO : 2026-06-17 12:06:41,486 ] - Test_@[5, 10, 20, 50]: Recall=[0.00857, 0.01381, 0.02455, 0.04731],  precision=[0.00171, 0.00138, 0.00123, 0.00095], hit=[0.00857, 0.01381, 0.02455, 0.04731], ndcg=[0.00539, 0.00705, 0.00976, 0.01422], Train Rec Loss=[0.08863], Eval Rec Loss=[0.08934], c=[20.00000], F=[0.84883, 0.88380, 0.90602, 0.93350], F_fuse=[0.00342, 0.00276, 0.00245, 0.00189]
[ INFO : 2026-06-17 12:08:26,184 ] - Epoch 290: train==[101.54361 = 0.33512 + 0.65931 + 8.71942 + 0.00472 + 0.00000 + 0.00020 + 613.92376]
[ INFO : 2026-06-17 12:08:37,623 ] - Test_@[5, 10, 20, 50]: Recall=[0.00844, 0.01394, 0.02225, 0.04373],  precision=[0.00169, 0.00139, 0.00111, 0.00087], hit=[0.00844, 0.01394, 0.02225, 0.04373], ndcg=[0.00514, 0.00689, 0.00895, 0.01315], Train Rec Loss=[0.08847], Eval Rec Loss=[0.08867], c=[20.00000], F=[0.84115, 0.87292, 0.90139, 0.93205], F_fuse=[0.00337, 0.00278, 0.00222, 0.00175]
[ INFO : 2026-06-17 12:10:19,612 ] - Epoch 291: train==[101.58391 = 0.33268 + 0.65756 + 8.76386 + 0.00464 + 0.00000 + 0.00019 + 613.92001]
[ INFO : 2026-06-17 12:10:29,329 ] - Test_@[5, 10, 20, 50]: Recall=[0.00882, 0.01432, 0.02340, 0.04577],  precision=[0.00176, 0.00143, 0.00117, 0.00092], hit=[0.00882, 0.01432, 0.02340, 0.04577], ndcg=[0.00563, 0.00741, 0.00969, 0.01410], Train Rec Loss=[0.08945], Eval Rec Loss=[0.08851], c=[20.00000], F=[0.84838, 0.88126, 0.90148, 0.92872], F_fuse=[0.00352, 0.00286, 0.00234, 0.00183]
[ INFO : 2026-06-17 12:12:09,293 ] - Epoch 292: train==[101.53195 = 0.33210 + 0.65596 + 8.71073 + 0.00469 + 0.00000 + 0.00021 + 613.93768]
[ INFO : 2026-06-17 12:12:16,875 ] - Test_@[5, 10, 20, 50]: Recall=[0.00869, 0.01406, 0.02391, 0.04539],  precision=[0.00174, 0.00141, 0.00120, 0.00091], hit=[0.00869, 0.01406, 0.02391, 0.04539], ndcg=[0.00552, 0.00723, 0.00971, 0.01391], Train Rec Loss=[0.08878], Eval Rec Loss=[0.08875], c=[20.00000], F=[0.84825, 0.88136, 0.90510, 0.93452], F_fuse=[0.00347, 0.00281, 0.00239, 0.00181]
[ INFO : 2026-06-17 12:14:00,738 ] - Epoch 293: train==[101.55702 = 0.32889 + 0.65434 + 8.74221 + 0.00471 + 0.00000 + 0.00019 + 613.92268]
[ INFO : 2026-06-17 12:14:08,475 ] - Test_@[5, 10, 20, 50]: Recall=[0.00869, 0.01406, 0.02212, 0.04692],  precision=[0.00174, 0.00141, 0.00111, 0.00094], hit=[0.00869, 0.01406, 0.02212, 0.04692], ndcg=[0.00530, 0.00702, 0.00904, 0.01389], Train Rec Loss=[0.08905], Eval Rec Loss=[0.08849], c=[20.00000], F=[0.84435, 0.87832, 0.90243, 0.93169], F_fuse=[0.00347, 0.00281, 0.00221, 0.00188]
[ INFO : 2026-06-17 12:15:57,763 ] - Epoch 294: train==[101.51155 = 0.33485 + 0.65282 + 8.69232 + 0.00472 + 0.00000 + 0.00019 + 613.91849]
[ INFO : 2026-06-17 12:16:08,199 ] - Test_@[5, 10, 20, 50]: Recall=[0.00831, 0.01394, 0.02289, 0.04629],  precision=[0.00166, 0.00139, 0.00114, 0.00093], hit=[0.00831, 0.01394, 0.02289, 0.04629], ndcg=[0.00514, 0.00694, 0.00919, 0.01377], Train Rec Loss=[0.08831], Eval Rec Loss=[0.08918], c=[20.00000], F=[0.84602, 0.87848, 0.90338, 0.93262], F_fuse=[0.00332, 0.00278, 0.00229, 0.00185]
[ INFO : 2026-06-17 12:17:45,241 ] - Epoch 295: train==[101.54356 = 0.33184 + 0.65127 + 8.72799 + 0.00475 + 0.00000 + 0.00019 + 613.92025]
[ INFO : 2026-06-17 12:17:56,061 ] - Test_@[5, 10, 20, 50]: Recall=[0.00818, 0.01419, 0.02225, 0.04488],  precision=[0.00164, 0.00142, 0.00111, 0.00090], hit=[0.00818, 0.01419, 0.02225, 0.04488], ndcg=[0.00523, 0.00715, 0.00918, 0.01363], Train Rec Loss=[0.08847], Eval Rec Loss=[0.08815], c=[20.00000], F=[0.85091, 0.88166, 0.90582, 0.93420], F_fuse=[0.00327, 0.00283, 0.00222, 0.00179]
[ INFO : 2026-06-17 12:19:42,405 ] - Epoch 296: train==[101.48283 = 0.32766 + 0.64967 + 8.67183 + 0.00475 + 0.00000 + 0.00019 + 613.92392]
[ INFO : 2026-06-17 12:19:53,383 ] - Test_@[5, 10, 20, 50]: Recall=[0.00767, 0.01343, 0.02276, 0.04577],  precision=[0.00153, 0.00134, 0.00114, 0.00092], hit=[0.00767, 0.01343, 0.02276, 0.04577], ndcg=[0.00490, 0.00675, 0.00910, 0.01356], Train Rec Loss=[0.08783], Eval Rec Loss=[0.08670], c=[20.00000], F=[0.84205, 0.87594, 0.90252, 0.93265], F_fuse=[0.00306, 0.00268, 0.00227, 0.00183]
[ INFO : 2026-06-17 12:21:34,530 ] - Epoch 297: train==[101.45218 = 0.32964 + 0.64810 + 8.64109 + 0.00475 + 0.00000 + 0.00020 + 613.91755]
[ INFO : 2026-06-17 12:21:43,266 ] - Test_@[5, 10, 20, 50]: Recall=[0.00844, 0.01496, 0.02429, 0.04756],  precision=[0.00169, 0.00150, 0.00121, 0.00095], hit=[0.00844, 0.01496, 0.02429, 0.04756], ndcg=[0.00525, 0.00738, 0.00970, 0.01425], Train Rec Loss=[0.08787], Eval Rec Loss=[0.08737], c=[20.00000], F=[0.84615, 0.88291, 0.90536, 0.93272], F_fuse=[0.00337, 0.00299, 0.00243, 0.00190]
[ INFO : 2026-06-17 12:23:34,262 ] - Epoch 298: train==[101.45275 = 0.32680 + 0.64663 + 8.64267 + 0.00476 + 0.00000 + 0.00021 + 613.93553]
[ INFO : 2026-06-17 12:23:44,143 ] - Test_@[5, 10, 20, 50]: Recall=[0.00844, 0.01317, 0.02097, 0.04373],  precision=[0.00169, 0.00132, 0.00105, 0.00087], hit=[0.00844, 0.01317, 0.02097, 0.04373], ndcg=[0.00510, 0.00663, 0.00859, 0.01305], Train Rec Loss=[0.08857], Eval Rec Loss=[0.08763], c=[20.00000], F=[0.84346, 0.87552, 0.90209, 0.93299], F_fuse=[0.00337, 0.00263, 0.00209, 0.00175]
[ INFO : 2026-06-17 12:25:31,487 ] - Epoch 299: train==[101.46435 = 0.32612 + 0.64517 + 8.65835 + 0.00476 + 0.00000 + 0.00019 + 613.91894]
[ INFO : 2026-06-17 12:25:42,117 ] - Test_@[5, 10, 20, 50]: Recall=[0.00882, 0.01368, 0.02174, 0.04577],  precision=[0.00176, 0.00137, 0.00109, 0.00092], hit=[0.00882, 0.01368, 0.02174, 0.04577], ndcg=[0.00543, 0.00700, 0.00902, 0.01375], Train Rec Loss=[0.08730], Eval Rec Loss=[0.08762], c=[20.00000], F=[0.84761, 0.87864, 0.90204, 0.93250], F_fuse=[0.00352, 0.00273, 0.00217, 0.00183]
[ INFO : 2026-06-17 12:27:29,405 ] - Epoch 300: train==[101.45531 = 0.32273 + 0.64367 + 8.65374 + 0.00481 + 0.00000 + 0.00020 + 613.91755]
[ INFO : 2026-06-17 12:27:40,829 ] - Test_@[5, 10, 20, 50]: Recall=[0.00908, 0.01419, 0.02314, 0.04577],  precision=[0.00182, 0.00142, 0.00116, 0.00092], hit=[0.00908, 0.01419, 0.02314, 0.04577], ndcg=[0.00554, 0.00720, 0.00945, 0.01388], Train Rec Loss=[0.08713], Eval Rec Loss=[0.08787], c=[20.00000], F=[0.84685, 0.88069, 0.90387, 0.93296], F_fuse=[0.00362, 0.00283, 0.00231, 0.00183]
n_users=19805, n_items=10068
n_interactions=66743
n_train=58922, n_test=7821, sparsity=0.00033
Finished Wed Jun 17 12:27:59 PM UTC 2026
